Archive member included to satisfy reference by file (symbol)

.\CortexM3\ARM_GCC_541\Debug\Additional_HD.a(CyLib.o)
                              .\CortexM3\ARM_GCC_541\Debug\Cm3Start.o (CyHalt)
.\CortexM3\ARM_GCC_541\Debug\Additional_HD.a(cyPm.o)
                              .\CortexM3\ARM_GCC_541\Debug\Additional_HD.a(CyLib.o) (CyPmReadStatus)
.\CortexM3\ARM_GCC_541\Debug\Additional_HD.a(isr_1.o)
                              .\CortexM3\ARM_GCC_541\Debug\main.o (isr_1_StartEx)
.\CortexM3\ARM_GCC_541\Debug\Additional_HD.a(Timer_1.o)
                              .\CortexM3\ARM_GCC_541\Debug\main.o (Timer_1_ReadStatusRegister)
.\CortexM3\ARM_GCC_541\Debug\Additional_HD.a(isr_2.o)
                              .\CortexM3\ARM_GCC_541\Debug\main.o (isr_2_StartEx)
.\CortexM3\ARM_GCC_541\Debug\Additional_HD.a(Comp_1.o)
                              .\CortexM3\ARM_GCC_541\Debug\main.o (Comp_1_Start)
.\CortexM3\ARM_GCC_541\Debug\Additional_HD.a(Comp_2.o)
                              .\CortexM3\ARM_GCC_541\Debug\main.o (Comp_2_Start)
.\CortexM3\ARM_GCC_541\Debug\Additional_HD.a(Comp_3.o)
                              .\CortexM3\ARM_GCC_541\Debug\main.o (Comp_3_Start)
.\CortexM3\ARM_GCC_541\Debug\Additional_HD.a(Comp_0.o)
                              .\CortexM3\ARM_GCC_541\Debug\main.o (Comp_0_Start)
.\CortexM3\ARM_GCC_541\Debug\Additional_HD.a(Clock_PWM.o)
                              .\CortexM3\ARM_GCC_541\Debug\main.o (Clock_PWM_Start)
.\CortexM3\ARM_GCC_541\Debug\Additional_HD.a(PWM_1.o)
                              .\CortexM3\ARM_GCC_541\Debug\main.o (PWM_1_WritePeriod)
.\CortexM3\ARM_GCC_541\Debug\Additional_HD.a(PWM_2.o)
                              .\CortexM3\ARM_GCC_541\Debug\main.o (PWM_2_WritePeriod)
.\CortexM3\ARM_GCC_541\Debug\Additional_HD.a(QuadDec_M1.o)
                              .\CortexM3\ARM_GCC_541\Debug\main.o (QuadDec_M1_Start)
.\CortexM3\ARM_GCC_541\Debug\Additional_HD.a(QuadDec_M1_INT.o)
                              .\CortexM3\ARM_GCC_541\Debug\Additional_HD.a(QuadDec_M1.o) (QuadDec_M1_ISR)
.\CortexM3\ARM_GCC_541\Debug\Additional_HD.a(QuadDec_M2.o)
                              .\CortexM3\ARM_GCC_541\Debug\main.o (QuadDec_M2_Start)
.\CortexM3\ARM_GCC_541\Debug\Additional_HD.a(QuadDec_M2_INT.o)
                              .\CortexM3\ARM_GCC_541\Debug\Additional_HD.a(QuadDec_M2.o) (QuadDec_M2_ISR)
.\CortexM3\ARM_GCC_541\Debug\Additional_HD.a(QuadDec_M1_Cnt16.o)
                              .\CortexM3\ARM_GCC_541\Debug\Additional_HD.a(QuadDec_M1.o) (QuadDec_M1_Cnt16_Stop)
.\CortexM3\ARM_GCC_541\Debug\Additional_HD.a(QuadDec_M2_Cnt16.o)
                              .\CortexM3\ARM_GCC_541\Debug\Additional_HD.a(QuadDec_M2.o) (QuadDec_M2_Cnt16_Stop)
.\CortexM3\ARM_GCC_541\Debug\Additional_HD.a(CyBootAsmGnu.o)
                              .\CortexM3\ARM_GCC_541\Debug\cyfitter_cfg.o (CyDelayCycles)
.\CortexM3\ARM_GCC_541\Debug\Additional_HD.a(CyFlash.o)
                              .\CortexM3\ARM_GCC_541\Debug\Additional_HD.a(cyPm.o) (CyFlash_SetWaitCycles)
.\CortexM3\ARM_GCC_541\Debug\Additional_HD.a(CySpc.o)
                              .\CortexM3\ARM_GCC_541\Debug\Additional_HD.a(CyFlash.o) (CySpcStart)
c:/program files (x86)/cypress/psoc creator/4.4/psoc creator/import/gnu/arm/5.4.1/bin/../lib/gcc/arm-none-eabi/5.4.1/../../../../arm-none-eabi/lib/armv7-m\libg_nano.a(lib_a-errno.o)
                              .\CortexM3\ARM_GCC_541\Debug\Cm3Start.o (__errno)
c:/program files (x86)/cypress/psoc creator/4.4/psoc creator/import/gnu/arm/5.4.1/bin/../lib/gcc/arm-none-eabi/5.4.1/../../../../arm-none-eabi/lib/armv7-m\libg_nano.a(lib_a-exit.o)
                              c:/program files (x86)/cypress/psoc creator/4.4/psoc creator/import/gnu/arm/5.4.1/bin/../lib/gcc/arm-none-eabi/5.4.1/../../../../arm-none-eabi/lib/armv7-m/crt0.o (exit)
c:/program files (x86)/cypress/psoc creator/4.4/psoc creator/import/gnu/arm/5.4.1/bin/../lib/gcc/arm-none-eabi/5.4.1/../../../../arm-none-eabi/lib/armv7-m\libg_nano.a(lib_a-impure.o)
                              c:/program files (x86)/cypress/psoc creator/4.4/psoc creator/import/gnu/arm/5.4.1/bin/../lib/gcc/arm-none-eabi/5.4.1/../../../../arm-none-eabi/lib/armv7-m\libg_nano.a(lib_a-exit.o) (_global_impure_ptr)
c:/program files (x86)/cypress/psoc creator/4.4/psoc creator/import/gnu/arm/5.4.1/bin/../lib/gcc/arm-none-eabi/5.4.1/../../../../arm-none-eabi/lib/armv7-m\libg_nano.a(lib_a-init.o)
                              c:/program files (x86)/cypress/psoc creator/4.4/psoc creator/import/gnu/arm/5.4.1/bin/../lib/gcc/arm-none-eabi/5.4.1/../../../../arm-none-eabi/lib/armv7-m/crt0.o (__libc_init_array)
c:/program files (x86)/cypress/psoc creator/4.4/psoc creator/import/gnu/arm/5.4.1/bin/../lib/gcc/arm-none-eabi/5.4.1/../../../../arm-none-eabi/lib/armv7-m\libg_nano.a(lib_a-memcpy-stub.o)
                              .\CortexM3\ARM_GCC_541\Debug\cyfitter_cfg.o (memcpy)
[...]
Memory Configuration

Name             Origin             Length             Attributes
rom              0x00000000         0x00040000         xr
ram              0x1fff8000         0x00010000         xrw
*default*        0x00000000         0xffffffff

Linker script and memory map

LOAD c:/program files (x86)/cypress/psoc creator/4.4/psoc creator/import/gnu/arm/5.4.1/bin/../lib/gcc/arm-none-eabi/5.4.1/armv7-m/crti.o
LOAD c:/program files (x86)/cypress/psoc creator/4.4/psoc creator/import/gnu/arm/5.4.1/bin/../lib/gcc/arm-none-eabi/5.4.1/armv7-m/crtbegin.o
LOAD c:/program files (x86)/cypress/psoc creator/4.4/psoc creator/import/gnu/arm/5.4.1/bin/../lib/gcc/arm-none-eabi/5.4.1/../../../../arm-none-eabi/lib/armv7-m/crt0.o
START GROUP
LOAD .\CortexM3\ARM_GCC_541\Debug\main.o
LOAD .\CortexM3\ARM_GCC_541\Debug\cyfitter_cfg.o
LOAD .\CortexM3\ARM_GCC_541\Debug\cymetadata.o
LOAD .\CortexM3\ARM_GCC_541\Debug\Cm3Start.o
LOAD .\CortexM3\ARM_GCC_541\Debug\Additional_HD.a
LOAD C:\Program Files (x86)\Cypress\PSoC Creator\4.4\PSoC Creator\psoc\content\cycomponentlibrary\CyComponentLibrary.cylib\CortexM3\ARM_GCC_541\Debug\CyComponentLibrary.a
END GROUP
START GROUP
LOAD c:/program files (x86)/cypress/psoc creator/4.4/psoc creator/import/gnu/arm/5.4.1/bin/../lib/gcc/arm-none-eabi/5.4.1/armv7-m\libgcc.a
LOAD c:/program files (x86)/cypress/psoc creator/4.4/psoc creator/import/gnu/arm/5.4.1/bin/../lib/gcc/arm-none-eabi/5.4.1/../../../../arm-none-eabi/lib/armv7-m\libg_nano.a
LOAD c:/program files (x86)/cypress/psoc creator/4.4/psoc creator/import/gnu/arm/5.4.1/bin/../lib/gcc/arm-none-eabi/5.4.1/../../../../arm-none-eabi/lib/armv7-m\libc_nano.a
END GROUP
START GROUP
LOAD c:/program files (x86)/cypress/psoc creator/4.4/psoc creator/import/gnu/arm/5.4.1/bin/../lib/gcc/arm-none-eabi/5.4.1/armv7-m\libgcc.a
LOAD c:/program files (x86)/cypress/psoc creator/4.4/psoc creator/import/gnu/arm/5.4.1/bin/../lib/gcc/arm-none-eabi/5.4.1/../../../../arm-none-eabi/lib/armv7-m\libc_nano.a
END GROUP
LOAD c:/program files (x86)/cypress/psoc creator/4.4/psoc creator/import/gnu/arm/5.4.1/bin/../lib/gcc/arm-none-eabi/5.4.1/armv7-m/crtend.o
LOAD c:/program files (x86)/cypress/psoc creator/4.4/psoc creator/import/gnu/arm/5.4.1/bin/../lib/gcc/arm-none-eabi/5.4.1/armv7-m/crtn.o
START GROUP
LOAD c:/program files (x86)/cypress/psoc creator/4.4/psoc creator/import/gnu/arm/5.4.1/bin/../lib/gcc/arm-none-eabi/5.4.1/armv7-m\libgcc.a
LOAD c:/program files (x86)/cypress/psoc creator/4.4/psoc creator/import/gnu/arm/5.4.1/bin/../lib/gcc/arm-none-eabi/5.4.1/../../../../arm-none-eabi/lib/armv7-m\libc.a
LOAD c:/program files (x86)/cypress/psoc creator/4.4/psoc creator/import/gnu/arm/5.4.1/bin/../lib/gcc/arm-none-eabi/5.4.1/../../../../arm-none-eabi/lib/armv7-m\libnosys.a
END GROUP
                0x00000000                CY_APPL_ORIGIN = 0x0
                0x00000100                CY_FLASH_ROW_SIZE = 0x100
                0x00000020                CY_ECC_ROW_SIZE = 0x20
                0x00000000                CY_EE_IN_BTLDR = 0x0
                0x00000000                CY_APPL_LOADABLE = 0x0
                0x00000800                CY_EE_SIZE = 0x800
                0x00000001                CY_APPL_NUM = 0x1
                0x00000001                CY_APPL_MAX = 0x1
                0x00000040                CY_METADATA_SIZE = 0x40
                0x00000000                CY_APPL_LOADABLE = 0x0
                0x00000000                CY_CHECKSUM_EXCLUDE_SIZE = ALIGN (0x0, CY_FLASH_ROW_SIZE)
                [!provide]                PROVIDE (__cy_heap_start, _end)
                0x00000001                PROVIDE (__cy_region_num, ((__cy_regions_end - __cy_regions) / 0x10))
                0x20008000                PROVIDE (__cy_stack, (ORIGIN (ram) + LENGTH (ram)))
                [!provide]                PROVIDE (__cy_heap_end, (__cy_stack - 0x800))

.cybootloader   0x00000000        0x0
 *(.cybootloader)
                0x00000000                appl1_start = CY_APPL_ORIGIN?CY_APPL_ORIGIN:ALIGN (CY_FLASH_ROW_SIZE)
                0x0001ff00                appl2_start = (appl1_start + ALIGN ((((LENGTH (rom) - appl1_start) - (0x2 * CY_FLASH_ROW_SIZE)) / 0x2), CY_FLASH_ROW_SIZE))
                0x00000000                appl_start = (CY_APPL_NUM == 0x1)?appl1_start:appl2_start
                0x00000000                ecc_offset = ((appl_start / CY_FLASH_ROW_SIZE) * CY_ECC_ROW_SIZE)
                0x00000000                ee_offset = (CY_APPL_LOADABLE && ! (CY_EE_IN_BTLDR))?((CY_EE_SIZE / CY_APPL_MAX) * (CY_APPL_NUM - 0x1)):0x0
                0x00000800                ee_size = (CY_APPL_LOADABLE && ! (CY_EE_IN_BTLDR))?(CY_EE_SIZE / CY_APPL_MAX):CY_EE_SIZE
                [!provide]                PROVIDE (CY_ECC_OFFSET, ecc_offset)

.text           0x00000000     0x10ae
 CREATE_OBJECT_SYMBOLS
                0x00000000                PROVIDE (__cy_interrupt_vector, RomVectors)
 *(.romvectors)
 .romvectors    0x00000000       0x10 .\CortexM3\ARM_GCC_541\Debug\Cm3Start.o
                0x00000000                RomVectors
                0x00000001                ASSERT ((. != __cy_interrupt_vector), No interrupt vector)
                0x00000001                ASSERT (CY_APPL_ORIGIN?(SIZEOF (.cybootloader) <= CY_APPL_ORIGIN):0x1, Wrong image location)
                0x00000010                PROVIDE (__cy_reset, Reset)
 *(.text.Reset)
 .text.Reset    0x00000010       0x18 .\CortexM3\ARM_GCC_541\Debug\Cm3Start.o
                0x00000010                Reset
                0x00000001                ASSERT ((. != __cy_reset), No reset code)
 *(.dma_init)
                0x00000001                ASSERT ((((appl_start + .) <= 0x10000) || 0x1), DMA Init must be within the first 64k of flash)
 *(.text .text.* .gnu.linkonce.t.*)
 .text          0x00000028       0x5c c:/program files (x86)/cypress/psoc creator/4.4/psoc creator/import/gnu/arm/5.4.1/bin/../lib/gcc/arm-none-eabi/5.4.1/armv7-m/crtbegin.o
 .text.isr_1_handler
                0x00000084       0x74 .\CortexM3\ARM_GCC_541\Debug\main.o
                0x00000084                isr_1_handler
 .text.main     0x000000f8       0xa8 .\CortexM3\ARM_GCC_541\Debug\main.o
                0x000000f8                main
 .text.CyClockStartupError
                0x000001a0        0x4 .\CortexM3\ARM_GCC_541\Debug\cyfitter_cfg.o
 .text.cfg_write_bytes32
                0x000001a4       0x34 .\CortexM3\ARM_GCC_541\Debug\cyfitter_cfg.o
 .text.AnalogSetDefault
                0x000001d8       0x70 .\CortexM3\ARM_GCC_541\Debug\cyfitter_cfg.o
 .text.CYMEMZERO
                0x00000248        0xc .\CortexM3\ARM_GCC_541\Debug\cyfitter_cfg.o
 .text.CYCONFIGCPY
                0x00000254        0x8 .\CortexM3\ARM_GCC_541\Debug\cyfitter_cfg.o
 .text.ClockSetup
                0x0000025c      0x108 .\CortexM3\ARM_GCC_541\Debug\cyfitter_cfg.o
 .text.cyfitter_cfg
                0x00000364      0x180 .\CortexM3\ARM_GCC_541\Debug\cyfitter_cfg.o
                0x00000364                cyfitter_cfg
 .text.IntDefaultHandler
                0x000004e4       0x10 .\CortexM3\ARM_GCC_541\Debug\Cm3Start.o
                0x000004e4                IntDefaultHandler
 .text.Start_c  0x000004f4       0x4c .\CortexM3\ARM_GCC_541\Debug\Cm3Start.o
                0x000004f4                Start_c
 .text.initialize_psoc
                0x00000540       0x68 .\CortexM3\ARM_GCC_541\Debug\Cm3Start.o
                0x00000540                initialize_psoc
 .text.CyHalt   0x000005a8        0x4 .\CortexM3\ARM_GCC_541\Debug\Additional_HD.a(CyLib.o)
                0x000005a8                CyHalt
 .text.CyIntSetVector
                0x000005ac       0x28 .\CortexM3\ARM_GCC_541\Debug\Additional_HD.a(CyLib.o)
                0x000005ac                CyIntSetVector
 .text.CyIntSetPriority
                0x000005d4       0x30 .\CortexM3\ARM_GCC_541\Debug\Additional_HD.a(CyLib.o)
                0x000005d4                CyIntSetPriority
 .text.isr_1_SetVector
                0x00000604       0x10 .\CortexM3\ARM_GCC_541\Debug\Additional_HD.a(isr_1.o)
                0x00000604                isr_1_SetVector
 .text.isr_1_SetPriority
                0x00000614       0x10 .\CortexM3\ARM_GCC_541\Debug\Additional_HD.a(isr_1.o)
                0x00000614                isr_1_SetPriority
 .text.isr_1_Enable
                0x00000624       0x10 .\CortexM3\ARM_GCC_541\Debug\Additional_HD.a(isr_1.o)
                0x00000624                isr_1_Enable
 .text.isr_1_Disable
                0x00000634       0x10 .\CortexM3\ARM_GCC_541\Debug\Additional_HD.a(isr_1.o)
                0x00000634                isr_1_Disable
 .text.isr_1_StartEx
                0x00000644       0x1c .\CortexM3\ARM_GCC_541\Debug\Additional_HD.a(isr_1.o)
                0x00000644                isr_1_StartEx
 .text.Timer_1_Enable
                0x00000660       0x28 .\CortexM3\ARM_GCC_541\Debug\Additional_HD.a(Timer_1.o)
                0x00000660                Timer_1_Enable
 .text.Timer_1_SetInterruptMode
                0x00000688        0xc .\CortexM3\ARM_GCC_541\Debug\Additional_HD.a(Timer_1.o)
                0x00000688                Timer_1_SetInterruptMode
 .text.Timer_1_ReadStatusRegister
                0x00000694        0xc .\CortexM3\ARM_GCC_541\Debug\Additional_HD.a(Timer_1.o)
                0x00000694                Timer_1_ReadStatusRegister
 .text.Timer_1_WritePeriod
                0x000006a0        0xc .\CortexM3\ARM_GCC_541\Debug\Additional_HD.a(Timer_1.o)
                0x000006a0                Timer_1_WritePeriod
 .text.Timer_1_WriteCounter
                0x000006ac        0xc .\CortexM3\ARM_GCC_541\Debug\Additional_HD.a(Timer_1.o)
                0x000006ac                Timer_1_WriteCounter
 .text.Timer_1_Init
                0x000006b8       0x68 .\CortexM3\ARM_GCC_541\Debug\Additional_HD.a(Timer_1.o)
                0x000006b8                Timer_1_Init
 .text.Timer_1_Start
                0x00000720       0x1c .\CortexM3\ARM_GCC_541\Debug\Additional_HD.a(Timer_1.o)
                0x00000720                Timer_1_Start
 .text.Comp_1_Enable
                0x0000073c       0x1c .\CortexM3\ARM_GCC_541\Debug\Additional_HD.a(Comp_1.o)
                0x0000073c                Comp_1_Enable
 .text.Comp_1_SetSpeed
                0x00000758       0x58 .\CortexM3\ARM_GCC_541\Debug\Additional_HD.a(Comp_1.o)
                0x00000758                Comp_1_SetSpeed
 .text.Comp_1_Init
                0x000007b0       0x3c .\CortexM3\ARM_GCC_541\Debug\Additional_HD.a(Comp_1.o)
                0x000007b0                Comp_1_Init
 .text.Comp_1_Start
                0x000007ec       0x1c .\CortexM3\ARM_GCC_541\Debug\Additional_HD.a(Comp_1.o)
                0x000007ec                Comp_1_Start
 .text.Comp_1_GetCompare
                0x00000808       0x10 .\CortexM3\ARM_GCC_541\Debug\Additional_HD.a(Comp_1.o)
                0x00000808                Comp_1_GetCompare
 .text.Comp_2_Enable
                0x00000818       0x1c .\CortexM3\ARM_GCC_541\Debug\Additional_HD.a(Comp_2.o)
                0x00000818                Comp_2_Enable
 .text.Comp_2_SetSpeed
                0x00000834       0x58 .\CortexM3\ARM_GCC_541\Debug\Additional_HD.a(Comp_2.o)
                0x00000834                Comp_2_SetSpeed
 .text.Comp_2_Init
                0x0000088c       0x3c .\CortexM3\ARM_GCC_541\Debug\Additional_HD.a(Comp_2.o)
                0x0000088c                Comp_2_Init
 .text.Comp_2_Start
                0x000008c8       0x1c .\CortexM3\ARM_GCC_541\Debug\Additional_HD.a(Comp_2.o)
                0x000008c8                Comp_2_Start
 .text.Comp_2_GetCompare
                0x000008e4       0x10 .\CortexM3\ARM_GCC_541\Debug\Additional_HD.a(Comp_2.o)
                0x000008e4                Comp_2_GetCompare
 .text.Comp_3_Enable
                0x000008f4       0x1c .\CortexM3\ARM_GCC_541\Debug\Additional_HD.a(Comp_3.o)
                0x000008f4                Comp_3_Enable
 .text.Comp_3_SetSpeed
                0x00000910       0x58 .\CortexM3\ARM_GCC_541\Debug\Additional_HD.a(Comp_3.o)
                0x00000910                Comp_3_SetSpeed
 .text.Comp_3_Init
                0x00000968       0x3c .\CortexM3\ARM_GCC_541\Debug\Additional_HD.a(Comp_3.o)
                0x00000968                Comp_3_Init
 .text.Comp_3_Start
                0x000009a4       0x1c .\CortexM3\ARM_GCC_541\Debug\Additional_HD.a(Comp_3.o)
                0x000009a4                Comp_3_Start
 .text.Comp_3_GetCompare
                0x000009c0       0x10 .\CortexM3\ARM_GCC_541\Debug\Additional_HD.a(Comp_3.o)
                0x000009c0                Comp_3_GetCompare
 .text.Comp_0_Enable
                0x000009d0       0x1c .\CortexM3\ARM_GCC_541\Debug\Additional_HD.a(Comp_0.o)
                0x000009d0                Comp_0_Enable
 .text.Comp_0_SetSpeed
                0x000009ec       0x58 .\CortexM3\ARM_GCC_541\Debug\Additional_HD.a(Comp_0.o)
                0x000009ec                Comp_0_SetSpeed
 .text.Comp_0_Init
                0x00000a44       0x3c .\CortexM3\ARM_GCC_541\Debug\Additional_HD.a(Comp_0.o)
                0x00000a44                Comp_0_Init
 .text.Comp_0_Start
                0x00000a80       0x1c .\CortexM3\ARM_GCC_541\Debug\Additional_HD.a(Comp_0.o)
                0x00000a80                Comp_0_Start
 .text.Comp_0_GetCompare
                0x00000a9c       0x10 .\CortexM3\ARM_GCC_541\Debug\Additional_HD.a(Comp_0.o)
                0x00000a9c                Comp_0_GetCompare
 .text.Clock_PWM_Start
                0x00000aac       0x1c .\CortexM3\ARM_GCC_541\Debug\Additional_HD.a(Clock_PWM.o)
                0x00000aac                Clock_PWM_Start
 .text.PWM_1_Enable
                0x00000ac8       0x28 .\CortexM3\ARM_GCC_541\Debug\Additional_HD.a(PWM_1.o)
                0x00000ac8                PWM_1_Enable
 .text.PWM_1_WritePeriod
                0x00000af0        0xc .\CortexM3\ARM_GCC_541\Debug\Additional_HD.a(PWM_1.o)
                0x00000af0                PWM_1_WritePeriod
 .text.PWM_1_WriteCompare
                0x00000afc        0xc .\CortexM3\ARM_GCC_541\Debug\Additional_HD.a(PWM_1.o)
                0x00000afc                PWM_1_WriteCompare
 .text.PWM_1_SetInterruptMode
                0x00000b08        0xc .\CortexM3\ARM_GCC_541\Debug\Additional_HD.a(PWM_1.o)
                0x00000b08                PWM_1_SetInterruptMode
 .text.PWM_1_Init
                0x00000b14       0x74 .\CortexM3\ARM_GCC_541\Debug\Additional_HD.a(PWM_1.o)
                0x00000b14                PWM_1_Init
 .text.PWM_1_Start
                0x00000b88       0x1c .\CortexM3\ARM_GCC_541\Debug\Additional_HD.a(PWM_1.o)
                0x00000b88                PWM_1_Start
 .text.PWM_2_Enable
                0x00000ba4       0x28 .\CortexM3\ARM_GCC_541\Debug\Additional_HD.a(PWM_2.o)
                0x00000ba4                PWM_2_Enable
 .text.PWM_2_WritePeriod
                0x00000bcc        0xc .\CortexM3\ARM_GCC_541\Debug\Additional_HD.a(PWM_2.o)
                0x00000bcc                PWM_2_WritePeriod
 .text.PWM_2_WriteCompare
                0x00000bd8        0xc .\CortexM3\ARM_GCC_541\Debug\Additional_HD.a(PWM_2.o)
                0x00000bd8                PWM_2_WriteCompare
 .text.PWM_2_SetInterruptMode
                0x00000be4        0xc .\CortexM3\ARM_GCC_541\Debug\Additional_HD.a(PWM_2.o)
                0x00000be4                PWM_2_SetInterruptMode
 .text.PWM_2_Init
                0x00000bf0       0x74 .\CortexM3\ARM_GCC_541\Debug\Additional_HD.a(PWM_2.o)
                0x00000bf0                PWM_2_Init
 .text.PWM_2_Start
                0x00000c64       0x1c .\CortexM3\ARM_GCC_541\Debug\Additional_HD.a(PWM_2.o)
                0x00000c64                PWM_2_Start
 .text.QuadDec_M1_Init
                0x00000c80       0x24 .\CortexM3\ARM_GCC_541\Debug\Additional_HD.a(QuadDec_M1.o)
                0x00000c80                QuadDec_M1_Init
 .text.QuadDec_M1_GetEvents
                0x00000ca4       0x10 .\CortexM3\ARM_GCC_541\Debug\Additional_HD.a(QuadDec_M1.o)
                0x00000ca4                QuadDec_M1_GetEvents
 .text.QuadDec_M1_SetInterruptMask
                0x00000cb4       0x10 .\CortexM3\ARM_GCC_541\Debug\Additional_HD.a(QuadDec_M1.o)
                0x00000cb4                QuadDec_M1_SetInterruptMask
 .text.QuadDec_M1_Enable
                0x00000cc4       0x30 .\CortexM3\ARM_GCC_541\Debug\Additional_HD.a(QuadDec_M1.o)
                0x00000cc4                QuadDec_M1_Enable
 .text.QuadDec_M1_Start
                0x00000cf4       0x34 .\CortexM3\ARM_GCC_541\Debug\Additional_HD.a(QuadDec_M1.o)
                0x00000cf4                QuadDec_M1_Start
 .text.QuadDec_M1_ISR
                0x00000d28       0x40 .\CortexM3\ARM_GCC_541\Debug\Additional_HD.a(QuadDec_M1_INT.o)
                0x00000d28                QuadDec_M1_ISR
 .text.QuadDec_M2_Init
                0x00000d68       0x24 .\CortexM3\ARM_GCC_541\Debug\Additional_HD.a(QuadDec_M2.o)
                0x00000d68                QuadDec_M2_Init
 .text.QuadDec_M2_GetEvents
                0x00000d8c       0x10 .\CortexM3\ARM_GCC_541\Debug\Additional_HD.a(QuadDec_M2.o)
                0x00000d8c                QuadDec_M2_GetEvents
 .text.QuadDec_M2_SetInterruptMask
                0x00000d9c       0x10 .\CortexM3\ARM_GCC_541\Debug\Additional_HD.a(QuadDec_M2.o)
                0x00000d9c                QuadDec_M2_SetInterruptMask
 .text.QuadDec_M2_Enable
                0x00000dac       0x30 .\CortexM3\ARM_GCC_541\Debug\Additional_HD.a(QuadDec_M2.o)
                0x00000dac                QuadDec_M2_Enable
 .text.QuadDec_M2_Start
                0x00000ddc       0x34 .\CortexM3\ARM_GCC_541\Debug\Additional_HD.a(QuadDec_M2.o)
                0x00000ddc                QuadDec_M2_Start
 .text.QuadDec_M2_ISR
                0x00000e10       0x40 .\CortexM3\ARM_GCC_541\Debug\Additional_HD.a(QuadDec_M2_INT.o)
                0x00000e10                QuadDec_M2_ISR
 .text.QuadDec_M1_Cnt16_Enable
                0x00000e50       0x10 .\CortexM3\ARM_GCC_541\Debug\Additional_HD.a(QuadDec_M1_Cnt16.o)
                0x00000e50                QuadDec_M1_Cnt16_Enable
 .text.QuadDec_M1_Cnt16_SetInterruptMode
                0x00000e60        0xc .\CortexM3\ARM_GCC_541\Debug\Additional_HD.a(QuadDec_M1_Cnt16.o)
                0x00000e60                QuadDec_M1_Cnt16_SetInterruptMode
 .text.QuadDec_M1_Cnt16_ReadStatusRegister
                0x00000e6c        0xc .\CortexM3\ARM_GCC_541\Debug\Additional_HD.a(QuadDec_M1_Cnt16.o)
                0x00000e6c                QuadDec_M1_Cnt16_ReadStatusRegister
 .text.QuadDec_M1_Cnt16_WriteCounter
                0x00000e78        0xc .\CortexM3\ARM_GCC_541\Debug\Additional_HD.a(QuadDec_M1_Cnt16.o)
                0x00000e78                QuadDec_M1_Cnt16_WriteCounter
 .text.QuadDec_M1_Cnt16_ReadCapture
                0x00000e84        0xc .\CortexM3\ARM_GCC_541\Debug\Additional_HD.a(QuadDec_M1_Cnt16.o)
                0x00000e84                QuadDec_M1_Cnt16_ReadCapture
 .text.QuadDec_M1_Cnt16_WritePeriod
                0x00000e90        0xc .\CortexM3\ARM_GCC_541\Debug\Additional_HD.a(QuadDec_M1_Cnt16.o)
                0x00000e90                QuadDec_M1_Cnt16_WritePeriod
 .text.QuadDec_M1_Cnt16_WriteCompare
                0x00000e9c        0xc .\CortexM3\ARM_GCC_541\Debug\Additional_HD.a(QuadDec_M1_Cnt16.o)
                0x00000e9c                QuadDec_M1_Cnt16_WriteCompare
 .text.QuadDec_M1_Cnt16_ClearFIFO
                0x00000ea8       0x14 .\CortexM3\ARM_GCC_541\Debug\Additional_HD.a(QuadDec_M1_Cnt16.o)
                0x00000ea8                QuadDec_M1_Cnt16_ClearFIFO
 .text.QuadDec_M1_Cnt16_Init
                0x00000ebc       0x58 .\CortexM3\ARM_GCC_541\Debug\Additional_HD.a(QuadDec_M1_Cnt16.o)
                0x00000ebc                QuadDec_M1_Cnt16_Init
 .text.QuadDec_M1_Cnt16_Start
                0x00000f14       0x1c .\CortexM3\ARM_GCC_541\Debug\Additional_HD.a(QuadDec_M1_Cnt16.o)
                0x00000f14                QuadDec_M1_Cnt16_Start
 .text.QuadDec_M2_Cnt16_Enable
                0x00000f30       0x10 .\CortexM3\ARM_GCC_541\Debug\Additional_HD.a(QuadDec_M2_Cnt16.o)
                0x00000f30                QuadDec_M2_Cnt16_Enable
 .text.QuadDec_M2_Cnt16_SetInterruptMode
                0x00000f40        0xc .\CortexM3\ARM_GCC_541\Debug\Additional_HD.a(QuadDec_M2_Cnt16.o)
                0x00000f40                QuadDec_M2_Cnt16_SetInterruptMode
 .text.QuadDec_M2_Cnt16_ReadStatusRegister
                0x00000f4c        0xc .\CortexM3\ARM_GCC_541\Debug\Additional_HD.a(QuadDec_M2_Cnt16.o)
                0x00000f4c                QuadDec_M2_Cnt16_ReadStatusRegister
 .text.QuadDec_M2_Cnt16_WriteCounter
                0x00000f58        0xc .\CortexM3\ARM_GCC_541\Debug\Additional_HD.a(QuadDec_M2_Cnt16.o)
                0x00000f58                QuadDec_M2_Cnt16_WriteCounter
 .text.QuadDec_M2_Cnt16_ReadCapture
                0x00000f64        0xc .\CortexM3\ARM_GCC_541\Debug\Additional_HD.a(QuadDec_M2_Cnt16.o)
                0x00000f64                QuadDec_M2_Cnt16_ReadCapture
 .text.QuadDec_M2_Cnt16_WritePeriod
                0x00000f70        0xc .\CortexM3\ARM_GCC_541\Debug\Additional_HD.a(QuadDec_M2_Cnt16.o)
                0x00000f70                QuadDec_M2_Cnt16_WritePeriod
 .text.QuadDec_M2_Cnt16_WriteCompare
                0x00000f7c        0xc .\CortexM3\ARM_GCC_541\Debug\Additional_HD.a(QuadDec_M2_Cnt16.o)
                0x00000f7c                QuadDec_M2_Cnt16_WriteCompare
 .text.QuadDec_M2_Cnt16_ClearFIFO
                0x00000f88       0x14 .\CortexM3\ARM_GCC_541\Debug\Additional_HD.a(QuadDec_M2_Cnt16.o)
                0x00000f88                QuadDec_M2_Cnt16_ClearFIFO
 .text.QuadDec_M2_Cnt16_Init
                0x00000f9c       0x58 .\CortexM3\ARM_GCC_541\Debug\Additional_HD.a(QuadDec_M2_Cnt16.o)
                0x00000f9c                QuadDec_M2_Cnt16_Init
 .text.QuadDec_M2_Cnt16_Start
                0x00000ff4       0x1c .\CortexM3\ARM_GCC_541\Debug\Additional_HD.a(QuadDec_M2_Cnt16.o)
                0x00000ff4                QuadDec_M2_Cnt16_Start
 .text          0x00001010       0x20 .\CortexM3\ARM_GCC_541\Debug\Additional_HD.a(CyBootAsmGnu.o)
                0x00001010                CyDelayCycles
                0x00001020                CyEnterCriticalSection
                0x00001028                CyExitCriticalSection
 .text.__errno  0x00001030        0xc c:/program files (x86)/cypress/psoc creator/4.4/psoc creator/import/gnu/arm/5.4.1/bin/../lib/gcc/arm-none-eabi/5.4.1/../../../../arm-none-eabi/lib/armv7-m\libg_nano.a(lib_a-errno.o)
                0x00001030                __errno
 .text.__libc_init_array
                0x0000103c       0x4c c:/program files (x86)/cypress/psoc creator/4.4/psoc creator/import/gnu/arm/5.4.1/bin/../lib/gcc/arm-none-eabi/5.4.1/../../../../arm-none-eabi/lib/armv7-m\libg_nano.a(lib_a-init.o)
                0x0000103c                __libc_init_array
 .text.memcpy   0x00001088       0x16 c:/program files (x86)/cypress/psoc creator/4.4/psoc creator/import/gnu/arm/5.4.1/bin/../lib/gcc/arm-none-eabi/5.4.1/../../../../arm-none-eabi/lib/armv7-m\libg_nano.a(lib_a-memcpy-stub.o)
                0x00001088                memcpy
 .text.memset   0x0000109e       0x10 c:/program files (x86)/cypress/psoc creator/4.4/psoc creator/import/gnu/arm/5.4.1/bin/../lib/gcc/arm-none-eabi/5.4.1/../../../../arm-none-eabi/lib/armv7-m\libg_nano.a(lib_a-memset.o)
                0x0000109e                memset
 *(.plt)
 *(.gnu.warning)
 *(.glue_7t)
 .glue_7t       0x000010ae        0x0 linker stubs
 *(.glue_7)
 .glue_7        0x000010ae        0x0 linker stubs
 *(.vfp11_veneer)
 .vfp11_veneer  0x000010ae        0x0 linker stubs
 *(.bootloader)
 *(.ARM.extab* .gnu.linkonce.armextab.*)
 *(.gcc_except_table)

.v4_bx          0x000010b0        0x0
 .v4_bx         0x000010b0        0x0 linker stubs

.iplt           0x000010b0        0x0
 .iplt          0x000010b0        0x0 c:/program files (x86)/cypress/psoc creator/4.4/psoc creator/import/gnu/arm/5.4.1/bin/../lib/gcc/arm-none-eabi/5.4.1/armv7-m/crtbegin.o

.eh_frame_hdr
 *(.eh_frame_hdr)

.eh_frame       0x000010b0        0x4
 *(.eh_frame)
 .eh_frame      0x000010b0        0x0 c:/program files (x86)/cypress/psoc creator/4.4/psoc creator/import/gnu/arm/5.4.1/bin/../lib/gcc/arm-none-eabi/5.4.1/armv7-m/crtbegin.o
 .eh_frame      0x000010b0        0x4 c:/program files (x86)/cypress/psoc creator/4.4/psoc creator/import/gnu/arm/5.4.1/bin/../lib/gcc/arm-none-eabi/5.4.1/armv7-m/crtend.o
                [!provide]                PROVIDE (__exidx_start, .)

.ARM.exidx
 *(.ARM.exidx* .gnu.linkonce.armexidx.*)
                0x000010b4                __exidx_end = .

.rodata         0x000010b4       0x74
 *(.rodata .rodata.* .gnu.linkonce.r.*)
 .rodata        0x000010b4       0x3a .\CortexM3\ARM_GCC_541\Debug\cyfitter_cfg.o
 .rodata.str1.1
                0x000010ee        0x2 c:/program files (x86)/cypress/psoc creator/4.4/psoc creator/import/gnu/arm/5.4.1/bin/../lib/gcc/arm-none-eabi/5.4.1/../../../../arm-none-eabi/lib/armv7-m\libg_nano.a(lib_a-impure.o)
                0x000010f0                . = ALIGN (0x4)
 *(.init)
 .init          0x000010f0        0x4 c:/program files (x86)/cypress/psoc creator/4.4/psoc creator/import/gnu/arm/5.4.1/bin/../lib/gcc/arm-none-eabi/5.4.1/armv7-m/crti.o
                0x000010f0                _init
 .init          0x000010f4        0x8 c:/program files (x86)/cypress/psoc creator/4.4/psoc creator/import/gnu/arm/5.4.1/bin/../lib/gcc/arm-none-eabi/5.4.1/armv7-m/crtn.o
                0x000010fc                . = ALIGN (0x4)
                0x000010fc                __preinit_array_start = .
 *(.preinit_array)
                0x000010fc                __preinit_array_end = .
                0x000010fc                . = ALIGN (0x4)
                0x000010fc                __init_array_start = .
 *(SORT(.init_array.*))
 *(.init_array)
 .init_array    0x000010fc        0x4 c:/program files (x86)/cypress/psoc creator/4.4/psoc creator/import/gnu/arm/5.4.1/bin/../lib/gcc/arm-none-eabi/5.4.1/armv7-m/crtbegin.o
 .init_array    0x00001100        0x4 .\CortexM3\ARM_GCC_541\Debug\Cm3Start.o
                0x00001104                __init_array_end = .
                0x00001104                . = ALIGN (0x4)
 *(.fini)
 .fini          0x00001104        0x4 c:/program files (x86)/cypress/psoc creator/4.4/psoc creator/import/gnu/arm/5.4.1/bin/../lib/gcc/arm-none-eabi/5.4.1/armv7-m/crti.o
                0x00001104                _fini
 .fini          0x00001108        0x8 c:/program files (x86)/cypress/psoc creator/4.4/psoc creator/import/gnu/arm/5.4.1/bin/../lib/gcc/arm-none-eabi/5.4.1/armv7-m/crtn.o
                0x00001110                . = ALIGN (0x4)
                0x00001110                __fini_array_start = .
 *(.fini_array)
 .fini_array    0x00001110        0x4 c:/program files (x86)/cypress/psoc creator/4.4/psoc creator/import/gnu/arm/5.4.1/bin/../lib/gcc/arm-none-eabi/5.4.1/armv7-m/crtbegin.o
 *(SORT(.fini_array.*))
                0x00001114                __fini_array_end = .
                0x00001114                . = ALIGN (0x4)
 *crtbegin.o(.ctors)
 *(EXCLUDE_FILE(*crtend.o) .ctors)
 *(SORT(.ctors.*))
 *crtend.o(.ctors)
                0x00001114                . = ALIGN (0x4)
 *crtbegin.o(.dtors)
 *(EXCLUDE_FILE(*crtend.o) .dtors)
 *(SORT(.dtors.*))
 *crtend.o(.dtors)
                0x00001114                . = ALIGN (0x4)
                0x00001114                __cy_regions = .
                0x00001114        0x4 LONG 0x1128 __cy_region_init_ram
                0x00001118        0x4 LONG 0x1fff80c8 __cy_region_start_data
                0x0000111c        0x4 LONG 0x70 __cy_region_init_size_ram
                0x00001120        0x4 LONG 0x48 __cy_region_zero_size_ram
                0x00001124                __cy_regions_end = .
                0x00001128                . = ALIGN (0x8)
 *fill*         0x00001124        0x4 
                0x00001128                _etext = .

.cy_checksum_exclude
                0x00001128        0x0
 *(.cy_checksum_exclude)

.ramvectors     0x1fff8000       0xc0
                0x1fff8000                __cy_region_start_ram = .
 *(.ramvectors)
 .ramvectors    0x1fff8000       0xc0 .\CortexM3\ARM_GCC_541\Debug\Cm3Start.o
                0x1fff8000                CyRamVectors

.noinit         0x1fff80c0        0x1
 *(.noinit)
 .noinit        0x1fff80c0        0x1 .\CortexM3\ARM_GCC_541\Debug\Additional_HD.a(CyLib.o)
                0x1fff80c0                CyResetStatus

.data           0x1fff80c8       0x70 load address 0x00001128
                0x1fff80c8                __cy_region_start_data = .
 *(.jcr)
 .jcr           0x1fff80c8        0x0 c:/program files (x86)/cypress/psoc creator/4.4/psoc creator/import/gnu/arm/5.4.1/bin/../lib/gcc/arm-none-eabi/5.4.1/armv7-m/crtbegin.o
 .jcr           0x1fff80c8        0x4 c:/program files (x86)/cypress/psoc creator/4.4/psoc creator/import/gnu/arm/5.4.1/bin/../lib/gcc/arm-none-eabi/5.4.1/armv7-m/crtend.o
 *(.got.plt)
 *(.got)
 *(.shdata)
 *(.data .data.* .gnu.linkonce.d.*)
 .data          0x1fff80cc        0x2 .\CortexM3\ARM_GCC_541\Debug\main.o
                0x1fff80cc                PWM_R
                0x1fff80cd                PWM_L
 *fill*         0x1fff80ce        0x2 
 .data.impure_data
                0x1fff80d0       0x60 c:/program files (x86)/cypress/psoc creator/4.4/psoc creator/import/gnu/arm/5.4.1/bin/../lib/gcc/arm-none-eabi/5.4.1/../../../../arm-none-eabi/lib/armv7-m\libg_nano.a(lib_a-impure.o)
 .data._impure_ptr
                0x1fff8130        0x4 c:/program files (x86)/cypress/psoc creator/4.4/psoc creator/import/gnu/arm/5.4.1/bin/../lib/gcc/arm-none-eabi/5.4.1/../../../../arm-none-eabi/lib/armv7-m\libg_nano.a(lib_a-impure.o)
                0x1fff8130                _impure_ptr
                0x1fff8138                . = ALIGN (0x8)
 *fill*         0x1fff8134        0x4 
 *(.ram)
                0x1fff8138                _edata = .

.igot.plt       0x1fff8138        0x0 load address 0x00001198
 .igot.plt      0x1fff8138        0x0 c:/program files (x86)/cypress/psoc creator/4.4/psoc creator/import/gnu/arm/5.4.1/bin/../lib/gcc/arm-none-eabi/5.4.1/armv7-m/crtbegin.o

.bss            0x1fff8138       0x48 load address 0x00001198
                0x1fff8138                PROVIDE (__bss_start__, .)
 *(.shbss)
 *(.bss .bss.* .gnu.linkonce.b.*)
 .bss           0x1fff8138       0x1c c:/program files (x86)/cypress/psoc creator/4.4/psoc creator/import/gnu/arm/5.4.1/bin/../lib/gcc/arm-none-eabi/5.4.1/armv7-m/crtbegin.o
 .bss           0x1fff8154        0x9 .\CortexM3\ARM_GCC_541\Debug\main.o
                0x1fff8154                turn_counter
                0x1fff8158                count
                0x1fff815c                left_on
 .bss           0x1fff815d        0x1 .\CortexM3\ARM_GCC_541\Debug\Additional_HD.a(Timer_1.o)
                0x1fff815d                Timer_1_initVar
 .bss           0x1fff815e        0x1 .\CortexM3\ARM_GCC_541\Debug\Additional_HD.a(Comp_1.o)
                0x1fff815e                Comp_1_initVar
 .bss           0x1fff815f        0x1 .\CortexM3\ARM_GCC_541\Debug\Additional_HD.a(Comp_2.o)
                0x1fff815f                Comp_2_initVar
 .bss           0x1fff8160        0x1 .\CortexM3\ARM_GCC_541\Debug\Additional_HD.a(Comp_3.o)
                0x1fff8160                Comp_3_initVar
 .bss           0x1fff8161        0x1 .\CortexM3\ARM_GCC_541\Debug\Additional_HD.a(Comp_0.o)
                0x1fff8161                Comp_0_initVar
 .bss           0x1fff8162        0x1 .\CortexM3\ARM_GCC_541\Debug\Additional_HD.a(PWM_1.o)
                0x1fff8162                PWM_1_initVar
 .bss           0x1fff8163        0x1 .\CortexM3\ARM_GCC_541\Debug\Additional_HD.a(PWM_2.o)
                0x1fff8163                PWM_2_initVar
 .bss           0x1fff8164        0x1 .\CortexM3\ARM_GCC_541\Debug\Additional_HD.a(QuadDec_M1.o)
                0x1fff8164                QuadDec_M1_initVar
 *fill*         0x1fff8165        0x3 
 .bss           0x1fff8168        0x4 .\CortexM3\ARM_GCC_541\Debug\Additional_HD.a(QuadDec_M1_INT.o)
                0x1fff8168                QuadDec_M1_count32SoftPart
 .bss           0x1fff816c        0x1 .\CortexM3\ARM_GCC_541\Debug\Additional_HD.a(QuadDec_M2.o)
                0x1fff816c                QuadDec_M2_initVar
 *fill*         0x1fff816d        0x3 
 .bss           0x1fff8170        0x4 .\CortexM3\ARM_GCC_541\Debug\Additional_HD.a(QuadDec_M2_INT.o)
                0x1fff8170                QuadDec_M2_count32SoftPart
 .bss           0x1fff8174        0x1 .\CortexM3\ARM_GCC_541\Debug\Additional_HD.a(QuadDec_M1_Cnt16.o)
                0x1fff8174                QuadDec_M1_Cnt16_initVar
 .bss           0x1fff8175        0x1 .\CortexM3\ARM_GCC_541\Debug\Additional_HD.a(QuadDec_M2_Cnt16.o)
                0x1fff8175                QuadDec_M2_Cnt16_initVar
 *(COMMON)
 COMMON         0x1fff8176        0x7 .\CortexM3\ARM_GCC_541\Debug\main.o
                0x1fff8176                right_on
                0x1fff8177                comp1_sum
                0x1fff8178                turn_complete
                0x1fff8179                comp3_sum
                0x1fff817a                middle_on
                0x1fff817b                comp0_sum
                0x1fff817c                comp2_sum
                0x1fff8180                . = ALIGN (0x8)
 *fill*         0x1fff817d        0x3 
 *(.ram.b)
                0x1fff8180                _end = .
                0x1fff8180                __end = .
                0x1fff8180                PROVIDE (end, .)
                0x1fff8180                PROVIDE (__bss_end__, .)
                0x00001128                __cy_region_init_ram = LOADADDR (.data)
                0x00000070                __cy_region_init_size_ram = (_edata - ADDR (.data))
                0x00000048                __cy_region_zero_size_ram = (_end - _edata)

.heap           0x1fff8180       0x80 load address 0x00001198
                0x1fff8180                . = _end
                0x1fff8200                . = (. + 0x80)
 *fill*         0x1fff8180       0x80 
                0x1fff8200                __cy_heap_limit = .

.stack          0x20007800      0x800
                0x20007800                __cy_stack_limit = .
                0x20008000                . = (. + 0x800)
 *fill*         0x20007800      0x800 
                0x00000001                ASSERT ((__cy_stack_limit >= __cy_heap_limit), region RAM overflowed with stack)
                0x00000000                cy_checksum_exclude_size = (CY_APPL_LOADABLE == 0x1)?SIZEOF (.cy_checksum_exclude):0x0
                0x00000001                ASSERT ((cy_checksum_exclude_size <= CY_CHECKSUM_EXCLUDE_SIZE), CY_BOOT: Section .cy_checksum_exclude size exceedes specified limit.)

.cyloadermeta
 *(.cyloadermeta)

.cyloadablemeta
 *(.cyloadablemeta)

.cyconfigecc    0x80000000      0x854
 *(.cyconfigecc)
 .cyconfigecc   0x80000000      0x854 .\CortexM3\ARM_GCC_541\Debug\cymetadata.o
                0x80000000                cy_meta_configecc

.cycustnvl      0x90000000        0x4
 *(.cycustnvl)
 .cycustnvl     0x90000000        0x4 .\CortexM3\ARM_GCC_541\Debug\cymetadata.o
                0x90000000                cy_meta_custnvl

.cywolatch      0x90100000        0x4
 *(.cywolatch)
 .cywolatch     0x90100000        0x4 .\CortexM3\ARM_GCC_541\Debug\cymetadata.o
                0x90100000                cy_meta_wonvl

.cyeeprom       0x90200000        0x0
 *(.cyeeprom)
                0x00000001                ASSERT ((. <= ((0x90200000 + ee_offset) + ee_size)), .cyeeprom data will not fit in EEPROM)

.cyflashprotect
                0x90400000      0x100
 *(.cyflashprotect)
 .cyflashprotect
                0x90400000      0x100 .\CortexM3\ARM_GCC_541\Debug\cymetadata.o
                0x90400000                cy_meta_flashprotect

.cymeta         0x90500000        0xc
 *(.cymeta)
 .cymeta        0x90500000        0xc .\CortexM3\ARM_GCC_541\Debug\cymetadata.o
                0x90500000                cy_metadata

.rel.dyn        0x00001198        0x0 load address 0x9050000c
 .rel.iplt      0x00001198        0x0 c:/program files (x86)/cypress/psoc creator/4.4/psoc creator/import/gnu/arm/5.4.1/bin/../lib/gcc/arm-none-eabi/5.4.1/armv7-m/crtbegin.o

.stab
 *(.stab)

.stabstr
 *(.stabstr)

.debug
 *(.debug)

.line
 *(.line)

.debug_srcinfo
 *(.debug_srcinfo)

.debug_sfnames
 *(.debug_sfnames)

.debug_aranges  0x00000000      0xc40
 *(.debug_aranges)
 .debug_aranges
                0x00000000       0x50 .\CortexM3\ARM_GCC_541\Debug\main.o
 .debug_aranges
                0x00000050       0x58 .\CortexM3\ARM_GCC_541\Debug\cyfitter_cfg.o
 .debug_aranges
                0x000000a8       0x18 .\CortexM3\ARM_GCC_541\Debug\cymetadata.o
 .debug_aranges
                0x000000c0       0x48 .\CortexM3\ARM_GCC_541\Debug\Cm3Start.o
 .debug_aranges
                0x00000108      0x2a0 .\CortexM3\ARM_GCC_541\Debug\Additional_HD.a(CyLib.o)
 .debug_aranges
                0x000003a8       0x98 .\CortexM3\ARM_GCC_541\Debug\Additional_HD.a(cyPm.o)
 .debug_aranges
                0x00000440       0x80 .\CortexM3\ARM_GCC_541\Debug\Additional_HD.a(isr_1.o)
 .debug_aranges
                0x000004c0       0x88 .\CortexM3\ARM_GCC_541\Debug\Additional_HD.a(Timer_1.o)
 .debug_aranges
                0x00000548       0x80 .\CortexM3\ARM_GCC_541\Debug\Additional_HD.a(isr_2.o)
 .debug_aranges
                0x000005c8       0x70 .\CortexM3\ARM_GCC_541\Debug\Additional_HD.a(Comp_1.o)
 .debug_aranges
                0x00000638       0x70 .\CortexM3\ARM_GCC_541\Debug\Additional_HD.a(Comp_2.o)
 .debug_aranges
                0x000006a8       0x70 .\CortexM3\ARM_GCC_541\Debug\Additional_HD.a(Comp_3.o)
 .debug_aranges
                0x00000718       0x70 .\CortexM3\ARM_GCC_541\Debug\Additional_HD.a(Comp_0.o)
 .debug_aranges
                0x00000788       0x70 .\CortexM3\ARM_GCC_541\Debug\Additional_HD.a(Clock_PWM.o)
 .debug_aranges
                0x000007f8       0x78 .\CortexM3\ARM_GCC_541\Debug\Additional_HD.a(PWM_1.o)
 .debug_aranges
                0x00000870       0x78 .\CortexM3\ARM_GCC_541\Debug\Additional_HD.a(PWM_2.o)
 .debug_aranges
                0x000008e8       0x60 .\CortexM3\ARM_GCC_541\Debug\Additional_HD.a(QuadDec_M1.o)
 .debug_aranges
                0x00000948       0x20 .\CortexM3\ARM_GCC_541\Debug\Additional_HD.a(QuadDec_M1_INT.o)
 .debug_aranges
                0x00000968       0x60 .\CortexM3\ARM_GCC_541\Debug\Additional_HD.a(QuadDec_M2.o)
 .debug_aranges
                0x000009c8       0x20 .\CortexM3\ARM_GCC_541\Debug\Additional_HD.a(QuadDec_M2_INT.o)
 .debug_aranges
                0x000009e8       0x98 .\CortexM3\ARM_GCC_541\Debug\Additional_HD.a(QuadDec_M1_Cnt16.o)
 .debug_aranges
                0x00000a80       0x98 .\CortexM3\ARM_GCC_541\Debug\Additional_HD.a(QuadDec_M2_Cnt16.o)
 .debug_aranges
                0x00000b18       0x20 .\CortexM3\ARM_GCC_541\Debug\Additional_HD.a(CyBootAsmGnu.o)
 .debug_aranges
                0x00000b38       0x88 .\CortexM3\ARM_GCC_541\Debug\Additional_HD.a(CyFlash.o)
 .debug_aranges
                0x00000bc0       0x80 .\CortexM3\ARM_GCC_541\Debug\Additional_HD.a(CySpc.o)

.debug_pubnames
 *(.debug_pubnames)

.debug_info     0x00000000     0x637b
 *(.debug_info .gnu.linkonce.wi.*)
 .debug_info    0x00000000      0x45b .\CortexM3\ARM_GCC_541\Debug\main.o
 .debug_info    0x0000045b      0x63a .\CortexM3\ARM_GCC_541\Debug\cyfitter_cfg.o
 .debug_info    0x00000a95      0x139 .\CortexM3\ARM_GCC_541\Debug\cymetadata.o
 .debug_info    0x00000bce      0x3bb .\CortexM3\ARM_GCC_541\Debug\Cm3Start.o
 .debug_info    0x00000f89     0x1374 .\CortexM3\ARM_GCC_541\Debug\Additional_HD.a(CyLib.o)
 .debug_info    0x000022fd      0xa2a .\CortexM3\ARM_GCC_541\Debug\Additional_HD.a(cyPm.o)
 .debug_info    0x00002d27      0x2d2 .\CortexM3\ARM_GCC_541\Debug\Additional_HD.a(isr_1.o)
 .debug_info    0x00002ff9      0x295 .\CortexM3\ARM_GCC_541\Debug\Additional_HD.a(Timer_1.o)
 .debug_info    0x0000328e      0x2d2 .\CortexM3\ARM_GCC_541\Debug\Additional_HD.a(isr_2.o)
 .debug_info    0x00003560      0x2c8 .\CortexM3\ARM_GCC_541\Debug\Additional_HD.a(Comp_1.o)
 .debug_info    0x00003828      0x2c8 .\CortexM3\ARM_GCC_541\Debug\Additional_HD.a(Comp_2.o)
 .debug_info    0x00003af0      0x2c8 .\CortexM3\ARM_GCC_541\Debug\Additional_HD.a(Comp_3.o)
 .debug_info    0x00003db8      0x2c8 .\CortexM3\ARM_GCC_541\Debug\Additional_HD.a(Comp_0.o)
 .debug_info    0x00004080      0x283 .\CortexM3\ARM_GCC_541\Debug\Additional_HD.a(Clock_PWM.o)
 .debug_info    0x00004303      0x27f .\CortexM3\ARM_GCC_541\Debug\Additional_HD.a(PWM_1.o)
 .debug_info    0x00004582      0x27f .\CortexM3\ARM_GCC_541\Debug\Additional_HD.a(PWM_2.o)
 .debug_info    0x00004801      0x357 .\CortexM3\ARM_GCC_541\Debug\Additional_HD.a(QuadDec_M1.o)
 .debug_info    0x00004b58       0xf3 .\CortexM3\ARM_GCC_541\Debug\Additional_HD.a(QuadDec_M1_INT.o)
 .debug_info    0x00004c4b      0x357 .\CortexM3\ARM_GCC_541\Debug\Additional_HD.a(QuadDec_M2.o)
 .debug_info    0x00004fa2       0xf3 .\CortexM3\ARM_GCC_541\Debug\Additional_HD.a(QuadDec_M2_INT.o)
 .debug_info    0x00005095      0x348 .\CortexM3\ARM_GCC_541\Debug\Additional_HD.a(QuadDec_M1_Cnt16.o)
 .debug_info    0x000053dd      0x348 .\CortexM3\ARM_GCC_541\Debug\Additional_HD.a(QuadDec_M2_Cnt16.o)
 .debug_info    0x00005725       0xb9 .\CortexM3\ARM_GCC_541\Debug\Additional_HD.a(CyBootAsmGnu.o)
 .debug_info    0x000057de      0x64d .\CortexM3\ARM_GCC_541\Debug\Additional_HD.a(CyFlash.o)
 .debug_info    0x00005e2b      0x550 .\CortexM3\ARM_GCC_541\Debug\Additional_HD.a(CySpc.o)

.debug_abbrev   0x00000000     0x1f87
 *(.debug_abbrev)
 .debug_abbrev  0x00000000      0x114 .\CortexM3\ARM_GCC_541\Debug\main.o
 .debug_abbrev  0x00000114      0x20d .\CortexM3\ARM_GCC_541\Debug\cyfitter_cfg.o
 .debug_abbrev  0x00000321       0x77 .\CortexM3\ARM_GCC_541\Debug\cymetadata.o
 .debug_abbrev  0x00000398      0x1e8 .\CortexM3\ARM_GCC_541\Debug\Cm3Start.o
 .debug_abbrev  0x00000580      0x254 .\CortexM3\ARM_GCC_541\Debug\Additional_HD.a(CyLib.o)
 .debug_abbrev  0x000007d4      0x1ab .\CortexM3\ARM_GCC_541\Debug\Additional_HD.a(cyPm.o)
 .debug_abbrev  0x0000097f      0x173 .\CortexM3\ARM_GCC_541\Debug\Additional_HD.a(isr_1.o)
 .debug_abbrev  0x00000af2      0x11a .\CortexM3\ARM_GCC_541\Debug\Additional_HD.a(Timer_1.o)
 .debug_abbrev  0x00000c0c      0x173 .\CortexM3\ARM_GCC_541\Debug\Additional_HD.a(isr_2.o)
 .debug_abbrev  0x00000d7f      0x16e .\CortexM3\ARM_GCC_541\Debug\Additional_HD.a(Comp_1.o)
 .debug_abbrev  0x00000eed      0x16e .\CortexM3\ARM_GCC_541\Debug\Additional_HD.a(Comp_2.o)
 .debug_abbrev  0x0000105b      0x16e .\CortexM3\ARM_GCC_541\Debug\Additional_HD.a(Comp_3.o)
 .debug_abbrev  0x000011c9      0x16e .\CortexM3\ARM_GCC_541\Debug\Additional_HD.a(Comp_0.o)
 .debug_abbrev  0x00001337      0x139 .\CortexM3\ARM_GCC_541\Debug\Additional_HD.a(Clock_PWM.o)
 .debug_abbrev  0x00001470      0x12d .\CortexM3\ARM_GCC_541\Debug\Additional_HD.a(PWM_1.o)
 .debug_abbrev  0x0000159d      0x12d .\CortexM3\ARM_GCC_541\Debug\Additional_HD.a(PWM_2.o)
 .debug_abbrev  0x000016ca      0x128 .\CortexM3\ARM_GCC_541\Debug\Additional_HD.a(QuadDec_M1.o)
 .debug_abbrev  0x000017f2       0x78 .\CortexM3\ARM_GCC_541\Debug\Additional_HD.a(QuadDec_M1_INT.o)
 .debug_abbrev  0x0000186a      0x128 .\CortexM3\ARM_GCC_541\Debug\Additional_HD.a(QuadDec_M2.o)
 .debug_abbrev  0x00001992       0x78 .\CortexM3\ARM_GCC_541\Debug\Additional_HD.a(QuadDec_M2_INT.o)
 .debug_abbrev  0x00001a0a      0x117 .\CortexM3\ARM_GCC_541\Debug\Additional_HD.a(QuadDec_M1_Cnt16.o)
 .debug_abbrev  0x00001b21      0x117 .\CortexM3\ARM_GCC_541\Debug\Additional_HD.a(QuadDec_M2_Cnt16.o)
 .debug_abbrev  0x00001c38       0x14 .\CortexM3\ARM_GCC_541\Debug\Additional_HD.a(CyBootAsmGnu.o)
 .debug_abbrev  0x00001c4c      0x1a7 .\CortexM3\ARM_GCC_541\Debug\Additional_HD.a(CyFlash.o)
 .debug_abbrev  0x00001df3      0x194 .\CortexM3\ARM_GCC_541\Debug\Additional_HD.a(CySpc.o)

.debug_line     0x00000000     0x2c60
 *(.debug_line)
 .debug_line    0x00000000      0x2d9 .\CortexM3\ARM_GCC_541\Debug\main.o
 .debug_line    0x000002d9      0x210 .\CortexM3\ARM_GCC_541\Debug\cyfitter_cfg.o
 .debug_line    0x000004e9      0x141 .\CortexM3\ARM_GCC_541\Debug\cymetadata.o
 .debug_line    0x0000062a      0x234 .\CortexM3\ARM_GCC_541\Debug\Cm3Start.o
 .debug_line    0x0000085e      0x816 .\CortexM3\ARM_GCC_541\Debug\Additional_HD.a(CyLib.o)
 .debug_line    0x00001074      0x367 .\CortexM3\ARM_GCC_541\Debug\Additional_HD.a(cyPm.o)
 .debug_line    0x000013db      0x132 .\CortexM3\ARM_GCC_541\Debug\Additional_HD.a(isr_1.o)
 .debug_line    0x0000150d      0x155 .\CortexM3\ARM_GCC_541\Debug\Additional_HD.a(Timer_1.o)
 .debug_line    0x00001662      0x132 .\CortexM3\ARM_GCC_541\Debug\Additional_HD.a(isr_2.o)
 .debug_line    0x00001794      0x165 .\CortexM3\ARM_GCC_541\Debug\Additional_HD.a(Comp_1.o)
 .debug_line    0x000018f9      0x165 .\CortexM3\ARM_GCC_541\Debug\Additional_HD.a(Comp_2.o)
 .debug_line    0x00001a5e      0x165 .\CortexM3\ARM_GCC_541\Debug\Additional_HD.a(Comp_3.o)
 .debug_line    0x00001bc3      0x165 .\CortexM3\ARM_GCC_541\Debug\Additional_HD.a(Comp_0.o)
 .debug_line    0x00001d28      0x178 .\CortexM3\ARM_GCC_541\Debug\Additional_HD.a(Clock_PWM.o)
 .debug_line    0x00001ea0      0x133 .\CortexM3\ARM_GCC_541\Debug\Additional_HD.a(PWM_1.o)
 .debug_line    0x00001fd3      0x133 .\CortexM3\ARM_GCC_541\Debug\Additional_HD.a(PWM_2.o)
 .debug_line    0x00002106      0x140 .\CortexM3\ARM_GCC_541\Debug\Additional_HD.a(QuadDec_M1.o)
 .debug_line    0x00002246       0x6d .\CortexM3\ARM_GCC_541\Debug\Additional_HD.a(QuadDec_M1_INT.o)
 .debug_line    0x000022b3      0x140 .\CortexM3\ARM_GCC_541\Debug\Additional_HD.a(QuadDec_M2.o)
 .debug_line    0x000023f3       0x6d .\CortexM3\ARM_GCC_541\Debug\Additional_HD.a(QuadDec_M2_INT.o)
 .debug_line    0x00002460      0x190 .\CortexM3\ARM_GCC_541\Debug\Additional_HD.a(QuadDec_M1_Cnt16.o)
 .debug_line    0x000025f0      0x190 .\CortexM3\ARM_GCC_541\Debug\Additional_HD.a(QuadDec_M2_Cnt16.o)
 .debug_line    0x00002780       0x66 .\CortexM3\ARM_GCC_541\Debug\Additional_HD.a(CyBootAsmGnu.o)
 .debug_line    0x000027e6      0x21a .\CortexM3\ARM_GCC_541\Debug\Additional_HD.a(CyFlash.o)
 .debug_line    0x00002a00      0x260 .\CortexM3\ARM_GCC_541\Debug\Additional_HD.a(CySpc.o)

.debug_frame    0x00000000     0x1db8
 *(.debug_frame)
 .debug_frame   0x00000000       0xbc .\CortexM3\ARM_GCC_541\Debug\main.o
 .debug_frame   0x000000bc       0xe4 .\CortexM3\ARM_GCC_541\Debug\cyfitter_cfg.o
 .debug_frame   0x000001a0       0xb8 .\CortexM3\ARM_GCC_541\Debug\Cm3Start.o
 .debug_frame   0x00000258      0x738 .\CortexM3\ARM_GCC_541\Debug\Additional_HD.a(CyLib.o)
 .debug_frame   0x00000990      0x1f8 .\CortexM3\ARM_GCC_541\Debug\Additional_HD.a(cyPm.o)
 .debug_frame   0x00000b88      0x104 .\CortexM3\ARM_GCC_541\Debug\Additional_HD.a(isr_1.o)
 .debug_frame   0x00000c8c      0x108 .\CortexM3\ARM_GCC_541\Debug\Additional_HD.a(Timer_1.o)
 .debug_frame   0x00000d94      0x104 .\CortexM3\ARM_GCC_541\Debug\Additional_HD.a(isr_2.o)
 .debug_frame   0x00000e98      0x108 .\CortexM3\ARM_GCC_541\Debug\Additional_HD.a(Comp_1.o)
 .debug_frame   0x00000fa0      0x108 .\CortexM3\ARM_GCC_541\Debug\Additional_HD.a(Comp_2.o)
 .debug_frame   0x000010a8      0x108 .\CortexM3\ARM_GCC_541\Debug\Additional_HD.a(Comp_3.o)
 .debug_frame   0x000011b0      0x108 .\CortexM3\ARM_GCC_541\Debug\Additional_HD.a(Comp_0.o)
 .debug_frame   0x000012b8       0xe0 .\CortexM3\ARM_GCC_541\Debug\Additional_HD.a(Clock_PWM.o)
 .debug_frame   0x00001398       0xe8 .\CortexM3\ARM_GCC_541\Debug\Additional_HD.a(PWM_1.o)
 .debug_frame   0x00001480       0xe8 .\CortexM3\ARM_GCC_541\Debug\Additional_HD.a(PWM_2.o)
 .debug_frame   0x00001568       0xec .\CortexM3\ARM_GCC_541\Debug\Additional_HD.a(QuadDec_M1.o)
 .debug_frame   0x00001654       0x20 .\CortexM3\ARM_GCC_541\Debug\Additional_HD.a(QuadDec_M1_INT.o)
 .debug_frame   0x00001674       0xec .\CortexM3\ARM_GCC_541\Debug\Additional_HD.a(QuadDec_M2.o)
 .debug_frame   0x00001760       0x20 .\CortexM3\ARM_GCC_541\Debug\Additional_HD.a(QuadDec_M2_INT.o)
 .debug_frame   0x00001780      0x134 .\CortexM3\ARM_GCC_541\Debug\Additional_HD.a(QuadDec_M1_Cnt16.o)
 .debug_frame   0x000018b4      0x134 .\CortexM3\ARM_GCC_541\Debug\Additional_HD.a(QuadDec_M2_Cnt16.o)
 .debug_frame   0x000019e8      0x194 .\CortexM3\ARM_GCC_541\Debug\Additional_HD.a(CyFlash.o)
 .debug_frame   0x00001b7c      0x180 .\CortexM3\ARM_GCC_541\Debug\Additional_HD.a(CySpc.o)
 .debug_frame   0x00001cfc       0x20 c:/program files (x86)/cypress/psoc creator/4.4/psoc creator/import/gnu/arm/5.4.1/bin/../lib/gcc/arm-none-eabi/5.4.1/../../../../arm-none-eabi/lib/armv7-m\libg_nano.a(lib_a-errno.o)
 .debug_frame   0x00001d1c       0x28 c:/program files (x86)/cypress/psoc creator/4.4/psoc creator/import/gnu/arm/5.4.1/bin/../lib/gcc/arm-none-eabi/5.4.1/../../../../arm-none-eabi/lib/armv7-m\libg_nano.a(lib_a-exit.o)
 .debug_frame   0x00001d44       0x2c c:/program files (x86)/cypress/psoc creator/4.4/psoc creator/import/gnu/arm/5.4.1/bin/../lib/gcc/arm-none-eabi/5.4.1/../../../../arm-none-eabi/lib/armv7-m\libg_nano.a(lib_a-init.o)
 .debug_frame   0x00001d70       0x28 c:/program files (x86)/cypress/psoc creator/4.4/psoc creator/import/gnu/arm/5.4.1/bin/../lib/gcc/arm-none-eabi/5.4.1/../../../../arm-none-eabi/lib/armv7-m\libg_nano.a(lib_a-memcpy-stub.o)
 .debug_frame   0x00001d98       0x20 c:/program files (x86)/cypress/psoc creator/4.4/psoc creator/import/gnu/arm/5.4.1/bin/../lib/gcc/arm-none-eabi/5.4.1/../../../../arm-none-eabi/lib/armv7-m\libg_nano.a(lib_a-memset.o)

.debug_str      0x00000000     0x25fd
 *(.debug_str)
 .debug_str     0x00000000      0x39e .\CortexM3\ARM_GCC_541\Debug\main.o
                                0x3e6 (size before relaxing)
 .debug_str     0x0000039e      0x1af .\CortexM3\ARM_GCC_541\Debug\cyfitter_cfg.o
                                0x373 (size before relaxing)
 .debug_str     0x0000054d       0x7f .\CortexM3\ARM_GCC_541\Debug\cymetadata.o
                                0x20d (size before relaxing)
 .debug_str     0x000005cc      0x13e .\CortexM3\ARM_GCC_541\Debug\Cm3Start.o
                                0x333 (size before relaxing)
 .debug_str     0x0000070a      0x845 .\CortexM3\ARM_GCC_541\Debug\Additional_HD.a(CyLib.o)
                                0xa70 (size before relaxing)
 .debug_str     0x00000f4f      0x365 .\CortexM3\ARM_GCC_541\Debug\Additional_HD.a(cyPm.o)
                                0x75c (size before relaxing)
 .debug_str     0x000012b4       0xd8 .\CortexM3\ARM_GCC_541\Debug\Additional_HD.a(isr_1.o)
                                0x2cf (size before relaxing)
 .debug_str     0x0000138c      0x151 .\CortexM3\ARM_GCC_541\Debug\Additional_HD.a(Timer_1.o)
                                0x33e (size before relaxing)
 .debug_str     0x000014dd       0xd8 .\CortexM3\ARM_GCC_541\Debug\Additional_HD.a(isr_2.o)
                                0x2cf (size before relaxing)
 .debug_str     0x000015b5      0x11b .\CortexM3\ARM_GCC_541\Debug\Additional_HD.a(Comp_1.o)
                                0x301 (size before relaxing)
 .debug_str     0x000016d0       0xcf .\CortexM3\ARM_GCC_541\Debug\Additional_HD.a(Comp_2.o)
                                0x301 (size before relaxing)
 .debug_str     0x0000179f       0xcf .\CortexM3\ARM_GCC_541\Debug\Additional_HD.a(Comp_3.o)
                                0x301 (size before relaxing)
 .debug_str     0x0000186e       0xcf .\CortexM3\ARM_GCC_541\Debug\Additional_HD.a(Comp_0.o)
                                0x301 (size before relaxing)
 .debug_str     0x0000193d      0x16a .\CortexM3\ARM_GCC_541\Debug\Additional_HD.a(Clock_PWM.o)
                                0x32f (size before relaxing)
 .debug_str     0x00001aa7       0xec .\CortexM3\ARM_GCC_541\Debug\Additional_HD.a(PWM_1.o)
                                0x2f6 (size before relaxing)
 .debug_str     0x00001b93       0xd8 .\CortexM3\ARM_GCC_541\Debug\Additional_HD.a(PWM_2.o)
                                0x2f6 (size before relaxing)
 .debug_str     0x00001c6b      0x185 .\CortexM3\ARM_GCC_541\Debug\Additional_HD.a(QuadDec_M1.o)
                                0x3c3 (size before relaxing)
 .debug_str     0x00001df0       0x4b .\CortexM3\ARM_GCC_541\Debug\Additional_HD.a(QuadDec_M1_INT.o)
                                0x21b (size before relaxing)
 .debug_str     0x00001e3b      0x165 .\CortexM3\ARM_GCC_541\Debug\Additional_HD.a(QuadDec_M2.o)
                                0x3c3 (size before relaxing)
 .debug_str     0x00001fa0       0x4b .\CortexM3\ARM_GCC_541\Debug\Additional_HD.a(QuadDec_M2_INT.o)
                                0x21b (size before relaxing)
 .debug_str     0x00001feb      0x1dd .\CortexM3\ARM_GCC_541\Debug\Additional_HD.a(QuadDec_M1_Cnt16.o)
                                0x452 (size before relaxing)
 .debug_str     0x000021c8      0x1ce .\CortexM3\ARM_GCC_541\Debug\Additional_HD.a(QuadDec_M2_Cnt16.o)
                                0x452 (size before relaxing)
 .debug_str     0x00002396      0x1bb .\CortexM3\ARM_GCC_541\Debug\Additional_HD.a(CyFlash.o)
                                0x3e9 (size before relaxing)
 .debug_str     0x00002551       0xac .\CortexM3\ARM_GCC_541\Debug\Additional_HD.a(CySpc.o)
                                0x361 (size before relaxing)

.debug_loc      0x00000000     0x220a
 *(.debug_loc)
 .debug_loc     0x00000000      0x25a .\CortexM3\ARM_GCC_541\Debug\cyfitter_cfg.o
 .debug_loc     0x0000025a      0x144 .\CortexM3\ARM_GCC_541\Debug\Cm3Start.o
 .debug_loc     0x0000039e      0xa11 .\CortexM3\ARM_GCC_541\Debug\Additional_HD.a(CyLib.o)
 .debug_loc     0x00000daf      0x1e4 .\CortexM3\ARM_GCC_541\Debug\Additional_HD.a(cyPm.o)
 .debug_loc     0x00000f93       0x56 .\CortexM3\ARM_GCC_541\Debug\Additional_HD.a(isr_1.o)
 .debug_loc     0x00000fe9       0x56 .\CortexM3\ARM_GCC_541\Debug\Additional_HD.a(isr_2.o)
 .debug_loc     0x0000103f       0xed .\CortexM3\ARM_GCC_541\Debug\Additional_HD.a(Comp_1.o)
 .debug_loc     0x0000112c       0xed .\CortexM3\ARM_GCC_541\Debug\Additional_HD.a(Comp_2.o)
 .debug_loc     0x00001219       0xed .\CortexM3\ARM_GCC_541\Debug\Additional_HD.a(Comp_3.o)
 .debug_loc     0x00001306       0xed .\CortexM3\ARM_GCC_541\Debug\Additional_HD.a(Comp_0.o)
 .debug_loc     0x000013f3      0x128 .\CortexM3\ARM_GCC_541\Debug\Additional_HD.a(Clock_PWM.o)
 .debug_loc     0x0000151b       0x13 .\CortexM3\ARM_GCC_541\Debug\Additional_HD.a(PWM_1.o)
 .debug_loc     0x0000152e       0x13 .\CortexM3\ARM_GCC_541\Debug\Additional_HD.a(PWM_2.o)
 .debug_loc     0x00001541       0xb9 .\CortexM3\ARM_GCC_541\Debug\Additional_HD.a(QuadDec_M1.o)
 .debug_loc     0x000015fa       0x13 .\CortexM3\ARM_GCC_541\Debug\Additional_HD.a(QuadDec_M1_INT.o)
 .debug_loc     0x0000160d       0xb9 .\CortexM3\ARM_GCC_541\Debug\Additional_HD.a(QuadDec_M2.o)
 .debug_loc     0x000016c6       0x13 .\CortexM3\ARM_GCC_541\Debug\Additional_HD.a(QuadDec_M2_INT.o)
 .debug_loc     0x000016d9       0x3d .\CortexM3\ARM_GCC_541\Debug\Additional_HD.a(QuadDec_M1_Cnt16.o)
 .debug_loc     0x00001716       0x3d .\CortexM3\ARM_GCC_541\Debug\Additional_HD.a(QuadDec_M2_Cnt16.o)
 .debug_loc     0x00001753      0x3b2 .\CortexM3\ARM_GCC_541\Debug\Additional_HD.a(CyFlash.o)
 .debug_loc     0x00001b05      0x705 .\CortexM3\ARM_GCC_541\Debug\Additional_HD.a(CySpc.o)

.debug_macinfo
 *(.debug_macinfo)

.debug_ranges   0x00000000      0xa98
 *(.debug_ranges)
 .debug_ranges  0x00000000       0x40 .\CortexM3\ARM_GCC_541\Debug\main.o
 .debug_ranges  0x00000040       0x48 .\CortexM3\ARM_GCC_541\Debug\cyfitter_cfg.o
 .debug_ranges  0x00000088       0x38 .\CortexM3\ARM_GCC_541\Debug\Cm3Start.o
 .debug_ranges  0x000000c0      0x290 .\CortexM3\ARM_GCC_541\Debug\Additional_HD.a(CyLib.o)
 .debug_ranges  0x00000350       0x88 .\CortexM3\ARM_GCC_541\Debug\Additional_HD.a(cyPm.o)
 .debug_ranges  0x000003d8       0x70 .\CortexM3\ARM_GCC_541\Debug\Additional_HD.a(isr_1.o)
 .debug_ranges  0x00000448       0x78 .\CortexM3\ARM_GCC_541\Debug\Additional_HD.a(Timer_1.o)
 .debug_ranges  0x000004c0       0x70 .\CortexM3\ARM_GCC_541\Debug\Additional_HD.a(isr_2.o)
 .debug_ranges  0x00000530       0x60 .\CortexM3\ARM_GCC_541\Debug\Additional_HD.a(Comp_1.o)
 .debug_ranges  0x00000590       0x60 .\CortexM3\ARM_GCC_541\Debug\Additional_HD.a(Comp_2.o)
 .debug_ranges  0x000005f0       0x60 .\CortexM3\ARM_GCC_541\Debug\Additional_HD.a(Comp_3.o)
 .debug_ranges  0x00000650       0x60 .\CortexM3\ARM_GCC_541\Debug\Additional_HD.a(Comp_0.o)
 .debug_ranges  0x000006b0       0x60 .\CortexM3\ARM_GCC_541\Debug\Additional_HD.a(Clock_PWM.o)
 .debug_ranges  0x00000710       0x68 .\CortexM3\ARM_GCC_541\Debug\Additional_HD.a(PWM_1.o)
 .debug_ranges  0x00000778       0x68 .\CortexM3\ARM_GCC_541\Debug\Additional_HD.a(PWM_2.o)
 .debug_ranges  0x000007e0       0x50 .\CortexM3\ARM_GCC_541\Debug\Additional_HD.a(QuadDec_M1.o)
 .debug_ranges  0x00000830       0x10 .\CortexM3\ARM_GCC_541\Debug\Additional_HD.a(QuadDec_M1_INT.o)
 .debug_ranges  0x00000840       0x50 .\CortexM3\ARM_GCC_541\Debug\Additional_HD.a(QuadDec_M2.o)
 .debug_ranges  0x00000890       0x10 .\CortexM3\ARM_GCC_541\Debug\Additional_HD.a(QuadDec_M2_INT.o)
 .debug_ranges  0x000008a0       0x88 .\CortexM3\ARM_GCC_541\Debug\Additional_HD.a(QuadDec_M1_Cnt16.o)
 .debug_ranges  0x00000928       0x88 .\CortexM3\ARM_GCC_541\Debug\Additional_HD.a(QuadDec_M2_Cnt16.o)
 .debug_ranges  0x000009b0       0x78 .\CortexM3\ARM_GCC_541\Debug\Additional_HD.a(CyFlash.o)
 .debug_ranges  0x00000a28       0x70 .\CortexM3\ARM_GCC_541\Debug\Additional_HD.a(CySpc.o)

.comment        0x00000000       0x6e
 .comment       0x00000000       0x6e .\CortexM3\ARM_GCC_541\Debug\main.o
                                 0x6f (size before relaxing)
 .comment       0x0000006e       0x6f .\CortexM3\ARM_GCC_541\Debug\cyfitter_cfg.o
 .comment       0x0000006e       0x6f .\CortexM3\ARM_GCC_541\Debug\cymetadata.o
 .comment       0x0000006e       0x6f .\CortexM3\ARM_GCC_541\Debug\Cm3Start.o
 .comment       0x0000006e       0x6f .\CortexM3\ARM_GCC_541\Debug\Additional_HD.a(CyLib.o)
 .comment       0x0000006e       0x6f .\CortexM3\ARM_GCC_541\Debug\Additional_HD.a(cyPm.o)
 .comment       0x0000006e       0x6f .\CortexM3\ARM_GCC_541\Debug\Additional_HD.a(isr_1.o)
 .comment       0x0000006e       0x6f .\CortexM3\ARM_GCC_541\Debug\Additional_HD.a(Timer_1.o)
 .comment       0x0000006e       0x6f .\CortexM3\ARM_GCC_541\Debug\Additional_HD.a(isr_2.o)
 .comment       0x0000006e       0x6f .\CortexM3\ARM_GCC_541\Debug\Additional_HD.a(Comp_1.o)
 .comment       0x0000006e       0x6f .\CortexM3\ARM_GCC_541\Debug\Additional_HD.a(Comp_2.o)
 .comment       0x0000006e       0x6f .\CortexM3\ARM_GCC_541\Debug\Additional_HD.a(Comp_3.o)
 .comment       0x0000006e       0x6f .\CortexM3\ARM_GCC_541\Debug\Additional_HD.a(Comp_0.o)
 .comment       0x0000006e       0x6f .\CortexM3\ARM_GCC_541\Debug\Additional_HD.a(Clock_PWM.o)
 .comment       0x0000006e       0x6f .\CortexM3\ARM_GCC_541\Debug\Additional_HD.a(PWM_1.o)
 .comment       0x0000006e       0x6f .\CortexM3\ARM_GCC_541\Debug\Additional_HD.a(PWM_2.o)
 .comment       0x0000006e       0x6f .\CortexM3\ARM_GCC_541\Debug\Additional_HD.a(QuadDec_M1.o)
 .comment       0x0000006e       0x6f .\CortexM3\ARM_GCC_541\Debug\Additional_HD.a(QuadDec_M1_INT.o)
 .comment       0x0000006e       0x6f .\CortexM3\ARM_GCC_541\Debug\Additional_HD.a(QuadDec_M2.o)
 .comment       0x0000006e       0x6f .\CortexM3\ARM_GCC_541\Debug\Additional_HD.a(QuadDec_M2_INT.o)
 .comment       0x0000006e       0x6f .\CortexM3\ARM_GCC_541\Debug\Additional_HD.a(QuadDec_M1_Cnt16.o)
 .comment       0x0000006e       0x6f .\CortexM3\ARM_GCC_541\Debug\Additional_HD.a(QuadDec_M2_Cnt16.o)
 .comment       0x0000006e       0x6f .\CortexM3\ARM_GCC_541\Debug\Additional_HD.a(CyFlash.o)
 .comment       0x0000006e       0x6f .\CortexM3\ARM_GCC_541\Debug\Additional_HD.a(CySpc.o)

.debug_weaknames
 *(.debug_weaknames)

.debug_funcnames
 *(.debug_funcnames)

.debug_typenames
 *(.debug_typenames)

.debug_varnames
 *(.debug_varnames)

.note.gnu.arm.ident
 *(.note.gnu.arm.ident)

.ARM.attributes
                0x00000000       0x29
 *(.ARM.attributes)
 .ARM.attributes
                0x00000000       0x1d c:/program files (x86)/cypress/psoc creator/4.4/psoc creator/import/gnu/arm/5.4.1/bin/../lib/gcc/arm-none-eabi/5.4.1/armv7-m/crti.o
 .ARM.attributes
                0x0000001d       0x2d c:/program files (x86)/cypress/psoc creator/4.4/psoc creator/import/gnu/arm/5.4.1/bin/../lib/gcc/arm-none-eabi/5.4.1/armv7-m/crtbegin.o
 .ARM.attributes
                0x0000004a       0x1b c:/program files (x86)/cypress/psoc creator/4.4/psoc creator/import/gnu/arm/5.4.1/bin/../lib/gcc/arm-none-eabi/5.4.1/../../../../arm-none-eabi/lib/armv7-m/crt0.o
 .ARM.attributes
                0x00000065       0x33 .\CortexM3\ARM_GCC_541\Debug\main.o
 .ARM.attributes
                0x00000098       0x33 .\CortexM3\ARM_GCC_541\Debug\cyfitter_cfg.o
 .ARM.attributes
                0x000000cb       0x33 .\CortexM3\ARM_GCC_541\Debug\cymetadata.o
 .ARM.attributes
                0x000000fe       0x33 .\CortexM3\ARM_GCC_541\Debug\Cm3Start.o
 .ARM.attributes
                0x00000131       0x33 .\CortexM3\ARM_GCC_541\Debug\Additional_HD.a(CyLib.o)
 .ARM.attributes
                0x00000164       0x33 .\CortexM3\ARM_GCC_541\Debug\Additional_HD.a(cyPm.o)
 .ARM.attributes
                0x00000197       0x33 .\CortexM3\ARM_GCC_541\Debug\Additional_HD.a(isr_1.o)
 .ARM.attributes
                0x000001ca       0x33 .\CortexM3\ARM_GCC_541\Debug\Additional_HD.a(Timer_1.o)
 .ARM.attributes
                0x000001fd       0x33 .\CortexM3\ARM_GCC_541\Debug\Additional_HD.a(isr_2.o)
 .ARM.attributes
                0x00000230       0x33 .\CortexM3\ARM_GCC_541\Debug\Additional_HD.a(Comp_1.o)
 .ARM.attributes
                0x00000263       0x33 .\CortexM3\ARM_GCC_541\Debug\Additional_HD.a(Comp_2.o)
 .ARM.attributes
                0x00000296       0x33 .\CortexM3\ARM_GCC_541\Debug\Additional_HD.a(Comp_3.o)
 .ARM.attributes
                0x000002c9       0x33 .\CortexM3\ARM_GCC_541\Debug\Additional_HD.a(Comp_0.o)
 .ARM.attributes
                0x000002fc       0x33 .\CortexM3\ARM_GCC_541\Debug\Additional_HD.a(Clock_PWM.o)
 .ARM.attributes
                0x0000032f       0x33 .\CortexM3\ARM_GCC_541\Debug\Additional_HD.a(PWM_1.o)
 .ARM.attributes
                0x00000362       0x33 .\CortexM3\ARM_GCC_541\Debug\Additional_HD.a(PWM_2.o)
 .ARM.attributes
                0x00000395       0x33 .\CortexM3\ARM_GCC_541\Debug\Additional_HD.a(QuadDec_M1.o)
 .ARM.attributes
                0x000003c8       0x33 .\CortexM3\ARM_GCC_541\Debug\Additional_HD.a(QuadDec_M1_INT.o)
 .ARM.attributes
                0x000003fb       0x33 .\CortexM3\ARM_GCC_541\Debug\Additional_HD.a(QuadDec_M2.o)
 .ARM.attributes
                0x0000042e       0x33 .\CortexM3\ARM_GCC_541\Debug\Additional_HD.a(QuadDec_M2_INT.o)
 .ARM.attributes
                0x00000461       0x33 .\CortexM3\ARM_GCC_541\Debug\Additional_HD.a(QuadDec_M1_Cnt16.o)
 .ARM.attributes
                0x00000494       0x33 .\CortexM3\ARM_GCC_541\Debug\Additional_HD.a(QuadDec_M2_Cnt16.o)
 .ARM.attributes
                0x000004c7       0x21 .\CortexM3\ARM_GCC_541\Debug\Additional_HD.a(CyBootAsmGnu.o)
 .ARM.attributes
                0x000004e8       0x33 .\CortexM3\ARM_GCC_541\Debug\Additional_HD.a(CyFlash.o)
 .ARM.attributes
                0x0000051b       0x33 .\CortexM3\ARM_GCC_541\Debug\Additional_HD.a(CySpc.o)
 .ARM.attributes
                0x0000054e       0x2d c:/program files (x86)/cypress/psoc creator/4.4/psoc creator/import/gnu/arm/5.4.1/bin/../lib/gcc/arm-none-eabi/5.4.1/../../../../arm-none-eabi/lib/armv7-m\libg_nano.a(lib_a-errno.o)
 .ARM.attributes
                0x0000057b       0x2d c:/program files (x86)/cypress/psoc creator/4.4/psoc creator/import/gnu/arm/5.4.1/bin/../lib/gcc/arm-none-eabi/5.4.1/../../../../arm-none-eabi/lib/armv7-m\libg_nano.a(lib_a-exit.o)
 .ARM.attributes
                0x000005a8       0x2d c:/program files (x86)/cypress/psoc creator/4.4/psoc creator/import/gnu/arm/5.4.1/bin/../lib/gcc/arm-none-eabi/5.4.1/../../../../arm-none-eabi/lib/armv7-m\libg_nano.a(lib_a-impure.o)
 .ARM.attributes
                0x000005d5       0x2d c:/program files (x86)/cypress/psoc creator/4.4/psoc creator/import/gnu/arm/5.4.1/bin/../lib/gcc/arm-none-eabi/5.4.1/../../../../arm-none-eabi/lib/armv7-m\libg_nano.a(lib_a-init.o)
 .ARM.attributes
                0x00000602       0x2d c:/program files (x86)/cypress/psoc creator/4.4/psoc creator/import/gnu/arm/5.4.1/bin/../lib/gcc/arm-none-eabi/5.4.1/../../../../arm-none-eabi/lib/armv7-m\libg_nano.a(lib_a-memcpy-stub.o)
 .ARM.attributes
                0x0000062f       0x2d c:/program files (x86)/cypress/psoc creator/4.4/psoc creator/import/gnu/arm/5.4.1/bin/../lib/gcc/arm-none-eabi/5.4.1/../../../../arm-none-eabi/lib/armv7-m\libg_nano.a(lib_a-memset.o)
 .ARM.attributes
                0x0000065c       0x2d c:/program files (x86)/cypress/psoc creator/4.4/psoc creator/import/gnu/arm/5.4.1/bin/../lib/gcc/arm-none-eabi/5.4.1/armv7-m/crtend.o
 .ARM.attributes
                0x00000689       0x1d c:/program files (x86)/cypress/psoc creator/4.4/psoc creator/import/gnu/arm/5.4.1/bin/../lib/gcc/arm-none-eabi/5.4.1/armv7-m/crtn.o

/DISCARD/
 *(.note.GNU-stack)
OUTPUT(C:\Users\dulan\OneDrive\Desktop\ENGGEN\2023_sem2\301\COMPSYS301\Dulanya\CS301_15.cydsn\Additional_HD.cydsn\CortexM3\ARM_GCC_541\Debug\Additional_HD.elf elf32-littlearm)
