Archive member included to satisfy reference by file (symbol)

.\CortexM3\ARM_GCC_541\Debug\hwTask2.a(Clock_PWM.o)
                              .\CortexM3\ARM_GCC_541\Debug\main.o (Clock_PWM_Start)
.\CortexM3\ARM_GCC_541\Debug\hwTask2.a(QuadDec_M1.o)
                              .\CortexM3\ARM_GCC_541\Debug\main.o (QuadDec_M1_GetCounter)
.\CortexM3\ARM_GCC_541\Debug\hwTask2.a(PWM_1.o)
                              .\CortexM3\ARM_GCC_541\Debug\main.o (PWM_1_WritePeriod)
.\CortexM3\ARM_GCC_541\Debug\hwTask2.a(QuadDec_M1_Cnt16.o)
                              .\CortexM3\ARM_GCC_541\Debug\hwTask2.a(QuadDec_M1.o) (QuadDec_M1_Cnt16_Stop)
.\CortexM3\ARM_GCC_541\Debug\hwTask2.a(CyLib.o)
                              .\CortexM3\ARM_GCC_541\Debug\Cm3Start.o (CyHalt)
.\CortexM3\ARM_GCC_541\Debug\hwTask2.a(cyPm.o)
                              .\CortexM3\ARM_GCC_541\Debug\hwTask2.a(CyLib.o) (CyPmReadStatus)
.\CortexM3\ARM_GCC_541\Debug\hwTask2.a(PWM_2.o)
                              .\CortexM3\ARM_GCC_541\Debug\main.o (PWM_2_WritePeriod)
.\CortexM3\ARM_GCC_541\Debug\hwTask2.a(USBUART_1.o)
                              .\CortexM3\ARM_GCC_541\Debug\main.o (USBUART_1_Start)
.\CortexM3\ARM_GCC_541\Debug\hwTask2.a(USBUART_1_cdc.o)
                              .\CortexM3\ARM_GCC_541\Debug\main.o (USBUART_1_PutData)
.\CortexM3\ARM_GCC_541\Debug\hwTask2.a(USBUART_1_drv.o)
                              .\CortexM3\ARM_GCC_541\Debug\hwTask2.a(USBUART_1.o) (USBUART_1_lastPacketSize)
.\CortexM3\ARM_GCC_541\Debug\hwTask2.a(USBUART_1_episr.o)
                              .\CortexM3\ARM_GCC_541\Debug\hwTask2.a(USBUART_1.o) (USBUART_1_EP_1_ISR)
.\CortexM3\ARM_GCC_541\Debug\hwTask2.a(USBUART_1_pm.o)
                              .\CortexM3\ARM_GCC_541\Debug\hwTask2.a(USBUART_1.o) (USBUART_1_DP_ISR)
.\CortexM3\ARM_GCC_541\Debug\hwTask2.a(USBUART_1_std.o)
                              .\CortexM3\ARM_GCC_541\Debug\hwTask2.a(USBUART_1_pm.o) (USBUART_1_ConfigReg)
.\CortexM3\ARM_GCC_541\Debug\hwTask2.a(USBUART_1_vnd.o)
                              .\CortexM3\ARM_GCC_541\Debug\hwTask2.a(USBUART_1_drv.o) (USBUART_1_HandleVendorRqst)
.\CortexM3\ARM_GCC_541\Debug\hwTask2.a(Timer_1.o)
                              .\CortexM3\ARM_GCC_541\Debug\main.o (Timer_1_ReadStatusRegister)
.\CortexM3\ARM_GCC_541\Debug\hwTask2.a(USBUART_1_Dp.o)
                              .\CortexM3\ARM_GCC_541\Debug\hwTask2.a(USBUART_1.o) (USBUART_1_Dp_ClearInterrupt)
.\CortexM3\ARM_GCC_541\Debug\hwTask2.a(isr_1.o)
                              .\CortexM3\ARM_GCC_541\Debug\main.o (isr_1_StartEx)
.\CortexM3\ARM_GCC_541\Debug\hwTask2.a(CyBootAsmGnu.o)
                              .\CortexM3\ARM_GCC_541\Debug\cyfitter_cfg.o (CyDelayCycles)
.\CortexM3\ARM_GCC_541\Debug\hwTask2.a(CyFlash.o)
                              .\CortexM3\ARM_GCC_541\Debug\hwTask2.a(cyPm.o) (CyFlash_SetWaitCycles)
.\CortexM3\ARM_GCC_541\Debug\hwTask2.a(CySpc.o)
                              .\CortexM3\ARM_GCC_541\Debug\hwTask2.a(CyFlash.o) (CySpcStart)
.\CortexM3\ARM_GCC_541\Debug\hwTask2.a(USBUART_1_cls.o)
                              .\CortexM3\ARM_GCC_541\Debug\hwTask2.a(USBUART_1_drv.o) (USBUART_1_DispatchClassRqst)
.\CortexM3\ARM_GCC_541\Debug\hwTask2.a(USBUART_1_descr.o)
                              .\CortexM3\ARM_GCC_541\Debug\hwTask2.a(USBUART_1_std.o) (USBUART_1_idSerialNumberStringDescriptor)
c:/program files (x86)/cypress/psoc creator/4.4/psoc creator/import/gnu/arm/5.4.1/bin/../lib/gcc/arm-none-eabi/5.4.1/armv7-m\libgcc.a(_arm_addsubdf3.o)
                              .\CortexM3\ARM_GCC_541\Debug\main.o (__aeabi_i2d)
c:/program files (x86)/cypress/psoc creator/4.4/psoc creator/import/gnu/arm/5.4.1/bin/../lib/gcc/arm-none-eabi/5.4.1/armv7-m\libgcc.a(_arm_muldivdf3.o)
                              .\CortexM3\ARM_GCC_541\Debug\main.o (__aeabi_dmul)
c:/program files (x86)/cypress/psoc creator/4.4/psoc creator/import/gnu/arm/5.4.1/bin/../lib/gcc/arm-none-eabi/5.4.1/armv7-m\libgcc.a(_arm_fixunsdfsi.o)
                              .\CortexM3\ARM_GCC_541\Debug\main.o (__aeabi_d2uiz)
c:/program files (x86)/cypress/psoc creator/4.4/psoc creator/import/gnu/arm/5.4.1/bin/../lib/gcc/arm-none-eabi/5.4.1/../../../../arm-none-eabi/lib/armv7-m\libg_nano.a(lib_a-errno.o)
                              .\CortexM3\ARM_GCC_541\Debug\Cm3Start.o (__errno)
c:/program files (x86)/cypress/psoc creator/4.4/psoc creator/import/gnu/arm/5.4.1/bin/../lib/gcc/arm-none-eabi/5.4.1/../../../../arm-none-eabi/lib/armv7-m\libg_nano.a(lib_a-exit.o)
                              c:/program files (x86)/cypress/psoc creator/4.4/psoc creator/import/gnu/arm/5.4.1/bin/../lib/gcc/arm-none-eabi/5.4.1/../../../../arm-none-eabi/lib/armv7-m/crt0.o (exit)
c:/program files (x86)/cypress/psoc creator/4.4/psoc creator/import/gnu/arm/5.4.1/bin/../lib/gcc/arm-none-eabi/5.4.1/../../../../arm-none-eabi/lib/armv7-m\libg_nano.a(lib_a-impure.o)
[...]
Memory Configuration

Name             Origin             Length             Attributes
rom              0x00000000         0x00040000         xr
ram              0x1fff8000         0x00010000         xrw
*default*        0x00000000         0xffffffff

Linker script and memory map

LOAD c:/program files (x86)/cypress/psoc creator/4.4/psoc creator/import/gnu/arm/5.4.1/bin/../lib/gcc/arm-none-eabi/5.4.1/armv7-m/crti.o
LOAD c:/program files (x86)/cypress/psoc creator/4.4/psoc creator/import/gnu/arm/5.4.1/bin/../lib/gcc/arm-none-eabi/5.4.1/armv7-m/crtbegin.o
LOAD c:/program files (x86)/cypress/psoc creator/4.4/psoc creator/import/gnu/arm/5.4.1/bin/../lib/gcc/arm-none-eabi/5.4.1/../../../../arm-none-eabi/lib/armv7-m/crt0.o
START GROUP
LOAD .\CortexM3\ARM_GCC_541\Debug\main.o
LOAD .\CortexM3\ARM_GCC_541\Debug\cyfitter_cfg.o
LOAD .\CortexM3\ARM_GCC_541\Debug\cymetadata.o
LOAD .\CortexM3\ARM_GCC_541\Debug\Cm3Start.o
LOAD .\CortexM3\ARM_GCC_541\Debug\hwTask2.a
LOAD C:\Program Files (x86)\Cypress\PSoC Creator\4.4\PSoC Creator\psoc\content\cycomponentlibrary\CyComponentLibrary.cylib\CortexM3\ARM_GCC_541\Debug\CyComponentLibrary.a
END GROUP
START GROUP
LOAD c:/program files (x86)/cypress/psoc creator/4.4/psoc creator/import/gnu/arm/5.4.1/bin/../lib/gcc/arm-none-eabi/5.4.1/armv7-m\libgcc.a
LOAD c:/program files (x86)/cypress/psoc creator/4.4/psoc creator/import/gnu/arm/5.4.1/bin/../lib/gcc/arm-none-eabi/5.4.1/../../../../arm-none-eabi/lib/armv7-m\libg_nano.a
LOAD c:/program files (x86)/cypress/psoc creator/4.4/psoc creator/import/gnu/arm/5.4.1/bin/../lib/gcc/arm-none-eabi/5.4.1/../../../../arm-none-eabi/lib/armv7-m\libc_nano.a
END GROUP
START GROUP
LOAD c:/program files (x86)/cypress/psoc creator/4.4/psoc creator/import/gnu/arm/5.4.1/bin/../lib/gcc/arm-none-eabi/5.4.1/armv7-m\libgcc.a
LOAD c:/program files (x86)/cypress/psoc creator/4.4/psoc creator/import/gnu/arm/5.4.1/bin/../lib/gcc/arm-none-eabi/5.4.1/../../../../arm-none-eabi/lib/armv7-m\libc_nano.a
END GROUP
LOAD c:/program files (x86)/cypress/psoc creator/4.4/psoc creator/import/gnu/arm/5.4.1/bin/../lib/gcc/arm-none-eabi/5.4.1/armv7-m/crtend.o
LOAD c:/program files (x86)/cypress/psoc creator/4.4/psoc creator/import/gnu/arm/5.4.1/bin/../lib/gcc/arm-none-eabi/5.4.1/armv7-m/crtn.o
START GROUP
LOAD c:/program files (x86)/cypress/psoc creator/4.4/psoc creator/import/gnu/arm/5.4.1/bin/../lib/gcc/arm-none-eabi/5.4.1/armv7-m\libgcc.a
LOAD c:/program files (x86)/cypress/psoc creator/4.4/psoc creator/import/gnu/arm/5.4.1/bin/../lib/gcc/arm-none-eabi/5.4.1/../../../../arm-none-eabi/lib/armv7-m\libc.a
LOAD c:/program files (x86)/cypress/psoc creator/4.4/psoc creator/import/gnu/arm/5.4.1/bin/../lib/gcc/arm-none-eabi/5.4.1/../../../../arm-none-eabi/lib/armv7-m\libnosys.a
END GROUP
                0x00000000                CY_APPL_ORIGIN = 0x0
                0x00000100                CY_FLASH_ROW_SIZE = 0x100
                0x00000020                CY_ECC_ROW_SIZE = 0x20
                0x00000000                CY_EE_IN_BTLDR = 0x0
                0x00000000                CY_APPL_LOADABLE = 0x0
                0x00000800                CY_EE_SIZE = 0x800
                0x00000001                CY_APPL_NUM = 0x1
                0x00000001                CY_APPL_MAX = 0x1
                0x00000040                CY_METADATA_SIZE = 0x40
                0x00000000                CY_APPL_LOADABLE = 0x0
                0x00000000                CY_CHECKSUM_EXCLUDE_SIZE = ALIGN (0x0, CY_FLASH_ROW_SIZE)
                [!provide]                PROVIDE (__cy_heap_start, _end)
                0x00000001                PROVIDE (__cy_region_num, ((__cy_regions_end - __cy_regions) / 0x10))
                0x20008000                PROVIDE (__cy_stack, (ORIGIN (ram) + LENGTH (ram)))
                [!provide]                PROVIDE (__cy_heap_end, (__cy_stack - 0x800))

.cybootloader   0x00000000        0x0
 *(.cybootloader)
                0x00000000                appl1_start = CY_APPL_ORIGIN?CY_APPL_ORIGIN:ALIGN (CY_FLASH_ROW_SIZE)
                0x0001ff00                appl2_start = (appl1_start + ALIGN ((((LENGTH (rom) - appl1_start) - (0x2 * CY_FLASH_ROW_SIZE)) / 0x2), CY_FLASH_ROW_SIZE))
                0x00000000                appl_start = (CY_APPL_NUM == 0x1)?appl1_start:appl2_start
                0x00000000                ecc_offset = ((appl_start / CY_FLASH_ROW_SIZE) * CY_ECC_ROW_SIZE)
                0x00000000                ee_offset = (CY_APPL_LOADABLE && ! (CY_EE_IN_BTLDR))?((CY_EE_SIZE / CY_APPL_MAX) * (CY_APPL_NUM - 0x1)):0x0
                0x00000800                ee_size = (CY_APPL_LOADABLE && ! (CY_EE_IN_BTLDR))?(CY_EE_SIZE / CY_APPL_MAX):CY_EE_SIZE
                [!provide]                PROVIDE (CY_ECC_OFFSET, ecc_offset)

.text           0x00000000     0x2ebc
 CREATE_OBJECT_SYMBOLS
                0x00000000                PROVIDE (__cy_interrupt_vector, RomVectors)
 *(.romvectors)
 .romvectors    0x00000000       0x10 .\CortexM3\ARM_GCC_541\Debug\Cm3Start.o
                0x00000000                RomVectors
                0x00000001                ASSERT ((. != __cy_interrupt_vector), No interrupt vector)
                0x00000001                ASSERT (CY_APPL_ORIGIN?(SIZEOF (.cybootloader) <= CY_APPL_ORIGIN):0x1, Wrong image location)
                0x00000010                PROVIDE (__cy_reset, Reset)
 *(.text.Reset)
 .text.Reset    0x00000010       0x18 .\CortexM3\ARM_GCC_541\Debug\Cm3Start.o
                0x00000010                Reset
                0x00000001                ASSERT ((. != __cy_reset), No reset code)
 *(.dma_init)
                0x00000001                ASSERT ((((appl_start + .) <= 0x10000) || 0x1), DMA Init must be within the first 64k of flash)
 *(.text .text.* .gnu.linkonce.t.*)
 .text          0x00000028       0x5c c:/program files (x86)/cypress/psoc creator/4.4/psoc creator/import/gnu/arm/5.4.1/bin/../lib/gcc/arm-none-eabi/5.4.1/armv7-m/crtbegin.o
 *fill*         0x00000084        0x4 
 .text.isr_TC_handler
                0x00000088       0x58 .\CortexM3\ARM_GCC_541\Debug\main.o
                0x00000088                isr_TC_handler
 .text.usbPutString
                0x000000e0       0x28 .\CortexM3\ARM_GCC_541\Debug\main.o
                0x000000e0                usbPutString
 .text.main     0x00000108       0x94 .\CortexM3\ARM_GCC_541\Debug\main.o
                0x00000108                main
 .text.CyClockStartupError
                0x0000019c        0x4 .\CortexM3\ARM_GCC_541\Debug\cyfitter_cfg.o
 .text.cfg_write_bytes32
                0x000001a0       0x34 .\CortexM3\ARM_GCC_541\Debug\cyfitter_cfg.o
 .text.AnalogSetDefault
                0x000001d4       0x28 .\CortexM3\ARM_GCC_541\Debug\cyfitter_cfg.o
 .text.CYMEMZERO
                0x000001fc        0xc .\CortexM3\ARM_GCC_541\Debug\cyfitter_cfg.o
 .text.ClockSetup
                0x00000208       0xd4 .\CortexM3\ARM_GCC_541\Debug\cyfitter_cfg.o
 .text.CYCONFIGCPY
                0x000002dc        0x8 .\CortexM3\ARM_GCC_541\Debug\cyfitter_cfg.o
 .text.cyfitter_cfg
                0x000002e4      0x120 .\CortexM3\ARM_GCC_541\Debug\cyfitter_cfg.o
                0x000002e4                cyfitter_cfg
 .text.IntDefaultHandler
                0x00000404       0x10 .\CortexM3\ARM_GCC_541\Debug\Cm3Start.o
                0x00000404                IntDefaultHandler
 .text._sbrk    0x00000414       0x30 .\CortexM3\ARM_GCC_541\Debug\Cm3Start.o
                0x00000414                _sbrk
 .text.Start_c  0x00000444       0x4c .\CortexM3\ARM_GCC_541\Debug\Cm3Start.o
                0x00000444                Start_c
 .text.initialize_psoc
                0x00000490       0x68 .\CortexM3\ARM_GCC_541\Debug\Cm3Start.o
                0x00000490                initialize_psoc
 .text.Clock_PWM_Start
                0x000004f8       0x1c .\CortexM3\ARM_GCC_541\Debug\hwTask2.a(Clock_PWM.o)
                0x000004f8                Clock_PWM_Start
 .text.QuadDec_M1_GetCounter
                0x00000514       0x10 .\CortexM3\ARM_GCC_541\Debug\hwTask2.a(QuadDec_M1.o)
                0x00000514                QuadDec_M1_GetCounter
 .text.QuadDec_M1_SetCounter
                0x00000524       0x1c .\CortexM3\ARM_GCC_541\Debug\hwTask2.a(QuadDec_M1.o)
                0x00000524                QuadDec_M1_SetCounter
 .text.QuadDec_M1_GetEvents
                0x00000540       0x10 .\CortexM3\ARM_GCC_541\Debug\hwTask2.a(QuadDec_M1.o)
                0x00000540                QuadDec_M1_GetEvents
 .text.QuadDec_M1_SetInterruptMask
                0x00000550        0xc .\CortexM3\ARM_GCC_541\Debug\hwTask2.a(QuadDec_M1.o)
                0x00000550                QuadDec_M1_SetInterruptMask
 .text.QuadDec_M1_Enable
                0x0000055c       0x24 .\CortexM3\ARM_GCC_541\Debug\hwTask2.a(QuadDec_M1.o)
                0x0000055c                QuadDec_M1_Enable
 .text.QuadDec_M1_Start
                0x00000580       0x24 .\CortexM3\ARM_GCC_541\Debug\hwTask2.a(QuadDec_M1.o)
                0x00000580                QuadDec_M1_Start
 .text.PWM_1_Enable
                0x000005a4       0x28 .\CortexM3\ARM_GCC_541\Debug\hwTask2.a(PWM_1.o)
                0x000005a4                PWM_1_Enable
 .text.PWM_1_WritePeriod
                0x000005cc        0xc .\CortexM3\ARM_GCC_541\Debug\hwTask2.a(PWM_1.o)
                0x000005cc                PWM_1_WritePeriod
 .text.PWM_1_WriteCompare
                0x000005d8        0xc .\CortexM3\ARM_GCC_541\Debug\hwTask2.a(PWM_1.o)
                0x000005d8                PWM_1_WriteCompare
 .text.PWM_1_SetInterruptMode
                0x000005e4        0xc .\CortexM3\ARM_GCC_541\Debug\hwTask2.a(PWM_1.o)
                0x000005e4                PWM_1_SetInterruptMode
 .text.PWM_1_Init
                0x000005f0       0x74 .\CortexM3\ARM_GCC_541\Debug\hwTask2.a(PWM_1.o)
                0x000005f0                PWM_1_Init
 .text.PWM_1_Start
                0x00000664       0x1c .\CortexM3\ARM_GCC_541\Debug\hwTask2.a(PWM_1.o)
                0x00000664                PWM_1_Start
 .text.QuadDec_M1_Cnt16_Enable
                0x00000680       0x10 .\CortexM3\ARM_GCC_541\Debug\hwTask2.a(QuadDec_M1_Cnt16.o)
                0x00000680                QuadDec_M1_Cnt16_Enable
 .text.QuadDec_M1_Cnt16_SetInterruptMode
                0x00000690        0xc .\CortexM3\ARM_GCC_541\Debug\hwTask2.a(QuadDec_M1_Cnt16.o)
                0x00000690                QuadDec_M1_Cnt16_SetInterruptMode
 .text.QuadDec_M1_Cnt16_ReadStatusRegister
                0x0000069c        0xc .\CortexM3\ARM_GCC_541\Debug\hwTask2.a(QuadDec_M1_Cnt16.o)
                0x0000069c                QuadDec_M1_Cnt16_ReadStatusRegister
 .text.QuadDec_M1_Cnt16_WriteCounter
                0x000006a8        0xc .\CortexM3\ARM_GCC_541\Debug\hwTask2.a(QuadDec_M1_Cnt16.o)
                0x000006a8                QuadDec_M1_Cnt16_WriteCounter
 .text.QuadDec_M1_Cnt16_ReadCounter
                0x000006b4       0x14 .\CortexM3\ARM_GCC_541\Debug\hwTask2.a(QuadDec_M1_Cnt16.o)
                0x000006b4                QuadDec_M1_Cnt16_ReadCounter
 .text.QuadDec_M1_Cnt16_ReadCapture
                0x000006c8        0xc .\CortexM3\ARM_GCC_541\Debug\hwTask2.a(QuadDec_M1_Cnt16.o)
                0x000006c8                QuadDec_M1_Cnt16_ReadCapture
 .text.QuadDec_M1_Cnt16_WritePeriod
                0x000006d4        0xc .\CortexM3\ARM_GCC_541\Debug\hwTask2.a(QuadDec_M1_Cnt16.o)
                0x000006d4                QuadDec_M1_Cnt16_WritePeriod
 .text.QuadDec_M1_Cnt16_WriteCompare
                0x000006e0        0xc .\CortexM3\ARM_GCC_541\Debug\hwTask2.a(QuadDec_M1_Cnt16.o)
                0x000006e0                QuadDec_M1_Cnt16_WriteCompare
 .text.QuadDec_M1_Cnt16_ClearFIFO
                0x000006ec       0x14 .\CortexM3\ARM_GCC_541\Debug\hwTask2.a(QuadDec_M1_Cnt16.o)
                0x000006ec                QuadDec_M1_Cnt16_ClearFIFO
 .text.QuadDec_M1_Cnt16_Init
                0x00000700       0x58 .\CortexM3\ARM_GCC_541\Debug\hwTask2.a(QuadDec_M1_Cnt16.o)
                0x00000700                QuadDec_M1_Cnt16_Init
 .text.QuadDec_M1_Cnt16_Start
                0x00000758       0x1c .\CortexM3\ARM_GCC_541\Debug\hwTask2.a(QuadDec_M1_Cnt16.o)
                0x00000758                QuadDec_M1_Cnt16_Start
 .text.CyHalt   0x00000774        0x4 .\CortexM3\ARM_GCC_541\Debug\hwTask2.a(CyLib.o)
                0x00000774                CyHalt
 .text.CyDelayUs
                0x00000778       0x14 .\CortexM3\ARM_GCC_541\Debug\hwTask2.a(CyLib.o)
                0x00000778                CyDelayUs
 .text.CyIntSetVector
                0x0000078c       0x28 .\CortexM3\ARM_GCC_541\Debug\hwTask2.a(CyLib.o)
                0x0000078c                CyIntSetVector
 .text.CyIntSetPriority
                0x000007b4       0x30 .\CortexM3\ARM_GCC_541\Debug\hwTask2.a(CyLib.o)
                0x000007b4                CyIntSetPriority
 .text.CyGetUniqueId
                0x000007e4       0x70 .\CortexM3\ARM_GCC_541\Debug\hwTask2.a(CyLib.o)
                0x000007e4                CyGetUniqueId
 .text.PWM_2_Enable
                0x00000854       0x28 .\CortexM3\ARM_GCC_541\Debug\hwTask2.a(PWM_2.o)
                0x00000854                PWM_2_Enable
 .text.PWM_2_WritePeriod
                0x0000087c        0xc .\CortexM3\ARM_GCC_541\Debug\hwTask2.a(PWM_2.o)
                0x0000087c                PWM_2_WritePeriod
 .text.PWM_2_WriteCompare
                0x00000888        0xc .\CortexM3\ARM_GCC_541\Debug\hwTask2.a(PWM_2.o)
                0x00000888                PWM_2_WriteCompare
 .text.PWM_2_SetInterruptMode
                0x00000894        0xc .\CortexM3\ARM_GCC_541\Debug\hwTask2.a(PWM_2.o)
                0x00000894                PWM_2_SetInterruptMode
 .text.PWM_2_Init
                0x000008a0       0x74 .\CortexM3\ARM_GCC_541\Debug\hwTask2.a(PWM_2.o)
                0x000008a0                PWM_2_Init
 .text.PWM_2_Start
                0x00000914       0x1c .\CortexM3\ARM_GCC_541\Debug\hwTask2.a(PWM_2.o)
                0x00000914                PWM_2_Start
 .text.USBUART_1_Init
                0x00000930      0x140 .\CortexM3\ARM_GCC_541\Debug\hwTask2.a(USBUART_1.o)
                0x00000930                USBUART_1_Init
 .text.USBUART_1_InitComponent
                0x00000a70       0xb8 .\CortexM3\ARM_GCC_541\Debug\hwTask2.a(USBUART_1.o)
                0x00000a70                USBUART_1_InitComponent
 .text.USBUART_1_Start
                0x00000b28       0x24 .\CortexM3\ARM_GCC_541\Debug\hwTask2.a(USBUART_1.o)
                0x00000b28                USBUART_1_Start
 .text.USBUART_1_ReInitComponent
                0x00000b4c       0x4c .\CortexM3\ARM_GCC_541\Debug\hwTask2.a(USBUART_1.o)
                0x00000b4c                USBUART_1_ReInitComponent
 .text.USBUART_1_GetConfiguration
                0x00000b98        0xc .\CortexM3\ARM_GCC_541\Debug\hwTask2.a(USBUART_1.o)
                0x00000b98                USBUART_1_GetConfiguration
 .text.USBUART_1_GetEPState
                0x00000ba4       0x14 .\CortexM3\ARM_GCC_541\Debug\hwTask2.a(USBUART_1.o)
                0x00000ba4                USBUART_1_GetEPState
 .text.USBUART_1_LoadInEP
                0x00000bb8       0x94 .\CortexM3\ARM_GCC_541\Debug\hwTask2.a(USBUART_1.o)
                0x00000bb8                USBUART_1_LoadInEP
 .text.USBUART_1_GetInterfaceComPort
                0x00000c4c       0x38 .\CortexM3\ARM_GCC_541\Debug\hwTask2.a(USBUART_1_cdc.o)
                0x00000c4c                USBUART_1_GetInterfaceComPort
 .text.USBUART_1_DispatchCDCClassRqst
                0x00000c84       0x98 .\CortexM3\ARM_GCC_541\Debug\hwTask2.a(USBUART_1_cdc.o)
                0x00000c84                USBUART_1_DispatchCDCClassRqst
 .text.USBUART_1_PutData
                0x00000d1c       0x50 .\CortexM3\ARM_GCC_541\Debug\hwTask2.a(USBUART_1_cdc.o)
                0x00000d1c                USBUART_1_PutData
 .text.USBUART_1_CDCIsReady
                0x00000d6c       0x18 .\CortexM3\ARM_GCC_541\Debug\hwTask2.a(USBUART_1_cdc.o)
                0x00000d6c                USBUART_1_CDCIsReady
 .text.USBUART_1_Cdc_EpInit
                0x00000d84       0x50 .\CortexM3\ARM_GCC_541\Debug\hwTask2.a(USBUART_1_cdc.o)
                0x00000d84                USBUART_1_Cdc_EpInit
 .text.USBUART_1_LoadEP0
                0x00000dd4       0x98 .\CortexM3\ARM_GCC_541\Debug\hwTask2.a(USBUART_1_drv.o)
                0x00000dd4                USBUART_1_LoadEP0
 .text.USBUART_1_InitZeroLengthControlTransfer
                0x00000e6c       0x34 .\CortexM3\ARM_GCC_541\Debug\hwTask2.a(USBUART_1_drv.o)
                0x00000e6c                USBUART_1_InitZeroLengthControlTransfer
 .text.USBUART_1_ControlReadDataStage
                0x00000ea0        0x8 .\CortexM3\ARM_GCC_541\Debug\hwTask2.a(USBUART_1_drv.o)
                0x00000ea0                USBUART_1_ControlReadDataStage
 .text.USBUART_1_ControlWriteDataStage
                0x00000ea8       0x84 .\CortexM3\ARM_GCC_541\Debug\hwTask2.a(USBUART_1_drv.o)
                0x00000ea8                USBUART_1_ControlWriteDataStage
 .text.USBUART_1_InitNoDataControlTransfer
                0x00000f2c       0x2c .\CortexM3\ARM_GCC_541\Debug\hwTask2.a(USBUART_1_drv.o)
                0x00000f2c                USBUART_1_InitNoDataControlTransfer
 .text.USBUART_1_UpdateStatusBlock
                0x00000f58       0x24 .\CortexM3\ARM_GCC_541\Debug\hwTask2.a(USBUART_1_drv.o)
                0x00000f58                USBUART_1_UpdateStatusBlock
 .text.USBUART_1_HandleSetup
                0x00000f7c       0x5c .\CortexM3\ARM_GCC_541\Debug\hwTask2.a(USBUART_1_drv.o)
                0x00000f7c                USBUART_1_HandleSetup
 .text.USBUART_1_ControlReadStatusStage
                0x00000fd8       0x38 .\CortexM3\ARM_GCC_541\Debug\hwTask2.a(USBUART_1_drv.o)
                0x00000fd8                USBUART_1_ControlReadStatusStage
 .text.USBUART_1_HandleOUT
                0x00001010       0x38 .\CortexM3\ARM_GCC_541\Debug\hwTask2.a(USBUART_1_drv.o)
                0x00001010                USBUART_1_HandleOUT
 .text.USBUART_1_ControlWriteStatusStage
                0x00001048       0x20 .\CortexM3\ARM_GCC_541\Debug\hwTask2.a(USBUART_1_drv.o)
                0x00001048                USBUART_1_ControlWriteStatusStage
 .text.USBUART_1_NoDataControlStatusStage
                0x00001068       0x40 .\CortexM3\ARM_GCC_541\Debug\hwTask2.a(USBUART_1_drv.o)
                0x00001068                USBUART_1_NoDataControlStatusStage
 .text.USBUART_1_HandleIN
                0x000010a8       0x2c .\CortexM3\ARM_GCC_541\Debug\hwTask2.a(USBUART_1_drv.o)
                0x000010a8                USBUART_1_HandleIN
 .text.USBUART_1_EP_0_ISR
                0x000010d4       0xb8 .\CortexM3\ARM_GCC_541\Debug\hwTask2.a(USBUART_1_drv.o)
                0x000010d4                USBUART_1_EP_0_ISR
 .text.USBUART_1_InitializeStatusBlock
                0x0000118c       0x24 .\CortexM3\ARM_GCC_541\Debug\hwTask2.a(USBUART_1_drv.o)
                0x0000118c                USBUART_1_InitializeStatusBlock
 .text.USBUART_1_InitControlRead
                0x000011b0       0x50 .\CortexM3\ARM_GCC_541\Debug\hwTask2.a(USBUART_1_drv.o)
                0x000011b0                USBUART_1_InitControlRead
 .text.USBUART_1_InitControlWrite
                0x00001200       0x48 .\CortexM3\ARM_GCC_541\Debug\hwTask2.a(USBUART_1_drv.o)
                0x00001200                USBUART_1_InitControlWrite
 .text.USBUART_1_EP_1_ISR
                0x00001248       0x30 .\CortexM3\ARM_GCC_541\Debug\hwTask2.a(USBUART_1_episr.o)
                0x00001248                USBUART_1_EP_1_ISR
 .text.USBUART_1_EP_2_ISR
                0x00001278       0x34 .\CortexM3\ARM_GCC_541\Debug\hwTask2.a(USBUART_1_episr.o)
                0x00001278                USBUART_1_EP_2_ISR
 .text.USBUART_1_EP_3_ISR
                0x000012ac       0x3c .\CortexM3\ARM_GCC_541\Debug\hwTask2.a(USBUART_1_episr.o)
                0x000012ac                USBUART_1_EP_3_ISR
 .text.USBUART_1_SOF_ISR
                0x000012e8        0x4 .\CortexM3\ARM_GCC_541\Debug\hwTask2.a(USBUART_1_episr.o)
                0x000012e8                USBUART_1_SOF_ISR
 .text.USBUART_1_BUS_RESET_ISR
                0x000012ec        0x8 .\CortexM3\ARM_GCC_541\Debug\hwTask2.a(USBUART_1_episr.o)
                0x000012ec                USBUART_1_BUS_RESET_ISR
 .text.USBUART_1_DP_ISR
                0x000012f4        0x8 .\CortexM3\ARM_GCC_541\Debug\hwTask2.a(USBUART_1_pm.o)
                0x000012f4                USBUART_1_DP_ISR
 .text.USBUART_1_ReadDieID
                0x000012fc       0x6c .\CortexM3\ARM_GCC_541\Debug\hwTask2.a(USBUART_1_std.o)
                0x000012fc                USBUART_1_ReadDieID
 .text.USBUART_1_ConfigReg
                0x00001368       0xa4 .\CortexM3\ARM_GCC_541\Debug\hwTask2.a(USBUART_1_std.o)
                0x00001368                USBUART_1_ConfigReg
 .text.USBUART_1_GetConfigTablePtr
                0x0000140c       0x28 .\CortexM3\ARM_GCC_541\Debug\hwTask2.a(USBUART_1_std.o)
                0x0000140c                USBUART_1_GetConfigTablePtr
 .text.USBUART_1_ConfigAltChanged
                0x00001434      0x11c .\CortexM3\ARM_GCC_541\Debug\hwTask2.a(USBUART_1_std.o)
                0x00001434                USBUART_1_ConfigAltChanged
 .text.USBUART_1_GetDeviceTablePtr
                0x00001550       0x18 .\CortexM3\ARM_GCC_541\Debug\hwTask2.a(USBUART_1_std.o)
                0x00001550                USBUART_1_GetDeviceTablePtr
 .text.USBUART_1_GetInterfaceClassTablePtr
                0x00001568       0x28 .\CortexM3\ARM_GCC_541\Debug\hwTask2.a(USBUART_1_std.o)
                0x00001568                USBUART_1_GetInterfaceClassTablePtr
 .text.USBUART_1_Config
                0x00001590      0x1ec .\CortexM3\ARM_GCC_541\Debug\hwTask2.a(USBUART_1_std.o)
                0x00001590                USBUART_1_Config
 .text.USBUART_1_SetEndpointHalt
                0x0000177c       0x64 .\CortexM3\ARM_GCC_541\Debug\hwTask2.a(USBUART_1_std.o)
                0x0000177c                USBUART_1_SetEndpointHalt
 .text.USBUART_1_ClearEndpointHalt
                0x000017e0       0xac .\CortexM3\ARM_GCC_541\Debug\hwTask2.a(USBUART_1_std.o)
                0x000017e0                USBUART_1_ClearEndpointHalt
 .text.USBUART_1_ValidateAlternateSetting
                0x0000188c       0x4c .\CortexM3\ARM_GCC_541\Debug\hwTask2.a(USBUART_1_std.o)
                0x0000188c                USBUART_1_ValidateAlternateSetting
 .text.USBUART_1_HandleStandardRqst
                0x000018d8      0x354 .\CortexM3\ARM_GCC_541\Debug\hwTask2.a(USBUART_1_std.o)
                0x000018d8                USBUART_1_HandleStandardRqst
 .text.USBUART_1_HandleVendorRqst
                0x00001c2c       0x18 .\CortexM3\ARM_GCC_541\Debug\hwTask2.a(USBUART_1_vnd.o)
                0x00001c2c                USBUART_1_HandleVendorRqst
 .text.Timer_1_Enable
                0x00001c44       0x28 .\CortexM3\ARM_GCC_541\Debug\hwTask2.a(Timer_1.o)
                0x00001c44                Timer_1_Enable
 .text.Timer_1_SetInterruptMode
                0x00001c6c        0xc .\CortexM3\ARM_GCC_541\Debug\hwTask2.a(Timer_1.o)
                0x00001c6c                Timer_1_SetInterruptMode
 .text.Timer_1_ReadStatusRegister
                0x00001c78        0xc .\CortexM3\ARM_GCC_541\Debug\hwTask2.a(Timer_1.o)
                0x00001c78                Timer_1_ReadStatusRegister
 .text.Timer_1_WritePeriod
                0x00001c84        0xc .\CortexM3\ARM_GCC_541\Debug\hwTask2.a(Timer_1.o)
                0x00001c84                Timer_1_WritePeriod
 .text.Timer_1_WriteCounter
                0x00001c90        0xc .\CortexM3\ARM_GCC_541\Debug\hwTask2.a(Timer_1.o)
                0x00001c90                Timer_1_WriteCounter
 .text.Timer_1_Init
                0x00001c9c       0x68 .\CortexM3\ARM_GCC_541\Debug\hwTask2.a(Timer_1.o)
                0x00001c9c                Timer_1_Init
 .text.Timer_1_Start
                0x00001d04       0x1c .\CortexM3\ARM_GCC_541\Debug\hwTask2.a(Timer_1.o)
                0x00001d04                Timer_1_Start
 .text.USBUART_1_Dp_ClearInterrupt
                0x00001d20       0x10 .\CortexM3\ARM_GCC_541\Debug\hwTask2.a(USBUART_1_Dp.o)
                0x00001d20                USBUART_1_Dp_ClearInterrupt
 .text.isr_1_SetVector
                0x00001d30       0x10 .\CortexM3\ARM_GCC_541\Debug\hwTask2.a(isr_1.o)
                0x00001d30                isr_1_SetVector
 .text.isr_1_SetPriority
                0x00001d40       0x10 .\CortexM3\ARM_GCC_541\Debug\hwTask2.a(isr_1.o)
                0x00001d40                isr_1_SetPriority
 .text.isr_1_Enable
                0x00001d50       0x10 .\CortexM3\ARM_GCC_541\Debug\hwTask2.a(isr_1.o)
                0x00001d50                isr_1_Enable
 .text.isr_1_Disable
                0x00001d60       0x10 .\CortexM3\ARM_GCC_541\Debug\hwTask2.a(isr_1.o)
                0x00001d60                isr_1_Disable
 .text.isr_1_StartEx
                0x00001d70       0x1c .\CortexM3\ARM_GCC_541\Debug\hwTask2.a(isr_1.o)
                0x00001d70                isr_1_StartEx
 *fill*         0x00001d8c        0x4 
 .text          0x00001d90       0x20 .\CortexM3\ARM_GCC_541\Debug\hwTask2.a(CyBootAsmGnu.o)
                0x00001d90                CyDelayCycles
                0x00001da0                CyEnterCriticalSection
                0x00001da8                CyExitCriticalSection
 .text.USBUART_1_DispatchClassRqst
                0x00001db0       0x60 .\CortexM3\ARM_GCC_541\Debug\hwTask2.a(USBUART_1_cls.o)
                0x00001db0                USBUART_1_DispatchClassRqst
 .text          0x00001e10      0x370 c:/program files (x86)/cypress/psoc creator/4.4/psoc creator/import/gnu/arm/5.4.1/bin/../lib/gcc/arm-none-eabi/5.4.1/armv7-m\libgcc.a(_arm_addsubdf3.o)
                0x00001e10                __aeabi_drsub
                0x00001e18                __aeabi_dsub
                0x00001e18                __subdf3
                0x00001e1c                __aeabi_dadd
                0x00001e1c                __adddf3
                0x00002094                __floatunsidf
                0x00002094                __aeabi_ui2d
                0x000020b4                __floatsidf
                0x000020b4                __aeabi_i2d
                0x000020d8                __aeabi_f2d
                0x000020d8                __extendsfdf2
                0x00002114                __floatundidf
                0x00002114                __aeabi_ul2d
                0x00002124                __floatdidf
                0x00002124                __aeabi_l2d
 .text          0x00002180      0x424 c:/program files (x86)/cypress/psoc creator/4.4/psoc creator/import/gnu/arm/5.4.1/bin/../lib/gcc/arm-none-eabi/5.4.1/armv7-m\libgcc.a(_arm_muldivdf3.o)
                0x00002180                __aeabi_dmul
                0x00002180                __muldf3
                0x000023d4                __divdf3
                0x000023d4                __aeabi_ddiv
 .text          0x000025a4       0x40 c:/program files (x86)/cypress/psoc creator/4.4/psoc creator/import/gnu/arm/5.4.1/bin/../lib/gcc/arm-none-eabi/5.4.1/armv7-m\libgcc.a(_arm_fixunsdfsi.o)
                0x000025a4                __aeabi_d2uiz
                0x000025a4                __fixunsdfsi
 .text.__errno  0x000025e4        0xc c:/program files (x86)/cypress/psoc creator/4.4/psoc creator/import/gnu/arm/5.4.1/bin/../lib/gcc/arm-none-eabi/5.4.1/../../../../arm-none-eabi/lib/armv7-m\libg_nano.a(lib_a-errno.o)
                0x000025e4                __errno
 .text.__libc_init_array
                0x000025f0       0x4c c:/program files (x86)/cypress/psoc creator/4.4/psoc creator/import/gnu/arm/5.4.1/bin/../lib/gcc/arm-none-eabi/5.4.1/../../../../arm-none-eabi/lib/armv7-m\libg_nano.a(lib_a-init.o)
                0x000025f0                __libc_init_array
 .text.memcpy   0x0000263c       0x16 c:/program files (x86)/cypress/psoc creator/4.4/psoc creator/import/gnu/arm/5.4.1/bin/../lib/gcc/arm-none-eabi/5.4.1/../../../../arm-none-eabi/lib/armv7-m\libg_nano.a(lib_a-memcpy-stub.o)
                0x0000263c                memcpy
 .text.memset   0x00002652       0x10 c:/program files (x86)/cypress/psoc creator/4.4/psoc creator/import/gnu/arm/5.4.1/bin/../lib/gcc/arm-none-eabi/5.4.1/../../../../arm-none-eabi/lib/armv7-m\libg_nano.a(lib_a-memset.o)
                0x00002652                memset
 *fill*         0x00002662        0x2 
 .text.sprintf  0x00002664       0x48 c:/program files (x86)/cypress/psoc creator/4.4/psoc creator/import/gnu/arm/5.4.1/bin/../lib/gcc/arm-none-eabi/5.4.1/../../../../arm-none-eabi/lib/armv7-m\libg_nano.a(lib_a-sprintf.o)
                0x00002664                siprintf
                0x00002664                sprintf
 .text          0x000026ac       0x10 c:/program files (x86)/cypress/psoc creator/4.4/psoc creator/import/gnu/arm/5.4.1/bin/../lib/gcc/arm-none-eabi/5.4.1/../../../../arm-none-eabi/lib/armv7-m\libg_nano.a(lib_a-strlen.o)
                0x000026ac                strlen
 .text.__ssputs_r
                0x000026bc       0xb2 c:/program files (x86)/cypress/psoc creator/4.4/psoc creator/import/gnu/arm/5.4.1/bin/../lib/gcc/arm-none-eabi/5.4.1/../../../../arm-none-eabi/lib/armv7-m\libg_nano.a(lib_a-nano-svfprintf.o)
                0x000026bc                __ssputs_r
 *fill*         0x0000276e        0x2 
 .text._svfprintf_r
                0x00002770      0x1e8 c:/program files (x86)/cypress/psoc creator/4.4/psoc creator/import/gnu/arm/5.4.1/bin/../lib/gcc/arm-none-eabi/5.4.1/../../../../arm-none-eabi/lib/armv7-m\libg_nano.a(lib_a-nano-svfprintf.o)
                0x00002770                _svfiprintf_r
                0x00002770                _svfprintf_r
 .text._printf_common
                0x00002958       0xec c:/program files (x86)/cypress/psoc creator/4.4/psoc creator/import/gnu/arm/5.4.1/bin/../lib/gcc/arm-none-eabi/5.4.1/../../../../arm-none-eabi/lib/armv7-m\libg_nano.a(lib_a-nano-vfprintf_i.o)
                0x00002958                _printf_common
 .text._printf_i
                0x00002a44      0x24c c:/program files (x86)/cypress/psoc creator/4.4/psoc creator/import/gnu/arm/5.4.1/bin/../lib/gcc/arm-none-eabi/5.4.1/../../../../arm-none-eabi/lib/armv7-m\libg_nano.a(lib_a-nano-vfprintf_i.o)
                0x00002a44                _printf_i
 .text.memchr   0x00002c90       0x1c c:/program files (x86)/cypress/psoc creator/4.4/psoc creator/import/gnu/arm/5.4.1/bin/../lib/gcc/arm-none-eabi/5.4.1/../../../../arm-none-eabi/lib/armv7-m\libg_nano.a(lib_a-memchr-stub.o)
                0x00002c90                memchr
 .text.memmove  0x00002cac       0x36 c:/program files (x86)/cypress/psoc creator/4.4/psoc creator/import/gnu/arm/5.4.1/bin/../lib/gcc/arm-none-eabi/5.4.1/../../../../arm-none-eabi/lib/armv7-m\libg_nano.a(lib_a-memmove.o)
                0x00002cac                memmove
 *fill*         0x00002ce2        0x2 
 .text._free_r  0x00002ce4       0x98 c:/program files (x86)/cypress/psoc creator/4.4/psoc creator/import/gnu/arm/5.4.1/bin/../lib/gcc/arm-none-eabi/5.4.1/../../../../arm-none-eabi/lib/armv7-m\libg_nano.a(lib_a-nano-freer.o)
                0x00002ce4                _free_r
 .text._malloc_r
                0x00002d7c       0xbc c:/program files (x86)/cypress/psoc creator/4.4/psoc creator/import/gnu/arm/5.4.1/bin/../lib/gcc/arm-none-eabi/5.4.1/../../../../arm-none-eabi/lib/armv7-m\libg_nano.a(lib_a-nano-mallocr.o)
                0x00002d7c                _malloc_r
 .text._realloc_r
                0x00002e38       0x4c c:/program files (x86)/cypress/psoc creator/4.4/psoc creator/import/gnu/arm/5.4.1/bin/../lib/gcc/arm-none-eabi/5.4.1/../../../../arm-none-eabi/lib/armv7-m\libg_nano.a(lib_a-nano-reallocr.o)
                0x00002e38                _realloc_r
 .text._sbrk_r  0x00002e84       0x20 c:/program files (x86)/cypress/psoc creator/4.4/psoc creator/import/gnu/arm/5.4.1/bin/../lib/gcc/arm-none-eabi/5.4.1/../../../../arm-none-eabi/lib/armv7-m\libg_nano.a(lib_a-sbrkr.o)
                0x00002e84                _sbrk_r
 .text.__malloc_lock
                0x00002ea4        0x2 c:/program files (x86)/cypress/psoc creator/4.4/psoc creator/import/gnu/arm/5.4.1/bin/../lib/gcc/arm-none-eabi/5.4.1/../../../../arm-none-eabi/lib/armv7-m\libg_nano.a(lib_a-mlock.o)
                0x00002ea4                __malloc_lock
 .text.__malloc_unlock
                0x00002ea6        0x2 c:/program files (x86)/cypress/psoc creator/4.4/psoc creator/import/gnu/arm/5.4.1/bin/../lib/gcc/arm-none-eabi/5.4.1/../../../../arm-none-eabi/lib/armv7-m\libg_nano.a(lib_a-mlock.o)
                0x00002ea6                __malloc_unlock
 .text._malloc_usable_size_r
                0x00002ea8       0x14 c:/program files (x86)/cypress/psoc creator/4.4/psoc creator/import/gnu/arm/5.4.1/bin/../lib/gcc/arm-none-eabi/5.4.1/../../../../arm-none-eabi/lib/armv7-m\libg_nano.a(lib_a-nano-msizer.o)
                0x00002ea8                _malloc_usable_size_r
 *(.plt)
 *(.gnu.warning)
 *(.glue_7t)
 .glue_7t       0x00002ebc        0x0 linker stubs
 *(.glue_7)
 .glue_7        0x00002ebc        0x0 linker stubs
 *(.vfp11_veneer)
 .vfp11_veneer  0x00002ebc        0x0 linker stubs
 *(.bootloader)
 *(.ARM.extab* .gnu.linkonce.armextab.*)
 *(.gcc_except_table)

.v4_bx          0x00002ebc        0x0
 .v4_bx         0x00002ebc        0x0 linker stubs

.iplt           0x00002ebc        0x0
 .iplt          0x00002ebc        0x0 c:/program files (x86)/cypress/psoc creator/4.4/psoc creator/import/gnu/arm/5.4.1/bin/../lib/gcc/arm-none-eabi/5.4.1/armv7-m/crtbegin.o

.eh_frame_hdr
 *(.eh_frame_hdr)

.eh_frame       0x00002ebc        0x4
 *(.eh_frame)
 .eh_frame      0x00002ebc        0x0 c:/program files (x86)/cypress/psoc creator/4.4/psoc creator/import/gnu/arm/5.4.1/bin/../lib/gcc/arm-none-eabi/5.4.1/armv7-m/crtbegin.o
 .eh_frame      0x00002ebc        0x4 c:/program files (x86)/cypress/psoc creator/4.4/psoc creator/import/gnu/arm/5.4.1/bin/../lib/gcc/arm-none-eabi/5.4.1/armv7-m/crtend.o
                [!provide]                PROVIDE (__exidx_start, .)

.ARM.exidx
 *(.ARM.exidx* .gnu.linkonce.armexidx.*)
                0x00002ec0                __exidx_end = .

.rodata         0x00002ec0      0x220
 *(.rodata .rodata.* .gnu.linkonce.r.*)
 .rodata.str1.4
                0x00002ec0       0x11 .\CortexM3\ARM_GCC_541\Debug\main.o
 *fill*         0x00002ed1        0x3 
 .rodata        0x00002ed4       0x30 .\CortexM3\ARM_GCC_541\Debug\cyfitter_cfg.o
 .rodata.str1.4
                0x00002f04       0x14 .\CortexM3\ARM_GCC_541\Debug\hwTask2.a(USBUART_1_std.o)
                                 0x11 (size before relaxing)
 .rodata        0x00002f18      0x15e .\CortexM3\ARM_GCC_541\Debug\hwTask2.a(USBUART_1_descr.o)
                0x00002f18                USBUART_1_TABLE
                0x00002f20                USBUART_1_DEVICE0_TABLE
                0x00002f38                USBUART_1_DEVICE0_CONFIGURATION0_TABLE
                0x00002f60                USBUART_1_DEVICE0_CONFIGURATION0_INTERFACE_CLASS
                0x00002f64                USBUART_1_DEVICE0_CONFIGURATION0_EP_SETTINGS_TABLE
                0x00002f7c                USBUART_1_SN_STRING_DESCRIPTOR
                0x00002f80                USBUART_1_STRING_DESCRIPTORS
                0x00003020                USBUART_1_DEVICE0_CONFIGURATION0_DESCR
                0x00003064                USBUART_1_DEVICE0_DESCR
 .rodata.str1.1
                0x00003076        0x2 c:/program files (x86)/cypress/psoc creator/4.4/psoc creator/import/gnu/arm/5.4.1/bin/../lib/gcc/arm-none-eabi/5.4.1/../../../../arm-none-eabi/lib/armv7-m\libg_nano.a(lib_a-impure.o)
 .rodata.str1.1
                0x00003078       0x11 c:/program files (x86)/cypress/psoc creator/4.4/psoc creator/import/gnu/arm/5.4.1/bin/../lib/gcc/arm-none-eabi/5.4.1/../../../../arm-none-eabi/lib/armv7-m\libg_nano.a(lib_a-nano-svfprintf.o)
 .rodata.str1.1
                0x00003089       0x22 c:/program files (x86)/cypress/psoc creator/4.4/psoc creator/import/gnu/arm/5.4.1/bin/../lib/gcc/arm-none-eabi/5.4.1/../../../../arm-none-eabi/lib/armv7-m\libg_nano.a(lib_a-nano-vfprintf_i.o)
                0x000030ac                . = ALIGN (0x4)
 *fill*         0x000030ab        0x1 
 *(.init)
 .init          0x000030ac        0x4 c:/program files (x86)/cypress/psoc creator/4.4/psoc creator/import/gnu/arm/5.4.1/bin/../lib/gcc/arm-none-eabi/5.4.1/armv7-m/crti.o
                0x000030ac                _init
 .init          0x000030b0        0x8 c:/program files (x86)/cypress/psoc creator/4.4/psoc creator/import/gnu/arm/5.4.1/bin/../lib/gcc/arm-none-eabi/5.4.1/armv7-m/crtn.o
                0x000030b8                . = ALIGN (0x4)
                0x000030b8                __preinit_array_start = .
 *(.preinit_array)
                0x000030b8                __preinit_array_end = .
                0x000030b8                . = ALIGN (0x4)
                0x000030b8                __init_array_start = .
 *(SORT(.init_array.*))
 *(.init_array)
 .init_array    0x000030b8        0x4 c:/program files (x86)/cypress/psoc creator/4.4/psoc creator/import/gnu/arm/5.4.1/bin/../lib/gcc/arm-none-eabi/5.4.1/armv7-m/crtbegin.o
 .init_array    0x000030bc        0x4 .\CortexM3\ARM_GCC_541\Debug\Cm3Start.o
                0x000030c0                __init_array_end = .
                0x000030c0                . = ALIGN (0x4)
 *(.fini)
 .fini          0x000030c0        0x4 c:/program files (x86)/cypress/psoc creator/4.4/psoc creator/import/gnu/arm/5.4.1/bin/../lib/gcc/arm-none-eabi/5.4.1/armv7-m/crti.o
                0x000030c0                _fini
 .fini          0x000030c4        0x8 c:/program files (x86)/cypress/psoc creator/4.4/psoc creator/import/gnu/arm/5.4.1/bin/../lib/gcc/arm-none-eabi/5.4.1/armv7-m/crtn.o
                0x000030cc                . = ALIGN (0x4)
                0x000030cc                __fini_array_start = .
 *(.fini_array)
 .fini_array    0x000030cc        0x4 c:/program files (x86)/cypress/psoc creator/4.4/psoc creator/import/gnu/arm/5.4.1/bin/../lib/gcc/arm-none-eabi/5.4.1/armv7-m/crtbegin.o
 *(SORT(.fini_array.*))
                0x000030d0                __fini_array_end = .
                0x000030d0                . = ALIGN (0x4)
 *crtbegin.o(.ctors)
 *(EXCLUDE_FILE(*crtend.o) .ctors)
 *(SORT(.ctors.*))
 *crtend.o(.ctors)
                0x000030d0                . = ALIGN (0x4)
 *crtbegin.o(.dtors)
 *(EXCLUDE_FILE(*crtend.o) .dtors)
 *(SORT(.dtors.*))
 *crtend.o(.dtors)
                0x000030d0                . = ALIGN (0x4)
                0x000030d0                __cy_regions = .
                0x000030d0        0x4 LONG 0x30e0 __cy_region_init_ram
                0x000030d4        0x4 LONG 0x1fff80c8 __cy_region_start_data
                0x000030d8        0x4 LONG 0xa0 __cy_region_init_size_ram
                0x000030dc        0x4 LONG 0x150 __cy_region_zero_size_ram
                0x000030e0                __cy_regions_end = .
                0x000030e0                . = ALIGN (0x8)
                0x000030e0                _etext = .

.cy_checksum_exclude
                0x000030e0        0x0
 *(.cy_checksum_exclude)

.ramvectors     0x1fff8000       0xc0
                0x1fff8000                __cy_region_start_ram = .
 *(.ramvectors)
 .ramvectors    0x1fff8000       0xc0 .\CortexM3\ARM_GCC_541\Debug\Cm3Start.o
                0x1fff8000                CyRamVectors

.noinit         0x1fff80c0        0x1
 *(.noinit)
 .noinit        0x1fff80c0        0x1 .\CortexM3\ARM_GCC_541\Debug\hwTask2.a(CyLib.o)
                0x1fff80c0                CyResetStatus

.data           0x1fff80c8       0xa0 load address 0x000030e0
                0x1fff80c8                __cy_region_start_data = .
 *(.jcr)
 .jcr           0x1fff80c8        0x0 c:/program files (x86)/cypress/psoc creator/4.4/psoc creator/import/gnu/arm/5.4.1/bin/../lib/gcc/arm-none-eabi/5.4.1/armv7-m/crtbegin.o
 .jcr           0x1fff80c8        0x4 c:/program files (x86)/cypress/psoc creator/4.4/psoc creator/import/gnu/arm/5.4.1/bin/../lib/gcc/arm-none-eabi/5.4.1/armv7-m/crtend.o
 *(.got.plt)
 *(.got)
 *(.shdata)
 *(.data .data.* .gnu.linkonce.d.*)
 .data          0x1fff80cc        0x1 .\CortexM3\ARM_GCC_541\Debug\main.o
                0x1fff80cc                counter
 *fill*         0x1fff80cd        0x3 
 .data          0x1fff80d0        0x4 .\CortexM3\ARM_GCC_541\Debug\Cm3Start.o
 .data          0x1fff80d4       0x10 .\CortexM3\ARM_GCC_541\Debug\hwTask2.a(CyLib.o)
                0x1fff80d4                cydelay_32k_ms
                0x1fff80d8                cydelay_freq_khz
                0x1fff80dc                cydelay_freq_mhz
                0x1fff80e0                cydelay_freq_hz
 .data          0x1fff80e4       0x1a .\CortexM3\ARM_GCC_541\Debug\hwTask2.a(USBUART_1_cdc.o)
                0x1fff80e4                USBUART_1_linesCoding
 *fill*         0x1fff80fe        0x2 
 .data.impure_data
                0x1fff8100       0x60 c:/program files (x86)/cypress/psoc creator/4.4/psoc creator/import/gnu/arm/5.4.1/bin/../lib/gcc/arm-none-eabi/5.4.1/../../../../arm-none-eabi/lib/armv7-m\libg_nano.a(lib_a-impure.o)
 .data._impure_ptr
                0x1fff8160        0x4 c:/program files (x86)/cypress/psoc creator/4.4/psoc creator/import/gnu/arm/5.4.1/bin/../lib/gcc/arm-none-eabi/5.4.1/../../../../arm-none-eabi/lib/armv7-m\libg_nano.a(lib_a-impure.o)
                0x1fff8160                _impure_ptr
                0x1fff8168                . = ALIGN (0x8)
 *fill*         0x1fff8164        0x4 
 *(.ram)
                0x1fff8168                _edata = .

.igot.plt       0x1fff8168        0x0 load address 0x00003180
 .igot.plt      0x1fff8168        0x0 c:/program files (x86)/cypress/psoc creator/4.4/psoc creator/import/gnu/arm/5.4.1/bin/../lib/gcc/arm-none-eabi/5.4.1/armv7-m/crtbegin.o

.bss            0x1fff8168      0x150 load address 0x00003180
                0x1fff8168                PROVIDE (__bss_start__, .)
 *(.shbss)
 *(.bss .bss.* .gnu.linkonce.b.*)
 .bss           0x1fff8168       0x1c c:/program files (x86)/cypress/psoc creator/4.4/psoc creator/import/gnu/arm/5.4.1/bin/../lib/gcc/arm-none-eabi/5.4.1/armv7-m/crtbegin.o
 .bss           0x1fff8184        0x6 .\CortexM3\ARM_GCC_541\Debug\main.o
                0x1fff8184                ci
                0x1fff8186                speed
                0x1fff8188                ready_to_send
                0x1fff8189                i
 .bss           0x1fff818a        0x1 .\CortexM3\ARM_GCC_541\Debug\hwTask2.a(QuadDec_M1.o)
                0x1fff818a                QuadDec_M1_initVar
 .bss           0x1fff818b        0x1 .\CortexM3\ARM_GCC_541\Debug\hwTask2.a(PWM_1.o)
                0x1fff818b                PWM_1_initVar
 .bss           0x1fff818c        0x1 .\CortexM3\ARM_GCC_541\Debug\hwTask2.a(QuadDec_M1_Cnt16.o)
                0x1fff818c                QuadDec_M1_Cnt16_initVar
 .bss           0x1fff818d        0x1 .\CortexM3\ARM_GCC_541\Debug\hwTask2.a(PWM_2.o)
                0x1fff818d                PWM_2_initVar
 .bss           0x1fff818e        0x1 .\CortexM3\ARM_GCC_541\Debug\hwTask2.a(USBUART_1.o)
                0x1fff818e                USBUART_1_initVar
 .bss           0x1fff818f        0x1 .\CortexM3\ARM_GCC_541\Debug\hwTask2.a(USBUART_1_cdc.o)
 .bss           0x1fff8190        0x2 .\CortexM3\ARM_GCC_541\Debug\hwTask2.a(USBUART_1_std.o)
 .bss           0x1fff8192        0x1 .\CortexM3\ARM_GCC_541\Debug\hwTask2.a(Timer_1.o)
                0x1fff8192                Timer_1_initVar
 *fill*         0x1fff8193        0x1 
 .bss.__malloc_sbrk_start
                0x1fff8194        0x4 c:/program files (x86)/cypress/psoc creator/4.4/psoc creator/import/gnu/arm/5.4.1/bin/../lib/gcc/arm-none-eabi/5.4.1/../../../../arm-none-eabi/lib/armv7-m\libg_nano.a(lib_a-nano-mallocr.o)
                0x1fff8194                __malloc_sbrk_start
 .bss.__malloc_free_list
                0x1fff8198        0x4 c:/program files (x86)/cypress/psoc creator/4.4/psoc creator/import/gnu/arm/5.4.1/bin/../lib/gcc/arm-none-eabi/5.4.1/../../../../arm-none-eabi/lib/armv7-m\libg_nano.a(lib_a-nano-mallocr.o)
                0x1fff8198                __malloc_free_list
 *(COMMON)
 COMMON         0x1fff819c       0x40 .\CortexM3\ARM_GCC_541\Debug\main.o
                0x1fff819c                buffer
 COMMON         0x1fff81dc       0x18 .\CortexM3\ARM_GCC_541\Debug\hwTask2.a(USBUART_1_cdc.o)
                0x1fff81dc                USBUART_1_cdcDataInEp
                0x1fff81e0                USBUART_1_cdcDataOutEp
                0x1fff81e4                USBUART_1_cdcCommInInterruptEp
                0x1fff81e8                USBUART_1_serialStateBitmap
                0x1fff81ec                USBUART_1_linesChanged
                0x1fff81f0                USBUART_1_linesControlBitmap
 COMMON         0x1fff81f4       0x97 .\CortexM3\ARM_GCC_541\Debug\hwTask2.a(USBUART_1_drv.o)
                0x1fff81f4                USBUART_1_interfaceSettingLast
                0x1fff81f6                USBUART_1_ep0Mode
                0x1fff81f7                USBUART_1_lastPacketSize
                0x1fff81f8                USBUART_1_configurationChanged
                0x1fff81f9                USBUART_1_configuration
                0x1fff81fa                USBUART_1_interfaceNumber
                0x1fff81fb                USBUART_1_deviceStatus
                0x1fff81fc                USBUART_1_ep0Toggle
                0x1fff8200                USBUART_1_interfaceClass
                0x1fff8204                USBUART_1_interfaceSetting
                0x1fff8208                USBUART_1_currentTD
                0x1fff8214                USBUART_1_ep0Count
                0x1fff8218                USBUART_1_EP
                0x1fff8284                USBUART_1_transferByteCount
                0x1fff8286                USBUART_1_transferState
                0x1fff8287                USBUART_1_device
                0x1fff8288                USBUART_1_interfaceStatus
                0x1fff828a                USBUART_1_deviceAddress
 *fill*         0x1fff828b        0x1 
 COMMON         0x1fff828c       0x22 .\CortexM3\ARM_GCC_541\Debug\hwTask2.a(USBUART_1_descr.o)
                0x1fff828c                USBUART_1_idSerialNumberStringDescriptor
 *fill*         0x1fff82ae        0x2 
 COMMON         0x1fff82b0        0x4 c:/program files (x86)/cypress/psoc creator/4.4/psoc creator/import/gnu/arm/5.4.1/bin/../lib/gcc/arm-none-eabi/5.4.1/../../../../arm-none-eabi/lib/armv7-m\libg_nano.a(lib_a-reent.o)
                0x1fff82b0                errno
                0x1fff82b8                . = ALIGN (0x8)
 *fill*         0x1fff82b4        0x4 
 *(.ram.b)
                0x1fff82b8                _end = .
                0x1fff82b8                __end = .
                0x1fff82b8                PROVIDE (end, .)
                0x1fff82b8                PROVIDE (__bss_end__, .)
                0x000030e0                __cy_region_init_ram = LOADADDR (.data)
                0x000000a0                __cy_region_init_size_ram = (_edata - ADDR (.data))
                0x00000150                __cy_region_zero_size_ram = (_end - _edata)

.heap           0x1fff82b8       0x80 load address 0x00003180
                0x1fff82b8                . = _end
                0x1fff8338                . = (. + 0x80)
 *fill*         0x1fff82b8       0x80 
                0x1fff8338                __cy_heap_limit = .

.stack          0x20007800      0x800
                0x20007800                __cy_stack_limit = .
                0x20008000                . = (. + 0x800)
 *fill*         0x20007800      0x800 
                0x00000001                ASSERT ((__cy_stack_limit >= __cy_heap_limit), region RAM overflowed with stack)
                0x00000000                cy_checksum_exclude_size = (CY_APPL_LOADABLE == 0x1)?SIZEOF (.cy_checksum_exclude):0x0
                0x00000001                ASSERT ((cy_checksum_exclude_size <= CY_CHECKSUM_EXCLUDE_SIZE), CY_BOOT: Section .cy_checksum_exclude size exceedes specified limit.)

.cyloadermeta
 *(.cyloadermeta)

.cyloadablemeta
 *(.cyloadablemeta)

.cyconfigecc    0x80000000      0xad8
 *(.cyconfigecc)
 .cyconfigecc   0x80000000      0xad8 .\CortexM3\ARM_GCC_541\Debug\cymetadata.o
                0x80000000                cy_meta_configecc

.cycustnvl      0x90000000        0x4
 *(.cycustnvl)
 .cycustnvl     0x90000000        0x4 .\CortexM3\ARM_GCC_541\Debug\cymetadata.o
                0x90000000                cy_meta_custnvl

.cywolatch      0x90100000        0x4
 *(.cywolatch)
 .cywolatch     0x90100000        0x4 .\CortexM3\ARM_GCC_541\Debug\cymetadata.o
                0x90100000                cy_meta_wonvl

.cyeeprom       0x90200000        0x0
 *(.cyeeprom)
                0x00000001                ASSERT ((. <= ((0x90200000 + ee_offset) + ee_size)), .cyeeprom data will not fit in EEPROM)

.cyflashprotect
                0x90400000      0x100
 *(.cyflashprotect)
 .cyflashprotect
                0x90400000      0x100 .\CortexM3\ARM_GCC_541\Debug\cymetadata.o
                0x90400000                cy_meta_flashprotect

.cymeta         0x90500000        0xc
 *(.cymeta)
 .cymeta        0x90500000        0xc .\CortexM3\ARM_GCC_541\Debug\cymetadata.o
                0x90500000                cy_metadata

.rel.dyn        0x00003180        0x0 load address 0x9050000c
 .rel.iplt      0x00003180        0x0 c:/program files (x86)/cypress/psoc creator/4.4/psoc creator/import/gnu/arm/5.4.1/bin/../lib/gcc/arm-none-eabi/5.4.1/armv7-m/crtbegin.o

.stab
 *(.stab)

.stabstr
 *(.stabstr)

.debug
 *(.debug)

.line
 *(.line)

.debug_srcinfo
 *(.debug_srcinfo)

.debug_sfnames
 *(.debug_sfnames)

.debug_aranges  0x00000000      0xc98
 *(.debug_aranges)
 .debug_aranges
                0x00000000       0x38 .\CortexM3\ARM_GCC_541\Debug\main.o
 .debug_aranges
                0x00000038       0x58 .\CortexM3\ARM_GCC_541\Debug\cyfitter_cfg.o
 .debug_aranges
                0x00000090       0x18 .\CortexM3\ARM_GCC_541\Debug\cymetadata.o
 .debug_aranges
                0x000000a8       0x48 .\CortexM3\ARM_GCC_541\Debug\Cm3Start.o
 .debug_aranges
                0x000000f0       0x70 .\CortexM3\ARM_GCC_541\Debug\hwTask2.a(Clock_PWM.o)
 .debug_aranges
                0x00000160       0x60 .\CortexM3\ARM_GCC_541\Debug\hwTask2.a(QuadDec_M1.o)
 .debug_aranges
                0x000001c0       0x78 .\CortexM3\ARM_GCC_541\Debug\hwTask2.a(PWM_1.o)
 .debug_aranges
                0x00000238       0x98 .\CortexM3\ARM_GCC_541\Debug\hwTask2.a(QuadDec_M1_Cnt16.o)
 .debug_aranges
                0x000002d0      0x2a0 .\CortexM3\ARM_GCC_541\Debug\hwTask2.a(CyLib.o)
 .debug_aranges
                0x00000570       0x98 .\CortexM3\ARM_GCC_541\Debug\hwTask2.a(cyPm.o)
 .debug_aranges
                0x00000608       0x78 .\CortexM3\ARM_GCC_541\Debug\hwTask2.a(PWM_2.o)
 .debug_aranges
                0x00000680       0xc8 .\CortexM3\ARM_GCC_541\Debug\hwTask2.a(USBUART_1.o)
 .debug_aranges
                0x00000748       0xe8 .\CortexM3\ARM_GCC_541\Debug\hwTask2.a(USBUART_1_cdc.o)
 .debug_aranges
                0x00000830       0x98 .\CortexM3\ARM_GCC_541\Debug\hwTask2.a(USBUART_1_drv.o)
 .debug_aranges
                0x000008c8       0x40 .\CortexM3\ARM_GCC_541\Debug\hwTask2.a(USBUART_1_episr.o)
 .debug_aranges
                0x00000908       0x40 .\CortexM3\ARM_GCC_541\Debug\hwTask2.a(USBUART_1_pm.o)
 .debug_aranges
                0x00000948       0x80 .\CortexM3\ARM_GCC_541\Debug\hwTask2.a(USBUART_1_std.o)
 .debug_aranges
                0x000009c8       0x20 .\CortexM3\ARM_GCC_541\Debug\hwTask2.a(USBUART_1_vnd.o)
 .debug_aranges
                0x000009e8       0x88 .\CortexM3\ARM_GCC_541\Debug\hwTask2.a(Timer_1.o)
 .debug_aranges
                0x00000a70       0x48 .\CortexM3\ARM_GCC_541\Debug\hwTask2.a(USBUART_1_Dp.o)
 .debug_aranges
                0x00000ab8       0x80 .\CortexM3\ARM_GCC_541\Debug\hwTask2.a(isr_1.o)
 .debug_aranges
                0x00000b38       0x20 .\CortexM3\ARM_GCC_541\Debug\hwTask2.a(CyBootAsmGnu.o)
 .debug_aranges
                0x00000b58       0x88 .\CortexM3\ARM_GCC_541\Debug\hwTask2.a(CyFlash.o)
 .debug_aranges
                0x00000be0       0x80 .\CortexM3\ARM_GCC_541\Debug\hwTask2.a(CySpc.o)
 .debug_aranges
                0x00000c60       0x20 .\CortexM3\ARM_GCC_541\Debug\hwTask2.a(USBUART_1_cls.o)
 .debug_aranges
                0x00000c80       0x18 .\CortexM3\ARM_GCC_541\Debug\hwTask2.a(USBUART_1_descr.o)

.debug_pubnames
 *(.debug_pubnames)

.debug_info     0x00000000     0x7d10
 *(.debug_info .gnu.linkonce.wi.*)
 .debug_info    0x00000000      0x3ff .\CortexM3\ARM_GCC_541\Debug\main.o
 .debug_info    0x000003ff      0x524 .\CortexM3\ARM_GCC_541\Debug\cyfitter_cfg.o
 .debug_info    0x00000923      0x139 .\CortexM3\ARM_GCC_541\Debug\cymetadata.o
 .debug_info    0x00000a5c      0x3bb .\CortexM3\ARM_GCC_541\Debug\Cm3Start.o
 .debug_info    0x00000e17      0x283 .\CortexM3\ARM_GCC_541\Debug\hwTask2.a(Clock_PWM.o)
 .debug_info    0x0000109a      0x2d4 .\CortexM3\ARM_GCC_541\Debug\hwTask2.a(QuadDec_M1.o)
 .debug_info    0x0000136e      0x27f .\CortexM3\ARM_GCC_541\Debug\hwTask2.a(PWM_1.o)
 .debug_info    0x000015ed      0x348 .\CortexM3\ARM_GCC_541\Debug\hwTask2.a(QuadDec_M1_Cnt16.o)
 .debug_info    0x00001935     0x1374 .\CortexM3\ARM_GCC_541\Debug\hwTask2.a(CyLib.o)
 .debug_info    0x00002ca9      0xa2a .\CortexM3\ARM_GCC_541\Debug\hwTask2.a(cyPm.o)
 .debug_info    0x000036d3      0x27f .\CortexM3\ARM_GCC_541\Debug\hwTask2.a(PWM_2.o)
 .debug_info    0x00003952      0x995 .\CortexM3\ARM_GCC_541\Debug\hwTask2.a(USBUART_1.o)
 .debug_info    0x000042e7      0xaf7 .\CortexM3\ARM_GCC_541\Debug\hwTask2.a(USBUART_1_cdc.o)
 .debug_info    0x00004dde      0x655 .\CortexM3\ARM_GCC_541\Debug\hwTask2.a(USBUART_1_drv.o)
 .debug_info    0x00005433      0x254 .\CortexM3\ARM_GCC_541\Debug\hwTask2.a(USBUART_1_episr.o)
 .debug_info    0x00005687      0x2e4 .\CortexM3\ARM_GCC_541\Debug\hwTask2.a(USBUART_1_pm.o)
 .debug_info    0x0000596b      0xb26 .\CortexM3\ARM_GCC_541\Debug\hwTask2.a(USBUART_1_std.o)
 .debug_info    0x00006491       0xed .\CortexM3\ARM_GCC_541\Debug\hwTask2.a(USBUART_1_vnd.o)
 .debug_info    0x0000657e      0x293 .\CortexM3\ARM_GCC_541\Debug\hwTask2.a(Timer_1.o)
 .debug_info    0x00006811      0x174 .\CortexM3\ARM_GCC_541\Debug\hwTask2.a(USBUART_1_Dp.o)
 .debug_info    0x00006985      0x2d2 .\CortexM3\ARM_GCC_541\Debug\hwTask2.a(isr_1.o)
 .debug_info    0x00006c57       0x9b .\CortexM3\ARM_GCC_541\Debug\hwTask2.a(CyBootAsmGnu.o)
 .debug_info    0x00006cf2      0x64d .\CortexM3\ARM_GCC_541\Debug\hwTask2.a(CyFlash.o)
 .debug_info    0x0000733f      0x550 .\CortexM3\ARM_GCC_541\Debug\hwTask2.a(CySpc.o)
 .debug_info    0x0000788f      0x1de .\CortexM3\ARM_GCC_541\Debug\hwTask2.a(USBUART_1_cls.o)
 .debug_info    0x00007a6d      0x2a3 .\CortexM3\ARM_GCC_541\Debug\hwTask2.a(USBUART_1_descr.o)

.debug_abbrev   0x00000000     0x224f
 *(.debug_abbrev)
 .debug_abbrev  0x00000000      0x14c .\CortexM3\ARM_GCC_541\Debug\main.o
 .debug_abbrev  0x0000014c      0x1fe .\CortexM3\ARM_GCC_541\Debug\cyfitter_cfg.o
 .debug_abbrev  0x0000034a       0x77 .\CortexM3\ARM_GCC_541\Debug\cymetadata.o
 .debug_abbrev  0x000003c1      0x1e8 .\CortexM3\ARM_GCC_541\Debug\Cm3Start.o
 .debug_abbrev  0x000005a9      0x139 .\CortexM3\ARM_GCC_541\Debug\hwTask2.a(Clock_PWM.o)
 .debug_abbrev  0x000006e2      0x151 .\CortexM3\ARM_GCC_541\Debug\hwTask2.a(QuadDec_M1.o)
 .debug_abbrev  0x00000833      0x12d .\CortexM3\ARM_GCC_541\Debug\hwTask2.a(PWM_1.o)
 .debug_abbrev  0x00000960      0x117 .\CortexM3\ARM_GCC_541\Debug\hwTask2.a(QuadDec_M1_Cnt16.o)
 .debug_abbrev  0x00000a77      0x254 .\CortexM3\ARM_GCC_541\Debug\hwTask2.a(CyLib.o)
 .debug_abbrev  0x00000ccb      0x1ab .\CortexM3\ARM_GCC_541\Debug\hwTask2.a(cyPm.o)
 .debug_abbrev  0x00000e76      0x12d .\CortexM3\ARM_GCC_541\Debug\hwTask2.a(PWM_2.o)
 .debug_abbrev  0x00000fa3      0x215 .\CortexM3\ARM_GCC_541\Debug\hwTask2.a(USBUART_1.o)
 .debug_abbrev  0x000011b8      0x245 .\CortexM3\ARM_GCC_541\Debug\hwTask2.a(USBUART_1_cdc.o)
 .debug_abbrev  0x000013fd      0x189 .\CortexM3\ARM_GCC_541\Debug\hwTask2.a(USBUART_1_drv.o)
 .debug_abbrev  0x00001586      0x11b .\CortexM3\ARM_GCC_541\Debug\hwTask2.a(USBUART_1_episr.o)
 .debug_abbrev  0x000016a1      0x108 .\CortexM3\ARM_GCC_541\Debug\hwTask2.a(USBUART_1_pm.o)
 .debug_abbrev  0x000017a9      0x20a .\CortexM3\ARM_GCC_541\Debug\hwTask2.a(USBUART_1_std.o)
 .debug_abbrev  0x000019b3       0x9b .\CortexM3\ARM_GCC_541\Debug\hwTask2.a(USBUART_1_vnd.o)
 .debug_abbrev  0x00001a4e      0x11a .\CortexM3\ARM_GCC_541\Debug\hwTask2.a(Timer_1.o)
 .debug_abbrev  0x00001b68       0x90 .\CortexM3\ARM_GCC_541\Debug\hwTask2.a(USBUART_1_Dp.o)
 .debug_abbrev  0x00001bf8      0x173 .\CortexM3\ARM_GCC_541\Debug\hwTask2.a(isr_1.o)
 .debug_abbrev  0x00001d6b       0x14 .\CortexM3\ARM_GCC_541\Debug\hwTask2.a(CyBootAsmGnu.o)
 .debug_abbrev  0x00001d7f      0x1a7 .\CortexM3\ARM_GCC_541\Debug\hwTask2.a(CyFlash.o)
 .debug_abbrev  0x00001f26      0x194 .\CortexM3\ARM_GCC_541\Debug\hwTask2.a(CySpc.o)
 .debug_abbrev  0x000020ba       0xe1 .\CortexM3\ARM_GCC_541\Debug\hwTask2.a(USBUART_1_cls.o)
 .debug_abbrev  0x0000219b       0xb4 .\CortexM3\ARM_GCC_541\Debug\hwTask2.a(USBUART_1_descr.o)

.debug_line     0x00000000     0x3197
 *(.debug_line)
 .debug_line    0x00000000      0x2b1 .\CortexM3\ARM_GCC_541\Debug\main.o
 .debug_line    0x000002b1      0x1de .\CortexM3\ARM_GCC_541\Debug\cyfitter_cfg.o
 .debug_line    0x0000048f      0x141 .\CortexM3\ARM_GCC_541\Debug\cymetadata.o
 .debug_line    0x000005d0      0x234 .\CortexM3\ARM_GCC_541\Debug\Cm3Start.o
 .debug_line    0x00000804      0x178 .\CortexM3\ARM_GCC_541\Debug\hwTask2.a(Clock_PWM.o)
 .debug_line    0x0000097c      0x120 .\CortexM3\ARM_GCC_541\Debug\hwTask2.a(QuadDec_M1.o)
 .debug_line    0x00000a9c      0x133 .\CortexM3\ARM_GCC_541\Debug\hwTask2.a(PWM_1.o)
 .debug_line    0x00000bcf      0x190 .\CortexM3\ARM_GCC_541\Debug\hwTask2.a(QuadDec_M1_Cnt16.o)
 .debug_line    0x00000d5f      0x816 .\CortexM3\ARM_GCC_541\Debug\hwTask2.a(CyLib.o)
 .debug_line    0x00001575      0x367 .\CortexM3\ARM_GCC_541\Debug\hwTask2.a(cyPm.o)
 .debug_line    0x000018dc      0x133 .\CortexM3\ARM_GCC_541\Debug\hwTask2.a(PWM_2.o)
 .debug_line    0x00001a0f      0x2e4 .\CortexM3\ARM_GCC_541\Debug\hwTask2.a(USBUART_1.o)
 .debug_line    0x00001cf3      0x2f8 .\CortexM3\ARM_GCC_541\Debug\hwTask2.a(USBUART_1_cdc.o)
 .debug_line    0x00001feb      0x227 .\CortexM3\ARM_GCC_541\Debug\hwTask2.a(USBUART_1_drv.o)
 .debug_line    0x00002212       0xec .\CortexM3\ARM_GCC_541\Debug\hwTask2.a(USBUART_1_episr.o)
 .debug_line    0x000022fe      0x116 .\CortexM3\ARM_GCC_541\Debug\hwTask2.a(USBUART_1_pm.o)
 .debug_line    0x00002414      0x3e8 .\CortexM3\ARM_GCC_541\Debug\hwTask2.a(USBUART_1_std.o)
 .debug_line    0x000027fc       0x77 .\CortexM3\ARM_GCC_541\Debug\hwTask2.a(USBUART_1_vnd.o)
 .debug_line    0x00002873      0x155 .\CortexM3\ARM_GCC_541\Debug\hwTask2.a(Timer_1.o)
 .debug_line    0x000029c8       0xbd .\CortexM3\ARM_GCC_541\Debug\hwTask2.a(USBUART_1_Dp.o)
 .debug_line    0x00002a85      0x132 .\CortexM3\ARM_GCC_541\Debug\hwTask2.a(isr_1.o)
 .debug_line    0x00002bb7       0x66 .\CortexM3\ARM_GCC_541\Debug\hwTask2.a(CyBootAsmGnu.o)
 .debug_line    0x00002c1d      0x21a .\CortexM3\ARM_GCC_541\Debug\hwTask2.a(CyFlash.o)
 .debug_line    0x00002e37      0x260 .\CortexM3\ARM_GCC_541\Debug\hwTask2.a(CySpc.o)
 .debug_line    0x00003097       0x9b .\CortexM3\ARM_GCC_541\Debug\hwTask2.a(USBUART_1_cls.o)
 .debug_line    0x00003132       0x65 .\CortexM3\ARM_GCC_541\Debug\hwTask2.a(USBUART_1_descr.o)

.debug_frame    0x00000000     0x2240
 *(.debug_frame)
 .debug_frame   0x00000000       0x80 .\CortexM3\ARM_GCC_541\Debug\main.o
 .debug_frame   0x00000080       0xe4 .\CortexM3\ARM_GCC_541\Debug\cyfitter_cfg.o
 .debug_frame   0x00000164       0xb8 .\CortexM3\ARM_GCC_541\Debug\Cm3Start.o
 .debug_frame   0x0000021c       0xe0 .\CortexM3\ARM_GCC_541\Debug\hwTask2.a(Clock_PWM.o)
 .debug_frame   0x000002fc       0xdc .\CortexM3\ARM_GCC_541\Debug\hwTask2.a(QuadDec_M1.o)
 .debug_frame   0x000003d8       0xe8 .\CortexM3\ARM_GCC_541\Debug\hwTask2.a(PWM_1.o)
 .debug_frame   0x000004c0      0x134 .\CortexM3\ARM_GCC_541\Debug\hwTask2.a(QuadDec_M1_Cnt16.o)
 .debug_frame   0x000005f4      0x738 .\CortexM3\ARM_GCC_541\Debug\hwTask2.a(CyLib.o)
 .debug_frame   0x00000d2c      0x1f8 .\CortexM3\ARM_GCC_541\Debug\hwTask2.a(cyPm.o)
 .debug_frame   0x00000f24       0xe8 .\CortexM3\ARM_GCC_541\Debug\hwTask2.a(PWM_2.o)
 .debug_frame   0x0000100c      0x1dc .\CortexM3\ARM_GCC_541\Debug\hwTask2.a(USBUART_1.o)
 .debug_frame   0x000011e8      0x27c .\CortexM3\ARM_GCC_541\Debug\hwTask2.a(USBUART_1_cdc.o)
 .debug_frame   0x00001464      0x194 .\CortexM3\ARM_GCC_541\Debug\hwTask2.a(USBUART_1_drv.o)
 .debug_frame   0x000015f8       0x6c .\CortexM3\ARM_GCC_541\Debug\hwTask2.a(USBUART_1_episr.o)
 .debug_frame   0x00001664       0xa0 .\CortexM3\ARM_GCC_541\Debug\hwTask2.a(USBUART_1_pm.o)
 .debug_frame   0x00001704      0x17c .\CortexM3\ARM_GCC_541\Debug\hwTask2.a(USBUART_1_std.o)
 .debug_frame   0x00001880       0x20 .\CortexM3\ARM_GCC_541\Debug\hwTask2.a(USBUART_1_vnd.o)
 .debug_frame   0x000018a0      0x108 .\CortexM3\ARM_GCC_541\Debug\hwTask2.a(Timer_1.o)
 .debug_frame   0x000019a8       0x70 .\CortexM3\ARM_GCC_541\Debug\hwTask2.a(USBUART_1_Dp.o)
 .debug_frame   0x00001a18      0x104 .\CortexM3\ARM_GCC_541\Debug\hwTask2.a(isr_1.o)
 .debug_frame   0x00001b1c      0x194 .\CortexM3\ARM_GCC_541\Debug\hwTask2.a(CyFlash.o)
 .debug_frame   0x00001cb0      0x180 .\CortexM3\ARM_GCC_541\Debug\hwTask2.a(CySpc.o)
 .debug_frame   0x00001e30       0x2c .\CortexM3\ARM_GCC_541\Debug\hwTask2.a(USBUART_1_cls.o)
 .debug_frame   0x00001e5c       0x20 c:/program files (x86)/cypress/psoc creator/4.4/psoc creator/import/gnu/arm/5.4.1/bin/../lib/gcc/arm-none-eabi/5.4.1/../../../../arm-none-eabi/lib/armv7-m\libg_nano.a(lib_a-errno.o)
 .debug_frame   0x00001e7c       0x28 c:/program files (x86)/cypress/psoc creator/4.4/psoc creator/import/gnu/arm/5.4.1/bin/../lib/gcc/arm-none-eabi/5.4.1/../../../../arm-none-eabi/lib/armv7-m\libg_nano.a(lib_a-exit.o)
 .debug_frame   0x00001ea4       0x2c c:/program files (x86)/cypress/psoc creator/4.4/psoc creator/import/gnu/arm/5.4.1/bin/../lib/gcc/arm-none-eabi/5.4.1/../../../../arm-none-eabi/lib/armv7-m\libg_nano.a(lib_a-init.o)
 .debug_frame   0x00001ed0       0x28 c:/program files (x86)/cypress/psoc creator/4.4/psoc creator/import/gnu/arm/5.4.1/bin/../lib/gcc/arm-none-eabi/5.4.1/../../../../arm-none-eabi/lib/armv7-m\libg_nano.a(lib_a-memcpy-stub.o)
 .debug_frame   0x00001ef8       0x20 c:/program files (x86)/cypress/psoc creator/4.4/psoc creator/import/gnu/arm/5.4.1/bin/../lib/gcc/arm-none-eabi/5.4.1/../../../../arm-none-eabi/lib/armv7-m\libg_nano.a(lib_a-memset.o)
 .debug_frame   0x00001f18       0x70 c:/program files (x86)/cypress/psoc creator/4.4/psoc creator/import/gnu/arm/5.4.1/bin/../lib/gcc/arm-none-eabi/5.4.1/../../../../arm-none-eabi/lib/armv7-m\libg_nano.a(lib_a-sprintf.o)
 .debug_frame   0x00001f88       0x90 c:/program files (x86)/cypress/psoc creator/4.4/psoc creator/import/gnu/arm/5.4.1/bin/../lib/gcc/arm-none-eabi/5.4.1/../../../../arm-none-eabi/lib/armv7-m\libg_nano.a(lib_a-nano-svfprintf.o)
 .debug_frame   0x00002018       0x60 c:/program files (x86)/cypress/psoc creator/4.4/psoc creator/import/gnu/arm/5.4.1/bin/../lib/gcc/arm-none-eabi/5.4.1/../../../../arm-none-eabi/lib/armv7-m\libg_nano.a(lib_a-nano-vfprintf_i.o)
 .debug_frame   0x00002078       0x28 c:/program files (x86)/cypress/psoc creator/4.4/psoc creator/import/gnu/arm/5.4.1/bin/../lib/gcc/arm-none-eabi/5.4.1/../../../../arm-none-eabi/lib/armv7-m\libg_nano.a(lib_a-memchr-stub.o)
 .debug_frame   0x000020a0       0x28 c:/program files (x86)/cypress/psoc creator/4.4/psoc creator/import/gnu/arm/5.4.1/bin/../lib/gcc/arm-none-eabi/5.4.1/../../../../arm-none-eabi/lib/armv7-m\libg_nano.a(lib_a-memmove.o)
 .debug_frame   0x000020c8       0x38 c:/program files (x86)/cypress/psoc creator/4.4/psoc creator/import/gnu/arm/5.4.1/bin/../lib/gcc/arm-none-eabi/5.4.1/../../../../arm-none-eabi/lib/armv7-m\libg_nano.a(lib_a-nano-freer.o)
 .debug_frame   0x00002100       0x2c c:/program files (x86)/cypress/psoc creator/4.4/psoc creator/import/gnu/arm/5.4.1/bin/../lib/gcc/arm-none-eabi/5.4.1/../../../../arm-none-eabi/lib/armv7-m\libg_nano.a(lib_a-nano-mallocr.o)
 .debug_frame   0x0000212c       0x3c c:/program files (x86)/cypress/psoc creator/4.4/psoc creator/import/gnu/arm/5.4.1/bin/../lib/gcc/arm-none-eabi/5.4.1/../../../../arm-none-eabi/lib/armv7-m\libg_nano.a(lib_a-nano-reallocr.o)
 .debug_frame   0x00002168       0x2c c:/program files (x86)/cypress/psoc creator/4.4/psoc creator/import/gnu/arm/5.4.1/bin/../lib/gcc/arm-none-eabi/5.4.1/../../../../arm-none-eabi/lib/armv7-m\libg_nano.a(lib_a-sbrkr.o)
 .debug_frame   0x00002194       0x30 c:/program files (x86)/cypress/psoc creator/4.4/psoc creator/import/gnu/arm/5.4.1/bin/../lib/gcc/arm-none-eabi/5.4.1/../../../../arm-none-eabi/lib/armv7-m\libg_nano.a(lib_a-mlock.o)
 .debug_frame   0x000021c4       0x20 c:/program files (x86)/cypress/psoc creator/4.4/psoc creator/import/gnu/arm/5.4.1/bin/../lib/gcc/arm-none-eabi/5.4.1/../../../../arm-none-eabi/lib/armv7-m\libg_nano.a(lib_a-nano-msizer.o)
 .debug_frame   0x000021e4       0x5c c:/program files (x86)/cypress/psoc creator/4.4/psoc creator/import/gnu/arm/5.4.1/bin/../lib/gcc/arm-none-eabi/5.4.1/../../../../arm-none-eabi/lib/armv7-m\libg_nano.a(lib_a-reent.o)

.debug_str      0x00000000     0x2f2b
 *(.debug_str)
 .debug_str     0x00000000      0x319 .\CortexM3\ARM_GCC_541\Debug\main.o
                                0x361 (size before relaxing)
 .debug_str     0x00000319      0x180 .\CortexM3\ARM_GCC_541\Debug\cyfitter_cfg.o
                                0x320 (size before relaxing)
 .debug_str     0x00000499       0x7f .\CortexM3\ARM_GCC_541\Debug\cymetadata.o
                                0x1ef (size before relaxing)
 .debug_str     0x00000518      0x13e .\CortexM3\ARM_GCC_541\Debug\Cm3Start.o
                                0x315 (size before relaxing)
 .debug_str     0x00000656      0x170 .\CortexM3\ARM_GCC_541\Debug\hwTask2.a(Clock_PWM.o)
                                0x311 (size before relaxing)
 .debug_str     0x000007c6      0x168 .\CortexM3\ARM_GCC_541\Debug\hwTask2.a(QuadDec_M1.o)
                                0x355 (size before relaxing)
 .debug_str     0x0000092e      0x109 .\CortexM3\ARM_GCC_541\Debug\hwTask2.a(PWM_1.o)
                                0x2d8 (size before relaxing)
 .debug_str     0x00000a37      0x1dd .\CortexM3\ARM_GCC_541\Debug\hwTask2.a(QuadDec_M1_Cnt16.o)
                                0x434 (size before relaxing)
 .debug_str     0x00000c14      0x80d .\CortexM3\ARM_GCC_541\Debug\hwTask2.a(CyLib.o)
                                0xa52 (size before relaxing)
 .debug_str     0x00001421      0x365 .\CortexM3\ARM_GCC_541\Debug\hwTask2.a(cyPm.o)
                                0x73e (size before relaxing)
 .debug_str     0x00001786       0xd8 .\CortexM3\ARM_GCC_541\Debug\hwTask2.a(PWM_2.o)
                                0x2d8 (size before relaxing)
 .debug_str     0x0000185e      0x456 .\CortexM3\ARM_GCC_541\Debug\hwTask2.a(USBUART_1.o)
                                0x6c5 (size before relaxing)
 .debug_str     0x00001cb4      0x54d .\CortexM3\ARM_GCC_541\Debug\hwTask2.a(USBUART_1_cdc.o)
                                0x846 (size before relaxing)
 .debug_str     0x00002201      0x2c1 .\CortexM3\ARM_GCC_541\Debug\hwTask2.a(USBUART_1_drv.o)
                                0x6a7 (size before relaxing)
 .debug_str     0x000024c2       0x8c .\CortexM3\ARM_GCC_541\Debug\hwTask2.a(USBUART_1_episr.o)
                                0x300 (size before relaxing)
 .debug_str     0x0000254e       0xe6 .\CortexM3\ARM_GCC_541\Debug\hwTask2.a(USBUART_1_pm.o)
                                0x313 (size before relaxing)
 .debug_str     0x00002634      0x27b .\CortexM3\ARM_GCC_541\Debug\hwTask2.a(USBUART_1_std.o)
                                0x81c (size before relaxing)
 .debug_str     0x000028af       0x27 .\CortexM3\ARM_GCC_541\Debug\hwTask2.a(USBUART_1_vnd.o)
                                0x1fe (size before relaxing)
 .debug_str     0x000028d6      0x134 .\CortexM3\ARM_GCC_541\Debug\hwTask2.a(Timer_1.o)
                                0x320 (size before relaxing)
 .debug_str     0x00002a0a       0xb0 .\CortexM3\ARM_GCC_541\Debug\hwTask2.a(USBUART_1_Dp.o)
                                0x25a (size before relaxing)
 .debug_str     0x00002aba       0xd8 .\CortexM3\ARM_GCC_541\Debug\hwTask2.a(isr_1.o)
                                0x2b1 (size before relaxing)
 .debug_str     0x00002b92      0x1b4 .\CortexM3\ARM_GCC_541\Debug\hwTask2.a(CyFlash.o)
                                0x3cb (size before relaxing)
 .debug_str     0x00002d46       0xac .\CortexM3\ARM_GCC_541\Debug\hwTask2.a(CySpc.o)
                                0x343 (size before relaxing)
 .debug_str     0x00002df2       0x27 .\CortexM3\ARM_GCC_541\Debug\hwTask2.a(USBUART_1_cls.o)
                                0x2c5 (size before relaxing)
 .debug_str     0x00002e19      0x112 .\CortexM3\ARM_GCC_541\Debug\hwTask2.a(USBUART_1_descr.o)
                                0x37e (size before relaxing)

.debug_loc      0x00000000     0x3161
 *(.debug_loc)
 .debug_loc     0x00000000       0x3f .\CortexM3\ARM_GCC_541\Debug\main.o
 .debug_loc     0x0000003f      0x1d7 .\CortexM3\ARM_GCC_541\Debug\cyfitter_cfg.o
 .debug_loc     0x00000216      0x144 .\CortexM3\ARM_GCC_541\Debug\Cm3Start.o
 .debug_loc     0x0000035a      0x128 .\CortexM3\ARM_GCC_541\Debug\hwTask2.a(Clock_PWM.o)
 .debug_loc     0x00000482       0x78 .\CortexM3\ARM_GCC_541\Debug\hwTask2.a(QuadDec_M1.o)
 .debug_loc     0x000004fa       0x13 .\CortexM3\ARM_GCC_541\Debug\hwTask2.a(PWM_1.o)
 .debug_loc     0x0000050d       0x3d .\CortexM3\ARM_GCC_541\Debug\hwTask2.a(QuadDec_M1_Cnt16.o)
 .debug_loc     0x0000054a      0xa11 .\CortexM3\ARM_GCC_541\Debug\hwTask2.a(CyLib.o)
 .debug_loc     0x00000f5b      0x1e4 .\CortexM3\ARM_GCC_541\Debug\hwTask2.a(cyPm.o)
 .debug_loc     0x0000113f       0x13 .\CortexM3\ARM_GCC_541\Debug\hwTask2.a(PWM_2.o)
 .debug_loc     0x00001152      0x3e1 .\CortexM3\ARM_GCC_541\Debug\hwTask2.a(USBUART_1.o)
 .debug_loc     0x00001533      0x557 .\CortexM3\ARM_GCC_541\Debug\hwTask2.a(USBUART_1_cdc.o)
 .debug_loc     0x00001a8a      0x171 .\CortexM3\ARM_GCC_541\Debug\hwTask2.a(USBUART_1_drv.o)
 .debug_loc     0x00001bfb       0x26 .\CortexM3\ARM_GCC_541\Debug\hwTask2.a(USBUART_1_pm.o)
 .debug_loc     0x00001c21      0x945 .\CortexM3\ARM_GCC_541\Debug\hwTask2.a(USBUART_1_std.o)
 .debug_loc     0x00002566       0x84 .\CortexM3\ARM_GCC_541\Debug\hwTask2.a(USBUART_1_Dp.o)
 .debug_loc     0x000025ea       0x56 .\CortexM3\ARM_GCC_541\Debug\hwTask2.a(isr_1.o)
 .debug_loc     0x00002640      0x3b2 .\CortexM3\ARM_GCC_541\Debug\hwTask2.a(CyFlash.o)
 .debug_loc     0x000029f2      0x705 .\CortexM3\ARM_GCC_541\Debug\hwTask2.a(CySpc.o)
 .debug_loc     0x000030f7       0x6a .\CortexM3\ARM_GCC_541\Debug\hwTask2.a(USBUART_1_cls.o)

.debug_macinfo
 *(.debug_macinfo)

.debug_ranges   0x00000000      0xaf0
 *(.debug_ranges)
 .debug_ranges  0x00000000       0x28 .\CortexM3\ARM_GCC_541\Debug\main.o
 .debug_ranges  0x00000028       0x48 .\CortexM3\ARM_GCC_541\Debug\cyfitter_cfg.o
 .debug_ranges  0x00000070       0x38 .\CortexM3\ARM_GCC_541\Debug\Cm3Start.o
 .debug_ranges  0x000000a8       0x60 .\CortexM3\ARM_GCC_541\Debug\hwTask2.a(Clock_PWM.o)
 .debug_ranges  0x00000108       0x50 .\CortexM3\ARM_GCC_541\Debug\hwTask2.a(QuadDec_M1.o)
 .debug_ranges  0x00000158       0x68 .\CortexM3\ARM_GCC_541\Debug\hwTask2.a(PWM_1.o)
 .debug_ranges  0x000001c0       0x88 .\CortexM3\ARM_GCC_541\Debug\hwTask2.a(QuadDec_M1_Cnt16.o)
 .debug_ranges  0x00000248      0x290 .\CortexM3\ARM_GCC_541\Debug\hwTask2.a(CyLib.o)
 .debug_ranges  0x000004d8       0x88 .\CortexM3\ARM_GCC_541\Debug\hwTask2.a(cyPm.o)
 .debug_ranges  0x00000560       0x68 .\CortexM3\ARM_GCC_541\Debug\hwTask2.a(PWM_2.o)
 .debug_ranges  0x000005c8       0xd0 .\CortexM3\ARM_GCC_541\Debug\hwTask2.a(USBUART_1.o)
 .debug_ranges  0x00000698       0xd8 .\CortexM3\ARM_GCC_541\Debug\hwTask2.a(USBUART_1_cdc.o)
 .debug_ranges  0x00000770       0x88 .\CortexM3\ARM_GCC_541\Debug\hwTask2.a(USBUART_1_drv.o)
 .debug_ranges  0x000007f8       0x30 .\CortexM3\ARM_GCC_541\Debug\hwTask2.a(USBUART_1_episr.o)
 .debug_ranges  0x00000828       0x30 .\CortexM3\ARM_GCC_541\Debug\hwTask2.a(USBUART_1_pm.o)
 .debug_ranges  0x00000858       0x70 .\CortexM3\ARM_GCC_541\Debug\hwTask2.a(USBUART_1_std.o)
 .debug_ranges  0x000008c8       0x10 .\CortexM3\ARM_GCC_541\Debug\hwTask2.a(USBUART_1_vnd.o)
 .debug_ranges  0x000008d8       0x78 .\CortexM3\ARM_GCC_541\Debug\hwTask2.a(Timer_1.o)
 .debug_ranges  0x00000950       0x38 .\CortexM3\ARM_GCC_541\Debug\hwTask2.a(USBUART_1_Dp.o)
 .debug_ranges  0x00000988       0x70 .\CortexM3\ARM_GCC_541\Debug\hwTask2.a(isr_1.o)
 .debug_ranges  0x000009f8       0x78 .\CortexM3\ARM_GCC_541\Debug\hwTask2.a(CyFlash.o)
 .debug_ranges  0x00000a70       0x70 .\CortexM3\ARM_GCC_541\Debug\hwTask2.a(CySpc.o)
 .debug_ranges  0x00000ae0       0x10 .\CortexM3\ARM_GCC_541\Debug\hwTask2.a(USBUART_1_cls.o)

.comment        0x00000000       0x6e
 .comment       0x00000000       0x6e .\CortexM3\ARM_GCC_541\Debug\main.o
                                 0x6f (size before relaxing)
 .comment       0x0000006e       0x6f .\CortexM3\ARM_GCC_541\Debug\cyfitter_cfg.o
 .comment       0x0000006e       0x6f .\CortexM3\ARM_GCC_541\Debug\cymetadata.o
 .comment       0x0000006e       0x6f .\CortexM3\ARM_GCC_541\Debug\Cm3Start.o
 .comment       0x0000006e       0x6f .\CortexM3\ARM_GCC_541\Debug\hwTask2.a(Clock_PWM.o)
 .comment       0x0000006e       0x6f .\CortexM3\ARM_GCC_541\Debug\hwTask2.a(QuadDec_M1.o)
 .comment       0x0000006e       0x6f .\CortexM3\ARM_GCC_541\Debug\hwTask2.a(PWM_1.o)
 .comment       0x0000006e       0x6f .\CortexM3\ARM_GCC_541\Debug\hwTask2.a(QuadDec_M1_Cnt16.o)
 .comment       0x0000006e       0x6f .\CortexM3\ARM_GCC_541\Debug\hwTask2.a(CyLib.o)
 .comment       0x0000006e       0x6f .\CortexM3\ARM_GCC_541\Debug\hwTask2.a(cyPm.o)
 .comment       0x0000006e       0x6f .\CortexM3\ARM_GCC_541\Debug\hwTask2.a(PWM_2.o)
 .comment       0x0000006e       0x6f .\CortexM3\ARM_GCC_541\Debug\hwTask2.a(USBUART_1.o)
 .comment       0x0000006e       0x6f .\CortexM3\ARM_GCC_541\Debug\hwTask2.a(USBUART_1_cdc.o)
 .comment       0x0000006e       0x6f .\CortexM3\ARM_GCC_541\Debug\hwTask2.a(USBUART_1_drv.o)
 .comment       0x0000006e       0x6f .\CortexM3\ARM_GCC_541\Debug\hwTask2.a(USBUART_1_episr.o)
 .comment       0x0000006e       0x6f .\CortexM3\ARM_GCC_541\Debug\hwTask2.a(USBUART_1_pm.o)
 .comment       0x0000006e       0x6f .\CortexM3\ARM_GCC_541\Debug\hwTask2.a(USBUART_1_std.o)
 .comment       0x0000006e       0x6f .\CortexM3\ARM_GCC_541\Debug\hwTask2.a(USBUART_1_vnd.o)
 .comment       0x0000006e       0x6f .\CortexM3\ARM_GCC_541\Debug\hwTask2.a(Timer_1.o)
 .comment       0x0000006e       0x6f .\CortexM3\ARM_GCC_541\Debug\hwTask2.a(USBUART_1_Dp.o)
 .comment       0x0000006e       0x6f .\CortexM3\ARM_GCC_541\Debug\hwTask2.a(isr_1.o)
 .comment       0x0000006e       0x6f .\CortexM3\ARM_GCC_541\Debug\hwTask2.a(CyFlash.o)
 .comment       0x0000006e       0x6f .\CortexM3\ARM_GCC_541\Debug\hwTask2.a(CySpc.o)
 .comment       0x0000006e       0x6f .\CortexM3\ARM_GCC_541\Debug\hwTask2.a(USBUART_1_cls.o)
 .comment       0x0000006e       0x6f .\CortexM3\ARM_GCC_541\Debug\hwTask2.a(USBUART_1_descr.o)

.debug_weaknames
 *(.debug_weaknames)

.debug_funcnames
 *(.debug_funcnames)

.debug_typenames
 *(.debug_typenames)

.debug_varnames
 *(.debug_varnames)

.note.gnu.arm.ident
 *(.note.gnu.arm.ident)

.ARM.attributes
                0x00000000       0x29
 *(.ARM.attributes)
 .ARM.attributes
                0x00000000       0x1d c:/program files (x86)/cypress/psoc creator/4.4/psoc creator/import/gnu/arm/5.4.1/bin/../lib/gcc/arm-none-eabi/5.4.1/armv7-m/crti.o
 .ARM.attributes
                0x0000001d       0x2d c:/program files (x86)/cypress/psoc creator/4.4/psoc creator/import/gnu/arm/5.4.1/bin/../lib/gcc/arm-none-eabi/5.4.1/armv7-m/crtbegin.o
 .ARM.attributes
                0x0000004a       0x1b c:/program files (x86)/cypress/psoc creator/4.4/psoc creator/import/gnu/arm/5.4.1/bin/../lib/gcc/arm-none-eabi/5.4.1/../../../../arm-none-eabi/lib/armv7-m/crt0.o
 .ARM.attributes
                0x00000065       0x33 .\CortexM3\ARM_GCC_541\Debug\main.o
 .ARM.attributes
                0x00000098       0x33 .\CortexM3\ARM_GCC_541\Debug\cyfitter_cfg.o
 .ARM.attributes
                0x000000cb       0x33 .\CortexM3\ARM_GCC_541\Debug\cymetadata.o
 .ARM.attributes
                0x000000fe       0x33 .\CortexM3\ARM_GCC_541\Debug\Cm3Start.o
 .ARM.attributes
                0x00000131       0x33 .\CortexM3\ARM_GCC_541\Debug\hwTask2.a(Clock_PWM.o)
 .ARM.attributes
                0x00000164       0x33 .\CortexM3\ARM_GCC_541\Debug\hwTask2.a(QuadDec_M1.o)
 .ARM.attributes
                0x00000197       0x33 .\CortexM3\ARM_GCC_541\Debug\hwTask2.a(PWM_1.o)
 .ARM.attributes
                0x000001ca       0x33 .\CortexM3\ARM_GCC_541\Debug\hwTask2.a(QuadDec_M1_Cnt16.o)
 .ARM.attributes
                0x000001fd       0x33 .\CortexM3\ARM_GCC_541\Debug\hwTask2.a(CyLib.o)
 .ARM.attributes
                0x00000230       0x33 .\CortexM3\ARM_GCC_541\Debug\hwTask2.a(cyPm.o)
 .ARM.attributes
                0x00000263       0x33 .\CortexM3\ARM_GCC_541\Debug\hwTask2.a(PWM_2.o)
 .ARM.attributes
                0x00000296       0x33 .\CortexM3\ARM_GCC_541\Debug\hwTask2.a(USBUART_1.o)
 .ARM.attributes
                0x000002c9       0x33 .\CortexM3\ARM_GCC_541\Debug\hwTask2.a(USBUART_1_cdc.o)
 .ARM.attributes
                0x000002fc       0x33 .\CortexM3\ARM_GCC_541\Debug\hwTask2.a(USBUART_1_drv.o)
 .ARM.attributes
                0x0000032f       0x33 .\CortexM3\ARM_GCC_541\Debug\hwTask2.a(USBUART_1_episr.o)
 .ARM.attributes
                0x00000362       0x33 .\CortexM3\ARM_GCC_541\Debug\hwTask2.a(USBUART_1_pm.o)
 .ARM.attributes
                0x00000395       0x33 .\CortexM3\ARM_GCC_541\Debug\hwTask2.a(USBUART_1_std.o)
 .ARM.attributes
                0x000003c8       0x33 .\CortexM3\ARM_GCC_541\Debug\hwTask2.a(USBUART_1_vnd.o)
 .ARM.attributes
                0x000003fb       0x33 .\CortexM3\ARM_GCC_541\Debug\hwTask2.a(Timer_1.o)
 .ARM.attributes
                0x0000042e       0x33 .\CortexM3\ARM_GCC_541\Debug\hwTask2.a(USBUART_1_Dp.o)
 .ARM.attributes
                0x00000461       0x33 .\CortexM3\ARM_GCC_541\Debug\hwTask2.a(isr_1.o)
 .ARM.attributes
                0x00000494       0x21 .\CortexM3\ARM_GCC_541\Debug\hwTask2.a(CyBootAsmGnu.o)
 .ARM.attributes
                0x000004b5       0x33 .\CortexM3\ARM_GCC_541\Debug\hwTask2.a(CyFlash.o)
 .ARM.attributes
                0x000004e8       0x33 .\CortexM3\ARM_GCC_541\Debug\hwTask2.a(CySpc.o)
 .ARM.attributes
                0x0000051b       0x33 .\CortexM3\ARM_GCC_541\Debug\hwTask2.a(USBUART_1_cls.o)
 .ARM.attributes
                0x0000054e       0x33 .\CortexM3\ARM_GCC_541\Debug\hwTask2.a(USBUART_1_descr.o)
 .ARM.attributes
                0x00000581       0x1d c:/program files (x86)/cypress/psoc creator/4.4/psoc creator/import/gnu/arm/5.4.1/bin/../lib/gcc/arm-none-eabi/5.4.1/armv7-m\libgcc.a(_arm_addsubdf3.o)
 .ARM.attributes
                0x0000059e       0x1d c:/program files (x86)/cypress/psoc creator/4.4/psoc creator/import/gnu/arm/5.4.1/bin/../lib/gcc/arm-none-eabi/5.4.1/armv7-m\libgcc.a(_arm_muldivdf3.o)
 .ARM.attributes
                0x000005bb       0x1d c:/program files (x86)/cypress/psoc creator/4.4/psoc creator/import/gnu/arm/5.4.1/bin/../lib/gcc/arm-none-eabi/5.4.1/armv7-m\libgcc.a(_arm_fixunsdfsi.o)
 .ARM.attributes
                0x000005d8       0x2d c:/program files (x86)/cypress/psoc creator/4.4/psoc creator/import/gnu/arm/5.4.1/bin/../lib/gcc/arm-none-eabi/5.4.1/../../../../arm-none-eabi/lib/armv7-m\libg_nano.a(lib_a-errno.o)
 .ARM.attributes
                0x00000605       0x2d c:/program files (x86)/cypress/psoc creator/4.4/psoc creator/import/gnu/arm/5.4.1/bin/../lib/gcc/arm-none-eabi/5.4.1/../../../../arm-none-eabi/lib/armv7-m\libg_nano.a(lib_a-exit.o)
 .ARM.attributes
                0x00000632       0x2d c:/program files (x86)/cypress/psoc creator/4.4/psoc creator/import/gnu/arm/5.4.1/bin/../lib/gcc/arm-none-eabi/5.4.1/../../../../arm-none-eabi/lib/armv7-m\libg_nano.a(lib_a-impure.o)
 .ARM.attributes
                0x0000065f       0x2d c:/program files (x86)/cypress/psoc creator/4.4/psoc creator/import/gnu/arm/5.4.1/bin/../lib/gcc/arm-none-eabi/5.4.1/../../../../arm-none-eabi/lib/armv7-m\libg_nano.a(lib_a-init.o)
 .ARM.attributes
                0x0000068c       0x2d c:/program files (x86)/cypress/psoc creator/4.4/psoc creator/import/gnu/arm/5.4.1/bin/../lib/gcc/arm-none-eabi/5.4.1/../../../../arm-none-eabi/lib/armv7-m\libg_nano.a(lib_a-memcpy-stub.o)
 .ARM.attributes
                0x000006b9       0x2d c:/program files (x86)/cypress/psoc creator/4.4/psoc creator/import/gnu/arm/5.4.1/bin/../lib/gcc/arm-none-eabi/5.4.1/../../../../arm-none-eabi/lib/armv7-m\libg_nano.a(lib_a-memset.o)
 .ARM.attributes
                0x000006e6       0x2d c:/program files (x86)/cypress/psoc creator/4.4/psoc creator/import/gnu/arm/5.4.1/bin/../lib/gcc/arm-none-eabi/5.4.1/../../../../arm-none-eabi/lib/armv7-m\libg_nano.a(lib_a-sprintf.o)
 .ARM.attributes
                0x00000713       0x17 c:/program files (x86)/cypress/psoc creator/4.4/psoc creator/import/gnu/arm/5.4.1/bin/../lib/gcc/arm-none-eabi/5.4.1/../../../../arm-none-eabi/lib/armv7-m\libg_nano.a(lib_a-strlen.o)
 .ARM.attributes
                0x0000072a       0x2d c:/program files (x86)/cypress/psoc creator/4.4/psoc creator/import/gnu/arm/5.4.1/bin/../lib/gcc/arm-none-eabi/5.4.1/../../../../arm-none-eabi/lib/armv7-m\libg_nano.a(lib_a-nano-svfprintf.o)
 .ARM.attributes
                0x00000757       0x2d c:/program files (x86)/cypress/psoc creator/4.4/psoc creator/import/gnu/arm/5.4.1/bin/../lib/gcc/arm-none-eabi/5.4.1/../../../../arm-none-eabi/lib/armv7-m\libg_nano.a(lib_a-nano-vfprintf_i.o)
 .ARM.attributes
                0x00000784       0x2d c:/program files (x86)/cypress/psoc creator/4.4/psoc creator/import/gnu/arm/5.4.1/bin/../lib/gcc/arm-none-eabi/5.4.1/../../../../arm-none-eabi/lib/armv7-m\libg_nano.a(lib_a-memchr-stub.o)
 .ARM.attributes
                0x000007b1       0x2d c:/program files (x86)/cypress/psoc creator/4.4/psoc creator/import/gnu/arm/5.4.1/bin/../lib/gcc/arm-none-eabi/5.4.1/../../../../arm-none-eabi/lib/armv7-m\libg_nano.a(lib_a-memmove.o)
 .ARM.attributes
                0x000007de       0x2d c:/program files (x86)/cypress/psoc creator/4.4/psoc creator/import/gnu/arm/5.4.1/bin/../lib/gcc/arm-none-eabi/5.4.1/../../../../arm-none-eabi/lib/armv7-m\libg_nano.a(lib_a-nano-freer.o)
 .ARM.attributes
                0x0000080b       0x2d c:/program files (x86)/cypress/psoc creator/4.4/psoc creator/import/gnu/arm/5.4.1/bin/../lib/gcc/arm-none-eabi/5.4.1/../../../../arm-none-eabi/lib/armv7-m\libg_nano.a(lib_a-nano-mallocr.o)
 .ARM.attributes
                0x00000838       0x2d c:/program files (x86)/cypress/psoc creator/4.4/psoc creator/import/gnu/arm/5.4.1/bin/../lib/gcc/arm-none-eabi/5.4.1/../../../../arm-none-eabi/lib/armv7-m\libg_nano.a(lib_a-nano-reallocr.o)
 .ARM.attributes
                0x00000865       0x2d c:/program files (x86)/cypress/psoc creator/4.4/psoc creator/import/gnu/arm/5.4.1/bin/../lib/gcc/arm-none-eabi/5.4.1/../../../../arm-none-eabi/lib/armv7-m\libg_nano.a(lib_a-sbrkr.o)
 .ARM.attributes
                0x00000892       0x2d c:/program files (x86)/cypress/psoc creator/4.4/psoc creator/import/gnu/arm/5.4.1/bin/../lib/gcc/arm-none-eabi/5.4.1/../../../../arm-none-eabi/lib/armv7-m\libg_nano.a(lib_a-mlock.o)
 .ARM.attributes
                0x000008bf       0x2d c:/program files (x86)/cypress/psoc creator/4.4/psoc creator/import/gnu/arm/5.4.1/bin/../lib/gcc/arm-none-eabi/5.4.1/../../../../arm-none-eabi/lib/armv7-m\libg_nano.a(lib_a-nano-msizer.o)
 .ARM.attributes
                0x000008ec       0x2d c:/program files (x86)/cypress/psoc creator/4.4/psoc creator/import/gnu/arm/5.4.1/bin/../lib/gcc/arm-none-eabi/5.4.1/../../../../arm-none-eabi/lib/armv7-m\libg_nano.a(lib_a-reent.o)
 .ARM.attributes
                0x00000919       0x2d c:/program files (x86)/cypress/psoc creator/4.4/psoc creator/import/gnu/arm/5.4.1/bin/../lib/gcc/arm-none-eabi/5.4.1/armv7-m/crtend.o
 .ARM.attributes
                0x00000946       0x1d c:/program files (x86)/cypress/psoc creator/4.4/psoc creator/import/gnu/arm/5.4.1/bin/../lib/gcc/arm-none-eabi/5.4.1/armv7-m/crtn.o

/DISCARD/
 *(.note.GNU-stack)
OUTPUT(C:\Users\Caleb Wong\Documents\COMPSYS 301\HWtask\Hardware_task\hwTask2.cydsn\CortexM3\ARM_GCC_541\Debug\hwTask2.elf elf32-littlearm)
