Archive member included to satisfy reference by file (symbol)

.\CortexM3\ARM_GCC_541\Debug\hwTask2.a(Clock_PWM.o)
                              .\CortexM3\ARM_GCC_541\Debug\main.o (Clock_PWM_Start)
.\CortexM3\ARM_GCC_541\Debug\hwTask2.a(QuadDec_M1.o)
                              .\CortexM3\ARM_GCC_541\Debug\main.o (QuadDec_M1_GetCounter)
.\CortexM3\ARM_GCC_541\Debug\hwTask2.a(QuadDec_M1_INT.o)
                              .\CortexM3\ARM_GCC_541\Debug\hwTask2.a(QuadDec_M1.o) (QuadDec_M1_ISR)
.\CortexM3\ARM_GCC_541\Debug\hwTask2.a(PWM_1.o)
                              .\CortexM3\ARM_GCC_541\Debug\main.o (PWM_1_WritePeriod)
.\CortexM3\ARM_GCC_541\Debug\hwTask2.a(QuadDec_M1_Cnt16.o)
                              .\CortexM3\ARM_GCC_541\Debug\hwTask2.a(QuadDec_M1.o) (QuadDec_M1_Cnt16_Stop)
.\CortexM3\ARM_GCC_541\Debug\hwTask2.a(CyLib.o)
                              .\CortexM3\ARM_GCC_541\Debug\Cm3Start.o (CyHalt)
.\CortexM3\ARM_GCC_541\Debug\hwTask2.a(cyPm.o)
                              .\CortexM3\ARM_GCC_541\Debug\hwTask2.a(CyLib.o) (CyPmReadStatus)
.\CortexM3\ARM_GCC_541\Debug\hwTask2.a(PWM_2.o)
                              .\CortexM3\ARM_GCC_541\Debug\main.o (PWM_2_WritePeriod)
.\CortexM3\ARM_GCC_541\Debug\hwTask2.a(USBUART_1.o)
                              .\CortexM3\ARM_GCC_541\Debug\main.o (USBUART_1_Start)
.\CortexM3\ARM_GCC_541\Debug\hwTask2.a(USBUART_1_cdc.o)
                              .\CortexM3\ARM_GCC_541\Debug\main.o (USBUART_1_PutData)
.\CortexM3\ARM_GCC_541\Debug\hwTask2.a(USBUART_1_drv.o)
                              .\CortexM3\ARM_GCC_541\Debug\hwTask2.a(USBUART_1.o) (USBUART_1_lastPacketSize)
.\CortexM3\ARM_GCC_541\Debug\hwTask2.a(USBUART_1_episr.o)
                              .\CortexM3\ARM_GCC_541\Debug\hwTask2.a(USBUART_1.o) (USBUART_1_EP_1_ISR)
.\CortexM3\ARM_GCC_541\Debug\hwTask2.a(USBUART_1_pm.o)
                              .\CortexM3\ARM_GCC_541\Debug\hwTask2.a(USBUART_1.o) (USBUART_1_DP_ISR)
.\CortexM3\ARM_GCC_541\Debug\hwTask2.a(USBUART_1_std.o)
                              .\CortexM3\ARM_GCC_541\Debug\hwTask2.a(USBUART_1_pm.o) (USBUART_1_ConfigReg)
.\CortexM3\ARM_GCC_541\Debug\hwTask2.a(USBUART_1_vnd.o)
                              .\CortexM3\ARM_GCC_541\Debug\hwTask2.a(USBUART_1_drv.o) (USBUART_1_HandleVendorRqst)
.\CortexM3\ARM_GCC_541\Debug\hwTask2.a(Timer_1.o)
                              .\CortexM3\ARM_GCC_541\Debug\main.o (Timer_1_ReadStatusRegister)
.\CortexM3\ARM_GCC_541\Debug\hwTask2.a(USBUART_1_Dp.o)
                              .\CortexM3\ARM_GCC_541\Debug\hwTask2.a(USBUART_1.o) (USBUART_1_Dp_ClearInterrupt)
.\CortexM3\ARM_GCC_541\Debug\hwTask2.a(QuadDec_M2.o)
                              .\CortexM3\ARM_GCC_541\Debug\main.o (QuadDec_M2_GetCounter)
.\CortexM3\ARM_GCC_541\Debug\hwTask2.a(QuadDec_M2_INT.o)
                              .\CortexM3\ARM_GCC_541\Debug\hwTask2.a(QuadDec_M2.o) (QuadDec_M2_ISR)
.\CortexM3\ARM_GCC_541\Debug\hwTask2.a(QuadDec_M2_Cnt16.o)
                              .\CortexM3\ARM_GCC_541\Debug\hwTask2.a(QuadDec_M2.o) (QuadDec_M2_Cnt16_Stop)
.\CortexM3\ARM_GCC_541\Debug\hwTask2.a(isr_1.o)
                              .\CortexM3\ARM_GCC_541\Debug\main.o (isr_1_StartEx)
.\CortexM3\ARM_GCC_541\Debug\hwTask2.a(CyBootAsmGnu.o)
                              .\CortexM3\ARM_GCC_541\Debug\cyfitter_cfg.o (CyDelayCycles)
.\CortexM3\ARM_GCC_541\Debug\hwTask2.a(CyFlash.o)
                              .\CortexM3\ARM_GCC_541\Debug\hwTask2.a(cyPm.o) (CyFlash_SetWaitCycles)
.\CortexM3\ARM_GCC_541\Debug\hwTask2.a(CySpc.o)
                              .\CortexM3\ARM_GCC_541\Debug\hwTask2.a(CyFlash.o) (CySpcStart)
.\CortexM3\ARM_GCC_541\Debug\hwTask2.a(USBUART_1_cls.o)
                              .\CortexM3\ARM_GCC_541\Debug\hwTask2.a(USBUART_1_drv.o) (USBUART_1_DispatchClassRqst)
.\CortexM3\ARM_GCC_541\Debug\hwTask2.a(USBUART_1_descr.o)
                              .\CortexM3\ARM_GCC_541\Debug\hwTask2.a(USBUART_1_std.o) (USBUART_1_idSerialNumberStringDescriptor)
c:/program files (x86)/cypress/psoc creator/4.4/psoc creator/import/gnu/arm/5.4.1/bin/../lib/gcc/arm-none-eabi/5.4.1/armv7-m\libgcc.a(_arm_addsubdf3.o)
                              .\CortexM3\ARM_GCC_541\Debug\main.o (__aeabi_i2d)
c:/program files (x86)/cypress/psoc creator/4.4/psoc creator/import/gnu/arm/5.4.1/bin/../lib/gcc/arm-none-eabi/5.4.1/armv7-m\libgcc.a(_arm_muldivdf3.o)
                              .\CortexM3\ARM_GCC_541\Debug\main.o (__aeabi_dmul)
c:/program files (x86)/cypress/psoc creator/4.4/psoc creator/import/gnu/arm/5.4.1/bin/../lib/gcc/arm-none-eabi/5.4.1/armv7-m\libgcc.a(_arm_fixunsdfsi.o)
                              .\CortexM3\ARM_GCC_541\Debug\main.o (__aeabi_d2uiz)
c:/program files (x86)/cypress/psoc creator/4.4/psoc creator/import/gnu/arm/5.4.1/bin/../lib/gcc/arm-none-eabi/5.4.1/../../../../arm-none-eabi/lib/armv7-m\libg_nano.a(lib_a-errno.o)
                              .\CortexM3\ARM_GCC_541\Debug\Cm3Start.o (__errno)
[...]
Memory Configuration

Name             Origin             Length             Attributes
rom              0x00000000         0x00040000         xr
ram              0x1fff8000         0x00010000         xrw
*default*        0x00000000         0xffffffff

Linker script and memory map

LOAD c:/program files (x86)/cypress/psoc creator/4.4/psoc creator/import/gnu/arm/5.4.1/bin/../lib/gcc/arm-none-eabi/5.4.1/armv7-m/crti.o
LOAD c:/program files (x86)/cypress/psoc creator/4.4/psoc creator/import/gnu/arm/5.4.1/bin/../lib/gcc/arm-none-eabi/5.4.1/armv7-m/crtbegin.o
LOAD c:/program files (x86)/cypress/psoc creator/4.4/psoc creator/import/gnu/arm/5.4.1/bin/../lib/gcc/arm-none-eabi/5.4.1/../../../../arm-none-eabi/lib/armv7-m/crt0.o
START GROUP
LOAD .\CortexM3\ARM_GCC_541\Debug\main.o
LOAD .\CortexM3\ARM_GCC_541\Debug\cyfitter_cfg.o
LOAD .\CortexM3\ARM_GCC_541\Debug\cymetadata.o
LOAD .\CortexM3\ARM_GCC_541\Debug\Cm3Start.o
LOAD .\CortexM3\ARM_GCC_541\Debug\hwTask2.a
LOAD C:\Program Files (x86)\Cypress\PSoC Creator\4.4\PSoC Creator\psoc\content\cycomponentlibrary\CyComponentLibrary.cylib\CortexM3\ARM_GCC_541\Debug\CyComponentLibrary.a
END GROUP
START GROUP
LOAD c:/program files (x86)/cypress/psoc creator/4.4/psoc creator/import/gnu/arm/5.4.1/bin/../lib/gcc/arm-none-eabi/5.4.1/armv7-m\libgcc.a
LOAD c:/program files (x86)/cypress/psoc creator/4.4/psoc creator/import/gnu/arm/5.4.1/bin/../lib/gcc/arm-none-eabi/5.4.1/../../../../arm-none-eabi/lib/armv7-m\libg_nano.a
LOAD c:/program files (x86)/cypress/psoc creator/4.4/psoc creator/import/gnu/arm/5.4.1/bin/../lib/gcc/arm-none-eabi/5.4.1/../../../../arm-none-eabi/lib/armv7-m\libc_nano.a
END GROUP
START GROUP
LOAD c:/program files (x86)/cypress/psoc creator/4.4/psoc creator/import/gnu/arm/5.4.1/bin/../lib/gcc/arm-none-eabi/5.4.1/armv7-m\libgcc.a
LOAD c:/program files (x86)/cypress/psoc creator/4.4/psoc creator/import/gnu/arm/5.4.1/bin/../lib/gcc/arm-none-eabi/5.4.1/../../../../arm-none-eabi/lib/armv7-m\libc_nano.a
END GROUP
LOAD c:/program files (x86)/cypress/psoc creator/4.4/psoc creator/import/gnu/arm/5.4.1/bin/../lib/gcc/arm-none-eabi/5.4.1/armv7-m/crtend.o
LOAD c:/program files (x86)/cypress/psoc creator/4.4/psoc creator/import/gnu/arm/5.4.1/bin/../lib/gcc/arm-none-eabi/5.4.1/armv7-m/crtn.o
START GROUP
LOAD c:/program files (x86)/cypress/psoc creator/4.4/psoc creator/import/gnu/arm/5.4.1/bin/../lib/gcc/arm-none-eabi/5.4.1/armv7-m\libgcc.a
LOAD c:/program files (x86)/cypress/psoc creator/4.4/psoc creator/import/gnu/arm/5.4.1/bin/../lib/gcc/arm-none-eabi/5.4.1/../../../../arm-none-eabi/lib/armv7-m\libc.a
LOAD c:/program files (x86)/cypress/psoc creator/4.4/psoc creator/import/gnu/arm/5.4.1/bin/../lib/gcc/arm-none-eabi/5.4.1/../../../../arm-none-eabi/lib/armv7-m\libnosys.a
END GROUP
                0x00000000                CY_APPL_ORIGIN = 0x0
                0x00000100                CY_FLASH_ROW_SIZE = 0x100
                0x00000020                CY_ECC_ROW_SIZE = 0x20
                0x00000000                CY_EE_IN_BTLDR = 0x0
                0x00000000                CY_APPL_LOADABLE = 0x0
                0x00000800                CY_EE_SIZE = 0x800
                0x00000001                CY_APPL_NUM = 0x1
                0x00000001                CY_APPL_MAX = 0x1
                0x00000040                CY_METADATA_SIZE = 0x40
                0x00000000                CY_APPL_LOADABLE = 0x0
                0x00000000                CY_CHECKSUM_EXCLUDE_SIZE = ALIGN (0x0, CY_FLASH_ROW_SIZE)
                [!provide]                PROVIDE (__cy_heap_start, _end)
                0x00000001                PROVIDE (__cy_region_num, ((__cy_regions_end - __cy_regions) / 0x10))
                0x20008000                PROVIDE (__cy_stack, (ORIGIN (ram) + LENGTH (ram)))
                [!provide]                PROVIDE (__cy_heap_end, (__cy_stack - 0x800))

.cybootloader   0x00000000        0x0
 *(.cybootloader)
                0x00000000                appl1_start = CY_APPL_ORIGIN?CY_APPL_ORIGIN:ALIGN (CY_FLASH_ROW_SIZE)
                0x0001ff00                appl2_start = (appl1_start + ALIGN ((((LENGTH (rom) - appl1_start) - (0x2 * CY_FLASH_ROW_SIZE)) / 0x2), CY_FLASH_ROW_SIZE))
                0x00000000                appl_start = (CY_APPL_NUM == 0x1)?appl1_start:appl2_start
                0x00000000                ecc_offset = ((appl_start / CY_FLASH_ROW_SIZE) * CY_ECC_ROW_SIZE)
                0x00000000                ee_offset = (CY_APPL_LOADABLE && ! (CY_EE_IN_BTLDR))?((CY_EE_SIZE / CY_APPL_MAX) * (CY_APPL_NUM - 0x1)):0x0
                0x00000800                ee_size = (CY_APPL_LOADABLE && ! (CY_EE_IN_BTLDR))?(CY_EE_SIZE / CY_APPL_MAX):CY_EE_SIZE
                [!provide]                PROVIDE (CY_ECC_OFFSET, ecc_offset)

.text           0x00000000     0x31cc
 CREATE_OBJECT_SYMBOLS
                0x00000000                PROVIDE (__cy_interrupt_vector, RomVectors)
 *(.romvectors)
 .romvectors    0x00000000       0x10 .\CortexM3\ARM_GCC_541\Debug\Cm3Start.o
                0x00000000                RomVectors
                0x00000001                ASSERT ((. != __cy_interrupt_vector), No interrupt vector)
                0x00000001                ASSERT (CY_APPL_ORIGIN?(SIZEOF (.cybootloader) <= CY_APPL_ORIGIN):0x1, Wrong image location)
                0x00000010                PROVIDE (__cy_reset, Reset)
 *(.text.Reset)
 .text.Reset    0x00000010       0x18 .\CortexM3\ARM_GCC_541\Debug\Cm3Start.o
                0x00000010                Reset
                0x00000001                ASSERT ((. != __cy_reset), No reset code)
 *(.dma_init)
                0x00000001                ASSERT ((((appl_start + .) <= 0x10000) || 0x1), DMA Init must be within the first 64k of flash)
 *(.text .text.* .gnu.linkonce.t.*)
 .text          0x00000028       0x5c c:/program files (x86)/cypress/psoc creator/4.4/psoc creator/import/gnu/arm/5.4.1/bin/../lib/gcc/arm-none-eabi/5.4.1/armv7-m/crtbegin.o
 *fill*         0x00000084        0x4 
 .text.isr_TC_handler
                0x00000088       0x94 .\CortexM3\ARM_GCC_541\Debug\main.o
                0x00000088                isr_TC_handler
 .text.usbPutString
                0x0000011c       0x28 .\CortexM3\ARM_GCC_541\Debug\main.o
                0x0000011c                usbPutString
 .text.main     0x00000144       0x98 .\CortexM3\ARM_GCC_541\Debug\main.o
                0x00000144                main
 .text.CyClockStartupError
                0x000001dc        0x4 .\CortexM3\ARM_GCC_541\Debug\cyfitter_cfg.o
 .text.cfg_write_bytes32
                0x000001e0       0x34 .\CortexM3\ARM_GCC_541\Debug\cyfitter_cfg.o
 .text.AnalogSetDefault
                0x00000214       0x28 .\CortexM3\ARM_GCC_541\Debug\cyfitter_cfg.o
 .text.CYMEMZERO
                0x0000023c        0xc .\CortexM3\ARM_GCC_541\Debug\cyfitter_cfg.o
 .text.ClockSetup
                0x00000248       0xd4 .\CortexM3\ARM_GCC_541\Debug\cyfitter_cfg.o
 .text.CYCONFIGCPY
                0x0000031c        0x8 .\CortexM3\ARM_GCC_541\Debug\cyfitter_cfg.o
 .text.cyfitter_cfg
                0x00000324      0x118 .\CortexM3\ARM_GCC_541\Debug\cyfitter_cfg.o
                0x00000324                cyfitter_cfg
 .text.IntDefaultHandler
                0x0000043c       0x10 .\CortexM3\ARM_GCC_541\Debug\Cm3Start.o
                0x0000043c                IntDefaultHandler
 .text._sbrk    0x0000044c       0x30 .\CortexM3\ARM_GCC_541\Debug\Cm3Start.o
                0x0000044c                _sbrk
 .text.Start_c  0x0000047c       0x4c .\CortexM3\ARM_GCC_541\Debug\Cm3Start.o
                0x0000047c                Start_c
 .text.initialize_psoc
                0x000004c8       0x68 .\CortexM3\ARM_GCC_541\Debug\Cm3Start.o
                0x000004c8                initialize_psoc
 .text.Clock_PWM_Start
                0x00000530       0x1c .\CortexM3\ARM_GCC_541\Debug\hwTask2.a(Clock_PWM.o)
                0x00000530                Clock_PWM_Start
 .text.QuadDec_M1_Init
                0x0000054c       0x24 .\CortexM3\ARM_GCC_541\Debug\hwTask2.a(QuadDec_M1.o)
                0x0000054c                QuadDec_M1_Init
 .text.QuadDec_M1_GetCounter
                0x00000570       0x2c .\CortexM3\ARM_GCC_541\Debug\hwTask2.a(QuadDec_M1.o)
                0x00000570                QuadDec_M1_GetCounter
 .text.QuadDec_M1_SetCounter
                0x0000059c       0x28 .\CortexM3\ARM_GCC_541\Debug\hwTask2.a(QuadDec_M1.o)
                0x0000059c                QuadDec_M1_SetCounter
 .text.QuadDec_M1_GetEvents
                0x000005c4       0x10 .\CortexM3\ARM_GCC_541\Debug\hwTask2.a(QuadDec_M1.o)
                0x000005c4                QuadDec_M1_GetEvents
 .text.QuadDec_M1_SetInterruptMask
                0x000005d4       0x10 .\CortexM3\ARM_GCC_541\Debug\hwTask2.a(QuadDec_M1.o)
                0x000005d4                QuadDec_M1_SetInterruptMask
 .text.QuadDec_M1_Enable
                0x000005e4       0x30 .\CortexM3\ARM_GCC_541\Debug\hwTask2.a(QuadDec_M1.o)
                0x000005e4                QuadDec_M1_Enable
 .text.QuadDec_M1_Start
                0x00000614       0x34 .\CortexM3\ARM_GCC_541\Debug\hwTask2.a(QuadDec_M1.o)
                0x00000614                QuadDec_M1_Start
 .text.QuadDec_M1_ISR
                0x00000648       0x40 .\CortexM3\ARM_GCC_541\Debug\hwTask2.a(QuadDec_M1_INT.o)
                0x00000648                QuadDec_M1_ISR
 .text.PWM_1_Enable
                0x00000688       0x28 .\CortexM3\ARM_GCC_541\Debug\hwTask2.a(PWM_1.o)
                0x00000688                PWM_1_Enable
 .text.PWM_1_WritePeriod
                0x000006b0        0xc .\CortexM3\ARM_GCC_541\Debug\hwTask2.a(PWM_1.o)
                0x000006b0                PWM_1_WritePeriod
 .text.PWM_1_WriteCompare
                0x000006bc        0xc .\CortexM3\ARM_GCC_541\Debug\hwTask2.a(PWM_1.o)
                0x000006bc                PWM_1_WriteCompare
 .text.PWM_1_SetInterruptMode
                0x000006c8        0xc .\CortexM3\ARM_GCC_541\Debug\hwTask2.a(PWM_1.o)
                0x000006c8                PWM_1_SetInterruptMode
 .text.PWM_1_Init
                0x000006d4       0x74 .\CortexM3\ARM_GCC_541\Debug\hwTask2.a(PWM_1.o)
                0x000006d4                PWM_1_Init
 .text.PWM_1_Start
                0x00000748       0x1c .\CortexM3\ARM_GCC_541\Debug\hwTask2.a(PWM_1.o)
                0x00000748                PWM_1_Start
 .text.QuadDec_M1_Cnt16_Enable
                0x00000764       0x10 .\CortexM3\ARM_GCC_541\Debug\hwTask2.a(QuadDec_M1_Cnt16.o)
                0x00000764                QuadDec_M1_Cnt16_Enable
 .text.QuadDec_M1_Cnt16_SetInterruptMode
                0x00000774        0xc .\CortexM3\ARM_GCC_541\Debug\hwTask2.a(QuadDec_M1_Cnt16.o)
                0x00000774                QuadDec_M1_Cnt16_SetInterruptMode
 .text.QuadDec_M1_Cnt16_ReadStatusRegister
                0x00000780        0xc .\CortexM3\ARM_GCC_541\Debug\hwTask2.a(QuadDec_M1_Cnt16.o)
                0x00000780                QuadDec_M1_Cnt16_ReadStatusRegister
 .text.QuadDec_M1_Cnt16_WriteCounter
                0x0000078c        0xc .\CortexM3\ARM_GCC_541\Debug\hwTask2.a(QuadDec_M1_Cnt16.o)
                0x0000078c                QuadDec_M1_Cnt16_WriteCounter
 .text.QuadDec_M1_Cnt16_ReadCounter
                0x00000798       0x14 .\CortexM3\ARM_GCC_541\Debug\hwTask2.a(QuadDec_M1_Cnt16.o)
                0x00000798                QuadDec_M1_Cnt16_ReadCounter
 .text.QuadDec_M1_Cnt16_ReadCapture
                0x000007ac        0xc .\CortexM3\ARM_GCC_541\Debug\hwTask2.a(QuadDec_M1_Cnt16.o)
                0x000007ac                QuadDec_M1_Cnt16_ReadCapture
 .text.QuadDec_M1_Cnt16_WritePeriod
                0x000007b8        0xc .\CortexM3\ARM_GCC_541\Debug\hwTask2.a(QuadDec_M1_Cnt16.o)
                0x000007b8                QuadDec_M1_Cnt16_WritePeriod
 .text.QuadDec_M1_Cnt16_WriteCompare
                0x000007c4        0xc .\CortexM3\ARM_GCC_541\Debug\hwTask2.a(QuadDec_M1_Cnt16.o)
                0x000007c4                QuadDec_M1_Cnt16_WriteCompare
 .text.QuadDec_M1_Cnt16_ClearFIFO
                0x000007d0       0x14 .\CortexM3\ARM_GCC_541\Debug\hwTask2.a(QuadDec_M1_Cnt16.o)
                0x000007d0                QuadDec_M1_Cnt16_ClearFIFO
 .text.QuadDec_M1_Cnt16_Init
                0x000007e4       0x58 .\CortexM3\ARM_GCC_541\Debug\hwTask2.a(QuadDec_M1_Cnt16.o)
                0x000007e4                QuadDec_M1_Cnt16_Init
 .text.QuadDec_M1_Cnt16_Start
                0x0000083c       0x1c .\CortexM3\ARM_GCC_541\Debug\hwTask2.a(QuadDec_M1_Cnt16.o)
                0x0000083c                QuadDec_M1_Cnt16_Start
 .text.CyHalt   0x00000858        0x4 .\CortexM3\ARM_GCC_541\Debug\hwTask2.a(CyLib.o)
                0x00000858                CyHalt
 .text.CyDelayUs
                0x0000085c       0x14 .\CortexM3\ARM_GCC_541\Debug\hwTask2.a(CyLib.o)
                0x0000085c                CyDelayUs
 .text.CyIntSetVector
                0x00000870       0x28 .\CortexM3\ARM_GCC_541\Debug\hwTask2.a(CyLib.o)
                0x00000870                CyIntSetVector
 .text.CyIntSetPriority
                0x00000898       0x30 .\CortexM3\ARM_GCC_541\Debug\hwTask2.a(CyLib.o)
                0x00000898                CyIntSetPriority
 .text.CyGetUniqueId
                0x000008c8       0x70 .\CortexM3\ARM_GCC_541\Debug\hwTask2.a(CyLib.o)
                0x000008c8                CyGetUniqueId
 .text.PWM_2_Enable
                0x00000938       0x28 .\CortexM3\ARM_GCC_541\Debug\hwTask2.a(PWM_2.o)
                0x00000938                PWM_2_Enable
 .text.PWM_2_WritePeriod
                0x00000960        0xc .\CortexM3\ARM_GCC_541\Debug\hwTask2.a(PWM_2.o)
                0x00000960                PWM_2_WritePeriod
 .text.PWM_2_WriteCompare
                0x0000096c        0xc .\CortexM3\ARM_GCC_541\Debug\hwTask2.a(PWM_2.o)
                0x0000096c                PWM_2_WriteCompare
 .text.PWM_2_SetInterruptMode
                0x00000978        0xc .\CortexM3\ARM_GCC_541\Debug\hwTask2.a(PWM_2.o)
                0x00000978                PWM_2_SetInterruptMode
 .text.PWM_2_Init
                0x00000984       0x74 .\CortexM3\ARM_GCC_541\Debug\hwTask2.a(PWM_2.o)
                0x00000984                PWM_2_Init
 .text.PWM_2_Start
                0x000009f8       0x1c .\CortexM3\ARM_GCC_541\Debug\hwTask2.a(PWM_2.o)
                0x000009f8                PWM_2_Start
 .text.USBUART_1_Init
                0x00000a14      0x140 .\CortexM3\ARM_GCC_541\Debug\hwTask2.a(USBUART_1.o)
                0x00000a14                USBUART_1_Init
 .text.USBUART_1_InitComponent
                0x00000b54       0xb8 .\CortexM3\ARM_GCC_541\Debug\hwTask2.a(USBUART_1.o)
                0x00000b54                USBUART_1_InitComponent
 .text.USBUART_1_Start
                0x00000c0c       0x24 .\CortexM3\ARM_GCC_541\Debug\hwTask2.a(USBUART_1.o)
                0x00000c0c                USBUART_1_Start
 .text.USBUART_1_ReInitComponent
                0x00000c30       0x4c .\CortexM3\ARM_GCC_541\Debug\hwTask2.a(USBUART_1.o)
                0x00000c30                USBUART_1_ReInitComponent
 .text.USBUART_1_GetConfiguration
                0x00000c7c        0xc .\CortexM3\ARM_GCC_541\Debug\hwTask2.a(USBUART_1.o)
                0x00000c7c                USBUART_1_GetConfiguration
 .text.USBUART_1_GetEPState
                0x00000c88       0x14 .\CortexM3\ARM_GCC_541\Debug\hwTask2.a(USBUART_1.o)
                0x00000c88                USBUART_1_GetEPState
 .text.USBUART_1_LoadInEP
                0x00000c9c       0x94 .\CortexM3\ARM_GCC_541\Debug\hwTask2.a(USBUART_1.o)
                0x00000c9c                USBUART_1_LoadInEP
 .text.USBUART_1_GetInterfaceComPort
                0x00000d30       0x38 .\CortexM3\ARM_GCC_541\Debug\hwTask2.a(USBUART_1_cdc.o)
                0x00000d30                USBUART_1_GetInterfaceComPort
 .text.USBUART_1_DispatchCDCClassRqst
                0x00000d68       0x98 .\CortexM3\ARM_GCC_541\Debug\hwTask2.a(USBUART_1_cdc.o)
                0x00000d68                USBUART_1_DispatchCDCClassRqst
 .text.USBUART_1_PutData
                0x00000e00       0x50 .\CortexM3\ARM_GCC_541\Debug\hwTask2.a(USBUART_1_cdc.o)
                0x00000e00                USBUART_1_PutData
 .text.USBUART_1_CDCIsReady
                0x00000e50       0x18 .\CortexM3\ARM_GCC_541\Debug\hwTask2.a(USBUART_1_cdc.o)
                0x00000e50                USBUART_1_CDCIsReady
 .text.USBUART_1_Cdc_EpInit
                0x00000e68       0x50 .\CortexM3\ARM_GCC_541\Debug\hwTask2.a(USBUART_1_cdc.o)
                0x00000e68                USBUART_1_Cdc_EpInit
 .text.USBUART_1_LoadEP0
                0x00000eb8       0x98 .\CortexM3\ARM_GCC_541\Debug\hwTask2.a(USBUART_1_drv.o)
                0x00000eb8                USBUART_1_LoadEP0
 .text.USBUART_1_InitZeroLengthControlTransfer
                0x00000f50       0x34 .\CortexM3\ARM_GCC_541\Debug\hwTask2.a(USBUART_1_drv.o)
                0x00000f50                USBUART_1_InitZeroLengthControlTransfer
 .text.USBUART_1_ControlReadDataStage
                0x00000f84        0x8 .\CortexM3\ARM_GCC_541\Debug\hwTask2.a(USBUART_1_drv.o)
                0x00000f84                USBUART_1_ControlReadDataStage
 .text.USBUART_1_ControlWriteDataStage
                0x00000f8c       0x84 .\CortexM3\ARM_GCC_541\Debug\hwTask2.a(USBUART_1_drv.o)
                0x00000f8c                USBUART_1_ControlWriteDataStage
 .text.USBUART_1_InitNoDataControlTransfer
                0x00001010       0x2c .\CortexM3\ARM_GCC_541\Debug\hwTask2.a(USBUART_1_drv.o)
                0x00001010                USBUART_1_InitNoDataControlTransfer
 .text.USBUART_1_UpdateStatusBlock
                0x0000103c       0x24 .\CortexM3\ARM_GCC_541\Debug\hwTask2.a(USBUART_1_drv.o)
                0x0000103c                USBUART_1_UpdateStatusBlock
 .text.USBUART_1_HandleSetup
                0x00001060       0x5c .\CortexM3\ARM_GCC_541\Debug\hwTask2.a(USBUART_1_drv.o)
                0x00001060                USBUART_1_HandleSetup
 .text.USBUART_1_ControlReadStatusStage
                0x000010bc       0x38 .\CortexM3\ARM_GCC_541\Debug\hwTask2.a(USBUART_1_drv.o)
                0x000010bc                USBUART_1_ControlReadStatusStage
 .text.USBUART_1_HandleOUT
                0x000010f4       0x38 .\CortexM3\ARM_GCC_541\Debug\hwTask2.a(USBUART_1_drv.o)
                0x000010f4                USBUART_1_HandleOUT
 .text.USBUART_1_ControlWriteStatusStage
                0x0000112c       0x20 .\CortexM3\ARM_GCC_541\Debug\hwTask2.a(USBUART_1_drv.o)
                0x0000112c                USBUART_1_ControlWriteStatusStage
 .text.USBUART_1_NoDataControlStatusStage
                0x0000114c       0x40 .\CortexM3\ARM_GCC_541\Debug\hwTask2.a(USBUART_1_drv.o)
                0x0000114c                USBUART_1_NoDataControlStatusStage
 .text.USBUART_1_HandleIN
                0x0000118c       0x2c .\CortexM3\ARM_GCC_541\Debug\hwTask2.a(USBUART_1_drv.o)
                0x0000118c                USBUART_1_HandleIN
 .text.USBUART_1_EP_0_ISR
                0x000011b8       0xb8 .\CortexM3\ARM_GCC_541\Debug\hwTask2.a(USBUART_1_drv.o)
                0x000011b8                USBUART_1_EP_0_ISR
 .text.USBUART_1_InitializeStatusBlock
                0x00001270       0x24 .\CortexM3\ARM_GCC_541\Debug\hwTask2.a(USBUART_1_drv.o)
                0x00001270                USBUART_1_InitializeStatusBlock
 .text.USBUART_1_InitControlRead
                0x00001294       0x50 .\CortexM3\ARM_GCC_541\Debug\hwTask2.a(USBUART_1_drv.o)
                0x00001294                USBUART_1_InitControlRead
 .text.USBUART_1_InitControlWrite
                0x000012e4       0x48 .\CortexM3\ARM_GCC_541\Debug\hwTask2.a(USBUART_1_drv.o)
                0x000012e4                USBUART_1_InitControlWrite
 .text.USBUART_1_EP_1_ISR
                0x0000132c       0x30 .\CortexM3\ARM_GCC_541\Debug\hwTask2.a(USBUART_1_episr.o)
                0x0000132c                USBUART_1_EP_1_ISR
 .text.USBUART_1_EP_2_ISR
                0x0000135c       0x34 .\CortexM3\ARM_GCC_541\Debug\hwTask2.a(USBUART_1_episr.o)
                0x0000135c                USBUART_1_EP_2_ISR
 .text.USBUART_1_EP_3_ISR
                0x00001390       0x3c .\CortexM3\ARM_GCC_541\Debug\hwTask2.a(USBUART_1_episr.o)
                0x00001390                USBUART_1_EP_3_ISR
 .text.USBUART_1_SOF_ISR
                0x000013cc        0x4 .\CortexM3\ARM_GCC_541\Debug\hwTask2.a(USBUART_1_episr.o)
                0x000013cc                USBUART_1_SOF_ISR
 .text.USBUART_1_BUS_RESET_ISR
                0x000013d0        0x8 .\CortexM3\ARM_GCC_541\Debug\hwTask2.a(USBUART_1_episr.o)
                0x000013d0                USBUART_1_BUS_RESET_ISR
 .text.USBUART_1_DP_ISR
                0x000013d8        0x8 .\CortexM3\ARM_GCC_541\Debug\hwTask2.a(USBUART_1_pm.o)
                0x000013d8                USBUART_1_DP_ISR
 .text.USBUART_1_ReadDieID
                0x000013e0       0x6c .\CortexM3\ARM_GCC_541\Debug\hwTask2.a(USBUART_1_std.o)
                0x000013e0                USBUART_1_ReadDieID
 .text.USBUART_1_ConfigReg
                0x0000144c       0xa4 .\CortexM3\ARM_GCC_541\Debug\hwTask2.a(USBUART_1_std.o)
                0x0000144c                USBUART_1_ConfigReg
 .text.USBUART_1_GetConfigTablePtr
                0x000014f0       0x28 .\CortexM3\ARM_GCC_541\Debug\hwTask2.a(USBUART_1_std.o)
                0x000014f0                USBUART_1_GetConfigTablePtr
 .text.USBUART_1_ConfigAltChanged
                0x00001518      0x11c .\CortexM3\ARM_GCC_541\Debug\hwTask2.a(USBUART_1_std.o)
                0x00001518                USBUART_1_ConfigAltChanged
 .text.USBUART_1_GetDeviceTablePtr
                0x00001634       0x18 .\CortexM3\ARM_GCC_541\Debug\hwTask2.a(USBUART_1_std.o)
                0x00001634                USBUART_1_GetDeviceTablePtr
 .text.USBUART_1_GetInterfaceClassTablePtr
                0x0000164c       0x28 .\CortexM3\ARM_GCC_541\Debug\hwTask2.a(USBUART_1_std.o)
                0x0000164c                USBUART_1_GetInterfaceClassTablePtr
 .text.USBUART_1_Config
                0x00001674      0x1ec .\CortexM3\ARM_GCC_541\Debug\hwTask2.a(USBUART_1_std.o)
                0x00001674                USBUART_1_Config
 .text.USBUART_1_SetEndpointHalt
                0x00001860       0x64 .\CortexM3\ARM_GCC_541\Debug\hwTask2.a(USBUART_1_std.o)
                0x00001860                USBUART_1_SetEndpointHalt
 .text.USBUART_1_ClearEndpointHalt
                0x000018c4       0xac .\CortexM3\ARM_GCC_541\Debug\hwTask2.a(USBUART_1_std.o)
                0x000018c4                USBUART_1_ClearEndpointHalt
 .text.USBUART_1_ValidateAlternateSetting
                0x00001970       0x4c .\CortexM3\ARM_GCC_541\Debug\hwTask2.a(USBUART_1_std.o)
                0x00001970                USBUART_1_ValidateAlternateSetting
 .text.USBUART_1_HandleStandardRqst
                0x000019bc      0x354 .\CortexM3\ARM_GCC_541\Debug\hwTask2.a(USBUART_1_std.o)
                0x000019bc                USBUART_1_HandleStandardRqst
 .text.USBUART_1_HandleVendorRqst
                0x00001d10       0x18 .\CortexM3\ARM_GCC_541\Debug\hwTask2.a(USBUART_1_vnd.o)
                0x00001d10                USBUART_1_HandleVendorRqst
 .text.Timer_1_Enable
                0x00001d28       0x28 .\CortexM3\ARM_GCC_541\Debug\hwTask2.a(Timer_1.o)
                0x00001d28                Timer_1_Enable
 .text.Timer_1_SetInterruptMode
                0x00001d50        0xc .\CortexM3\ARM_GCC_541\Debug\hwTask2.a(Timer_1.o)
                0x00001d50                Timer_1_SetInterruptMode
 .text.Timer_1_ReadStatusRegister
                0x00001d5c        0xc .\CortexM3\ARM_GCC_541\Debug\hwTask2.a(Timer_1.o)
                0x00001d5c                Timer_1_ReadStatusRegister
 .text.Timer_1_WritePeriod
                0x00001d68        0xc .\CortexM3\ARM_GCC_541\Debug\hwTask2.a(Timer_1.o)
                0x00001d68                Timer_1_WritePeriod
 .text.Timer_1_WriteCounter
                0x00001d74        0xc .\CortexM3\ARM_GCC_541\Debug\hwTask2.a(Timer_1.o)
                0x00001d74                Timer_1_WriteCounter
 .text.Timer_1_Init
                0x00001d80       0x68 .\CortexM3\ARM_GCC_541\Debug\hwTask2.a(Timer_1.o)
                0x00001d80                Timer_1_Init
 .text.Timer_1_Start
                0x00001de8       0x1c .\CortexM3\ARM_GCC_541\Debug\hwTask2.a(Timer_1.o)
                0x00001de8                Timer_1_Start
 .text.USBUART_1_Dp_ClearInterrupt
                0x00001e04       0x10 .\CortexM3\ARM_GCC_541\Debug\hwTask2.a(USBUART_1_Dp.o)
                0x00001e04                USBUART_1_Dp_ClearInterrupt
 .text.QuadDec_M2_Init
                0x00001e14       0x24 .\CortexM3\ARM_GCC_541\Debug\hwTask2.a(QuadDec_M2.o)
                0x00001e14                QuadDec_M2_Init
 .text.QuadDec_M2_GetCounter
                0x00001e38       0x2c .\CortexM3\ARM_GCC_541\Debug\hwTask2.a(QuadDec_M2.o)
                0x00001e38                QuadDec_M2_GetCounter
 .text.QuadDec_M2_SetCounter
                0x00001e64       0x28 .\CortexM3\ARM_GCC_541\Debug\hwTask2.a(QuadDec_M2.o)
                0x00001e64                QuadDec_M2_SetCounter
 .text.QuadDec_M2_GetEvents
                0x00001e8c       0x10 .\CortexM3\ARM_GCC_541\Debug\hwTask2.a(QuadDec_M2.o)
                0x00001e8c                QuadDec_M2_GetEvents
 .text.QuadDec_M2_SetInterruptMask
                0x00001e9c       0x10 .\CortexM3\ARM_GCC_541\Debug\hwTask2.a(QuadDec_M2.o)
                0x00001e9c                QuadDec_M2_SetInterruptMask
 .text.QuadDec_M2_Enable
                0x00001eac       0x30 .\CortexM3\ARM_GCC_541\Debug\hwTask2.a(QuadDec_M2.o)
                0x00001eac                QuadDec_M2_Enable
 .text.QuadDec_M2_Start
                0x00001edc       0x34 .\CortexM3\ARM_GCC_541\Debug\hwTask2.a(QuadDec_M2.o)
                0x00001edc                QuadDec_M2_Start
 .text.QuadDec_M2_ISR
                0x00001f10       0x40 .\CortexM3\ARM_GCC_541\Debug\hwTask2.a(QuadDec_M2_INT.o)
                0x00001f10                QuadDec_M2_ISR
 .text.QuadDec_M2_Cnt16_Enable
                0x00001f50       0x10 .\CortexM3\ARM_GCC_541\Debug\hwTask2.a(QuadDec_M2_Cnt16.o)
                0x00001f50                QuadDec_M2_Cnt16_Enable
 .text.QuadDec_M2_Cnt16_SetInterruptMode
                0x00001f60        0xc .\CortexM3\ARM_GCC_541\Debug\hwTask2.a(QuadDec_M2_Cnt16.o)
                0x00001f60                QuadDec_M2_Cnt16_SetInterruptMode
 .text.QuadDec_M2_Cnt16_ReadStatusRegister
                0x00001f6c        0xc .\CortexM3\ARM_GCC_541\Debug\hwTask2.a(QuadDec_M2_Cnt16.o)
                0x00001f6c                QuadDec_M2_Cnt16_ReadStatusRegister
 .text.QuadDec_M2_Cnt16_WriteCounter
                0x00001f78        0xc .\CortexM3\ARM_GCC_541\Debug\hwTask2.a(QuadDec_M2_Cnt16.o)
                0x00001f78                QuadDec_M2_Cnt16_WriteCounter
 .text.QuadDec_M2_Cnt16_ReadCounter
                0x00001f84       0x14 .\CortexM3\ARM_GCC_541\Debug\hwTask2.a(QuadDec_M2_Cnt16.o)
                0x00001f84                QuadDec_M2_Cnt16_ReadCounter
 .text.QuadDec_M2_Cnt16_ReadCapture
                0x00001f98        0xc .\CortexM3\ARM_GCC_541\Debug\hwTask2.a(QuadDec_M2_Cnt16.o)
                0x00001f98                QuadDec_M2_Cnt16_ReadCapture
 .text.QuadDec_M2_Cnt16_WritePeriod
                0x00001fa4        0xc .\CortexM3\ARM_GCC_541\Debug\hwTask2.a(QuadDec_M2_Cnt16.o)
                0x00001fa4                QuadDec_M2_Cnt16_WritePeriod
 .text.QuadDec_M2_Cnt16_WriteCompare
                0x00001fb0        0xc .\CortexM3\ARM_GCC_541\Debug\hwTask2.a(QuadDec_M2_Cnt16.o)
                0x00001fb0                QuadDec_M2_Cnt16_WriteCompare
 .text.QuadDec_M2_Cnt16_ClearFIFO
                0x00001fbc       0x14 .\CortexM3\ARM_GCC_541\Debug\hwTask2.a(QuadDec_M2_Cnt16.o)
                0x00001fbc                QuadDec_M2_Cnt16_ClearFIFO
 .text.QuadDec_M2_Cnt16_Init
                0x00001fd0       0x58 .\CortexM3\ARM_GCC_541\Debug\hwTask2.a(QuadDec_M2_Cnt16.o)
                0x00001fd0                QuadDec_M2_Cnt16_Init
 .text.QuadDec_M2_Cnt16_Start
                0x00002028       0x1c .\CortexM3\ARM_GCC_541\Debug\hwTask2.a(QuadDec_M2_Cnt16.o)
                0x00002028                QuadDec_M2_Cnt16_Start
 .text.isr_1_SetVector
                0x00002044       0x10 .\CortexM3\ARM_GCC_541\Debug\hwTask2.a(isr_1.o)
                0x00002044                isr_1_SetVector
 .text.isr_1_SetPriority
                0x00002054       0x10 .\CortexM3\ARM_GCC_541\Debug\hwTask2.a(isr_1.o)
                0x00002054                isr_1_SetPriority
 .text.isr_1_Enable
                0x00002064       0x10 .\CortexM3\ARM_GCC_541\Debug\hwTask2.a(isr_1.o)
                0x00002064                isr_1_Enable
 .text.isr_1_Disable
                0x00002074       0x10 .\CortexM3\ARM_GCC_541\Debug\hwTask2.a(isr_1.o)
                0x00002074                isr_1_Disable
 .text.isr_1_StartEx
                0x00002084       0x1c .\CortexM3\ARM_GCC_541\Debug\hwTask2.a(isr_1.o)
                0x00002084                isr_1_StartEx
 .text          0x000020a0       0x20 .\CortexM3\ARM_GCC_541\Debug\hwTask2.a(CyBootAsmGnu.o)
                0x000020a0                CyDelayCycles
                0x000020b0                CyEnterCriticalSection
                0x000020b8                CyExitCriticalSection
 .text.USBUART_1_DispatchClassRqst
                0x000020c0       0x60 .\CortexM3\ARM_GCC_541\Debug\hwTask2.a(USBUART_1_cls.o)
                0x000020c0                USBUART_1_DispatchClassRqst
 .text          0x00002120      0x370 c:/program files (x86)/cypress/psoc creator/4.4/psoc creator/import/gnu/arm/5.4.1/bin/../lib/gcc/arm-none-eabi/5.4.1/armv7-m\libgcc.a(_arm_addsubdf3.o)
                0x00002120                __aeabi_drsub
                0x00002128                __aeabi_dsub
                0x00002128                __subdf3
                0x0000212c                __aeabi_dadd
                0x0000212c                __adddf3
                0x000023a4                __floatunsidf
                0x000023a4                __aeabi_ui2d
                0x000023c4                __floatsidf
                0x000023c4                __aeabi_i2d
                0x000023e8                __aeabi_f2d
                0x000023e8                __extendsfdf2
                0x00002424                __floatundidf
                0x00002424                __aeabi_ul2d
                0x00002434                __floatdidf
                0x00002434                __aeabi_l2d
 .text          0x00002490      0x424 c:/program files (x86)/cypress/psoc creator/4.4/psoc creator/import/gnu/arm/5.4.1/bin/../lib/gcc/arm-none-eabi/5.4.1/armv7-m\libgcc.a(_arm_muldivdf3.o)
                0x00002490                __aeabi_dmul
                0x00002490                __muldf3
                0x000026e4                __divdf3
                0x000026e4                __aeabi_ddiv
 .text          0x000028b4       0x40 c:/program files (x86)/cypress/psoc creator/4.4/psoc creator/import/gnu/arm/5.4.1/bin/../lib/gcc/arm-none-eabi/5.4.1/armv7-m\libgcc.a(_arm_fixunsdfsi.o)
                0x000028b4                __aeabi_d2uiz
                0x000028b4                __fixunsdfsi
 .text.__errno  0x000028f4        0xc c:/program files (x86)/cypress/psoc creator/4.4/psoc creator/import/gnu/arm/5.4.1/bin/../lib/gcc/arm-none-eabi/5.4.1/../../../../arm-none-eabi/lib/armv7-m\libg_nano.a(lib_a-errno.o)
                0x000028f4                __errno
 .text.__libc_init_array
                0x00002900       0x4c c:/program files (x86)/cypress/psoc creator/4.4/psoc creator/import/gnu/arm/5.4.1/bin/../lib/gcc/arm-none-eabi/5.4.1/../../../../arm-none-eabi/lib/armv7-m\libg_nano.a(lib_a-init.o)
                0x00002900                __libc_init_array
 .text.memcpy   0x0000294c       0x16 c:/program files (x86)/cypress/psoc creator/4.4/psoc creator/import/gnu/arm/5.4.1/bin/../lib/gcc/arm-none-eabi/5.4.1/../../../../arm-none-eabi/lib/armv7-m\libg_nano.a(lib_a-memcpy-stub.o)
                0x0000294c                memcpy
 .text.memset   0x00002962       0x10 c:/program files (x86)/cypress/psoc creator/4.4/psoc creator/import/gnu/arm/5.4.1/bin/../lib/gcc/arm-none-eabi/5.4.1/../../../../arm-none-eabi/lib/armv7-m\libg_nano.a(lib_a-memset.o)
                0x00002962                memset
 *fill*         0x00002972        0x2 
 .text.sprintf  0x00002974       0x48 c:/program files (x86)/cypress/psoc creator/4.4/psoc creator/import/gnu/arm/5.4.1/bin/../lib/gcc/arm-none-eabi/5.4.1/../../../../arm-none-eabi/lib/armv7-m\libg_nano.a(lib_a-sprintf.o)
                0x00002974                siprintf
                0x00002974                sprintf
 .text          0x000029bc       0x10 c:/program files (x86)/cypress/psoc creator/4.4/psoc creator/import/gnu/arm/5.4.1/bin/../lib/gcc/arm-none-eabi/5.4.1/../../../../arm-none-eabi/lib/armv7-m\libg_nano.a(lib_a-strlen.o)
                0x000029bc                strlen
 .text.__ssputs_r
                0x000029cc       0xb2 c:/program files (x86)/cypress/psoc creator/4.4/psoc creator/import/gnu/arm/5.4.1/bin/../lib/gcc/arm-none-eabi/5.4.1/../../../../arm-none-eabi/lib/armv7-m\libg_nano.a(lib_a-nano-svfprintf.o)
                0x000029cc                __ssputs_r
 *fill*         0x00002a7e        0x2 
 .text._svfprintf_r
                0x00002a80      0x1e8 c:/program files (x86)/cypress/psoc creator/4.4/psoc creator/import/gnu/arm/5.4.1/bin/../lib/gcc/arm-none-eabi/5.4.1/../../../../arm-none-eabi/lib/armv7-m\libg_nano.a(lib_a-nano-svfprintf.o)
                0x00002a80                _svfiprintf_r
                0x00002a80                _svfprintf_r
 .text._printf_common
                0x00002c68       0xec c:/program files (x86)/cypress/psoc creator/4.4/psoc creator/import/gnu/arm/5.4.1/bin/../lib/gcc/arm-none-eabi/5.4.1/../../../../arm-none-eabi/lib/armv7-m\libg_nano.a(lib_a-nano-vfprintf_i.o)
                0x00002c68                _printf_common
 .text._printf_i
                0x00002d54      0x24c c:/program files (x86)/cypress/psoc creator/4.4/psoc creator/import/gnu/arm/5.4.1/bin/../lib/gcc/arm-none-eabi/5.4.1/../../../../arm-none-eabi/lib/armv7-m\libg_nano.a(lib_a-nano-vfprintf_i.o)
                0x00002d54                _printf_i
 .text.memchr   0x00002fa0       0x1c c:/program files (x86)/cypress/psoc creator/4.4/psoc creator/import/gnu/arm/5.4.1/bin/../lib/gcc/arm-none-eabi/5.4.1/../../../../arm-none-eabi/lib/armv7-m\libg_nano.a(lib_a-memchr-stub.o)
                0x00002fa0                memchr
 .text.memmove  0x00002fbc       0x36 c:/program files (x86)/cypress/psoc creator/4.4/psoc creator/import/gnu/arm/5.4.1/bin/../lib/gcc/arm-none-eabi/5.4.1/../../../../arm-none-eabi/lib/armv7-m\libg_nano.a(lib_a-memmove.o)
                0x00002fbc                memmove
 *fill*         0x00002ff2        0x2 
 .text._free_r  0x00002ff4       0x98 c:/program files (x86)/cypress/psoc creator/4.4/psoc creator/import/gnu/arm/5.4.1/bin/../lib/gcc/arm-none-eabi/5.4.1/../../../../arm-none-eabi/lib/armv7-m\libg_nano.a(lib_a-nano-freer.o)
                0x00002ff4                _free_r
 .text._malloc_r
                0x0000308c       0xbc c:/program files (x86)/cypress/psoc creator/4.4/psoc creator/import/gnu/arm/5.4.1/bin/../lib/gcc/arm-none-eabi/5.4.1/../../../../arm-none-eabi/lib/armv7-m\libg_nano.a(lib_a-nano-mallocr.o)
                0x0000308c                _malloc_r
 .text._realloc_r
                0x00003148       0x4c c:/program files (x86)/cypress/psoc creator/4.4/psoc creator/import/gnu/arm/5.4.1/bin/../lib/gcc/arm-none-eabi/5.4.1/../../../../arm-none-eabi/lib/armv7-m\libg_nano.a(lib_a-nano-reallocr.o)
                0x00003148                _realloc_r
 .text._sbrk_r  0x00003194       0x20 c:/program files (x86)/cypress/psoc creator/4.4/psoc creator/import/gnu/arm/5.4.1/bin/../lib/gcc/arm-none-eabi/5.4.1/../../../../arm-none-eabi/lib/armv7-m\libg_nano.a(lib_a-sbrkr.o)
                0x00003194                _sbrk_r
 .text.__malloc_lock
                0x000031b4        0x2 c:/program files (x86)/cypress/psoc creator/4.4/psoc creator/import/gnu/arm/5.4.1/bin/../lib/gcc/arm-none-eabi/5.4.1/../../../../arm-none-eabi/lib/armv7-m\libg_nano.a(lib_a-mlock.o)
                0x000031b4                __malloc_lock
 .text.__malloc_unlock
                0x000031b6        0x2 c:/program files (x86)/cypress/psoc creator/4.4/psoc creator/import/gnu/arm/5.4.1/bin/../lib/gcc/arm-none-eabi/5.4.1/../../../../arm-none-eabi/lib/armv7-m\libg_nano.a(lib_a-mlock.o)
                0x000031b6                __malloc_unlock
 .text._malloc_usable_size_r
                0x000031b8       0x14 c:/program files (x86)/cypress/psoc creator/4.4/psoc creator/import/gnu/arm/5.4.1/bin/../lib/gcc/arm-none-eabi/5.4.1/../../../../arm-none-eabi/lib/armv7-m\libg_nano.a(lib_a-nano-msizer.o)
                0x000031b8                _malloc_usable_size_r
 *(.plt)
 *(.gnu.warning)
 *(.glue_7t)
 .glue_7t       0x000031cc        0x0 linker stubs
 *(.glue_7)
 .glue_7        0x000031cc        0x0 linker stubs
 *(.vfp11_veneer)
 .vfp11_veneer  0x000031cc        0x0 linker stubs
 *(.bootloader)
 *(.ARM.extab* .gnu.linkonce.armextab.*)
 *(.gcc_except_table)

.v4_bx          0x000031cc        0x0
 .v4_bx         0x000031cc        0x0 linker stubs

.iplt           0x000031cc        0x0
 .iplt          0x000031cc        0x0 c:/program files (x86)/cypress/psoc creator/4.4/psoc creator/import/gnu/arm/5.4.1/bin/../lib/gcc/arm-none-eabi/5.4.1/armv7-m/crtbegin.o

.eh_frame_hdr
 *(.eh_frame_hdr)

.eh_frame       0x000031cc        0x4
 *(.eh_frame)
 .eh_frame      0x000031cc        0x0 c:/program files (x86)/cypress/psoc creator/4.4/psoc creator/import/gnu/arm/5.4.1/bin/../lib/gcc/arm-none-eabi/5.4.1/armv7-m/crtbegin.o
 .eh_frame      0x000031cc        0x4 c:/program files (x86)/cypress/psoc creator/4.4/psoc creator/import/gnu/arm/5.4.1/bin/../lib/gcc/arm-none-eabi/5.4.1/armv7-m/crtend.o
                [!provide]                PROVIDE (__exidx_start, .)

.ARM.exidx
 *(.ARM.exidx* .gnu.linkonce.armexidx.*)
                0x000031d0                __exidx_end = .

.rodata         0x000031d0      0x230
 *(.rodata .rodata.* .gnu.linkonce.r.*)
 .rodata.str1.4
                0x000031d0       0x20 .\CortexM3\ARM_GCC_541\Debug\main.o
 .rodata        0x000031f0       0x30 .\CortexM3\ARM_GCC_541\Debug\cyfitter_cfg.o
 .rodata.str1.4
                0x00003220       0x14 .\CortexM3\ARM_GCC_541\Debug\hwTask2.a(USBUART_1_std.o)
                                 0x11 (size before relaxing)
 .rodata        0x00003234      0x15e .\CortexM3\ARM_GCC_541\Debug\hwTask2.a(USBUART_1_descr.o)
                0x00003234                USBUART_1_TABLE
                0x0000323c                USBUART_1_DEVICE0_TABLE
                0x00003254                USBUART_1_DEVICE0_CONFIGURATION0_TABLE
                0x0000327c                USBUART_1_DEVICE0_CONFIGURATION0_INTERFACE_CLASS
                0x00003280                USBUART_1_DEVICE0_CONFIGURATION0_EP_SETTINGS_TABLE
                0x00003298                USBUART_1_SN_STRING_DESCRIPTOR
                0x0000329c                USBUART_1_STRING_DESCRIPTORS
                0x0000333c                USBUART_1_DEVICE0_CONFIGURATION0_DESCR
                0x00003380                USBUART_1_DEVICE0_DESCR
 .rodata.str1.1
                0x00003392        0x2 c:/program files (x86)/cypress/psoc creator/4.4/psoc creator/import/gnu/arm/5.4.1/bin/../lib/gcc/arm-none-eabi/5.4.1/../../../../arm-none-eabi/lib/armv7-m\libg_nano.a(lib_a-impure.o)
 .rodata.str1.1
                0x00003394       0x11 c:/program files (x86)/cypress/psoc creator/4.4/psoc creator/import/gnu/arm/5.4.1/bin/../lib/gcc/arm-none-eabi/5.4.1/../../../../arm-none-eabi/lib/armv7-m\libg_nano.a(lib_a-nano-svfprintf.o)
 .rodata.str1.1
                0x000033a5       0x22 c:/program files (x86)/cypress/psoc creator/4.4/psoc creator/import/gnu/arm/5.4.1/bin/../lib/gcc/arm-none-eabi/5.4.1/../../../../arm-none-eabi/lib/armv7-m\libg_nano.a(lib_a-nano-vfprintf_i.o)
                0x000033c8                . = ALIGN (0x4)
 *fill*         0x000033c7        0x1 
 *(.init)
 .init          0x000033c8        0x4 c:/program files (x86)/cypress/psoc creator/4.4/psoc creator/import/gnu/arm/5.4.1/bin/../lib/gcc/arm-none-eabi/5.4.1/armv7-m/crti.o
                0x000033c8                _init
 .init          0x000033cc        0x8 c:/program files (x86)/cypress/psoc creator/4.4/psoc creator/import/gnu/arm/5.4.1/bin/../lib/gcc/arm-none-eabi/5.4.1/armv7-m/crtn.o
                0x000033d4                . = ALIGN (0x4)
                0x000033d4                __preinit_array_start = .
 *(.preinit_array)
                0x000033d4                __preinit_array_end = .
                0x000033d4                . = ALIGN (0x4)
                0x000033d4                __init_array_start = .
 *(SORT(.init_array.*))
 *(.init_array)
 .init_array    0x000033d4        0x4 c:/program files (x86)/cypress/psoc creator/4.4/psoc creator/import/gnu/arm/5.4.1/bin/../lib/gcc/arm-none-eabi/5.4.1/armv7-m/crtbegin.o
 .init_array    0x000033d8        0x4 .\CortexM3\ARM_GCC_541\Debug\Cm3Start.o
                0x000033dc                __init_array_end = .
                0x000033dc                . = ALIGN (0x4)
 *(.fini)
 .fini          0x000033dc        0x4 c:/program files (x86)/cypress/psoc creator/4.4/psoc creator/import/gnu/arm/5.4.1/bin/../lib/gcc/arm-none-eabi/5.4.1/armv7-m/crti.o
                0x000033dc                _fini
 .fini          0x000033e0        0x8 c:/program files (x86)/cypress/psoc creator/4.4/psoc creator/import/gnu/arm/5.4.1/bin/../lib/gcc/arm-none-eabi/5.4.1/armv7-m/crtn.o
                0x000033e8                . = ALIGN (0x4)
                0x000033e8                __fini_array_start = .
 *(.fini_array)
 .fini_array    0x000033e8        0x4 c:/program files (x86)/cypress/psoc creator/4.4/psoc creator/import/gnu/arm/5.4.1/bin/../lib/gcc/arm-none-eabi/5.4.1/armv7-m/crtbegin.o
 *(SORT(.fini_array.*))
                0x000033ec                __fini_array_end = .
                0x000033ec                . = ALIGN (0x4)
 *crtbegin.o(.ctors)
 *(EXCLUDE_FILE(*crtend.o) .ctors)
 *(SORT(.ctors.*))
 *crtend.o(.ctors)
                0x000033ec                . = ALIGN (0x4)
 *crtbegin.o(.dtors)
 *(EXCLUDE_FILE(*crtend.o) .dtors)
 *(SORT(.dtors.*))
 *crtend.o(.dtors)
                0x000033ec                . = ALIGN (0x4)
                0x000033ec                __cy_regions = .
                0x000033ec        0x4 LONG 0x3400 __cy_region_init_ram
                0x000033f0        0x4 LONG 0x1fff80c8 __cy_region_start_data
                0x000033f4        0x4 LONG 0xa0 __cy_region_init_size_ram
                0x000033f8        0x4 LONG 0x1a8 __cy_region_zero_size_ram
                0x000033fc                __cy_regions_end = .
                0x00003400                . = ALIGN (0x8)
 *fill*         0x000033fc        0x4 
                0x00003400                _etext = .

.cy_checksum_exclude
                0x00003400        0x0
 *(.cy_checksum_exclude)

.ramvectors     0x1fff8000       0xc0
                0x1fff8000                __cy_region_start_ram = .
 *(.ramvectors)
 .ramvectors    0x1fff8000       0xc0 .\CortexM3\ARM_GCC_541\Debug\Cm3Start.o
                0x1fff8000                CyRamVectors

.noinit         0x1fff80c0        0x1
 *(.noinit)
 .noinit        0x1fff80c0        0x1 .\CortexM3\ARM_GCC_541\Debug\hwTask2.a(CyLib.o)
                0x1fff80c0                CyResetStatus

.data           0x1fff80c8       0xa0 load address 0x00003400
                0x1fff80c8                __cy_region_start_data = .
 *(.jcr)
 .jcr           0x1fff80c8        0x0 c:/program files (x86)/cypress/psoc creator/4.4/psoc creator/import/gnu/arm/5.4.1/bin/../lib/gcc/arm-none-eabi/5.4.1/armv7-m/crtbegin.o
 .jcr           0x1fff80c8        0x4 c:/program files (x86)/cypress/psoc creator/4.4/psoc creator/import/gnu/arm/5.4.1/bin/../lib/gcc/arm-none-eabi/5.4.1/armv7-m/crtend.o
 *(.got.plt)
 *(.got)
 *(.shdata)
 *(.data .data.* .gnu.linkonce.d.*)
 .data          0x1fff80cc        0x1 .\CortexM3\ARM_GCC_541\Debug\main.o
                0x1fff80cc                counter
 *fill*         0x1fff80cd        0x3 
 .data          0x1fff80d0        0x4 .\CortexM3\ARM_GCC_541\Debug\Cm3Start.o
 .data          0x1fff80d4       0x10 .\CortexM3\ARM_GCC_541\Debug\hwTask2.a(CyLib.o)
                0x1fff80d4                cydelay_32k_ms
                0x1fff80d8                cydelay_freq_khz
                0x1fff80dc                cydelay_freq_mhz
                0x1fff80e0                cydelay_freq_hz
 .data          0x1fff80e4       0x1a .\CortexM3\ARM_GCC_541\Debug\hwTask2.a(USBUART_1_cdc.o)
                0x1fff80e4                USBUART_1_linesCoding
 *fill*         0x1fff80fe        0x2 
 .data.impure_data
                0x1fff8100       0x60 c:/program files (x86)/cypress/psoc creator/4.4/psoc creator/import/gnu/arm/5.4.1/bin/../lib/gcc/arm-none-eabi/5.4.1/../../../../arm-none-eabi/lib/armv7-m\libg_nano.a(lib_a-impure.o)
 .data._impure_ptr
                0x1fff8160        0x4 c:/program files (x86)/cypress/psoc creator/4.4/psoc creator/import/gnu/arm/5.4.1/bin/../lib/gcc/arm-none-eabi/5.4.1/../../../../arm-none-eabi/lib/armv7-m\libg_nano.a(lib_a-impure.o)
                0x1fff8160                _impure_ptr
                0x1fff8168                . = ALIGN (0x8)
 *fill*         0x1fff8164        0x4 
 *(.ram)
                0x1fff8168                _edata = .

.igot.plt       0x1fff8168        0x0 load address 0x000034a0
 .igot.plt      0x1fff8168        0x0 c:/program files (x86)/cypress/psoc creator/4.4/psoc creator/import/gnu/arm/5.4.1/bin/../lib/gcc/arm-none-eabi/5.4.1/armv7-m/crtbegin.o

.bss            0x1fff8168      0x1a8 load address 0x000034a0
                0x1fff8168                PROVIDE (__bss_start__, .)
 *(.shbss)
 *(.bss .bss.* .gnu.linkonce.b.*)
 .bss           0x1fff8168       0x1c c:/program files (x86)/cypress/psoc creator/4.4/psoc creator/import/gnu/arm/5.4.1/bin/../lib/gcc/arm-none-eabi/5.4.1/armv7-m/crtbegin.o
 .bss           0x1fff8184       0x11 .\CortexM3\ARM_GCC_541\Debug\main.o
                0x1fff8184                ci
                0x1fff8188                cj
                0x1fff818c                speedi
                0x1fff8190                speedj
                0x1fff8194                ready_to_send
 .bss           0x1fff8195        0x1 .\CortexM3\ARM_GCC_541\Debug\hwTask2.a(QuadDec_M1.o)
                0x1fff8195                QuadDec_M1_initVar
 *fill*         0x1fff8196        0x2 
 .bss           0x1fff8198        0x4 .\CortexM3\ARM_GCC_541\Debug\hwTask2.a(QuadDec_M1_INT.o)
                0x1fff8198                QuadDec_M1_count32SoftPart
 .bss           0x1fff819c        0x1 .\CortexM3\ARM_GCC_541\Debug\hwTask2.a(PWM_1.o)
                0x1fff819c                PWM_1_initVar
 .bss           0x1fff819d        0x1 .\CortexM3\ARM_GCC_541\Debug\hwTask2.a(QuadDec_M1_Cnt16.o)
                0x1fff819d                QuadDec_M1_Cnt16_initVar
 .bss           0x1fff819e        0x1 .\CortexM3\ARM_GCC_541\Debug\hwTask2.a(PWM_2.o)
                0x1fff819e                PWM_2_initVar
 .bss           0x1fff819f        0x1 .\CortexM3\ARM_GCC_541\Debug\hwTask2.a(USBUART_1.o)
                0x1fff819f                USBUART_1_initVar
 .bss           0x1fff81a0        0x1 .\CortexM3\ARM_GCC_541\Debug\hwTask2.a(USBUART_1_cdc.o)
 *fill*         0x1fff81a1        0x3 
 .bss           0x1fff81a4        0x2 .\CortexM3\ARM_GCC_541\Debug\hwTask2.a(USBUART_1_std.o)
 .bss           0x1fff81a6        0x1 .\CortexM3\ARM_GCC_541\Debug\hwTask2.a(Timer_1.o)
                0x1fff81a6                Timer_1_initVar
 .bss           0x1fff81a7        0x1 .\CortexM3\ARM_GCC_541\Debug\hwTask2.a(QuadDec_M2.o)
                0x1fff81a7                QuadDec_M2_initVar
 .bss           0x1fff81a8        0x4 .\CortexM3\ARM_GCC_541\Debug\hwTask2.a(QuadDec_M2_INT.o)
                0x1fff81a8                QuadDec_M2_count32SoftPart
 .bss           0x1fff81ac        0x1 .\CortexM3\ARM_GCC_541\Debug\hwTask2.a(QuadDec_M2_Cnt16.o)
                0x1fff81ac                QuadDec_M2_Cnt16_initVar
 *fill*         0x1fff81ad        0x3 
 .bss.__malloc_sbrk_start
                0x1fff81b0        0x4 c:/program files (x86)/cypress/psoc creator/4.4/psoc creator/import/gnu/arm/5.4.1/bin/../lib/gcc/arm-none-eabi/5.4.1/../../../../arm-none-eabi/lib/armv7-m\libg_nano.a(lib_a-nano-mallocr.o)
                0x1fff81b0                __malloc_sbrk_start
 .bss.__malloc_free_list
                0x1fff81b4        0x4 c:/program files (x86)/cypress/psoc creator/4.4/psoc creator/import/gnu/arm/5.4.1/bin/../lib/gcc/arm-none-eabi/5.4.1/../../../../arm-none-eabi/lib/armv7-m\libg_nano.a(lib_a-nano-mallocr.o)
                0x1fff81b4                __malloc_free_list
 *(COMMON)
 COMMON         0x1fff81b8       0x80 .\CortexM3\ARM_GCC_541\Debug\main.o
                0x1fff81b8                bufferj
                0x1fff81f8                bufferi
 COMMON         0x1fff8238       0x18 .\CortexM3\ARM_GCC_541\Debug\hwTask2.a(USBUART_1_cdc.o)
                0x1fff8238                USBUART_1_cdcDataInEp
                0x1fff823c                USBUART_1_cdcDataOutEp
                0x1fff8240                USBUART_1_cdcCommInInterruptEp
                0x1fff8244                USBUART_1_serialStateBitmap
                0x1fff8248                USBUART_1_linesChanged
                0x1fff824c                USBUART_1_linesControlBitmap
 COMMON         0x1fff8250       0x97 .\CortexM3\ARM_GCC_541\Debug\hwTask2.a(USBUART_1_drv.o)
                0x1fff8250                USBUART_1_interfaceSettingLast
                0x1fff8252                USBUART_1_ep0Mode
                0x1fff8253                USBUART_1_lastPacketSize
                0x1fff8254                USBUART_1_configurationChanged
                0x1fff8255                USBUART_1_configuration
                0x1fff8256                USBUART_1_interfaceNumber
                0x1fff8257                USBUART_1_deviceStatus
                0x1fff8258                USBUART_1_ep0Toggle
                0x1fff825c                USBUART_1_interfaceClass
                0x1fff8260                USBUART_1_interfaceSetting
                0x1fff8264                USBUART_1_currentTD
                0x1fff8270                USBUART_1_ep0Count
                0x1fff8274                USBUART_1_EP
                0x1fff82e0                USBUART_1_transferByteCount
                0x1fff82e2                USBUART_1_transferState
                0x1fff82e3                USBUART_1_device
                0x1fff82e4                USBUART_1_interfaceStatus
                0x1fff82e6                USBUART_1_deviceAddress
 *fill*         0x1fff82e7        0x1 
 COMMON         0x1fff82e8       0x22 .\CortexM3\ARM_GCC_541\Debug\hwTask2.a(USBUART_1_descr.o)
                0x1fff82e8                USBUART_1_idSerialNumberStringDescriptor
 *fill*         0x1fff830a        0x2 
 COMMON         0x1fff830c        0x4 c:/program files (x86)/cypress/psoc creator/4.4/psoc creator/import/gnu/arm/5.4.1/bin/../lib/gcc/arm-none-eabi/5.4.1/../../../../arm-none-eabi/lib/armv7-m\libg_nano.a(lib_a-reent.o)
                0x1fff830c                errno
                0x1fff8310                . = ALIGN (0x8)
 *(.ram.b)
                0x1fff8310                _end = .
                0x1fff8310                __end = .
                0x1fff8310                PROVIDE (end, .)
                0x1fff8310                PROVIDE (__bss_end__, .)
                0x00003400                __cy_region_init_ram = LOADADDR (.data)
                0x000000a0                __cy_region_init_size_ram = (_edata - ADDR (.data))
                0x000001a8                __cy_region_zero_size_ram = (_end - _edata)

.heap           0x1fff8310       0x80 load address 0x000034a0
                0x1fff8310                . = _end
                0x1fff8390                . = (. + 0x80)
 *fill*         0x1fff8310       0x80 
                0x1fff8390                __cy_heap_limit = .

.stack          0x20007800      0x800
                0x20007800                __cy_stack_limit = .
                0x20008000                . = (. + 0x800)
 *fill*         0x20007800      0x800 
                0x00000001                ASSERT ((__cy_stack_limit >= __cy_heap_limit), region RAM overflowed with stack)
                0x00000000                cy_checksum_exclude_size = (CY_APPL_LOADABLE == 0x1)?SIZEOF (.cy_checksum_exclude):0x0
                0x00000001                ASSERT ((cy_checksum_exclude_size <= CY_CHECKSUM_EXCLUDE_SIZE), CY_BOOT: Section .cy_checksum_exclude size exceedes specified limit.)

.cyloadermeta
 *(.cyloadermeta)

.cyloadablemeta
 *(.cyloadablemeta)

.cyconfigecc    0x80000000      0xb10
 *(.cyconfigecc)
 .cyconfigecc   0x80000000      0xb10 .\CortexM3\ARM_GCC_541\Debug\cymetadata.o
                0x80000000                cy_meta_configecc

.cycustnvl      0x90000000        0x4
 *(.cycustnvl)
 .cycustnvl     0x90000000        0x4 .\CortexM3\ARM_GCC_541\Debug\cymetadata.o
                0x90000000                cy_meta_custnvl

.cywolatch      0x90100000        0x4
 *(.cywolatch)
 .cywolatch     0x90100000        0x4 .\CortexM3\ARM_GCC_541\Debug\cymetadata.o
                0x90100000                cy_meta_wonvl

.cyeeprom       0x90200000        0x0
 *(.cyeeprom)
                0x00000001                ASSERT ((. <= ((0x90200000 + ee_offset) + ee_size)), .cyeeprom data will not fit in EEPROM)

.cyflashprotect
                0x90400000      0x100
 *(.cyflashprotect)
 .cyflashprotect
                0x90400000      0x100 .\CortexM3\ARM_GCC_541\Debug\cymetadata.o
                0x90400000                cy_meta_flashprotect

.cymeta         0x90500000        0xc
 *(.cymeta)
 .cymeta        0x90500000        0xc .\CortexM3\ARM_GCC_541\Debug\cymetadata.o
                0x90500000                cy_metadata

.rel.dyn        0x000034a0        0x0 load address 0x9050000c
 .rel.iplt      0x000034a0        0x0 c:/program files (x86)/cypress/psoc creator/4.4/psoc creator/import/gnu/arm/5.4.1/bin/../lib/gcc/arm-none-eabi/5.4.1/armv7-m/crtbegin.o

.stab
 *(.stab)

.stabstr
 *(.stabstr)

.debug
 *(.debug)

.line
 *(.line)

.debug_srcinfo
 *(.debug_srcinfo)

.debug_sfnames
 *(.debug_sfnames)

.debug_aranges  0x00000000      0xdd0
 *(.debug_aranges)
 .debug_aranges
                0x00000000       0x38 .\CortexM3\ARM_GCC_541\Debug\main.o
 .debug_aranges
                0x00000038       0x58 .\CortexM3\ARM_GCC_541\Debug\cyfitter_cfg.o
 .debug_aranges
                0x00000090       0x18 .\CortexM3\ARM_GCC_541\Debug\cymetadata.o
 .debug_aranges
                0x000000a8       0x48 .\CortexM3\ARM_GCC_541\Debug\Cm3Start.o
 .debug_aranges
                0x000000f0       0x70 .\CortexM3\ARM_GCC_541\Debug\hwTask2.a(Clock_PWM.o)
 .debug_aranges
                0x00000160       0x60 .\CortexM3\ARM_GCC_541\Debug\hwTask2.a(QuadDec_M1.o)
 .debug_aranges
                0x000001c0       0x20 .\CortexM3\ARM_GCC_541\Debug\hwTask2.a(QuadDec_M1_INT.o)
 .debug_aranges
                0x000001e0       0x78 .\CortexM3\ARM_GCC_541\Debug\hwTask2.a(PWM_1.o)
 .debug_aranges
                0x00000258       0x98 .\CortexM3\ARM_GCC_541\Debug\hwTask2.a(QuadDec_M1_Cnt16.o)
 .debug_aranges
                0x000002f0      0x2a0 .\CortexM3\ARM_GCC_541\Debug\hwTask2.a(CyLib.o)
 .debug_aranges
                0x00000590       0x98 .\CortexM3\ARM_GCC_541\Debug\hwTask2.a(cyPm.o)
 .debug_aranges
                0x00000628       0x78 .\CortexM3\ARM_GCC_541\Debug\hwTask2.a(PWM_2.o)
 .debug_aranges
                0x000006a0       0xc8 .\CortexM3\ARM_GCC_541\Debug\hwTask2.a(USBUART_1.o)
 .debug_aranges
                0x00000768       0xe8 .\CortexM3\ARM_GCC_541\Debug\hwTask2.a(USBUART_1_cdc.o)
 .debug_aranges
                0x00000850       0x98 .\CortexM3\ARM_GCC_541\Debug\hwTask2.a(USBUART_1_drv.o)
 .debug_aranges
                0x000008e8       0x40 .\CortexM3\ARM_GCC_541\Debug\hwTask2.a(USBUART_1_episr.o)
 .debug_aranges
                0x00000928       0x40 .\CortexM3\ARM_GCC_541\Debug\hwTask2.a(USBUART_1_pm.o)
 .debug_aranges
                0x00000968       0x80 .\CortexM3\ARM_GCC_541\Debug\hwTask2.a(USBUART_1_std.o)
 .debug_aranges
                0x000009e8       0x20 .\CortexM3\ARM_GCC_541\Debug\hwTask2.a(USBUART_1_vnd.o)
 .debug_aranges
                0x00000a08       0x88 .\CortexM3\ARM_GCC_541\Debug\hwTask2.a(Timer_1.o)
 .debug_aranges
                0x00000a90       0x48 .\CortexM3\ARM_GCC_541\Debug\hwTask2.a(USBUART_1_Dp.o)
 .debug_aranges
                0x00000ad8       0x60 .\CortexM3\ARM_GCC_541\Debug\hwTask2.a(QuadDec_M2.o)
 .debug_aranges
                0x00000b38       0x20 .\CortexM3\ARM_GCC_541\Debug\hwTask2.a(QuadDec_M2_INT.o)
 .debug_aranges
                0x00000b58       0x98 .\CortexM3\ARM_GCC_541\Debug\hwTask2.a(QuadDec_M2_Cnt16.o)
 .debug_aranges
                0x00000bf0       0x80 .\CortexM3\ARM_GCC_541\Debug\hwTask2.a(isr_1.o)
 .debug_aranges
                0x00000c70       0x20 .\CortexM3\ARM_GCC_541\Debug\hwTask2.a(CyBootAsmGnu.o)
 .debug_aranges
                0x00000c90       0x88 .\CortexM3\ARM_GCC_541\Debug\hwTask2.a(CyFlash.o)
 .debug_aranges
                0x00000d18       0x80 .\CortexM3\ARM_GCC_541\Debug\hwTask2.a(CySpc.o)
 .debug_aranges
                0x00000d98       0x20 .\CortexM3\ARM_GCC_541\Debug\hwTask2.a(USBUART_1_cls.o)
 .debug_aranges
                0x00000db8       0x18 .\CortexM3\ARM_GCC_541\Debug\hwTask2.a(USBUART_1_descr.o)

.debug_pubnames
 *(.debug_pubnames)

.debug_info     0x00000000     0x86a3
 *(.debug_info .gnu.linkonce.wi.*)
 .debug_info    0x00000000      0x48e .\CortexM3\ARM_GCC_541\Debug\main.o
 .debug_info    0x0000048e      0x524 .\CortexM3\ARM_GCC_541\Debug\cyfitter_cfg.o
 .debug_info    0x000009b2      0x139 .\CortexM3\ARM_GCC_541\Debug\cymetadata.o
 .debug_info    0x00000aeb      0x3bb .\CortexM3\ARM_GCC_541\Debug\Cm3Start.o
 .debug_info    0x00000ea6      0x283 .\CortexM3\ARM_GCC_541\Debug\hwTask2.a(Clock_PWM.o)
 .debug_info    0x00001129      0x357 .\CortexM3\ARM_GCC_541\Debug\hwTask2.a(QuadDec_M1.o)
 .debug_info    0x00001480       0xf3 .\CortexM3\ARM_GCC_541\Debug\hwTask2.a(QuadDec_M1_INT.o)
 .debug_info    0x00001573      0x27f .\CortexM3\ARM_GCC_541\Debug\hwTask2.a(PWM_1.o)
 .debug_info    0x000017f2      0x348 .\CortexM3\ARM_GCC_541\Debug\hwTask2.a(QuadDec_M1_Cnt16.o)
 .debug_info    0x00001b3a     0x1374 .\CortexM3\ARM_GCC_541\Debug\hwTask2.a(CyLib.o)
 .debug_info    0x00002eae      0xa2a .\CortexM3\ARM_GCC_541\Debug\hwTask2.a(cyPm.o)
 .debug_info    0x000038d8      0x27f .\CortexM3\ARM_GCC_541\Debug\hwTask2.a(PWM_2.o)
 .debug_info    0x00003b57      0x991 .\CortexM3\ARM_GCC_541\Debug\hwTask2.a(USBUART_1.o)
 .debug_info    0x000044e8      0xaf7 .\CortexM3\ARM_GCC_541\Debug\hwTask2.a(USBUART_1_cdc.o)
 .debug_info    0x00004fdf      0x655 .\CortexM3\ARM_GCC_541\Debug\hwTask2.a(USBUART_1_drv.o)
 .debug_info    0x00005634      0x254 .\CortexM3\ARM_GCC_541\Debug\hwTask2.a(USBUART_1_episr.o)
 .debug_info    0x00005888      0x2e4 .\CortexM3\ARM_GCC_541\Debug\hwTask2.a(USBUART_1_pm.o)
 .debug_info    0x00005b6c      0xb26 .\CortexM3\ARM_GCC_541\Debug\hwTask2.a(USBUART_1_std.o)
 .debug_info    0x00006692       0xed .\CortexM3\ARM_GCC_541\Debug\hwTask2.a(USBUART_1_vnd.o)
 .debug_info    0x0000677f      0x293 .\CortexM3\ARM_GCC_541\Debug\hwTask2.a(Timer_1.o)
 .debug_info    0x00006a12      0x174 .\CortexM3\ARM_GCC_541\Debug\hwTask2.a(USBUART_1_Dp.o)
 .debug_info    0x00006b86      0x357 .\CortexM3\ARM_GCC_541\Debug\hwTask2.a(QuadDec_M2.o)
 .debug_info    0x00006edd       0xf3 .\CortexM3\ARM_GCC_541\Debug\hwTask2.a(QuadDec_M2_INT.o)
 .debug_info    0x00006fd0      0x348 .\CortexM3\ARM_GCC_541\Debug\hwTask2.a(QuadDec_M2_Cnt16.o)
 .debug_info    0x00007318      0x2d2 .\CortexM3\ARM_GCC_541\Debug\hwTask2.a(isr_1.o)
 .debug_info    0x000075ea       0x9b .\CortexM3\ARM_GCC_541\Debug\hwTask2.a(CyBootAsmGnu.o)
 .debug_info    0x00007685      0x64d .\CortexM3\ARM_GCC_541\Debug\hwTask2.a(CyFlash.o)
 .debug_info    0x00007cd2      0x550 .\CortexM3\ARM_GCC_541\Debug\hwTask2.a(CySpc.o)
 .debug_info    0x00008222      0x1de .\CortexM3\ARM_GCC_541\Debug\hwTask2.a(USBUART_1_cls.o)
 .debug_info    0x00008400      0x2a3 .\CortexM3\ARM_GCC_541\Debug\hwTask2.a(USBUART_1_descr.o)

.debug_abbrev   0x00000000     0x2555
 *(.debug_abbrev)
 .debug_abbrev  0x00000000      0x14c .\CortexM3\ARM_GCC_541\Debug\main.o
 .debug_abbrev  0x0000014c      0x1fe .\CortexM3\ARM_GCC_541\Debug\cyfitter_cfg.o
 .debug_abbrev  0x0000034a       0x77 .\CortexM3\ARM_GCC_541\Debug\cymetadata.o
 .debug_abbrev  0x000003c1      0x1e8 .\CortexM3\ARM_GCC_541\Debug\Cm3Start.o
 .debug_abbrev  0x000005a9      0x139 .\CortexM3\ARM_GCC_541\Debug\hwTask2.a(Clock_PWM.o)
 .debug_abbrev  0x000006e2      0x128 .\CortexM3\ARM_GCC_541\Debug\hwTask2.a(QuadDec_M1.o)
 .debug_abbrev  0x0000080a       0x78 .\CortexM3\ARM_GCC_541\Debug\hwTask2.a(QuadDec_M1_INT.o)
 .debug_abbrev  0x00000882      0x12d .\CortexM3\ARM_GCC_541\Debug\hwTask2.a(PWM_1.o)
 .debug_abbrev  0x000009af      0x117 .\CortexM3\ARM_GCC_541\Debug\hwTask2.a(QuadDec_M1_Cnt16.o)
 .debug_abbrev  0x00000ac6      0x254 .\CortexM3\ARM_GCC_541\Debug\hwTask2.a(CyLib.o)
 .debug_abbrev  0x00000d1a      0x1ab .\CortexM3\ARM_GCC_541\Debug\hwTask2.a(cyPm.o)
 .debug_abbrev  0x00000ec5      0x12d .\CortexM3\ARM_GCC_541\Debug\hwTask2.a(PWM_2.o)
 .debug_abbrev  0x00000ff2      0x215 .\CortexM3\ARM_GCC_541\Debug\hwTask2.a(USBUART_1.o)
 .debug_abbrev  0x00001207      0x245 .\CortexM3\ARM_GCC_541\Debug\hwTask2.a(USBUART_1_cdc.o)
 .debug_abbrev  0x0000144c      0x189 .\CortexM3\ARM_GCC_541\Debug\hwTask2.a(USBUART_1_drv.o)
 .debug_abbrev  0x000015d5      0x11b .\CortexM3\ARM_GCC_541\Debug\hwTask2.a(USBUART_1_episr.o)
 .debug_abbrev  0x000016f0      0x108 .\CortexM3\ARM_GCC_541\Debug\hwTask2.a(USBUART_1_pm.o)
 .debug_abbrev  0x000017f8      0x20a .\CortexM3\ARM_GCC_541\Debug\hwTask2.a(USBUART_1_std.o)
 .debug_abbrev  0x00001a02       0x9b .\CortexM3\ARM_GCC_541\Debug\hwTask2.a(USBUART_1_vnd.o)
 .debug_abbrev  0x00001a9d      0x11a .\CortexM3\ARM_GCC_541\Debug\hwTask2.a(Timer_1.o)
 .debug_abbrev  0x00001bb7       0x90 .\CortexM3\ARM_GCC_541\Debug\hwTask2.a(USBUART_1_Dp.o)
 .debug_abbrev  0x00001c47      0x128 .\CortexM3\ARM_GCC_541\Debug\hwTask2.a(QuadDec_M2.o)
 .debug_abbrev  0x00001d6f       0x78 .\CortexM3\ARM_GCC_541\Debug\hwTask2.a(QuadDec_M2_INT.o)
 .debug_abbrev  0x00001de7      0x117 .\CortexM3\ARM_GCC_541\Debug\hwTask2.a(QuadDec_M2_Cnt16.o)
 .debug_abbrev  0x00001efe      0x173 .\CortexM3\ARM_GCC_541\Debug\hwTask2.a(isr_1.o)
 .debug_abbrev  0x00002071       0x14 .\CortexM3\ARM_GCC_541\Debug\hwTask2.a(CyBootAsmGnu.o)
 .debug_abbrev  0x00002085      0x1a7 .\CortexM3\ARM_GCC_541\Debug\hwTask2.a(CyFlash.o)
 .debug_abbrev  0x0000222c      0x194 .\CortexM3\ARM_GCC_541\Debug\hwTask2.a(CySpc.o)
 .debug_abbrev  0x000023c0       0xe1 .\CortexM3\ARM_GCC_541\Debug\hwTask2.a(USBUART_1_cls.o)
 .debug_abbrev  0x000024a1       0xb4 .\CortexM3\ARM_GCC_541\Debug\hwTask2.a(USBUART_1_descr.o)

.debug_line     0x00000000     0x3574
 *(.debug_line)
 .debug_line    0x00000000      0x2c5 .\CortexM3\ARM_GCC_541\Debug\main.o
 .debug_line    0x000002c5      0x1dd .\CortexM3\ARM_GCC_541\Debug\cyfitter_cfg.o
 .debug_line    0x000004a2      0x141 .\CortexM3\ARM_GCC_541\Debug\cymetadata.o
 .debug_line    0x000005e3      0x234 .\CortexM3\ARM_GCC_541\Debug\Cm3Start.o
 .debug_line    0x00000817      0x178 .\CortexM3\ARM_GCC_541\Debug\hwTask2.a(Clock_PWM.o)
 .debug_line    0x0000098f      0x140 .\CortexM3\ARM_GCC_541\Debug\hwTask2.a(QuadDec_M1.o)
 .debug_line    0x00000acf       0x6d .\CortexM3\ARM_GCC_541\Debug\hwTask2.a(QuadDec_M1_INT.o)
 .debug_line    0x00000b3c      0x133 .\CortexM3\ARM_GCC_541\Debug\hwTask2.a(PWM_1.o)
 .debug_line    0x00000c6f      0x190 .\CortexM3\ARM_GCC_541\Debug\hwTask2.a(QuadDec_M1_Cnt16.o)
 .debug_line    0x00000dff      0x816 .\CortexM3\ARM_GCC_541\Debug\hwTask2.a(CyLib.o)
 .debug_line    0x00001615      0x367 .\CortexM3\ARM_GCC_541\Debug\hwTask2.a(cyPm.o)
 .debug_line    0x0000197c      0x133 .\CortexM3\ARM_GCC_541\Debug\hwTask2.a(PWM_2.o)
 .debug_line    0x00001aaf      0x2e4 .\CortexM3\ARM_GCC_541\Debug\hwTask2.a(USBUART_1.o)
 .debug_line    0x00001d93      0x2f8 .\CortexM3\ARM_GCC_541\Debug\hwTask2.a(USBUART_1_cdc.o)
 .debug_line    0x0000208b      0x227 .\CortexM3\ARM_GCC_541\Debug\hwTask2.a(USBUART_1_drv.o)
 .debug_line    0x000022b2       0xec .\CortexM3\ARM_GCC_541\Debug\hwTask2.a(USBUART_1_episr.o)
 .debug_line    0x0000239e      0x116 .\CortexM3\ARM_GCC_541\Debug\hwTask2.a(USBUART_1_pm.o)
 .debug_line    0x000024b4      0x3e8 .\CortexM3\ARM_GCC_541\Debug\hwTask2.a(USBUART_1_std.o)
 .debug_line    0x0000289c       0x77 .\CortexM3\ARM_GCC_541\Debug\hwTask2.a(USBUART_1_vnd.o)
 .debug_line    0x00002913      0x155 .\CortexM3\ARM_GCC_541\Debug\hwTask2.a(Timer_1.o)
 .debug_line    0x00002a68       0xbd .\CortexM3\ARM_GCC_541\Debug\hwTask2.a(USBUART_1_Dp.o)
 .debug_line    0x00002b25      0x140 .\CortexM3\ARM_GCC_541\Debug\hwTask2.a(QuadDec_M2.o)
 .debug_line    0x00002c65       0x6d .\CortexM3\ARM_GCC_541\Debug\hwTask2.a(QuadDec_M2_INT.o)
 .debug_line    0x00002cd2      0x190 .\CortexM3\ARM_GCC_541\Debug\hwTask2.a(QuadDec_M2_Cnt16.o)
 .debug_line    0x00002e62      0x132 .\CortexM3\ARM_GCC_541\Debug\hwTask2.a(isr_1.o)
 .debug_line    0x00002f94       0x66 .\CortexM3\ARM_GCC_541\Debug\hwTask2.a(CyBootAsmGnu.o)
 .debug_line    0x00002ffa      0x21a .\CortexM3\ARM_GCC_541\Debug\hwTask2.a(CyFlash.o)
 .debug_line    0x00003214      0x260 .\CortexM3\ARM_GCC_541\Debug\hwTask2.a(CySpc.o)
 .debug_line    0x00003474       0x9b .\CortexM3\ARM_GCC_541\Debug\hwTask2.a(USBUART_1_cls.o)
 .debug_line    0x0000350f       0x65 .\CortexM3\ARM_GCC_541\Debug\hwTask2.a(USBUART_1_descr.o)

.debug_frame    0x00000000     0x24b4
 *(.debug_frame)
 .debug_frame   0x00000000       0x84 .\CortexM3\ARM_GCC_541\Debug\main.o
 .debug_frame   0x00000084       0xe4 .\CortexM3\ARM_GCC_541\Debug\cyfitter_cfg.o
 .debug_frame   0x00000168       0xb8 .\CortexM3\ARM_GCC_541\Debug\Cm3Start.o
 .debug_frame   0x00000220       0xe0 .\CortexM3\ARM_GCC_541\Debug\hwTask2.a(Clock_PWM.o)
 .debug_frame   0x00000300       0xec .\CortexM3\ARM_GCC_541\Debug\hwTask2.a(QuadDec_M1.o)
 .debug_frame   0x000003ec       0x20 .\CortexM3\ARM_GCC_541\Debug\hwTask2.a(QuadDec_M1_INT.o)
 .debug_frame   0x0000040c       0xe8 .\CortexM3\ARM_GCC_541\Debug\hwTask2.a(PWM_1.o)
 .debug_frame   0x000004f4      0x134 .\CortexM3\ARM_GCC_541\Debug\hwTask2.a(QuadDec_M1_Cnt16.o)
 .debug_frame   0x00000628      0x738 .\CortexM3\ARM_GCC_541\Debug\hwTask2.a(CyLib.o)
 .debug_frame   0x00000d60      0x1f8 .\CortexM3\ARM_GCC_541\Debug\hwTask2.a(cyPm.o)
 .debug_frame   0x00000f58       0xe8 .\CortexM3\ARM_GCC_541\Debug\hwTask2.a(PWM_2.o)
 .debug_frame   0x00001040      0x1dc .\CortexM3\ARM_GCC_541\Debug\hwTask2.a(USBUART_1.o)
 .debug_frame   0x0000121c      0x27c .\CortexM3\ARM_GCC_541\Debug\hwTask2.a(USBUART_1_cdc.o)
 .debug_frame   0x00001498      0x194 .\CortexM3\ARM_GCC_541\Debug\hwTask2.a(USBUART_1_drv.o)
 .debug_frame   0x0000162c       0x6c .\CortexM3\ARM_GCC_541\Debug\hwTask2.a(USBUART_1_episr.o)
 .debug_frame   0x00001698       0xa0 .\CortexM3\ARM_GCC_541\Debug\hwTask2.a(USBUART_1_pm.o)
 .debug_frame   0x00001738      0x17c .\CortexM3\ARM_GCC_541\Debug\hwTask2.a(USBUART_1_std.o)
 .debug_frame   0x000018b4       0x20 .\CortexM3\ARM_GCC_541\Debug\hwTask2.a(USBUART_1_vnd.o)
 .debug_frame   0x000018d4      0x108 .\CortexM3\ARM_GCC_541\Debug\hwTask2.a(Timer_1.o)
 .debug_frame   0x000019dc       0x70 .\CortexM3\ARM_GCC_541\Debug\hwTask2.a(USBUART_1_Dp.o)
 .debug_frame   0x00001a4c       0xec .\CortexM3\ARM_GCC_541\Debug\hwTask2.a(QuadDec_M2.o)
 .debug_frame   0x00001b38       0x20 .\CortexM3\ARM_GCC_541\Debug\hwTask2.a(QuadDec_M2_INT.o)
 .debug_frame   0x00001b58      0x134 .\CortexM3\ARM_GCC_541\Debug\hwTask2.a(QuadDec_M2_Cnt16.o)
 .debug_frame   0x00001c8c      0x104 .\CortexM3\ARM_GCC_541\Debug\hwTask2.a(isr_1.o)
 .debug_frame   0x00001d90      0x194 .\CortexM3\ARM_GCC_541\Debug\hwTask2.a(CyFlash.o)
 .debug_frame   0x00001f24      0x180 .\CortexM3\ARM_GCC_541\Debug\hwTask2.a(CySpc.o)
 .debug_frame   0x000020a4       0x2c .\CortexM3\ARM_GCC_541\Debug\hwTask2.a(USBUART_1_cls.o)
 .debug_frame   0x000020d0       0x20 c:/program files (x86)/cypress/psoc creator/4.4/psoc creator/import/gnu/arm/5.4.1/bin/../lib/gcc/arm-none-eabi/5.4.1/../../../../arm-none-eabi/lib/armv7-m\libg_nano.a(lib_a-errno.o)
 .debug_frame   0x000020f0       0x28 c:/program files (x86)/cypress/psoc creator/4.4/psoc creator/import/gnu/arm/5.4.1/bin/../lib/gcc/arm-none-eabi/5.4.1/../../../../arm-none-eabi/lib/armv7-m\libg_nano.a(lib_a-exit.o)
 .debug_frame   0x00002118       0x2c c:/program files (x86)/cypress/psoc creator/4.4/psoc creator/import/gnu/arm/5.4.1/bin/../lib/gcc/arm-none-eabi/5.4.1/../../../../arm-none-eabi/lib/armv7-m\libg_nano.a(lib_a-init.o)
 .debug_frame   0x00002144       0x28 c:/program files (x86)/cypress/psoc creator/4.4/psoc creator/import/gnu/arm/5.4.1/bin/../lib/gcc/arm-none-eabi/5.4.1/../../../../arm-none-eabi/lib/armv7-m\libg_nano.a(lib_a-memcpy-stub.o)
 .debug_frame   0x0000216c       0x20 c:/program files (x86)/cypress/psoc creator/4.4/psoc creator/import/gnu/arm/5.4.1/bin/../lib/gcc/arm-none-eabi/5.4.1/../../../../arm-none-eabi/lib/armv7-m\libg_nano.a(lib_a-memset.o)
 .debug_frame   0x0000218c       0x70 c:/program files (x86)/cypress/psoc creator/4.4/psoc creator/import/gnu/arm/5.4.1/bin/../lib/gcc/arm-none-eabi/5.4.1/../../../../arm-none-eabi/lib/armv7-m\libg_nano.a(lib_a-sprintf.o)
 .debug_frame   0x000021fc       0x90 c:/program files (x86)/cypress/psoc creator/4.4/psoc creator/import/gnu/arm/5.4.1/bin/../lib/gcc/arm-none-eabi/5.4.1/../../../../arm-none-eabi/lib/armv7-m\libg_nano.a(lib_a-nano-svfprintf.o)
 .debug_frame   0x0000228c       0x60 c:/program files (x86)/cypress/psoc creator/4.4/psoc creator/import/gnu/arm/5.4.1/bin/../lib/gcc/arm-none-eabi/5.4.1/../../../../arm-none-eabi/lib/armv7-m\libg_nano.a(lib_a-nano-vfprintf_i.o)
 .debug_frame   0x000022ec       0x28 c:/program files (x86)/cypress/psoc creator/4.4/psoc creator/import/gnu/arm/5.4.1/bin/../lib/gcc/arm-none-eabi/5.4.1/../../../../arm-none-eabi/lib/armv7-m\libg_nano.a(lib_a-memchr-stub.o)
 .debug_frame   0x00002314       0x28 c:/program files (x86)/cypress/psoc creator/4.4/psoc creator/import/gnu/arm/5.4.1/bin/../lib/gcc/arm-none-eabi/5.4.1/../../../../arm-none-eabi/lib/armv7-m\libg_nano.a(lib_a-memmove.o)
 .debug_frame   0x0000233c       0x38 c:/program files (x86)/cypress/psoc creator/4.4/psoc creator/import/gnu/arm/5.4.1/bin/../lib/gcc/arm-none-eabi/5.4.1/../../../../arm-none-eabi/lib/armv7-m\libg_nano.a(lib_a-nano-freer.o)
 .debug_frame   0x00002374       0x2c c:/program files (x86)/cypress/psoc creator/4.4/psoc creator/import/gnu/arm/5.4.1/bin/../lib/gcc/arm-none-eabi/5.4.1/../../../../arm-none-eabi/lib/armv7-m\libg_nano.a(lib_a-nano-mallocr.o)
 .debug_frame   0x000023a0       0x3c c:/program files (x86)/cypress/psoc creator/4.4/psoc creator/import/gnu/arm/5.4.1/bin/../lib/gcc/arm-none-eabi/5.4.1/../../../../arm-none-eabi/lib/armv7-m\libg_nano.a(lib_a-nano-reallocr.o)
 .debug_frame   0x000023dc       0x2c c:/program files (x86)/cypress/psoc creator/4.4/psoc creator/import/gnu/arm/5.4.1/bin/../lib/gcc/arm-none-eabi/5.4.1/../../../../arm-none-eabi/lib/armv7-m\libg_nano.a(lib_a-sbrkr.o)
 .debug_frame   0x00002408       0x30 c:/program files (x86)/cypress/psoc creator/4.4/psoc creator/import/gnu/arm/5.4.1/bin/../lib/gcc/arm-none-eabi/5.4.1/../../../../arm-none-eabi/lib/armv7-m\libg_nano.a(lib_a-mlock.o)
 .debug_frame   0x00002438       0x20 c:/program files (x86)/cypress/psoc creator/4.4/psoc creator/import/gnu/arm/5.4.1/bin/../lib/gcc/arm-none-eabi/5.4.1/../../../../arm-none-eabi/lib/armv7-m\libg_nano.a(lib_a-nano-msizer.o)
 .debug_frame   0x00002458       0x5c c:/program files (x86)/cypress/psoc creator/4.4/psoc creator/import/gnu/arm/5.4.1/bin/../lib/gcc/arm-none-eabi/5.4.1/../../../../arm-none-eabi/lib/armv7-m\libg_nano.a(lib_a-reent.o)

.debug_str      0x00000000     0x3340
 *(.debug_str)
 .debug_str     0x00000000      0x367 .\CortexM3\ARM_GCC_541\Debug\main.o
                                0x3b5 (size before relaxing)
 .debug_str     0x00000367      0x180 .\CortexM3\ARM_GCC_541\Debug\cyfitter_cfg.o
                                0x320 (size before relaxing)
 .debug_str     0x000004e7       0x7f .\CortexM3\ARM_GCC_541\Debug\cymetadata.o
                                0x1ef (size before relaxing)
 .debug_str     0x00000566      0x13e .\CortexM3\ARM_GCC_541\Debug\Cm3Start.o
                                0x315 (size before relaxing)
 .debug_str     0x000006a4      0x170 .\CortexM3\ARM_GCC_541\Debug\hwTask2.a(Clock_PWM.o)
                                0x311 (size before relaxing)
 .debug_str     0x00000814      0x1ab .\CortexM3\ARM_GCC_541\Debug\hwTask2.a(QuadDec_M1.o)
                                0x3a5 (size before relaxing)
 .debug_str     0x000009bf       0x4b .\CortexM3\ARM_GCC_541\Debug\hwTask2.a(QuadDec_M1_INT.o)
                                0x1fd (size before relaxing)
 .debug_str     0x00000a0a      0x109 .\CortexM3\ARM_GCC_541\Debug\hwTask2.a(PWM_1.o)
                                0x2d8 (size before relaxing)
 .debug_str     0x00000b13      0x1dd .\CortexM3\ARM_GCC_541\Debug\hwTask2.a(QuadDec_M1_Cnt16.o)
                                0x434 (size before relaxing)
 .debug_str     0x00000cf0      0x7ed .\CortexM3\ARM_GCC_541\Debug\hwTask2.a(CyLib.o)
                                0xa52 (size before relaxing)
 .debug_str     0x000014dd      0x365 .\CortexM3\ARM_GCC_541\Debug\hwTask2.a(cyPm.o)
                                0x73e (size before relaxing)
 .debug_str     0x00001842       0xd8 .\CortexM3\ARM_GCC_541\Debug\hwTask2.a(PWM_2.o)
                                0x2d8 (size before relaxing)
 .debug_str     0x0000191a      0x456 .\CortexM3\ARM_GCC_541\Debug\hwTask2.a(USBUART_1.o)
                                0x6c5 (size before relaxing)
 .debug_str     0x00001d70      0x54d .\CortexM3\ARM_GCC_541\Debug\hwTask2.a(USBUART_1_cdc.o)
                                0x846 (size before relaxing)
 .debug_str     0x000022bd      0x2c1 .\CortexM3\ARM_GCC_541\Debug\hwTask2.a(USBUART_1_drv.o)
                                0x6a7 (size before relaxing)
 .debug_str     0x0000257e       0x8c .\CortexM3\ARM_GCC_541\Debug\hwTask2.a(USBUART_1_episr.o)
                                0x300 (size before relaxing)
 .debug_str     0x0000260a       0xe6 .\CortexM3\ARM_GCC_541\Debug\hwTask2.a(USBUART_1_pm.o)
                                0x313 (size before relaxing)
 .debug_str     0x000026f0      0x27b .\CortexM3\ARM_GCC_541\Debug\hwTask2.a(USBUART_1_std.o)
                                0x81c (size before relaxing)
 .debug_str     0x0000296b       0x27 .\CortexM3\ARM_GCC_541\Debug\hwTask2.a(USBUART_1_vnd.o)
                                0x1fe (size before relaxing)
 .debug_str     0x00002992      0x134 .\CortexM3\ARM_GCC_541\Debug\hwTask2.a(Timer_1.o)
                                0x320 (size before relaxing)
 .debug_str     0x00002ac6       0xb0 .\CortexM3\ARM_GCC_541\Debug\hwTask2.a(USBUART_1_Dp.o)
                                0x25a (size before relaxing)
 .debug_str     0x00002b76      0x139 .\CortexM3\ARM_GCC_541\Debug\hwTask2.a(QuadDec_M2.o)
                                0x3a5 (size before relaxing)
 .debug_str     0x00002caf       0x4b .\CortexM3\ARM_GCC_541\Debug\hwTask2.a(QuadDec_M2_INT.o)
                                0x1fd (size before relaxing)
 .debug_str     0x00002cfa      0x1ce .\CortexM3\ARM_GCC_541\Debug\hwTask2.a(QuadDec_M2_Cnt16.o)
                                0x434 (size before relaxing)
 .debug_str     0x00002ec8       0xd8 .\CortexM3\ARM_GCC_541\Debug\hwTask2.a(isr_1.o)
                                0x2b1 (size before relaxing)
 .debug_str     0x00002fa0      0x1bb .\CortexM3\ARM_GCC_541\Debug\hwTask2.a(CyFlash.o)
                                0x3cb (size before relaxing)
 .debug_str     0x0000315b       0xac .\CortexM3\ARM_GCC_541\Debug\hwTask2.a(CySpc.o)
                                0x343 (size before relaxing)
 .debug_str     0x00003207       0x27 .\CortexM3\ARM_GCC_541\Debug\hwTask2.a(USBUART_1_cls.o)
                                0x2c5 (size before relaxing)
 .debug_str     0x0000322e      0x112 .\CortexM3\ARM_GCC_541\Debug\hwTask2.a(USBUART_1_descr.o)
                                0x37e (size before relaxing)

.debug_loc      0x00000000     0x32be
 *(.debug_loc)
 .debug_loc     0x00000000       0x3f .\CortexM3\ARM_GCC_541\Debug\main.o
 .debug_loc     0x0000003f      0x1d7 .\CortexM3\ARM_GCC_541\Debug\cyfitter_cfg.o
 .debug_loc     0x00000216      0x144 .\CortexM3\ARM_GCC_541\Debug\Cm3Start.o
 .debug_loc     0x0000035a      0x128 .\CortexM3\ARM_GCC_541\Debug\hwTask2.a(Clock_PWM.o)
 .debug_loc     0x00000482       0xb9 .\CortexM3\ARM_GCC_541\Debug\hwTask2.a(QuadDec_M1.o)
 .debug_loc     0x0000053b       0x13 .\CortexM3\ARM_GCC_541\Debug\hwTask2.a(QuadDec_M1_INT.o)
 .debug_loc     0x0000054e       0x13 .\CortexM3\ARM_GCC_541\Debug\hwTask2.a(PWM_1.o)
 .debug_loc     0x00000561       0x3d .\CortexM3\ARM_GCC_541\Debug\hwTask2.a(QuadDec_M1_Cnt16.o)
 .debug_loc     0x0000059e      0xa11 .\CortexM3\ARM_GCC_541\Debug\hwTask2.a(CyLib.o)
 .debug_loc     0x00000faf      0x1e4 .\CortexM3\ARM_GCC_541\Debug\hwTask2.a(cyPm.o)
 .debug_loc     0x00001193       0x13 .\CortexM3\ARM_GCC_541\Debug\hwTask2.a(PWM_2.o)
 .debug_loc     0x000011a6      0x3e1 .\CortexM3\ARM_GCC_541\Debug\hwTask2.a(USBUART_1.o)
 .debug_loc     0x00001587      0x557 .\CortexM3\ARM_GCC_541\Debug\hwTask2.a(USBUART_1_cdc.o)
 .debug_loc     0x00001ade      0x171 .\CortexM3\ARM_GCC_541\Debug\hwTask2.a(USBUART_1_drv.o)
 .debug_loc     0x00001c4f       0x26 .\CortexM3\ARM_GCC_541\Debug\hwTask2.a(USBUART_1_pm.o)
 .debug_loc     0x00001c75      0x945 .\CortexM3\ARM_GCC_541\Debug\hwTask2.a(USBUART_1_std.o)
 .debug_loc     0x000025ba       0x84 .\CortexM3\ARM_GCC_541\Debug\hwTask2.a(USBUART_1_Dp.o)
 .debug_loc     0x0000263e       0xb9 .\CortexM3\ARM_GCC_541\Debug\hwTask2.a(QuadDec_M2.o)
 .debug_loc     0x000026f7       0x13 .\CortexM3\ARM_GCC_541\Debug\hwTask2.a(QuadDec_M2_INT.o)
 .debug_loc     0x0000270a       0x3d .\CortexM3\ARM_GCC_541\Debug\hwTask2.a(QuadDec_M2_Cnt16.o)
 .debug_loc     0x00002747       0x56 .\CortexM3\ARM_GCC_541\Debug\hwTask2.a(isr_1.o)
 .debug_loc     0x0000279d      0x3b2 .\CortexM3\ARM_GCC_541\Debug\hwTask2.a(CyFlash.o)
 .debug_loc     0x00002b4f      0x705 .\CortexM3\ARM_GCC_541\Debug\hwTask2.a(CySpc.o)
 .debug_loc     0x00003254       0x6a .\CortexM3\ARM_GCC_541\Debug\hwTask2.a(USBUART_1_cls.o)

.debug_macinfo
 *(.debug_macinfo)

.debug_ranges   0x00000000      0xbe8
 *(.debug_ranges)
 .debug_ranges  0x00000000       0x28 .\CortexM3\ARM_GCC_541\Debug\main.o
 .debug_ranges  0x00000028       0x48 .\CortexM3\ARM_GCC_541\Debug\cyfitter_cfg.o
 .debug_ranges  0x00000070       0x38 .\CortexM3\ARM_GCC_541\Debug\Cm3Start.o
 .debug_ranges  0x000000a8       0x60 .\CortexM3\ARM_GCC_541\Debug\hwTask2.a(Clock_PWM.o)
 .debug_ranges  0x00000108       0x50 .\CortexM3\ARM_GCC_541\Debug\hwTask2.a(QuadDec_M1.o)
 .debug_ranges  0x00000158       0x10 .\CortexM3\ARM_GCC_541\Debug\hwTask2.a(QuadDec_M1_INT.o)
 .debug_ranges  0x00000168       0x68 .\CortexM3\ARM_GCC_541\Debug\hwTask2.a(PWM_1.o)
 .debug_ranges  0x000001d0       0x88 .\CortexM3\ARM_GCC_541\Debug\hwTask2.a(QuadDec_M1_Cnt16.o)
 .debug_ranges  0x00000258      0x290 .\CortexM3\ARM_GCC_541\Debug\hwTask2.a(CyLib.o)
 .debug_ranges  0x000004e8       0x88 .\CortexM3\ARM_GCC_541\Debug\hwTask2.a(cyPm.o)
 .debug_ranges  0x00000570       0x68 .\CortexM3\ARM_GCC_541\Debug\hwTask2.a(PWM_2.o)
 .debug_ranges  0x000005d8       0xd0 .\CortexM3\ARM_GCC_541\Debug\hwTask2.a(USBUART_1.o)
 .debug_ranges  0x000006a8       0xd8 .\CortexM3\ARM_GCC_541\Debug\hwTask2.a(USBUART_1_cdc.o)
 .debug_ranges  0x00000780       0x88 .\CortexM3\ARM_GCC_541\Debug\hwTask2.a(USBUART_1_drv.o)
 .debug_ranges  0x00000808       0x30 .\CortexM3\ARM_GCC_541\Debug\hwTask2.a(USBUART_1_episr.o)
 .debug_ranges  0x00000838       0x30 .\CortexM3\ARM_GCC_541\Debug\hwTask2.a(USBUART_1_pm.o)
 .debug_ranges  0x00000868       0x70 .\CortexM3\ARM_GCC_541\Debug\hwTask2.a(USBUART_1_std.o)
 .debug_ranges  0x000008d8       0x10 .\CortexM3\ARM_GCC_541\Debug\hwTask2.a(USBUART_1_vnd.o)
 .debug_ranges  0x000008e8       0x78 .\CortexM3\ARM_GCC_541\Debug\hwTask2.a(Timer_1.o)
 .debug_ranges  0x00000960       0x38 .\CortexM3\ARM_GCC_541\Debug\hwTask2.a(USBUART_1_Dp.o)
 .debug_ranges  0x00000998       0x50 .\CortexM3\ARM_GCC_541\Debug\hwTask2.a(QuadDec_M2.o)
 .debug_ranges  0x000009e8       0x10 .\CortexM3\ARM_GCC_541\Debug\hwTask2.a(QuadDec_M2_INT.o)
 .debug_ranges  0x000009f8       0x88 .\CortexM3\ARM_GCC_541\Debug\hwTask2.a(QuadDec_M2_Cnt16.o)
 .debug_ranges  0x00000a80       0x70 .\CortexM3\ARM_GCC_541\Debug\hwTask2.a(isr_1.o)
 .debug_ranges  0x00000af0       0x78 .\CortexM3\ARM_GCC_541\Debug\hwTask2.a(CyFlash.o)
 .debug_ranges  0x00000b68       0x70 .\CortexM3\ARM_GCC_541\Debug\hwTask2.a(CySpc.o)
 .debug_ranges  0x00000bd8       0x10 .\CortexM3\ARM_GCC_541\Debug\hwTask2.a(USBUART_1_cls.o)

.comment        0x00000000       0x6e
 .comment       0x00000000       0x6e .\CortexM3\ARM_GCC_541\Debug\main.o
                                 0x6f (size before relaxing)
 .comment       0x0000006e       0x6f .\CortexM3\ARM_GCC_541\Debug\cyfitter_cfg.o
 .comment       0x0000006e       0x6f .\CortexM3\ARM_GCC_541\Debug\cymetadata.o
 .comment       0x0000006e       0x6f .\CortexM3\ARM_GCC_541\Debug\Cm3Start.o
 .comment       0x0000006e       0x6f .\CortexM3\ARM_GCC_541\Debug\hwTask2.a(Clock_PWM.o)
 .comment       0x0000006e       0x6f .\CortexM3\ARM_GCC_541\Debug\hwTask2.a(QuadDec_M1.o)
 .comment       0x0000006e       0x6f .\CortexM3\ARM_GCC_541\Debug\hwTask2.a(QuadDec_M1_INT.o)
 .comment       0x0000006e       0x6f .\CortexM3\ARM_GCC_541\Debug\hwTask2.a(PWM_1.o)
 .comment       0x0000006e       0x6f .\CortexM3\ARM_GCC_541\Debug\hwTask2.a(QuadDec_M1_Cnt16.o)
 .comment       0x0000006e       0x6f .\CortexM3\ARM_GCC_541\Debug\hwTask2.a(CyLib.o)
 .comment       0x0000006e       0x6f .\CortexM3\ARM_GCC_541\Debug\hwTask2.a(cyPm.o)
 .comment       0x0000006e       0x6f .\CortexM3\ARM_GCC_541\Debug\hwTask2.a(PWM_2.o)
 .comment       0x0000006e       0x6f .\CortexM3\ARM_GCC_541\Debug\hwTask2.a(USBUART_1.o)
 .comment       0x0000006e       0x6f .\CortexM3\ARM_GCC_541\Debug\hwTask2.a(USBUART_1_cdc.o)
 .comment       0x0000006e       0x6f .\CortexM3\ARM_GCC_541\Debug\hwTask2.a(USBUART_1_drv.o)
 .comment       0x0000006e       0x6f .\CortexM3\ARM_GCC_541\Debug\hwTask2.a(USBUART_1_episr.o)
 .comment       0x0000006e       0x6f .\CortexM3\ARM_GCC_541\Debug\hwTask2.a(USBUART_1_pm.o)
 .comment       0x0000006e       0x6f .\CortexM3\ARM_GCC_541\Debug\hwTask2.a(USBUART_1_std.o)
 .comment       0x0000006e       0x6f .\CortexM3\ARM_GCC_541\Debug\hwTask2.a(USBUART_1_vnd.o)
 .comment       0x0000006e       0x6f .\CortexM3\ARM_GCC_541\Debug\hwTask2.a(Timer_1.o)
 .comment       0x0000006e       0x6f .\CortexM3\ARM_GCC_541\Debug\hwTask2.a(USBUART_1_Dp.o)
 .comment       0x0000006e       0x6f .\CortexM3\ARM_GCC_541\Debug\hwTask2.a(QuadDec_M2.o)
 .comment       0x0000006e       0x6f .\CortexM3\ARM_GCC_541\Debug\hwTask2.a(QuadDec_M2_INT.o)
 .comment       0x0000006e       0x6f .\CortexM3\ARM_GCC_541\Debug\hwTask2.a(QuadDec_M2_Cnt16.o)
 .comment       0x0000006e       0x6f .\CortexM3\ARM_GCC_541\Debug\hwTask2.a(isr_1.o)
 .comment       0x0000006e       0x6f .\CortexM3\ARM_GCC_541\Debug\hwTask2.a(CyFlash.o)
 .comment       0x0000006e       0x6f .\CortexM3\ARM_GCC_541\Debug\hwTask2.a(CySpc.o)
 .comment       0x0000006e       0x6f .\CortexM3\ARM_GCC_541\Debug\hwTask2.a(USBUART_1_cls.o)
 .comment       0x0000006e       0x6f .\CortexM3\ARM_GCC_541\Debug\hwTask2.a(USBUART_1_descr.o)

.debug_weaknames
 *(.debug_weaknames)

.debug_funcnames
 *(.debug_funcnames)

.debug_typenames
 *(.debug_typenames)

.debug_varnames
 *(.debug_varnames)

.note.gnu.arm.ident
 *(.note.gnu.arm.ident)

.ARM.attributes
                0x00000000       0x29
 *(.ARM.attributes)
 .ARM.attributes
                0x00000000       0x1d c:/program files (x86)/cypress/psoc creator/4.4/psoc creator/import/gnu/arm/5.4.1/bin/../lib/gcc/arm-none-eabi/5.4.1/armv7-m/crti.o
 .ARM.attributes
                0x0000001d       0x2d c:/program files (x86)/cypress/psoc creator/4.4/psoc creator/import/gnu/arm/5.4.1/bin/../lib/gcc/arm-none-eabi/5.4.1/armv7-m/crtbegin.o
 .ARM.attributes
                0x0000004a       0x1b c:/program files (x86)/cypress/psoc creator/4.4/psoc creator/import/gnu/arm/5.4.1/bin/../lib/gcc/arm-none-eabi/5.4.1/../../../../arm-none-eabi/lib/armv7-m/crt0.o
 .ARM.attributes
                0x00000065       0x33 .\CortexM3\ARM_GCC_541\Debug\main.o
 .ARM.attributes
                0x00000098       0x33 .\CortexM3\ARM_GCC_541\Debug\cyfitter_cfg.o
 .ARM.attributes
                0x000000cb       0x33 .\CortexM3\ARM_GCC_541\Debug\cymetadata.o
 .ARM.attributes
                0x000000fe       0x33 .\CortexM3\ARM_GCC_541\Debug\Cm3Start.o
 .ARM.attributes
                0x00000131       0x33 .\CortexM3\ARM_GCC_541\Debug\hwTask2.a(Clock_PWM.o)
 .ARM.attributes
                0x00000164       0x33 .\CortexM3\ARM_GCC_541\Debug\hwTask2.a(QuadDec_M1.o)
 .ARM.attributes
                0x00000197       0x33 .\CortexM3\ARM_GCC_541\Debug\hwTask2.a(QuadDec_M1_INT.o)
 .ARM.attributes
                0x000001ca       0x33 .\CortexM3\ARM_GCC_541\Debug\hwTask2.a(PWM_1.o)
 .ARM.attributes
                0x000001fd       0x33 .\CortexM3\ARM_GCC_541\Debug\hwTask2.a(QuadDec_M1_Cnt16.o)
 .ARM.attributes
                0x00000230       0x33 .\CortexM3\ARM_GCC_541\Debug\hwTask2.a(CyLib.o)
 .ARM.attributes
                0x00000263       0x33 .\CortexM3\ARM_GCC_541\Debug\hwTask2.a(cyPm.o)
 .ARM.attributes
                0x00000296       0x33 .\CortexM3\ARM_GCC_541\Debug\hwTask2.a(PWM_2.o)
 .ARM.attributes
                0x000002c9       0x33 .\CortexM3\ARM_GCC_541\Debug\hwTask2.a(USBUART_1.o)
 .ARM.attributes
                0x000002fc       0x33 .\CortexM3\ARM_GCC_541\Debug\hwTask2.a(USBUART_1_cdc.o)
 .ARM.attributes
                0x0000032f       0x33 .\CortexM3\ARM_GCC_541\Debug\hwTask2.a(USBUART_1_drv.o)
 .ARM.attributes
                0x00000362       0x33 .\CortexM3\ARM_GCC_541\Debug\hwTask2.a(USBUART_1_episr.o)
 .ARM.attributes
                0x00000395       0x33 .\CortexM3\ARM_GCC_541\Debug\hwTask2.a(USBUART_1_pm.o)
 .ARM.attributes
                0x000003c8       0x33 .\CortexM3\ARM_GCC_541\Debug\hwTask2.a(USBUART_1_std.o)
 .ARM.attributes
                0x000003fb       0x33 .\CortexM3\ARM_GCC_541\Debug\hwTask2.a(USBUART_1_vnd.o)
 .ARM.attributes
                0x0000042e       0x33 .\CortexM3\ARM_GCC_541\Debug\hwTask2.a(Timer_1.o)
 .ARM.attributes
                0x00000461       0x33 .\CortexM3\ARM_GCC_541\Debug\hwTask2.a(USBUART_1_Dp.o)
 .ARM.attributes
                0x00000494       0x33 .\CortexM3\ARM_GCC_541\Debug\hwTask2.a(QuadDec_M2.o)
 .ARM.attributes
                0x000004c7       0x33 .\CortexM3\ARM_GCC_541\Debug\hwTask2.a(QuadDec_M2_INT.o)
 .ARM.attributes
                0x000004fa       0x33 .\CortexM3\ARM_GCC_541\Debug\hwTask2.a(QuadDec_M2_Cnt16.o)
 .ARM.attributes
                0x0000052d       0x33 .\CortexM3\ARM_GCC_541\Debug\hwTask2.a(isr_1.o)
 .ARM.attributes
                0x00000560       0x21 .\CortexM3\ARM_GCC_541\Debug\hwTask2.a(CyBootAsmGnu.o)
 .ARM.attributes
                0x00000581       0x33 .\CortexM3\ARM_GCC_541\Debug\hwTask2.a(CyFlash.o)
 .ARM.attributes
                0x000005b4       0x33 .\CortexM3\ARM_GCC_541\Debug\hwTask2.a(CySpc.o)
 .ARM.attributes
                0x000005e7       0x33 .\CortexM3\ARM_GCC_541\Debug\hwTask2.a(USBUART_1_cls.o)
 .ARM.attributes
                0x0000061a       0x33 .\CortexM3\ARM_GCC_541\Debug\hwTask2.a(USBUART_1_descr.o)
 .ARM.attributes
                0x0000064d       0x1d c:/program files (x86)/cypress/psoc creator/4.4/psoc creator/import/gnu/arm/5.4.1/bin/../lib/gcc/arm-none-eabi/5.4.1/armv7-m\libgcc.a(_arm_addsubdf3.o)
 .ARM.attributes
                0x0000066a       0x1d c:/program files (x86)/cypress/psoc creator/4.4/psoc creator/import/gnu/arm/5.4.1/bin/../lib/gcc/arm-none-eabi/5.4.1/armv7-m\libgcc.a(_arm_muldivdf3.o)
 .ARM.attributes
                0x00000687       0x1d c:/program files (x86)/cypress/psoc creator/4.4/psoc creator/import/gnu/arm/5.4.1/bin/../lib/gcc/arm-none-eabi/5.4.1/armv7-m\libgcc.a(_arm_fixunsdfsi.o)
 .ARM.attributes
                0x000006a4       0x2d c:/program files (x86)/cypress/psoc creator/4.4/psoc creator/import/gnu/arm/5.4.1/bin/../lib/gcc/arm-none-eabi/5.4.1/../../../../arm-none-eabi/lib/armv7-m\libg_nano.a(lib_a-errno.o)
 .ARM.attributes
                0x000006d1       0x2d c:/program files (x86)/cypress/psoc creator/4.4/psoc creator/import/gnu/arm/5.4.1/bin/../lib/gcc/arm-none-eabi/5.4.1/../../../../arm-none-eabi/lib/armv7-m\libg_nano.a(lib_a-exit.o)
 .ARM.attributes
                0x000006fe       0x2d c:/program files (x86)/cypress/psoc creator/4.4/psoc creator/import/gnu/arm/5.4.1/bin/../lib/gcc/arm-none-eabi/5.4.1/../../../../arm-none-eabi/lib/armv7-m\libg_nano.a(lib_a-impure.o)
 .ARM.attributes
                0x0000072b       0x2d c:/program files (x86)/cypress/psoc creator/4.4/psoc creator/import/gnu/arm/5.4.1/bin/../lib/gcc/arm-none-eabi/5.4.1/../../../../arm-none-eabi/lib/armv7-m\libg_nano.a(lib_a-init.o)
 .ARM.attributes
                0x00000758       0x2d c:/program files (x86)/cypress/psoc creator/4.4/psoc creator/import/gnu/arm/5.4.1/bin/../lib/gcc/arm-none-eabi/5.4.1/../../../../arm-none-eabi/lib/armv7-m\libg_nano.a(lib_a-memcpy-stub.o)
 .ARM.attributes
                0x00000785       0x2d c:/program files (x86)/cypress/psoc creator/4.4/psoc creator/import/gnu/arm/5.4.1/bin/../lib/gcc/arm-none-eabi/5.4.1/../../../../arm-none-eabi/lib/armv7-m\libg_nano.a(lib_a-memset.o)
 .ARM.attributes
                0x000007b2       0x2d c:/program files (x86)/cypress/psoc creator/4.4/psoc creator/import/gnu/arm/5.4.1/bin/../lib/gcc/arm-none-eabi/5.4.1/../../../../arm-none-eabi/lib/armv7-m\libg_nano.a(lib_a-sprintf.o)
 .ARM.attributes
                0x000007df       0x17 c:/program files (x86)/cypress/psoc creator/4.4/psoc creator/import/gnu/arm/5.4.1/bin/../lib/gcc/arm-none-eabi/5.4.1/../../../../arm-none-eabi/lib/armv7-m\libg_nano.a(lib_a-strlen.o)
 .ARM.attributes
                0x000007f6       0x2d c:/program files (x86)/cypress/psoc creator/4.4/psoc creator/import/gnu/arm/5.4.1/bin/../lib/gcc/arm-none-eabi/5.4.1/../../../../arm-none-eabi/lib/armv7-m\libg_nano.a(lib_a-nano-svfprintf.o)
 .ARM.attributes
                0x00000823       0x2d c:/program files (x86)/cypress/psoc creator/4.4/psoc creator/import/gnu/arm/5.4.1/bin/../lib/gcc/arm-none-eabi/5.4.1/../../../../arm-none-eabi/lib/armv7-m\libg_nano.a(lib_a-nano-vfprintf_i.o)
 .ARM.attributes
                0x00000850       0x2d c:/program files (x86)/cypress/psoc creator/4.4/psoc creator/import/gnu/arm/5.4.1/bin/../lib/gcc/arm-none-eabi/5.4.1/../../../../arm-none-eabi/lib/armv7-m\libg_nano.a(lib_a-memchr-stub.o)
 .ARM.attributes
                0x0000087d       0x2d c:/program files (x86)/cypress/psoc creator/4.4/psoc creator/import/gnu/arm/5.4.1/bin/../lib/gcc/arm-none-eabi/5.4.1/../../../../arm-none-eabi/lib/armv7-m\libg_nano.a(lib_a-memmove.o)
 .ARM.attributes
                0x000008aa       0x2d c:/program files (x86)/cypress/psoc creator/4.4/psoc creator/import/gnu/arm/5.4.1/bin/../lib/gcc/arm-none-eabi/5.4.1/../../../../arm-none-eabi/lib/armv7-m\libg_nano.a(lib_a-nano-freer.o)
 .ARM.attributes
                0x000008d7       0x2d c:/program files (x86)/cypress/psoc creator/4.4/psoc creator/import/gnu/arm/5.4.1/bin/../lib/gcc/arm-none-eabi/5.4.1/../../../../arm-none-eabi/lib/armv7-m\libg_nano.a(lib_a-nano-mallocr.o)
 .ARM.attributes
                0x00000904       0x2d c:/program files (x86)/cypress/psoc creator/4.4/psoc creator/import/gnu/arm/5.4.1/bin/../lib/gcc/arm-none-eabi/5.4.1/../../../../arm-none-eabi/lib/armv7-m\libg_nano.a(lib_a-nano-reallocr.o)
 .ARM.attributes
                0x00000931       0x2d c:/program files (x86)/cypress/psoc creator/4.4/psoc creator/import/gnu/arm/5.4.1/bin/../lib/gcc/arm-none-eabi/5.4.1/../../../../arm-none-eabi/lib/armv7-m\libg_nano.a(lib_a-sbrkr.o)
 .ARM.attributes
                0x0000095e       0x2d c:/program files (x86)/cypress/psoc creator/4.4/psoc creator/import/gnu/arm/5.4.1/bin/../lib/gcc/arm-none-eabi/5.4.1/../../../../arm-none-eabi/lib/armv7-m\libg_nano.a(lib_a-mlock.o)
 .ARM.attributes
                0x0000098b       0x2d c:/program files (x86)/cypress/psoc creator/4.4/psoc creator/import/gnu/arm/5.4.1/bin/../lib/gcc/arm-none-eabi/5.4.1/../../../../arm-none-eabi/lib/armv7-m\libg_nano.a(lib_a-nano-msizer.o)
 .ARM.attributes
                0x000009b8       0x2d c:/program files (x86)/cypress/psoc creator/4.4/psoc creator/import/gnu/arm/5.4.1/bin/../lib/gcc/arm-none-eabi/5.4.1/../../../../arm-none-eabi/lib/armv7-m\libg_nano.a(lib_a-reent.o)
 .ARM.attributes
                0x000009e5       0x2d c:/program files (x86)/cypress/psoc creator/4.4/psoc creator/import/gnu/arm/5.4.1/bin/../lib/gcc/arm-none-eabi/5.4.1/armv7-m/crtend.o
 .ARM.attributes
                0x00000a12       0x1d c:/program files (x86)/cypress/psoc creator/4.4/psoc creator/import/gnu/arm/5.4.1/bin/../lib/gcc/arm-none-eabi/5.4.1/armv7-m/crtn.o

/DISCARD/
 *(.note.GNU-stack)
OUTPUT(C:\Users\Caleb Wong\Documents\COMPSYS 301\HWtask\Hardware_task\hwTask2.cydsn\CortexM3\ARM_GCC_541\Debug\hwTask2.elf elf32-littlearm)