Archive member included to satisfy reference by file (symbol)

.\CortexM3\ARM_GCC_541\Debug\hwTask2.a(Clock_PWM.o)
                              .\CortexM3\ARM_GCC_541\Debug\main.o (Clock_PWM_Start)
.\CortexM3\ARM_GCC_541\Debug\hwTask2.a(QuadDec_M1.o)
                              .\CortexM3\ARM_GCC_541\Debug\main.o (QuadDec_M1_GetCounter)
.\CortexM3\ARM_GCC_541\Debug\hwTask2.a(QuadDec_M1_INT.o)
                              .\CortexM3\ARM_GCC_541\Debug\hwTask2.a(QuadDec_M1.o) (QuadDec_M1_ISR)
.\CortexM3\ARM_GCC_541\Debug\hwTask2.a(PWM_1.o)
                              .\CortexM3\ARM_GCC_541\Debug\main.o (PWM_1_WritePeriod)
.\CortexM3\ARM_GCC_541\Debug\hwTask2.a(QuadDec_M1_Cnt16.o)
                              .\CortexM3\ARM_GCC_541\Debug\hwTask2.a(QuadDec_M1.o) (QuadDec_M1_Cnt16_Stop)
.\CortexM3\ARM_GCC_541\Debug\hwTask2.a(CyLib.o)
                              .\CortexM3\ARM_GCC_541\Debug\Cm3Start.o (CyHalt)
.\CortexM3\ARM_GCC_541\Debug\hwTask2.a(cyPm.o)
                              .\CortexM3\ARM_GCC_541\Debug\hwTask2.a(CyLib.o) (CyPmReadStatus)
.\CortexM3\ARM_GCC_541\Debug\hwTask2.a(PWM_2.o)
                              .\CortexM3\ARM_GCC_541\Debug\main.o (PWM_2_WritePeriod)
.\CortexM3\ARM_GCC_541\Debug\hwTask2.a(USBUART_1.o)
                              .\CortexM3\ARM_GCC_541\Debug\main.o (USBUART_1_Start)
.\CortexM3\ARM_GCC_541\Debug\hwTask2.a(USBUART_1_cdc.o)
                              .\CortexM3\ARM_GCC_541\Debug\main.o (USBUART_1_PutData)
.\CortexM3\ARM_GCC_541\Debug\hwTask2.a(USBUART_1_drv.o)
                              .\CortexM3\ARM_GCC_541\Debug\hwTask2.a(USBUART_1.o) (USBUART_1_lastPacketSize)
.\CortexM3\ARM_GCC_541\Debug\hwTask2.a(USBUART_1_episr.o)
                              .\CortexM3\ARM_GCC_541\Debug\hwTask2.a(USBUART_1.o) (USBUART_1_EP_1_ISR)
.\CortexM3\ARM_GCC_541\Debug\hwTask2.a(USBUART_1_pm.o)
                              .\CortexM3\ARM_GCC_541\Debug\hwTask2.a(USBUART_1.o) (USBUART_1_DP_ISR)
.\CortexM3\ARM_GCC_541\Debug\hwTask2.a(USBUART_1_std.o)
                              .\CortexM3\ARM_GCC_541\Debug\hwTask2.a(USBUART_1_pm.o) (USBUART_1_ConfigReg)
.\CortexM3\ARM_GCC_541\Debug\hwTask2.a(USBUART_1_vnd.o)
                              .\CortexM3\ARM_GCC_541\Debug\hwTask2.a(USBUART_1_drv.o) (USBUART_1_HandleVendorRqst)
.\CortexM3\ARM_GCC_541\Debug\hwTask2.a(Timer_1.o)
                              .\CortexM3\ARM_GCC_541\Debug\main.o (Timer_1_ReadStatusRegister)
.\CortexM3\ARM_GCC_541\Debug\hwTask2.a(USBUART_1_Dp.o)
                              .\CortexM3\ARM_GCC_541\Debug\hwTask2.a(USBUART_1.o) (USBUART_1_Dp_ClearInterrupt)
.\CortexM3\ARM_GCC_541\Debug\hwTask2.a(QuadDec_M2.o)
                              .\CortexM3\ARM_GCC_541\Debug\main.o (QuadDec_M2_GetCounter)
.\CortexM3\ARM_GCC_541\Debug\hwTask2.a(QuadDec_M2_INT.o)
                              .\CortexM3\ARM_GCC_541\Debug\hwTask2.a(QuadDec_M2.o) (QuadDec_M2_ISR)
.\CortexM3\ARM_GCC_541\Debug\hwTask2.a(QuadDec_M2_Cnt16.o)
                              .\CortexM3\ARM_GCC_541\Debug\hwTask2.a(QuadDec_M2.o) (QuadDec_M2_Cnt16_Stop)
.\CortexM3\ARM_GCC_541\Debug\hwTask2.a(isr_1.o)
                              .\CortexM3\ARM_GCC_541\Debug\main.o (isr_1_StartEx)
.\CortexM3\ARM_GCC_541\Debug\hwTask2.a(CyBootAsmGnu.o)
                              .\CortexM3\ARM_GCC_541\Debug\cyfitter_cfg.o (CyDelayCycles)
.\CortexM3\ARM_GCC_541\Debug\hwTask2.a(CyFlash.o)
                              .\CortexM3\ARM_GCC_541\Debug\hwTask2.a(cyPm.o) (CyFlash_SetWaitCycles)
.\CortexM3\ARM_GCC_541\Debug\hwTask2.a(CySpc.o)
                              .\CortexM3\ARM_GCC_541\Debug\hwTask2.a(CyFlash.o) (CySpcStart)
.\CortexM3\ARM_GCC_541\Debug\hwTask2.a(USBUART_1_cls.o)
                              .\CortexM3\ARM_GCC_541\Debug\hwTask2.a(USBUART_1_drv.o) (USBUART_1_DispatchClassRqst)
.\CortexM3\ARM_GCC_541\Debug\hwTask2.a(USBUART_1_descr.o)
                              .\CortexM3\ARM_GCC_541\Debug\hwTask2.a(USBUART_1_std.o) (USBUART_1_idSerialNumberStringDescriptor)
c:/program files (x86)/cypress/psoc creator/4.4/psoc creator/import/gnu/arm/5.4.1/bin/../lib/gcc/arm-none-eabi/5.4.1/armv7-m\libgcc.a(_arm_addsubdf3.o)
                              .\CortexM3\ARM_GCC_541\Debug\main.o (__aeabi_i2d)
c:/program files (x86)/cypress/psoc creator/4.4/psoc creator/import/gnu/arm/5.4.1/bin/../lib/gcc/arm-none-eabi/5.4.1/armv7-m\libgcc.a(_arm_muldivdf3.o)
                              .\CortexM3\ARM_GCC_541\Debug\main.o (__aeabi_dmul)
c:/program files (x86)/cypress/psoc creator/4.4/psoc creator/import/gnu/arm/5.4.1/bin/../lib/gcc/arm-none-eabi/5.4.1/armv7-m\libgcc.a(_arm_fixunsdfsi.o)
                              .\CortexM3\ARM_GCC_541\Debug\main.o (__aeabi_d2uiz)
c:/program files (x86)/cypress/psoc creator/4.4/psoc creator/import/gnu/arm/5.4.1/bin/../lib/gcc/arm-none-eabi/5.4.1/../../../../arm-none-eabi/lib/armv7-m\libg_nano.a(lib_a-errno.o)
                              .\CortexM3\ARM_GCC_541\Debug\Cm3Start.o (__errno)
[...]
Memory Configuration

Name             Origin             Length             Attributes
rom              0x00000000         0x00040000         xr
ram              0x1fff8000         0x00010000         xrw
*default*        0x00000000         0xffffffff

Linker script and memory map

LOAD c:/program files (x86)/cypress/psoc creator/4.4/psoc creator/import/gnu/arm/5.4.1/bin/../lib/gcc/arm-none-eabi/5.4.1/armv7-m/crti.o
LOAD c:/program files (x86)/cypress/psoc creator/4.4/psoc creator/import/gnu/arm/5.4.1/bin/../lib/gcc/arm-none-eabi/5.4.1/armv7-m/crtbegin.o
LOAD c:/program files (x86)/cypress/psoc creator/4.4/psoc creator/import/gnu/arm/5.4.1/bin/../lib/gcc/arm-none-eabi/5.4.1/../../../../arm-none-eabi/lib/armv7-m/crt0.o
START GROUP
LOAD .\CortexM3\ARM_GCC_541\Debug\main.o
LOAD .\CortexM3\ARM_GCC_541\Debug\cyfitter_cfg.o
LOAD .\CortexM3\ARM_GCC_541\Debug\cymetadata.o
LOAD .\CortexM3\ARM_GCC_541\Debug\Cm3Start.o
LOAD .\CortexM3\ARM_GCC_541\Debug\hwTask2.a
LOAD C:\Program Files (x86)\Cypress\PSoC Creator\4.4\PSoC Creator\psoc\content\cycomponentlibrary\CyComponentLibrary.cylib\CortexM3\ARM_GCC_541\Debug\CyComponentLibrary.a
END GROUP
START GROUP
LOAD c:/program files (x86)/cypress/psoc creator/4.4/psoc creator/import/gnu/arm/5.4.1/bin/../lib/gcc/arm-none-eabi/5.4.1/armv7-m\libgcc.a
LOAD c:/program files (x86)/cypress/psoc creator/4.4/psoc creator/import/gnu/arm/5.4.1/bin/../lib/gcc/arm-none-eabi/5.4.1/../../../../arm-none-eabi/lib/armv7-m\libg_nano.a
LOAD c:/program files (x86)/cypress/psoc creator/4.4/psoc creator/import/gnu/arm/5.4.1/bin/../lib/gcc/arm-none-eabi/5.4.1/../../../../arm-none-eabi/lib/armv7-m\libc_nano.a
END GROUP
START GROUP
LOAD c:/program files (x86)/cypress/psoc creator/4.4/psoc creator/import/gnu/arm/5.4.1/bin/../lib/gcc/arm-none-eabi/5.4.1/armv7-m\libgcc.a
LOAD c:/program files (x86)/cypress/psoc creator/4.4/psoc creator/import/gnu/arm/5.4.1/bin/../lib/gcc/arm-none-eabi/5.4.1/../../../../arm-none-eabi/lib/armv7-m\libc_nano.a
END GROUP
LOAD c:/program files (x86)/cypress/psoc creator/4.4/psoc creator/import/gnu/arm/5.4.1/bin/../lib/gcc/arm-none-eabi/5.4.1/armv7-m/crtend.o
LOAD c:/program files (x86)/cypress/psoc creator/4.4/psoc creator/import/gnu/arm/5.4.1/bin/../lib/gcc/arm-none-eabi/5.4.1/armv7-m/crtn.o
START GROUP
LOAD c:/program files (x86)/cypress/psoc creator/4.4/psoc creator/import/gnu/arm/5.4.1/bin/../lib/gcc/arm-none-eabi/5.4.1/armv7-m\libgcc.a
LOAD c:/program files (x86)/cypress/psoc creator/4.4/psoc creator/import/gnu/arm/5.4.1/bin/../lib/gcc/arm-none-eabi/5.4.1/../../../../arm-none-eabi/lib/armv7-m\libc.a
LOAD c:/program files (x86)/cypress/psoc creator/4.4/psoc creator/import/gnu/arm/5.4.1/bin/../lib/gcc/arm-none-eabi/5.4.1/../../../../arm-none-eabi/lib/armv7-m\libnosys.a
END GROUP
                0x00000000                CY_APPL_ORIGIN = 0x0
                0x00000100                CY_FLASH_ROW_SIZE = 0x100
                0x00000020                CY_ECC_ROW_SIZE = 0x20
                0x00000000                CY_EE_IN_BTLDR = 0x0
                0x00000000                CY_APPL_LOADABLE = 0x0
                0x00000800                CY_EE_SIZE = 0x800
                0x00000001                CY_APPL_NUM = 0x1
                0x00000001                CY_APPL_MAX = 0x1
                0x00000040                CY_METADATA_SIZE = 0x40
                0x00000000                CY_APPL_LOADABLE = 0x0
                0x00000000                CY_CHECKSUM_EXCLUDE_SIZE = ALIGN (0x0, CY_FLASH_ROW_SIZE)
                [!provide]                PROVIDE (__cy_heap_start, _end)
                0x00000001                PROVIDE (__cy_region_num, ((__cy_regions_end - __cy_regions) / 0x10))
                0x20008000                PROVIDE (__cy_stack, (ORIGIN (ram) + LENGTH (ram)))
                [!provide]                PROVIDE (__cy_heap_end, (__cy_stack - 0x800))

.cybootloader   0x00000000        0x0
 *(.cybootloader)
                0x00000000                appl1_start = CY_APPL_ORIGIN?CY_APPL_ORIGIN:ALIGN (CY_FLASH_ROW_SIZE)
                0x0001ff00                appl2_start = (appl1_start + ALIGN ((((LENGTH (rom) - appl1_start) - (0x2 * CY_FLASH_ROW_SIZE)) / 0x2), CY_FLASH_ROW_SIZE))
                0x00000000                appl_start = (CY_APPL_NUM == 0x1)?appl1_start:appl2_start
                0x00000000                ecc_offset = ((appl_start / CY_FLASH_ROW_SIZE) * CY_ECC_ROW_SIZE)
                0x00000000                ee_offset = (CY_APPL_LOADABLE && ! (CY_EE_IN_BTLDR))?((CY_EE_SIZE / CY_APPL_MAX) * (CY_APPL_NUM - 0x1)):0x0
                0x00000800                ee_size = (CY_APPL_LOADABLE && ! (CY_EE_IN_BTLDR))?(CY_EE_SIZE / CY_APPL_MAX):CY_EE_SIZE
                [!provide]                PROVIDE (CY_ECC_OFFSET, ecc_offset)

.text           0x00000000     0x31d4
 CREATE_OBJECT_SYMBOLS
                0x00000000                PROVIDE (__cy_interrupt_vector, RomVectors)
 *(.romvectors)
 .romvectors    0x00000000       0x10 .\CortexM3\ARM_GCC_541\Debug\Cm3Start.o
                0x00000000                RomVectors
                0x00000001                ASSERT ((. != __cy_interrupt_vector), No interrupt vector)
                0x00000001                ASSERT (CY_APPL_ORIGIN?(SIZEOF (.cybootloader) <= CY_APPL_ORIGIN):0x1, Wrong image location)
                0x00000010                PROVIDE (__cy_reset, Reset)
 *(.text.Reset)
 .text.Reset    0x00000010       0x18 .\CortexM3\ARM_GCC_541\Debug\Cm3Start.o
                0x00000010                Reset
                0x00000001                ASSERT ((. != __cy_reset), No reset code)
 *(.dma_init)
                0x00000001                ASSERT ((((appl_start + .) <= 0x10000) || 0x1), DMA Init must be within the first 64k of flash)
 *(.text .text.* .gnu.linkonce.t.*)
 .text          0x00000028       0x5c c:/program files (x86)/cypress/psoc creator/4.4/psoc creator/import/gnu/arm/5.4.1/bin/../lib/gcc/arm-none-eabi/5.4.1/armv7-m/crtbegin.o
 *fill*         0x00000084        0x4 
 .text.isr_TC_handler
                0x00000088       0x94 .\CortexM3\ARM_GCC_541\Debug\main.o
                0x00000088                isr_TC_handler
 .text.usbPutString
                0x0000011c       0x28 .\CortexM3\ARM_GCC_541\Debug\main.o
                0x0000011c                usbPutString
 .text.main     0x00000144       0x98 .\CortexM3\ARM_GCC_541\Debug\main.o
                0x00000144                main
 .text.CyClockStartupError
                0x000001dc        0x4 .\CortexM3\ARM_GCC_541\Debug\cyfitter_cfg.o
 .text.cfg_write_bytes32
                0x000001e0       0x34 .\CortexM3\ARM_GCC_541\Debug\cyfitter_cfg.o
 .text.AnalogSetDefault
                0x00000214       0x28 .\CortexM3\ARM_GCC_541\Debug\cyfitter_cfg.o
 .text.CYMEMZERO
                0x0000023c        0xc .\CortexM3\ARM_GCC_541\Debug\cyfitter_cfg.o
 .text.ClockSetup
                0x00000248       0xcc .\CortexM3\ARM_GCC_541\Debug\cyfitter_cfg.o
 .text.CYCONFIGCPY
                0x00000314        0x8 .\CortexM3\ARM_GCC_541\Debug\cyfitter_cfg.o
 .text.cyfitter_cfg
                0x0000031c      0x124 .\CortexM3\ARM_GCC_541\Debug\cyfitter_cfg.o
                0x0000031c                cyfitter_cfg
 .text.IntDefaultHandler
                0x00000440       0x10 .\CortexM3\ARM_GCC_541\Debug\Cm3Start.o
                0x00000440                IntDefaultHandler
 .text._sbrk    0x00000450       0x30 .\CortexM3\ARM_GCC_541\Debug\Cm3Start.o
                0x00000450                _sbrk
 .text.Start_c  0x00000480       0x4c .\CortexM3\ARM_GCC_541\Debug\Cm3Start.o
                0x00000480                Start_c
 .text.initialize_psoc
                0x000004cc       0x68 .\CortexM3\ARM_GCC_541\Debug\Cm3Start.o
                0x000004cc                initialize_psoc
 .text.Clock_PWM_Start
                0x00000534       0x1c .\CortexM3\ARM_GCC_541\Debug\hwTask2.a(Clock_PWM.o)
                0x00000534                Clock_PWM_Start
 .text.QuadDec_M1_Init
                0x00000550       0x24 .\CortexM3\ARM_GCC_541\Debug\hwTask2.a(QuadDec_M1.o)
                0x00000550                QuadDec_M1_Init
 .text.QuadDec_M1_GetCounter
                0x00000574       0x2c .\CortexM3\ARM_GCC_541\Debug\hwTask2.a(QuadDec_M1.o)
                0x00000574                QuadDec_M1_GetCounter
 .text.QuadDec_M1_SetCounter
                0x000005a0       0x28 .\CortexM3\ARM_GCC_541\Debug\hwTask2.a(QuadDec_M1.o)
                0x000005a0                QuadDec_M1_SetCounter
 .text.QuadDec_M1_GetEvents
                0x000005c8       0x10 .\CortexM3\ARM_GCC_541\Debug\hwTask2.a(QuadDec_M1.o)
                0x000005c8                QuadDec_M1_GetEvents
 .text.QuadDec_M1_SetInterruptMask
                0x000005d8       0x10 .\CortexM3\ARM_GCC_541\Debug\hwTask2.a(QuadDec_M1.o)
                0x000005d8                QuadDec_M1_SetInterruptMask
 .text.QuadDec_M1_Enable
                0x000005e8       0x30 .\CortexM3\ARM_GCC_541\Debug\hwTask2.a(QuadDec_M1.o)
                0x000005e8                QuadDec_M1_Enable
 .text.QuadDec_M1_Start
                0x00000618       0x34 .\CortexM3\ARM_GCC_541\Debug\hwTask2.a(QuadDec_M1.o)
                0x00000618                QuadDec_M1_Start
 .text.QuadDec_M1_ISR
                0x0000064c       0x40 .\CortexM3\ARM_GCC_541\Debug\hwTask2.a(QuadDec_M1_INT.o)
                0x0000064c                QuadDec_M1_ISR
 .text.PWM_1_Enable
                0x0000068c       0x28 .\CortexM3\ARM_GCC_541\Debug\hwTask2.a(PWM_1.o)
                0x0000068c                PWM_1_Enable
 .text.PWM_1_WritePeriod
                0x000006b4        0xc .\CortexM3\ARM_GCC_541\Debug\hwTask2.a(PWM_1.o)
                0x000006b4                PWM_1_WritePeriod
 .text.PWM_1_WriteCompare
                0x000006c0        0xc .\CortexM3\ARM_GCC_541\Debug\hwTask2.a(PWM_1.o)
                0x000006c0                PWM_1_WriteCompare
 .text.PWM_1_SetInterruptMode
                0x000006cc        0xc .\CortexM3\ARM_GCC_541\Debug\hwTask2.a(PWM_1.o)
                0x000006cc                PWM_1_SetInterruptMode
 .text.PWM_1_Init
                0x000006d8       0x74 .\CortexM3\ARM_GCC_541\Debug\hwTask2.a(PWM_1.o)
                0x000006d8                PWM_1_Init
 .text.PWM_1_Start
                0x0000074c       0x1c .\CortexM3\ARM_GCC_541\Debug\hwTask2.a(PWM_1.o)
                0x0000074c                PWM_1_Start
 .text.QuadDec_M1_Cnt16_Enable
                0x00000768       0x10 .\CortexM3\ARM_GCC_541\Debug\hwTask2.a(QuadDec_M1_Cnt16.o)
                0x00000768                QuadDec_M1_Cnt16_Enable
 .text.QuadDec_M1_Cnt16_SetInterruptMode
                0x00000778        0xc .\CortexM3\ARM_GCC_541\Debug\hwTask2.a(QuadDec_M1_Cnt16.o)
                0x00000778                QuadDec_M1_Cnt16_SetInterruptMode
 .text.QuadDec_M1_Cnt16_ReadStatusRegister
                0x00000784        0xc .\CortexM3\ARM_GCC_541\Debug\hwTask2.a(QuadDec_M1_Cnt16.o)
                0x00000784                QuadDec_M1_Cnt16_ReadStatusRegister
 .text.QuadDec_M1_Cnt16_WriteCounter
                0x00000790        0xc .\CortexM3\ARM_GCC_541\Debug\hwTask2.a(QuadDec_M1_Cnt16.o)
                0x00000790                QuadDec_M1_Cnt16_WriteCounter
 .text.QuadDec_M1_Cnt16_ReadCounter
                0x0000079c       0x14 .\CortexM3\ARM_GCC_541\Debug\hwTask2.a(QuadDec_M1_Cnt16.o)
                0x0000079c                QuadDec_M1_Cnt16_ReadCounter
 .text.QuadDec_M1_Cnt16_ReadCapture
                0x000007b0        0xc .\CortexM3\ARM_GCC_541\Debug\hwTask2.a(QuadDec_M1_Cnt16.o)
                0x000007b0                QuadDec_M1_Cnt16_ReadCapture
 .text.QuadDec_M1_Cnt16_WritePeriod
                0x000007bc        0xc .\CortexM3\ARM_GCC_541\Debug\hwTask2.a(QuadDec_M1_Cnt16.o)
                0x000007bc                QuadDec_M1_Cnt16_WritePeriod
 .text.QuadDec_M1_Cnt16_WriteCompare
                0x000007c8        0xc .\CortexM3\ARM_GCC_541\Debug\hwTask2.a(QuadDec_M1_Cnt16.o)
                0x000007c8                QuadDec_M1_Cnt16_WriteCompare
 .text.QuadDec_M1_Cnt16_ClearFIFO
                0x000007d4       0x14 .\CortexM3\ARM_GCC_541\Debug\hwTask2.a(QuadDec_M1_Cnt16.o)
                0x000007d4                QuadDec_M1_Cnt16_ClearFIFO
 .text.QuadDec_M1_Cnt16_Init
                0x000007e8       0x58 .\CortexM3\ARM_GCC_541\Debug\hwTask2.a(QuadDec_M1_Cnt16.o)
                0x000007e8                QuadDec_M1_Cnt16_Init
 .text.QuadDec_M1_Cnt16_Start
                0x00000840       0x1c .\CortexM3\ARM_GCC_541\Debug\hwTask2.a(QuadDec_M1_Cnt16.o)
                0x00000840                QuadDec_M1_Cnt16_Start
 .text.CyHalt   0x0000085c        0x4 .\CortexM3\ARM_GCC_541\Debug\hwTask2.a(CyLib.o)
                0x0000085c                CyHalt
 .text.CyDelayUs
                0x00000860       0x14 .\CortexM3\ARM_GCC_541\Debug\hwTask2.a(CyLib.o)
                0x00000860                CyDelayUs
 .text.CyIntSetVector
                0x00000874       0x28 .\CortexM3\ARM_GCC_541\Debug\hwTask2.a(CyLib.o)
                0x00000874                CyIntSetVector
 .text.CyIntSetPriority
                0x0000089c       0x30 .\CortexM3\ARM_GCC_541\Debug\hwTask2.a(CyLib.o)
                0x0000089c                CyIntSetPriority
 .text.CyGetUniqueId
                0x000008cc       0x70 .\CortexM3\ARM_GCC_541\Debug\hwTask2.a(CyLib.o)
                0x000008cc                CyGetUniqueId
 .text.PWM_2_Enable
                0x0000093c       0x28 .\CortexM3\ARM_GCC_541\Debug\hwTask2.a(PWM_2.o)
                0x0000093c                PWM_2_Enable
 .text.PWM_2_WritePeriod
                0x00000964        0xc .\CortexM3\ARM_GCC_541\Debug\hwTask2.a(PWM_2.o)
                0x00000964                PWM_2_WritePeriod
 .text.PWM_2_WriteCompare
                0x00000970        0xc .\CortexM3\ARM_GCC_541\Debug\hwTask2.a(PWM_2.o)
                0x00000970                PWM_2_WriteCompare
 .text.PWM_2_SetInterruptMode
                0x0000097c        0xc .\CortexM3\ARM_GCC_541\Debug\hwTask2.a(PWM_2.o)
                0x0000097c                PWM_2_SetInterruptMode
 .text.PWM_2_Init
                0x00000988       0x74 .\CortexM3\ARM_GCC_541\Debug\hwTask2.a(PWM_2.o)
                0x00000988                PWM_2_Init
 .text.PWM_2_Start
                0x000009fc       0x1c .\CortexM3\ARM_GCC_541\Debug\hwTask2.a(PWM_2.o)
                0x000009fc                PWM_2_Start
 .text.USBUART_1_Init
                0x00000a18      0x140 .\CortexM3\ARM_GCC_541\Debug\hwTask2.a(USBUART_1.o)
                0x00000a18                USBUART_1_Init
 .text.USBUART_1_InitComponent
                0x00000b58       0xb8 .\CortexM3\ARM_GCC_541\Debug\hwTask2.a(USBUART_1.o)
                0x00000b58                USBUART_1_InitComponent
 .text.USBUART_1_Start
                0x00000c10       0x24 .\CortexM3\ARM_GCC_541\Debug\hwTask2.a(USBUART_1.o)
                0x00000c10                USBUART_1_Start
 .text.USBUART_1_ReInitComponent
                0x00000c34       0x4c .\CortexM3\ARM_GCC_541\Debug\hwTask2.a(USBUART_1.o)
                0x00000c34                USBUART_1_ReInitComponent
 .text.USBUART_1_GetConfiguration
                0x00000c80        0xc .\CortexM3\ARM_GCC_541\Debug\hwTask2.a(USBUART_1.o)
                0x00000c80                USBUART_1_GetConfiguration
 .text.USBUART_1_GetEPState
                0x00000c8c       0x14 .\CortexM3\ARM_GCC_541\Debug\hwTask2.a(USBUART_1.o)
                0x00000c8c                USBUART_1_GetEPState
 .text.USBUART_1_LoadInEP
                0x00000ca0       0x94 .\CortexM3\ARM_GCC_541\Debug\hwTask2.a(USBUART_1.o)
                0x00000ca0                USBUART_1_LoadInEP
 .text.USBUART_1_GetInterfaceComPort
                0x00000d34       0x38 .\CortexM3\ARM_GCC_541\Debug\hwTask2.a(USBUART_1_cdc.o)
                0x00000d34                USBUART_1_GetInterfaceComPort
 .text.USBUART_1_DispatchCDCClassRqst
                0x00000d6c       0x98 .\CortexM3\ARM_GCC_541\Debug\hwTask2.a(USBUART_1_cdc.o)
                0x00000d6c                USBUART_1_DispatchCDCClassRqst
 .text.USBUART_1_PutData
                0x00000e04       0x50 .\CortexM3\ARM_GCC_541\Debug\hwTask2.a(USBUART_1_cdc.o)
                0x00000e04                USBUART_1_PutData
 .text.USBUART_1_CDCIsReady
                0x00000e54       0x18 .\CortexM3\ARM_GCC_541\Debug\hwTask2.a(USBUART_1_cdc.o)
                0x00000e54                USBUART_1_CDCIsReady
 .text.USBUART_1_Cdc_EpInit
                0x00000e6c       0x50 .\CortexM3\ARM_GCC_541\Debug\hwTask2.a(USBUART_1_cdc.o)
                0x00000e6c                USBUART_1_Cdc_EpInit
 .text.USBUART_1_LoadEP0
                0x00000ebc       0x98 .\CortexM3\ARM_GCC_541\Debug\hwTask2.a(USBUART_1_drv.o)
                0x00000ebc                USBUART_1_LoadEP0
 .text.USBUART_1_InitZeroLengthControlTransfer
                0x00000f54       0x34 .\CortexM3\ARM_GCC_541\Debug\hwTask2.a(USBUART_1_drv.o)
                0x00000f54                USBUART_1_InitZeroLengthControlTransfer
 .text.USBUART_1_ControlReadDataStage
                0x00000f88        0x8 .\CortexM3\ARM_GCC_541\Debug\hwTask2.a(USBUART_1_drv.o)
                0x00000f88                USBUART_1_ControlReadDataStage
 .text.USBUART_1_ControlWriteDataStage
                0x00000f90       0x84 .\CortexM3\ARM_GCC_541\Debug\hwTask2.a(USBUART_1_drv.o)
                0x00000f90                USBUART_1_ControlWriteDataStage
 .text.USBUART_1_InitNoDataControlTransfer
                0x00001014       0x2c .\CortexM3\ARM_GCC_541\Debug\hwTask2.a(USBUART_1_drv.o)
                0x00001014                USBUART_1_InitNoDataControlTransfer
 .text.USBUART_1_UpdateStatusBlock
                0x00001040       0x24 .\CortexM3\ARM_GCC_541\Debug\hwTask2.a(USBUART_1_drv.o)
                0x00001040                USBUART_1_UpdateStatusBlock
 .text.USBUART_1_HandleSetup
                0x00001064       0x5c .\CortexM3\ARM_GCC_541\Debug\hwTask2.a(USBUART_1_drv.o)
                0x00001064                USBUART_1_HandleSetup
 .text.USBUART_1_ControlReadStatusStage
                0x000010c0       0x38 .\CortexM3\ARM_GCC_541\Debug\hwTask2.a(USBUART_1_drv.o)
                0x000010c0                USBUART_1_ControlReadStatusStage
 .text.USBUART_1_HandleOUT
                0x000010f8       0x38 .\CortexM3\ARM_GCC_541\Debug\hwTask2.a(USBUART_1_drv.o)
                0x000010f8                USBUART_1_HandleOUT
 .text.USBUART_1_ControlWriteStatusStage
                0x00001130       0x20 .\CortexM3\ARM_GCC_541\Debug\hwTask2.a(USBUART_1_drv.o)
                0x00001130                USBUART_1_ControlWriteStatusStage
 .text.USBUART_1_NoDataControlStatusStage
                0x00001150       0x40 .\CortexM3\ARM_GCC_541\Debug\hwTask2.a(USBUART_1_drv.o)
                0x00001150                USBUART_1_NoDataControlStatusStage
 .text.USBUART_1_HandleIN
                0x00001190       0x2c .\CortexM3\ARM_GCC_541\Debug\hwTask2.a(USBUART_1_drv.o)
                0x00001190                USBUART_1_HandleIN
 .text.USBUART_1_EP_0_ISR
                0x000011bc       0xb8 .\CortexM3\ARM_GCC_541\Debug\hwTask2.a(USBUART_1_drv.o)
                0x000011bc                USBUART_1_EP_0_ISR
 .text.USBUART_1_InitializeStatusBlock
                0x00001274       0x24 .\CortexM3\ARM_GCC_541\Debug\hwTask2.a(USBUART_1_drv.o)
                0x00001274                USBUART_1_InitializeStatusBlock
 .text.USBUART_1_InitControlRead
                0x00001298       0x50 .\CortexM3\ARM_GCC_541\Debug\hwTask2.a(USBUART_1_drv.o)
                0x00001298                USBUART_1_InitControlRead
 .text.USBUART_1_InitControlWrite
                0x000012e8       0x48 .\CortexM3\ARM_GCC_541\Debug\hwTask2.a(USBUART_1_drv.o)
                0x000012e8                USBUART_1_InitControlWrite
 .text.USBUART_1_EP_1_ISR
                0x00001330       0x30 .\CortexM3\ARM_GCC_541\Debug\hwTask2.a(USBUART_1_episr.o)
                0x00001330                USBUART_1_EP_1_ISR
 .text.USBUART_1_EP_2_ISR
                0x00001360       0x34 .\CortexM3\ARM_GCC_541\Debug\hwTask2.a(USBUART_1_episr.o)
                0x00001360                USBUART_1_EP_2_ISR
 .text.USBUART_1_EP_3_ISR
                0x00001394       0x3c .\CortexM3\ARM_GCC_541\Debug\hwTask2.a(USBUART_1_episr.o)
                0x00001394                USBUART_1_EP_3_ISR
 .text.USBUART_1_SOF_ISR
                0x000013d0        0x4 .\CortexM3\ARM_GCC_541\Debug\hwTask2.a(USBUART_1_episr.o)
                0x000013d0                USBUART_1_SOF_ISR
 .text.USBUART_1_BUS_RESET_ISR
                0x000013d4        0x8 .\CortexM3\ARM_GCC_541\Debug\hwTask2.a(USBUART_1_episr.o)
                0x000013d4                USBUART_1_BUS_RESET_ISR
 .text.USBUART_1_DP_ISR
                0x000013dc        0x8 .\CortexM3\ARM_GCC_541\Debug\hwTask2.a(USBUART_1_pm.o)
                0x000013dc                USBUART_1_DP_ISR
 .text.USBUART_1_ReadDieID
                0x000013e4       0x6c .\CortexM3\ARM_GCC_541\Debug\hwTask2.a(USBUART_1_std.o)
                0x000013e4                USBUART_1_ReadDieID
 .text.USBUART_1_ConfigReg
                0x00001450       0xa4 .\CortexM3\ARM_GCC_541\Debug\hwTask2.a(USBUART_1_std.o)
                0x00001450                USBUART_1_ConfigReg
 .text.USBUART_1_GetConfigTablePtr
                0x000014f4       0x28 .\CortexM3\ARM_GCC_541\Debug\hwTask2.a(USBUART_1_std.o)
                0x000014f4                USBUART_1_GetConfigTablePtr
 .text.USBUART_1_ConfigAltChanged
                0x0000151c      0x11c .\CortexM3\ARM_GCC_541\Debug\hwTask2.a(USBUART_1_std.o)
                0x0000151c                USBUART_1_ConfigAltChanged
 .text.USBUART_1_GetDeviceTablePtr
                0x00001638       0x18 .\CortexM3\ARM_GCC_541\Debug\hwTask2.a(USBUART_1_std.o)
                0x00001638                USBUART_1_GetDeviceTablePtr
 .text.USBUART_1_GetInterfaceClassTablePtr
                0x00001650       0x28 .\CortexM3\ARM_GCC_541\Debug\hwTask2.a(USBUART_1_std.o)
                0x00001650                USBUART_1_GetInterfaceClassTablePtr
 .text.USBUART_1_Config
                0x00001678      0x1ec .\CortexM3\ARM_GCC_541\Debug\hwTask2.a(USBUART_1_std.o)
                0x00001678                USBUART_1_Config
 .text.USBUART_1_SetEndpointHalt
                0x00001864       0x64 .\CortexM3\ARM_GCC_541\Debug\hwTask2.a(USBUART_1_std.o)
                0x00001864                USBUART_1_SetEndpointHalt
 .text.USBUART_1_ClearEndpointHalt
                0x000018c8       0xac .\CortexM3\ARM_GCC_541\Debug\hwTask2.a(USBUART_1_std.o)
                0x000018c8                USBUART_1_ClearEndpointHalt
 .text.USBUART_1_ValidateAlternateSetting
                0x00001974       0x4c .\CortexM3\ARM_GCC_541\Debug\hwTask2.a(USBUART_1_std.o)
                0x00001974                USBUART_1_ValidateAlternateSetting
 .text.USBUART_1_HandleStandardRqst
                0x000019c0      0x354 .\CortexM3\ARM_GCC_541\Debug\hwTask2.a(USBUART_1_std.o)
                0x000019c0                USBUART_1_HandleStandardRqst
 .text.USBUART_1_HandleVendorRqst
                0x00001d14       0x18 .\CortexM3\ARM_GCC_541\Debug\hwTask2.a(USBUART_1_vnd.o)
                0x00001d14                USBUART_1_HandleVendorRqst
 .text.Timer_1_Enable
                0x00001d2c       0x28 .\CortexM3\ARM_GCC_541\Debug\hwTask2.a(Timer_1.o)
                0x00001d2c                Timer_1_Enable
 .text.Timer_1_SetInterruptMode
                0x00001d54        0xc .\CortexM3\ARM_GCC_541\Debug\hwTask2.a(Timer_1.o)
                0x00001d54                Timer_1_SetInterruptMode
 .text.Timer_1_ReadStatusRegister
                0x00001d60        0xc .\CortexM3\ARM_GCC_541\Debug\hwTask2.a(Timer_1.o)
                0x00001d60                Timer_1_ReadStatusRegister
 .text.Timer_1_WritePeriod
                0x00001d6c        0xc .\CortexM3\ARM_GCC_541\Debug\hwTask2.a(Timer_1.o)
                0x00001d6c                Timer_1_WritePeriod
 .text.Timer_1_WriteCounter
                0x00001d78        0xc .\CortexM3\ARM_GCC_541\Debug\hwTask2.a(Timer_1.o)
                0x00001d78                Timer_1_WriteCounter
 .text.Timer_1_Init
                0x00001d84       0x68 .\CortexM3\ARM_GCC_541\Debug\hwTask2.a(Timer_1.o)
                0x00001d84                Timer_1_Init
 .text.Timer_1_Start
                0x00001dec       0x1c .\CortexM3\ARM_GCC_541\Debug\hwTask2.a(Timer_1.o)
                0x00001dec                Timer_1_Start
 .text.USBUART_1_Dp_ClearInterrupt
                0x00001e08       0x10 .\CortexM3\ARM_GCC_541\Debug\hwTask2.a(USBUART_1_Dp.o)
                0x00001e08                USBUART_1_Dp_ClearInterrupt
 .text.QuadDec_M2_Init
                0x00001e18       0x24 .\CortexM3\ARM_GCC_541\Debug\hwTask2.a(QuadDec_M2.o)
                0x00001e18                QuadDec_M2_Init
 .text.QuadDec_M2_GetCounter
                0x00001e3c       0x2c .\CortexM3\ARM_GCC_541\Debug\hwTask2.a(QuadDec_M2.o)
                0x00001e3c                QuadDec_M2_GetCounter
 .text.QuadDec_M2_SetCounter
                0x00001e68       0x28 .\CortexM3\ARM_GCC_541\Debug\hwTask2.a(QuadDec_M2.o)
                0x00001e68                QuadDec_M2_SetCounter
 .text.QuadDec_M2_GetEvents
                0x00001e90       0x10 .\CortexM3\ARM_GCC_541\Debug\hwTask2.a(QuadDec_M2.o)
                0x00001e90                QuadDec_M2_GetEvents
 .text.QuadDec_M2_SetInterruptMask
                0x00001ea0       0x10 .\CortexM3\ARM_GCC_541\Debug\hwTask2.a(QuadDec_M2.o)
                0x00001ea0                QuadDec_M2_SetInterruptMask
 .text.QuadDec_M2_Enable
                0x00001eb0       0x30 .\CortexM3\ARM_GCC_541\Debug\hwTask2.a(QuadDec_M2.o)
                0x00001eb0                QuadDec_M2_Enable
 .text.QuadDec_M2_Start
                0x00001ee0       0x34 .\CortexM3\ARM_GCC_541\Debug\hwTask2.a(QuadDec_M2.o)
                0x00001ee0                QuadDec_M2_Start
 .text.QuadDec_M2_ISR
                0x00001f14       0x40 .\CortexM3\ARM_GCC_541\Debug\hwTask2.a(QuadDec_M2_INT.o)
                0x00001f14                QuadDec_M2_ISR
 .text.QuadDec_M2_Cnt16_Enable
                0x00001f54       0x10 .\CortexM3\ARM_GCC_541\Debug\hwTask2.a(QuadDec_M2_Cnt16.o)
                0x00001f54                QuadDec_M2_Cnt16_Enable
 .text.QuadDec_M2_Cnt16_SetInterruptMode
                0x00001f64        0xc .\CortexM3\ARM_GCC_541\Debug\hwTask2.a(QuadDec_M2_Cnt16.o)
                0x00001f64                QuadDec_M2_Cnt16_SetInterruptMode
 .text.QuadDec_M2_Cnt16_ReadStatusRegister
                0x00001f70        0xc .\CortexM3\ARM_GCC_541\Debug\hwTask2.a(QuadDec_M2_Cnt16.o)
                0x00001f70                QuadDec_M2_Cnt16_ReadStatusRegister
 .text.QuadDec_M2_Cnt16_WriteCounter
                0x00001f7c        0xc .\CortexM3\ARM_GCC_541\Debug\hwTask2.a(QuadDec_M2_Cnt16.o)
                0x00001f7c                QuadDec_M2_Cnt16_WriteCounter
 .text.QuadDec_M2_Cnt16_ReadCounter
                0x00001f88       0x14 .\CortexM3\ARM_GCC_541\Debug\hwTask2.a(QuadDec_M2_Cnt16.o)
                0x00001f88                QuadDec_M2_Cnt16_ReadCounter
 .text.QuadDec_M2_Cnt16_ReadCapture
                0x00001f9c        0xc .\CortexM3\ARM_GCC_541\Debug\hwTask2.a(QuadDec_M2_Cnt16.o)
                0x00001f9c                QuadDec_M2_Cnt16_ReadCapture
 .text.QuadDec_M2_Cnt16_WritePeriod
                0x00001fa8        0xc .\CortexM3\ARM_GCC_541\Debug\hwTask2.a(QuadDec_M2_Cnt16.o)
                0x00001fa8                QuadDec_M2_Cnt16_WritePeriod
 .text.QuadDec_M2_Cnt16_WriteCompare
                0x00001fb4        0xc .\CortexM3\ARM_GCC_541\Debug\hwTask2.a(QuadDec_M2_Cnt16.o)
                0x00001fb4                QuadDec_M2_Cnt16_WriteCompare
 .text.QuadDec_M2_Cnt16_ClearFIFO
                0x00001fc0       0x14 .\CortexM3\ARM_GCC_541\Debug\hwTask2.a(QuadDec_M2_Cnt16.o)
                0x00001fc0                QuadDec_M2_Cnt16_ClearFIFO
 .text.QuadDec_M2_Cnt16_Init
                0x00001fd4       0x58 .\CortexM3\ARM_GCC_541\Debug\hwTask2.a(QuadDec_M2_Cnt16.o)
                0x00001fd4                QuadDec_M2_Cnt16_Init
 .text.QuadDec_M2_Cnt16_Start
                0x0000202c       0x1c .\CortexM3\ARM_GCC_541\Debug\hwTask2.a(QuadDec_M2_Cnt16.o)
                0x0000202c                QuadDec_M2_Cnt16_Start
 .text.isr_1_SetVector
                0x00002048       0x10 .\CortexM3\ARM_GCC_541\Debug\hwTask2.a(isr_1.o)
                0x00002048                isr_1_SetVector
 .text.isr_1_SetPriority
                0x00002058       0x10 .\CortexM3\ARM_GCC_541\Debug\hwTask2.a(isr_1.o)
                0x00002058                isr_1_SetPriority
 .text.isr_1_Enable
                0x00002068       0x10 .\CortexM3\ARM_GCC_541\Debug\hwTask2.a(isr_1.o)
                0x00002068                isr_1_Enable
 .text.isr_1_Disable
                0x00002078       0x10 .\CortexM3\ARM_GCC_541\Debug\hwTask2.a(isr_1.o)
                0x00002078                isr_1_Disable
 .text.isr_1_StartEx
                0x00002088       0x1c .\CortexM3\ARM_GCC_541\Debug\hwTask2.a(isr_1.o)
                0x00002088                isr_1_StartEx
 *fill*         0x000020a4        0x4 
 .text          0x000020a8       0x20 .\CortexM3\ARM_GCC_541\Debug\hwTask2.a(CyBootAsmGnu.o)
                0x000020a8                CyDelayCycles
                0x000020b8                CyEnterCriticalSection
                0x000020c0                CyExitCriticalSection
 .text.USBUART_1_DispatchClassRqst
                0x000020c8       0x60 .\CortexM3\ARM_GCC_541\Debug\hwTask2.a(USBUART_1_cls.o)
                0x000020c8                USBUART_1_DispatchClassRqst
 .text          0x00002128      0x370 c:/program files (x86)/cypress/psoc creator/4.4/psoc creator/import/gnu/arm/5.4.1/bin/../lib/gcc/arm-none-eabi/5.4.1/armv7-m\libgcc.a(_arm_addsubdf3.o)
                0x00002128                __aeabi_drsub
                0x00002130                __aeabi_dsub
                0x00002130                __subdf3
                0x00002134                __aeabi_dadd
                0x00002134                __adddf3
                0x000023ac                __floatunsidf
                0x000023ac                __aeabi_ui2d
                0x000023cc                __floatsidf
                0x000023cc                __aeabi_i2d
                0x000023f0                __aeabi_f2d
                0x000023f0                __extendsfdf2
                0x0000242c                __floatundidf
                0x0000242c                __aeabi_ul2d
                0x0000243c                __floatdidf
                0x0000243c                __aeabi_l2d
 .text          0x00002498      0x424 c:/program files (x86)/cypress/psoc creator/4.4/psoc creator/import/gnu/arm/5.4.1/bin/../lib/gcc/arm-none-eabi/5.4.1/armv7-m\libgcc.a(_arm_muldivdf3.o)
                0x00002498                __aeabi_dmul
                0x00002498                __muldf3
                0x000026ec                __divdf3
                0x000026ec                __aeabi_ddiv
 .text          0x000028bc       0x40 c:/program files (x86)/cypress/psoc creator/4.4/psoc creator/import/gnu/arm/5.4.1/bin/../lib/gcc/arm-none-eabi/5.4.1/armv7-m\libgcc.a(_arm_fixunsdfsi.o)
                0x000028bc                __aeabi_d2uiz
                0x000028bc                __fixunsdfsi
 .text.__errno  0x000028fc        0xc c:/program files (x86)/cypress/psoc creator/4.4/psoc creator/import/gnu/arm/5.4.1/bin/../lib/gcc/arm-none-eabi/5.4.1/../../../../arm-none-eabi/lib/armv7-m\libg_nano.a(lib_a-errno.o)
                0x000028fc                __errno
 .text.__libc_init_array
                0x00002908       0x4c c:/program files (x86)/cypress/psoc creator/4.4/psoc creator/import/gnu/arm/5.4.1/bin/../lib/gcc/arm-none-eabi/5.4.1/../../../../arm-none-eabi/lib/armv7-m\libg_nano.a(lib_a-init.o)
                0x00002908                __libc_init_array
 .text.memcpy   0x00002954       0x16 c:/program files (x86)/cypress/psoc creator/4.4/psoc creator/import/gnu/arm/5.4.1/bin/../lib/gcc/arm-none-eabi/5.4.1/../../../../arm-none-eabi/lib/armv7-m\libg_nano.a(lib_a-memcpy-stub.o)
                0x00002954                memcpy
 .text.memset   0x0000296a       0x10 c:/program files (x86)/cypress/psoc creator/4.4/psoc creator/import/gnu/arm/5.4.1/bin/../lib/gcc/arm-none-eabi/5.4.1/../../../../arm-none-eabi/lib/armv7-m\libg_nano.a(lib_a-memset.o)
                0x0000296a                memset
 *fill*         0x0000297a        0x2 
 .text.sprintf  0x0000297c       0x48 c:/program files (x86)/cypress/psoc creator/4.4/psoc creator/import/gnu/arm/5.4.1/bin/../lib/gcc/arm-none-eabi/5.4.1/../../../../arm-none-eabi/lib/armv7-m\libg_nano.a(lib_a-sprintf.o)
                0x0000297c                siprintf
                0x0000297c                sprintf
 .text          0x000029c4       0x10 c:/program files (x86)/cypress/psoc creator/4.4/psoc creator/import/gnu/arm/5.4.1/bin/../lib/gcc/arm-none-eabi/5.4.1/../../../../arm-none-eabi/lib/armv7-m\libg_nano.a(lib_a-strlen.o)
                0x000029c4                strlen
 .text.__ssputs_r
                0x000029d4       0xb2 c:/program files (x86)/cypress/psoc creator/4.4/psoc creator/import/gnu/arm/5.4.1/bin/../lib/gcc/arm-none-eabi/5.4.1/../../../../arm-none-eabi/lib/armv7-m\libg_nano.a(lib_a-nano-svfprintf.o)
                0x000029d4                __ssputs_r
 *fill*         0x00002a86        0x2 
 .text._svfprintf_r
                0x00002a88      0x1e8 c:/program files (x86)/cypress/psoc creator/4.4/psoc creator/import/gnu/arm/5.4.1/bin/../lib/gcc/arm-none-eabi/5.4.1/../../../../arm-none-eabi/lib/armv7-m\libg_nano.a(lib_a-nano-svfprintf.o)
                0x00002a88                _svfiprintf_r
                0x00002a88                _svfprintf_r
 .text._printf_common
                0x00002c70       0xec c:/program files (x86)/cypress/psoc creator/4.4/psoc creator/import/gnu/arm/5.4.1/bin/../lib/gcc/arm-none-eabi/5.4.1/../../../../arm-none-eabi/lib/armv7-m\libg_nano.a(lib_a-nano-vfprintf_i.o)
                0x00002c70                _printf_common
 .text._printf_i
                0x00002d5c      0x24c c:/program files (x86)/cypress/psoc creator/4.4/psoc creator/import/gnu/arm/5.4.1/bin/../lib/gcc/arm-none-eabi/5.4.1/../../../../arm-none-eabi/lib/armv7-m\libg_nano.a(lib_a-nano-vfprintf_i.o)
                0x00002d5c                _printf_i
 .text.memchr   0x00002fa8       0x1c c:/program files (x86)/cypress/psoc creator/4.4/psoc creator/import/gnu/arm/5.4.1/bin/../lib/gcc/arm-none-eabi/5.4.1/../../../../arm-none-eabi/lib/armv7-m\libg_nano.a(lib_a-memchr-stub.o)
                0x00002fa8                memchr
 .text.memmove  0x00002fc4       0x36 c:/program files (x86)/cypress/psoc creator/4.4/psoc creator/import/gnu/arm/5.4.1/bin/../lib/gcc/arm-none-eabi/5.4.1/../../../../arm-none-eabi/lib/armv7-m\libg_nano.a(lib_a-memmove.o)
                0x00002fc4                memmove
 *fill*         0x00002ffa        0x2 
 .text._free_r  0x00002ffc       0x98 c:/program files (x86)/cypress/psoc creator/4.4/psoc creator/import/gnu/arm/5.4.1/bin/../lib/gcc/arm-none-eabi/5.4.1/../../../../arm-none-eabi/lib/armv7-m\libg_nano.a(lib_a-nano-freer.o)
                0x00002ffc                _free_r
 .text._malloc_r
                0x00003094       0xbc c:/program files (x86)/cypress/psoc creator/4.4/psoc creator/import/gnu/arm/5.4.1/bin/../lib/gcc/arm-none-eabi/5.4.1/../../../../arm-none-eabi/lib/armv7-m\libg_nano.a(lib_a-nano-mallocr.o)
                0x00003094                _malloc_r
 .text._realloc_r
                0x00003150       0x4c c:/program files (x86)/cypress/psoc creator/4.4/psoc creator/import/gnu/arm/5.4.1/bin/../lib/gcc/arm-none-eabi/5.4.1/../../../../arm-none-eabi/lib/armv7-m\libg_nano.a(lib_a-nano-reallocr.o)
                0x00003150                _realloc_r
 .text._sbrk_r  0x0000319c       0x20 c:/program files (x86)/cypress/psoc creator/4.4/psoc creator/import/gnu/arm/5.4.1/bin/../lib/gcc/arm-none-eabi/5.4.1/../../../../arm-none-eabi/lib/armv7-m\libg_nano.a(lib_a-sbrkr.o)
                0x0000319c                _sbrk_r
 .text.__malloc_lock
                0x000031bc        0x2 c:/program files (x86)/cypress/psoc creator/4.4/psoc creator/import/gnu/arm/5.4.1/bin/../lib/gcc/arm-none-eabi/5.4.1/../../../../arm-none-eabi/lib/armv7-m\libg_nano.a(lib_a-mlock.o)
                0x000031bc                __malloc_lock
 .text.__malloc_unlock
                0x000031be        0x2 c:/program files (x86)/cypress/psoc creator/4.4/psoc creator/import/gnu/arm/5.4.1/bin/../lib/gcc/arm-none-eabi/5.4.1/../../../../arm-none-eabi/lib/armv7-m\libg_nano.a(lib_a-mlock.o)
                0x000031be                __malloc_unlock
 .text._malloc_usable_size_r
                0x000031c0       0x14 c:/program files (x86)/cypress/psoc creator/4.4/psoc creator/import/gnu/arm/5.4.1/bin/../lib/gcc/arm-none-eabi/5.4.1/../../../../arm-none-eabi/lib/armv7-m\libg_nano.a(lib_a-nano-msizer.o)
                0x000031c0                _malloc_usable_size_r
 *(.plt)
 *(.gnu.warning)
 *(.glue_7t)
 .glue_7t       0x000031d4        0x0 linker stubs
 *(.glue_7)
 .glue_7        0x000031d4        0x0 linker stubs
 *(.vfp11_veneer)
 .vfp11_veneer  0x000031d4        0x0 linker stubs
 *(.bootloader)
 *(.ARM.extab* .gnu.linkonce.armextab.*)
 *(.gcc_except_table)

.v4_bx          0x000031d4        0x0
 .v4_bx         0x000031d4        0x0 linker stubs

.iplt           0x000031d4        0x0
 .iplt          0x000031d4        0x0 c:/program files (x86)/cypress/psoc creator/4.4/psoc creator/import/gnu/arm/5.4.1/bin/../lib/gcc/arm-none-eabi/5.4.1/armv7-m/crtbegin.o

.eh_frame_hdr
 *(.eh_frame_hdr)

.eh_frame       0x000031d4        0x4
 *(.eh_frame)
 .eh_frame      0x000031d4        0x0 c:/program files (x86)/cypress/psoc creator/4.4/psoc creator/import/gnu/arm/5.4.1/bin/../lib/gcc/arm-none-eabi/5.4.1/armv7-m/crtbegin.o
 .eh_frame      0x000031d4        0x4 c:/program files (x86)/cypress/psoc creator/4.4/psoc creator/import/gnu/arm/5.4.1/bin/../lib/gcc/arm-none-eabi/5.4.1/armv7-m/crtend.o
                [!provide]                PROVIDE (__exidx_start, .)

.ARM.exidx
 *(.ARM.exidx* .gnu.linkonce.armexidx.*)
                0x000031d8                __exidx_end = .

.rodata         0x000031d8      0x240
 *(.rodata .rodata.* .gnu.linkonce.r.*)
 .rodata.str1.4
                0x000031d8       0x20 .\CortexM3\ARM_GCC_541\Debug\main.o
 .rodata        0x000031f8       0x42 .\CortexM3\ARM_GCC_541\Debug\cyfitter_cfg.o
 *fill*         0x0000323a        0x2 
 .rodata.str1.4
                0x0000323c       0x14 .\CortexM3\ARM_GCC_541\Debug\hwTask2.a(USBUART_1_std.o)
                                 0x11 (size before relaxing)
 .rodata        0x00003250      0x15e .\CortexM3\ARM_GCC_541\Debug\hwTask2.a(USBUART_1_descr.o)
                0x00003250                USBUART_1_TABLE
                0x00003258                USBUART_1_DEVICE0_TABLE
                0x00003270                USBUART_1_DEVICE0_CONFIGURATION0_TABLE
                0x00003298                USBUART_1_DEVICE0_CONFIGURATION0_INTERFACE_CLASS
                0x0000329c                USBUART_1_DEVICE0_CONFIGURATION0_EP_SETTINGS_TABLE
                0x000032b4                USBUART_1_SN_STRING_DESCRIPTOR
                0x000032b8                USBUART_1_STRING_DESCRIPTORS
                0x00003358                USBUART_1_DEVICE0_CONFIGURATION0_DESCR
                0x0000339c                USBUART_1_DEVICE0_DESCR
 .rodata.str1.1
                0x000033ae        0x2 c:/program files (x86)/cypress/psoc creator/4.4/psoc creator/import/gnu/arm/5.4.1/bin/../lib/gcc/arm-none-eabi/5.4.1/../../../../arm-none-eabi/lib/armv7-m\libg_nano.a(lib_a-impure.o)
 .rodata.str1.1
                0x000033b0       0x11 c:/program files (x86)/cypress/psoc creator/4.4/psoc creator/import/gnu/arm/5.4.1/bin/../lib/gcc/arm-none-eabi/5.4.1/../../../../arm-none-eabi/lib/armv7-m\libg_nano.a(lib_a-nano-svfprintf.o)
 .rodata.str1.1
                0x000033c1       0x22 c:/program files (x86)/cypress/psoc creator/4.4/psoc creator/import/gnu/arm/5.4.1/bin/../lib/gcc/arm-none-eabi/5.4.1/../../../../arm-none-eabi/lib/armv7-m\libg_nano.a(lib_a-nano-vfprintf_i.o)
                0x000033e4                . = ALIGN (0x4)
 *fill*         0x000033e3        0x1 
 *(.init)
 .init          0x000033e4        0x4 c:/program files (x86)/cypress/psoc creator/4.4/psoc creator/import/gnu/arm/5.4.1/bin/../lib/gcc/arm-none-eabi/5.4.1/armv7-m/crti.o
                0x000033e4                _init
 .init          0x000033e8        0x8 c:/program files (x86)/cypress/psoc creator/4.4/psoc creator/import/gnu/arm/5.4.1/bin/../lib/gcc/arm-none-eabi/5.4.1/armv7-m/crtn.o
                0x000033f0                . = ALIGN (0x4)
                0x000033f0                __preinit_array_start = .
 *(.preinit_array)
                0x000033f0                __preinit_array_end = .
                0x000033f0                . = ALIGN (0x4)
                0x000033f0                __init_array_start = .
 *(SORT(.init_array.*))
 *(.init_array)
 .init_array    0x000033f0        0x4 c:/program files (x86)/cypress/psoc creator/4.4/psoc creator/import/gnu/arm/5.4.1/bin/../lib/gcc/arm-none-eabi/5.4.1/armv7-m/crtbegin.o
 .init_array    0x000033f4        0x4 .\CortexM3\ARM_GCC_541\Debug\Cm3Start.o
                0x000033f8                __init_array_end = .
                0x000033f8                . = ALIGN (0x4)
 *(.fini)
 .fini          0x000033f8        0x4 c:/program files (x86)/cypress/psoc creator/4.4/psoc creator/import/gnu/arm/5.4.1/bin/../lib/gcc/arm-none-eabi/5.4.1/armv7-m/crti.o
                0x000033f8                _fini
 .fini          0x000033fc        0x8 c:/program files (x86)/cypress/psoc creator/4.4/psoc creator/import/gnu/arm/5.4.1/bin/../lib/gcc/arm-none-eabi/5.4.1/armv7-m/crtn.o
                0x00003404                . = ALIGN (0x4)
                0x00003404                __fini_array_start = .
 *(.fini_array)
 .fini_array    0x00003404        0x4 c:/program files (x86)/cypress/psoc creator/4.4/psoc creator/import/gnu/arm/5.4.1/bin/../lib/gcc/arm-none-eabi/5.4.1/armv7-m/crtbegin.o
 *(SORT(.fini_array.*))
                0x00003408                __fini_array_end = .
                0x00003408                . = ALIGN (0x4)
 *crtbegin.o(.ctors)
 *(EXCLUDE_FILE(*crtend.o) .ctors)
 *(SORT(.ctors.*))
 *crtend.o(.ctors)
                0x00003408                . = ALIGN (0x4)
 *crtbegin.o(.dtors)
 *(EXCLUDE_FILE(*crtend.o) .dtors)
 *(SORT(.dtors.*))
 *crtend.o(.dtors)
                0x00003408                . = ALIGN (0x4)
                0x00003408                __cy_regions = .
                0x00003408        0x4 LONG 0x3418 __cy_region_init_ram
                0x0000340c        0x4 LONG 0x1fff80c8 __cy_region_start_data
                0x00003410        0x4 LONG 0xa0 __cy_region_init_size_ram
                0x00003414        0x4 LONG 0x1a8 __cy_region_zero_size_ram
                0x00003418                __cy_regions_end = .
                0x00003418                . = ALIGN (0x8)
                0x00003418                _etext = .

.cy_checksum_exclude
                0x00003418        0x0
 *(.cy_checksum_exclude)

.ramvectors     0x1fff8000       0xc0
                0x1fff8000                __cy_region_start_ram = .
 *(.ramvectors)
 .ramvectors    0x1fff8000       0xc0 .\CortexM3\ARM_GCC_541\Debug\Cm3Start.o
                0x1fff8000                CyRamVectors

.noinit         0x1fff80c0        0x1
 *(.noinit)
 .noinit        0x1fff80c0        0x1 .\CortexM3\ARM_GCC_541\Debug\hwTask2.a(CyLib.o)
                0x1fff80c0                CyResetStatus

.data           0x1fff80c8       0xa0 load address 0x00003418
                0x1fff80c8                __cy_region_start_data = .
 *(.jcr)
 .jcr           0x1fff80c8        0x0 c:/program files (x86)/cypress/psoc creator/4.4/psoc creator/import/gnu/arm/5.4.1/bin/../lib/gcc/arm-none-eabi/5.4.1/armv7-m/crtbegin.o
 .jcr           0x1fff80c8        0x4 c:/program files (x86)/cypress/psoc creator/4.4/psoc creator/import/gnu/arm/5.4.1/bin/../lib/gcc/arm-none-eabi/5.4.1/armv7-m/crtend.o
 *(.got.plt)
 *(.got)
 *(.shdata)
 *(.data .data.* .gnu.linkonce.d.*)
 .data          0x1fff80cc        0x1 .\CortexM3\ARM_GCC_541\Debug\main.o
                0x1fff80cc                counter
 *fill*         0x1fff80cd        0x3 
 .data          0x1fff80d0        0x4 .\CortexM3\ARM_GCC_541\Debug\Cm3Start.o
 .data          0x1fff80d4       0x10 .\CortexM3\ARM_GCC_541\Debug\hwTask2.a(CyLib.o)
                0x1fff80d4                cydelay_32k_ms
                0x1fff80d8                cydelay_freq_khz
                0x1fff80dc                cydelay_freq_mhz
                0x1fff80e0                cydelay_freq_hz
 .data          0x1fff80e4       0x1a .\CortexM3\ARM_GCC_541\Debug\hwTask2.a(USBUART_1_cdc.o)
                0x1fff80e4                USBUART_1_linesCoding
 *fill*         0x1fff80fe        0x2 
 .data.impure_data
                0x1fff8100       0x60 c:/program files (x86)/cypress/psoc creator/4.4/psoc creator/import/gnu/arm/5.4.1/bin/../lib/gcc/arm-none-eabi/5.4.1/../../../../arm-none-eabi/lib/armv7-m\libg_nano.a(lib_a-impure.o)
 .data._impure_ptr
                0x1fff8160        0x4 c:/program files (x86)/cypress/psoc creator/4.4/psoc creator/import/gnu/arm/5.4.1/bin/../lib/gcc/arm-none-eabi/5.4.1/../../../../arm-none-eabi/lib/armv7-m\libg_nano.a(lib_a-impure.o)
                0x1fff8160                _impure_ptr
                0x1fff8168                . = ALIGN (0x8)
 *fill*         0x1fff8164        0x4 
 *(.ram)
                0x1fff8168                _edata = .

.igot.plt       0x1fff8168        0x0 load address 0x000034b8
 .igot.plt      0x1fff8168        0x0 c:/program files (x86)/cypress/psoc creator/4.4/psoc creator/import/gnu/arm/5.4.1/bin/../lib/gcc/arm-none-eabi/5.4.1/armv7-m/crtbegin.o

.bss            0x1fff8168      0x1a8 load address 0x000034b8
                0x1fff8168                PROVIDE (__bss_start__, .)
 *(.shbss)
 *(.bss .bss.* .gnu.linkonce.b.*)
 .bss           0x1fff8168       0x1c c:/program files (x86)/cypress/psoc creator/4.4/psoc creator/import/gnu/arm/5.4.1/bin/../lib/gcc/arm-none-eabi/5.4.1/armv7-m/crtbegin.o
 .bss           0x1fff8184       0x11 .\CortexM3\ARM_GCC_541\Debug\main.o
                0x1fff8184                ci
                0x1fff8188                cj
                0x1fff818c                speedi
                0x1fff8190                speedj
                0x1fff8194                ready_to_send
 .bss           0x1fff8195        0x1 .\CortexM3\ARM_GCC_541\Debug\hwTask2.a(QuadDec_M1.o)
                0x1fff8195                QuadDec_M1_initVar
 *fill*         0x1fff8196        0x2 
 .bss           0x1fff8198        0x4 .\CortexM3\ARM_GCC_541\Debug\hwTask2.a(QuadDec_M1_INT.o)
                0x1fff8198                QuadDec_M1_count32SoftPart
 .bss           0x1fff819c        0x1 .\CortexM3\ARM_GCC_541\Debug\hwTask2.a(PWM_1.o)
                0x1fff819c                PWM_1_initVar
 .bss           0x1fff819d        0x1 .\CortexM3\ARM_GCC_541\Debug\hwTask2.a(QuadDec_M1_Cnt16.o)
                0x1fff819d                QuadDec_M1_Cnt16_initVar
 .bss           0x1fff819e        0x1 .\CortexM3\ARM_GCC_541\Debug\hwTask2.a(PWM_2.o)
                0x1fff819e                PWM_2_initVar
 .bss           0x1fff819f        0x1 .\CortexM3\ARM_GCC_541\Debug\hwTask2.a(USBUART_1.o)
                0x1fff819f                USBUART_1_initVar
 .bss           0x1fff81a0        0x1 .\CortexM3\ARM_GCC_541\Debug\hwTask2.a(USBUART_1_cdc.o)
 *fill*         0x1fff81a1        0x3 
 .bss           0x1fff81a4        0x2 .\CortexM3\ARM_GCC_541\Debug\hwTask2.a(USBUART_1_std.o)
 .bss           0x1fff81a6        0x1 .\CortexM3\ARM_GCC_541\Debug\hwTask2.a(Timer_1.o)
                0x1fff81a6                Timer_1_initVar
 .bss           0x1fff81a7        0x1 .\CortexM3\ARM_GCC_541\Debug\hwTask2.a(QuadDec_M2.o)
                0x1fff81a7                QuadDec_M2_initVar
 .bss           0x1fff81a8        0x4 .\CortexM3\ARM_GCC_541\Debug\hwTask2.a(QuadDec_M2_INT.o)
                0x1fff81a8                QuadDec_M2_count32SoftPart
 .bss           0x1fff81ac        0x1 .\CortexM3\ARM_GCC_541\Debug\hwTask2.a(QuadDec_M2_Cnt16.o)
                0x1fff81ac                QuadDec_M2_Cnt16_initVar
 *fill*         0x1fff81ad        0x3 
 .bss.__malloc_sbrk_start
                0x1fff81b0        0x4 c:/program files (x86)/cypress/psoc creator/4.4/psoc creator/import/gnu/arm/5.4.1/bin/../lib/gcc/arm-none-eabi/5.4.1/../../../../arm-none-eabi/lib/armv7-m\libg_nano.a(lib_a-nano-mallocr.o)
                0x1fff81b0                __malloc_sbrk_start
 .bss.__malloc_free_list
                0x1fff81b4        0x4 c:/program files (x86)/cypress/psoc creator/4.4/psoc creator/import/gnu/arm/5.4.1/bin/../lib/gcc/arm-none-eabi/5.4.1/../../../../arm-none-eabi/lib/armv7-m\libg_nano.a(lib_a-nano-mallocr.o)
                0x1fff81b4                __malloc_free_list
 *(COMMON)
 COMMON         0x1fff81b8       0x80 .\CortexM3\ARM_GCC_541\Debug\main.o
                0x1fff81b8                bufferj
                0x1fff81f8                bufferi
 COMMON         0x1fff8238       0x18 .\CortexM3\ARM_GCC_541\Debug\hwTask2.a(USBUART_1_cdc.o)
                0x1fff8238                USBUART_1_cdcDataInEp
                0x1fff823c                USBUART_1_cdcDataOutEp
                0x1fff8240                USBUART_1_cdcCommInInterruptEp
                0x1fff8244                USBUART_1_serialStateBitmap
                0x1fff8248                USBUART_1_linesChanged
                0x1fff824c                USBUART_1_linesControlBitmap
 COMMON         0x1fff8250       0x97 .\CortexM3\ARM_GCC_541\Debug\hwTask2.a(USBUART_1_drv.o)
                0x1fff8250                USBUART_1_interfaceSettingLast
                0x1fff8252                USBUART_1_ep0Mode
                0x1fff8253                USBUART_1_lastPacketSize
                0x1fff8254                USBUART_1_configurationChanged
                0x1fff8255                USBUART_1_configuration
                0x1fff8256                USBUART_1_interfaceNumber
                0x1fff8257                USBUART_1_deviceStatus
                0x1fff8258                USBUART_1_ep0Toggle
                0x1fff825c                USBUART_1_interfaceClass
                0x1fff8260                USBUART_1_interfaceSetting
                0x1fff8264                USBUART_1_currentTD
                0x1fff8270                USBUART_1_ep0Count
                0x1fff8274                USBUART_1_EP
                0x1fff82e0                USBUART_1_transferByteCount
                0x1fff82e2                USBUART_1_transferState
                0x1fff82e3                USBUART_1_device
                0x1fff82e4                USBUART_1_interfaceStatus
                0x1fff82e6                USBUART_1_deviceAddress
 *fill*         0x1fff82e7        0x1 
 COMMON         0x1fff82e8       0x22 .\CortexM3\ARM_GCC_541\Debug\hwTask2.a(USBUART_1_descr.o)
                0x1fff82e8                USBUART_1_idSerialNumberStringDescriptor
 *fill*         0x1fff830a        0x2 
 COMMON         0x1fff830c        0x4 c:/program files (x86)/cypress/psoc creator/4.4/psoc creator/import/gnu/arm/5.4.1/bin/../lib/gcc/arm-none-eabi/5.4.1/../../../../arm-none-eabi/lib/armv7-m\libg_nano.a(lib_a-reent.o)
                0x1fff830c                errno
                0x1fff8310                . = ALIGN (0x8)
 *(.ram.b)
                0x1fff8310                _end = .
                0x1fff8310                __end = .
                0x1fff8310                PROVIDE (end, .)
                0x1fff8310                PROVIDE (__bss_end__, .)
                0x00003418                __cy_region_init_ram = LOADADDR (.data)
                0x000000a0                __cy_region_init_size_ram = (_edata - ADDR (.data))
                0x000001a8                __cy_region_zero_size_ram = (_end - _edata)

.heap           0x1fff8310       0x80 load address 0x000034b8
                0x1fff8310                . = _end
                0x1fff8390                . = (. + 0x80)
 *fill*         0x1fff8310       0x80 
                0x1fff8390                __cy_heap_limit = .

.stack          0x20007800      0x800
                0x20007800                __cy_stack_limit = .
                0x20008000                . = (. + 0x800)
 *fill*         0x20007800      0x800 
                0x00000001                ASSERT ((__cy_stack_limit >= __cy_heap_limit), region RAM overflowed with stack)
                0x00000000                cy_checksum_exclude_size = (CY_APPL_LOADABLE == 0x1)?SIZEOF (.cy_checksum_exclude):0x0
                0x00000001                ASSERT ((cy_checksum_exclude_size <= CY_CHECKSUM_EXCLUDE_SIZE), CY_BOOT: Section .cy_checksum_exclude size exceedes specified limit.)

.cyloadermeta
 *(.cyloadermeta)

.cyloadablemeta
 *(.cyloadablemeta)

.cyconfigecc    0x80000000      0x888
 *(.cyconfigecc)
 .cyconfigecc   0x80000000      0x888 .\CortexM3\ARM_GCC_541\Debug\cymetadata.o
                0x80000000                cy_meta_configecc

.cycustnvl      0x90000000        0x4
 *(.cycustnvl)
 .cycustnvl     0x90000000        0x4 .\CortexM3\ARM_GCC_541\Debug\cymetadata.o
                0x90000000                cy_meta_custnvl

.cywolatch      0x90100000        0x4
 *(.cywolatch)
 .cywolatch     0x90100000        0x4 .\CortexM3\ARM_GCC_541\Debug\cymetadata.o
                0x90100000                cy_meta_wonvl

.cyeeprom       0x90200000        0x0
 *(.cyeeprom)
                0x00000001                ASSERT ((. <= ((0x90200000 + ee_offset) + ee_size)), .cyeeprom data will not fit in EEPROM)

.cyflashprotect
                0x90400000      0x100
 *(.cyflashprotect)
 .cyflashprotect
                0x90400000      0x100 .\CortexM3\ARM_GCC_541\Debug\cymetadata.o
                0x90400000                cy_meta_flashprotect

.cymeta         0x90500000        0xc
 *(.cymeta)
 .cymeta        0x90500000        0xc .\CortexM3\ARM_GCC_541\Debug\cymetadata.o
                0x90500000                cy_metadata

.rel.dyn        0x000034b8        0x0 load address 0x9050000c
 .rel.iplt      0x000034b8        0x0 c:/program files (x86)/cypress/psoc creator/4.4/psoc creator/import/gnu/arm/5.4.1/bin/../lib/gcc/arm-none-eabi/5.4.1/armv7-m/crtbegin.o

.stab
 *(.stab)

.stabstr
 *(.stabstr)

.debug
 *(.debug)

.line
 *(.line)

.debug_srcinfo
 *(.debug_srcinfo)

.debug_sfnames
 *(.debug_sfnames)

.debug_aranges  0x00000000      0xdd0
 *(.debug_aranges)
 .debug_aranges
                0x00000000       0x38 .\CortexM3\ARM_GCC_541\Debug\main.o
 .debug_aranges
                0x00000038       0x58 .\CortexM3\ARM_GCC_541\Debug\cyfitter_cfg.o
 .debug_aranges
                0x00000090       0x18 .\CortexM3\ARM_GCC_541\Debug\cymetadata.o
 .debug_aranges
                0x000000a8       0x48 .\CortexM3\ARM_GCC_541\Debug\Cm3Start.o
 .debug_aranges
                0x000000f0       0x70 .\CortexM3\ARM_GCC_541\Debug\hwTask2.a(Clock_PWM.o)
 .debug_aranges
                0x00000160       0x60 .\CortexM3\ARM_GCC_541\Debug\hwTask2.a(QuadDec_M1.o)
 .debug_aranges
                0x000001c0       0x20 .\CortexM3\ARM_GCC_541\Debug\hwTask2.a(QuadDec_M1_INT.o)
 .debug_aranges
                0x000001e0       0x78 .\CortexM3\ARM_GCC_541\Debug\hwTask2.a(PWM_1.o)
 .debug_aranges
                0x00000258       0x98 .\CortexM3\ARM_GCC_541\Debug\hwTask2.a(QuadDec_M1_Cnt16.o)
 .debug_aranges
                0x000002f0      0x2a0 .\CortexM3\ARM_GCC_541\Debug\hwTask2.a(CyLib.o)
 .debug_aranges
                0x00000590       0x98 .\CortexM3\ARM_GCC_541\Debug\hwTask2.a(cyPm.o)
 .debug_aranges
                0x00000628       0x78 .\CortexM3\ARM_GCC_541\Debug\hwTask2.a(PWM_2.o)
 .debug_aranges
                0x000006a0       0xc8 .\CortexM3\ARM_GCC_541\Debug\hwTask2.a(USBUART_1.o)
 .debug_aranges
                0x00000768       0xe8 .\CortexM3\ARM_GCC_541\Debug\hwTask2.a(USBUART_1_cdc.o)
 .debug_aranges
                0x00000850       0x98 .\CortexM3\ARM_GCC_541\Debug\hwTask2.a(USBUART_1_drv.o)
 .debug_aranges
                0x000008e8       0x40 .\CortexM3\ARM_GCC_541\Debug\hwTask2.a(USBUART_1_episr.o)
 .debug_aranges
                0x00000928       0x40 .\CortexM3\ARM_GCC_541\Debug\hwTask2.a(USBUART_1_pm.o)
 .debug_aranges
                0x00000968       0x80 .\CortexM3\ARM_GCC_541\Debug\hwTask2.a(USBUART_1_std.o)
 .debug_aranges
                0x000009e8       0x20 .\CortexM3\ARM_GCC_541\Debug\hwTask2.a(USBUART_1_vnd.o)
 .debug_aranges
                0x00000a08       0x88 .\CortexM3\ARM_GCC_541\Debug\hwTask2.a(Timer_1.o)
 .debug_aranges
                0x00000a90       0x48 .\CortexM3\ARM_GCC_541\Debug\hwTask2.a(USBUART_1_Dp.o)
 .debug_aranges
                0x00000ad8       0x60 .\CortexM3\ARM_GCC_541\Debug\hwTask2.a(QuadDec_M2.o)
 .debug_aranges
                0x00000b38       0x20 .\CortexM3\ARM_GCC_541\Debug\hwTask2.a(QuadDec_M2_INT.o)
 .debug_aranges
                0x00000b58       0x98 .\CortexM3\ARM_GCC_541\Debug\hwTask2.a(QuadDec_M2_Cnt16.o)
 .debug_aranges
                0x00000bf0       0x80 .\CortexM3\ARM_GCC_541\Debug\hwTask2.a(isr_1.o)
 .debug_aranges
                0x00000c70       0x20 .\CortexM3\ARM_GCC_541\Debug\hwTask2.a(CyBootAsmGnu.o)
 .debug_aranges
                0x00000c90       0x88 .\CortexM3\ARM_GCC_541\Debug\hwTask2.a(CyFlash.o)
 .debug_aranges
                0x00000d18       0x80 .\CortexM3\ARM_GCC_541\Debug\hwTask2.a(CySpc.o)
 .debug_aranges
                0x00000d98       0x20 .\CortexM3\ARM_GCC_541\Debug\hwTask2.a(USBUART_1_cls.o)
 .debug_aranges
                0x00000db8       0x18 .\CortexM3\ARM_GCC_541\Debug\hwTask2.a(USBUART_1_descr.o)

.debug_pubnames
 *(.debug_pubnames)

.debug_info     0x00000000     0x8749
 *(.debug_info .gnu.linkonce.wi.*)
 .debug_info    0x00000000      0x48e .\CortexM3\ARM_GCC_541\Debug\main.o
 .debug_info    0x0000048e      0x5ca .\CortexM3\ARM_GCC_541\Debug\cyfitter_cfg.o
 .debug_info    0x00000a58      0x139 .\CortexM3\ARM_GCC_541\Debug\cymetadata.o
 .debug_info    0x00000b91      0x3bb .\CortexM3\ARM_GCC_541\Debug\Cm3Start.o
 .debug_info    0x00000f4c      0x283 .\CortexM3\ARM_GCC_541\Debug\hwTask2.a(Clock_PWM.o)
 .debug_info    0x000011cf      0x357 .\CortexM3\ARM_GCC_541\Debug\hwTask2.a(QuadDec_M1.o)
 .debug_info    0x00001526       0xf3 .\CortexM3\ARM_GCC_541\Debug\hwTask2.a(QuadDec_M1_INT.o)
 .debug_info    0x00001619      0x27f .\CortexM3\ARM_GCC_541\Debug\hwTask2.a(PWM_1.o)
 .debug_info    0x00001898      0x348 .\CortexM3\ARM_GCC_541\Debug\hwTask2.a(QuadDec_M1_Cnt16.o)
 .debug_info    0x00001be0     0x1374 .\CortexM3\ARM_GCC_541\Debug\hwTask2.a(CyLib.o)
 .debug_info    0x00002f54      0xa2a .\CortexM3\ARM_GCC_541\Debug\hwTask2.a(cyPm.o)
 .debug_info    0x0000397e      0x27f .\CortexM3\ARM_GCC_541\Debug\hwTask2.a(PWM_2.o)
 .debug_info    0x00003bfd      0x991 .\CortexM3\ARM_GCC_541\Debug\hwTask2.a(USBUART_1.o)
 .debug_info    0x0000458e      0xaf7 .\CortexM3\ARM_GCC_541\Debug\hwTask2.a(USBUART_1_cdc.o)
 .debug_info    0x00005085      0x655 .\CortexM3\ARM_GCC_541\Debug\hwTask2.a(USBUART_1_drv.o)
 .debug_info    0x000056da      0x254 .\CortexM3\ARM_GCC_541\Debug\hwTask2.a(USBUART_1_episr.o)
 .debug_info    0x0000592e      0x2e4 .\CortexM3\ARM_GCC_541\Debug\hwTask2.a(USBUART_1_pm.o)
 .debug_info    0x00005c12      0xb26 .\CortexM3\ARM_GCC_541\Debug\hwTask2.a(USBUART_1_std.o)
 .debug_info    0x00006738       0xed .\CortexM3\ARM_GCC_541\Debug\hwTask2.a(USBUART_1_vnd.o)
 .debug_info    0x00006825      0x293 .\CortexM3\ARM_GCC_541\Debug\hwTask2.a(Timer_1.o)
 .debug_info    0x00006ab8      0x174 .\CortexM3\ARM_GCC_541\Debug\hwTask2.a(USBUART_1_Dp.o)
 .debug_info    0x00006c2c      0x357 .\CortexM3\ARM_GCC_541\Debug\hwTask2.a(QuadDec_M2.o)
 .debug_info    0x00006f83       0xf3 .\CortexM3\ARM_GCC_541\Debug\hwTask2.a(QuadDec_M2_INT.o)
 .debug_info    0x00007076      0x348 .\CortexM3\ARM_GCC_541\Debug\hwTask2.a(QuadDec_M2_Cnt16.o)
 .debug_info    0x000073be      0x2d2 .\CortexM3\ARM_GCC_541\Debug\hwTask2.a(isr_1.o)
 .debug_info    0x00007690       0x9b .\CortexM3\ARM_GCC_541\Debug\hwTask2.a(CyBootAsmGnu.o)
 .debug_info    0x0000772b      0x64d .\CortexM3\ARM_GCC_541\Debug\hwTask2.a(CyFlash.o)
 .debug_info    0x00007d78      0x550 .\CortexM3\ARM_GCC_541\Debug\hwTask2.a(CySpc.o)
 .debug_info    0x000082c8      0x1de .\CortexM3\ARM_GCC_541\Debug\hwTask2.a(USBUART_1_cls.o)
 .debug_info    0x000084a6      0x2a3 .\CortexM3\ARM_GCC_541\Debug\hwTask2.a(USBUART_1_descr.o)

.debug_abbrev   0x00000000     0x2564
 *(.debug_abbrev)
 .debug_abbrev  0x00000000      0x14c .\CortexM3\ARM_GCC_541\Debug\main.o
 .debug_abbrev  0x0000014c      0x20d .\CortexM3\ARM_GCC_541\Debug\cyfitter_cfg.o
 .debug_abbrev  0x00000359       0x77 .\CortexM3\ARM_GCC_541\Debug\cymetadata.o
 .debug_abbrev  0x000003d0      0x1e8 .\CortexM3\ARM_GCC_541\Debug\Cm3Start.o
 .debug_abbrev  0x000005b8      0x139 .\CortexM3\ARM_GCC_541\Debug\hwTask2.a(Clock_PWM.o)
 .debug_abbrev  0x000006f1      0x128 .\CortexM3\ARM_GCC_541\Debug\hwTask2.a(QuadDec_M1.o)
 .debug_abbrev  0x00000819       0x78 .\CortexM3\ARM_GCC_541\Debug\hwTask2.a(QuadDec_M1_INT.o)
 .debug_abbrev  0x00000891      0x12d .\CortexM3\ARM_GCC_541\Debug\hwTask2.a(PWM_1.o)
 .debug_abbrev  0x000009be      0x117 .\CortexM3\ARM_GCC_541\Debug\hwTask2.a(QuadDec_M1_Cnt16.o)
 .debug_abbrev  0x00000ad5      0x254 .\CortexM3\ARM_GCC_541\Debug\hwTask2.a(CyLib.o)
 .debug_abbrev  0x00000d29      0x1ab .\CortexM3\ARM_GCC_541\Debug\hwTask2.a(cyPm.o)
 .debug_abbrev  0x00000ed4      0x12d .\CortexM3\ARM_GCC_541\Debug\hwTask2.a(PWM_2.o)
 .debug_abbrev  0x00001001      0x215 .\CortexM3\ARM_GCC_541\Debug\hwTask2.a(USBUART_1.o)
 .debug_abbrev  0x00001216      0x245 .\CortexM3\ARM_GCC_541\Debug\hwTask2.a(USBUART_1_cdc.o)
 .debug_abbrev  0x0000145b      0x189 .\CortexM3\ARM_GCC_541\Debug\hwTask2.a(USBUART_1_drv.o)
 .debug_abbrev  0x000015e4      0x11b .\CortexM3\ARM_GCC_541\Debug\hwTask2.a(USBUART_1_episr.o)
 .debug_abbrev  0x000016ff      0x108 .\CortexM3\ARM_GCC_541\Debug\hwTask2.a(USBUART_1_pm.o)
 .debug_abbrev  0x00001807      0x20a .\CortexM3\ARM_GCC_541\Debug\hwTask2.a(USBUART_1_std.o)
 .debug_abbrev  0x00001a11       0x9b .\CortexM3\ARM_GCC_541\Debug\hwTask2.a(USBUART_1_vnd.o)
 .debug_abbrev  0x00001aac      0x11a .\CortexM3\ARM_GCC_541\Debug\hwTask2.a(Timer_1.o)
 .debug_abbrev  0x00001bc6       0x90 .\CortexM3\ARM_GCC_541\Debug\hwTask2.a(USBUART_1_Dp.o)
 .debug_abbrev  0x00001c56      0x128 .\CortexM3\ARM_GCC_541\Debug\hwTask2.a(QuadDec_M2.o)
 .debug_abbrev  0x00001d7e       0x78 .\CortexM3\ARM_GCC_541\Debug\hwTask2.a(QuadDec_M2_INT.o)
 .debug_abbrev  0x00001df6      0x117 .\CortexM3\ARM_GCC_541\Debug\hwTask2.a(QuadDec_M2_Cnt16.o)
 .debug_abbrev  0x00001f0d      0x173 .\CortexM3\ARM_GCC_541\Debug\hwTask2.a(isr_1.o)
 .debug_abbrev  0x00002080       0x14 .\CortexM3\ARM_GCC_541\Debug\hwTask2.a(CyBootAsmGnu.o)
 .debug_abbrev  0x00002094      0x1a7 .\CortexM3\ARM_GCC_541\Debug\hwTask2.a(CyFlash.o)
 .debug_abbrev  0x0000223b      0x194 .\CortexM3\ARM_GCC_541\Debug\hwTask2.a(CySpc.o)
 .debug_abbrev  0x000023cf       0xe1 .\CortexM3\ARM_GCC_541\Debug\hwTask2.a(USBUART_1_cls.o)
 .debug_abbrev  0x000024b0       0xb4 .\CortexM3\ARM_GCC_541\Debug\hwTask2.a(USBUART_1_descr.o)

.debug_line     0x00000000     0x358d
 *(.debug_line)
 .debug_line    0x00000000      0x2c5 .\CortexM3\ARM_GCC_541\Debug\main.o
 .debug_line    0x000002c5      0x1f6 .\CortexM3\ARM_GCC_541\Debug\cyfitter_cfg.o
 .debug_line    0x000004bb      0x141 .\CortexM3\ARM_GCC_541\Debug\cymetadata.o
 .debug_line    0x000005fc      0x234 .\CortexM3\ARM_GCC_541\Debug\Cm3Start.o
 .debug_line    0x00000830      0x178 .\CortexM3\ARM_GCC_541\Debug\hwTask2.a(Clock_PWM.o)
 .debug_line    0x000009a8      0x140 .\CortexM3\ARM_GCC_541\Debug\hwTask2.a(QuadDec_M1.o)
 .debug_line    0x00000ae8       0x6d .\CortexM3\ARM_GCC_541\Debug\hwTask2.a(QuadDec_M1_INT.o)
 .debug_line    0x00000b55      0x133 .\CortexM3\ARM_GCC_541\Debug\hwTask2.a(PWM_1.o)
 .debug_line    0x00000c88      0x190 .\CortexM3\ARM_GCC_541\Debug\hwTask2.a(QuadDec_M1_Cnt16.o)
 .debug_line    0x00000e18      0x816 .\CortexM3\ARM_GCC_541\Debug\hwTask2.a(CyLib.o)
 .debug_line    0x0000162e      0x367 .\CortexM3\ARM_GCC_541\Debug\hwTask2.a(cyPm.o)
 .debug_line    0x00001995      0x133 .\CortexM3\ARM_GCC_541\Debug\hwTask2.a(PWM_2.o)
 .debug_line    0x00001ac8      0x2e4 .\CortexM3\ARM_GCC_541\Debug\hwTask2.a(USBUART_1.o)
 .debug_line    0x00001dac      0x2f8 .\CortexM3\ARM_GCC_541\Debug\hwTask2.a(USBUART_1_cdc.o)
 .debug_line    0x000020a4      0x227 .\CortexM3\ARM_GCC_541\Debug\hwTask2.a(USBUART_1_drv.o)
 .debug_line    0x000022cb       0xec .\CortexM3\ARM_GCC_541\Debug\hwTask2.a(USBUART_1_episr.o)
 .debug_line    0x000023b7      0x116 .\CortexM3\ARM_GCC_541\Debug\hwTask2.a(USBUART_1_pm.o)
 .debug_line    0x000024cd      0x3e8 .\CortexM3\ARM_GCC_541\Debug\hwTask2.a(USBUART_1_std.o)
 .debug_line    0x000028b5       0x77 .\CortexM3\ARM_GCC_541\Debug\hwTask2.a(USBUART_1_vnd.o)
 .debug_line    0x0000292c      0x155 .\CortexM3\ARM_GCC_541\Debug\hwTask2.a(Timer_1.o)
 .debug_line    0x00002a81       0xbd .\CortexM3\ARM_GCC_541\Debug\hwTask2.a(USBUART_1_Dp.o)
 .debug_line    0x00002b3e      0x140 .\CortexM3\ARM_GCC_541\Debug\hwTask2.a(QuadDec_M2.o)
 .debug_line    0x00002c7e       0x6d .\CortexM3\ARM_GCC_541\Debug\hwTask2.a(QuadDec_M2_INT.o)
 .debug_line    0x00002ceb      0x190 .\CortexM3\ARM_GCC_541\Debug\hwTask2.a(QuadDec_M2_Cnt16.o)
 .debug_line    0x00002e7b      0x132 .\CortexM3\ARM_GCC_541\Debug\hwTask2.a(isr_1.o)
 .debug_line    0x00002fad       0x66 .\CortexM3\ARM_GCC_541\Debug\hwTask2.a(CyBootAsmGnu.o)
 .debug_line    0x00003013      0x21a .\CortexM3\ARM_GCC_541\Debug\hwTask2.a(CyFlash.o)
 .debug_line    0x0000322d      0x260 .\CortexM3\ARM_GCC_541\Debug\hwTask2.a(CySpc.o)
 .debug_line    0x0000348d       0x9b .\CortexM3\ARM_GCC_541\Debug\hwTask2.a(USBUART_1_cls.o)
 .debug_line    0x00003528       0x65 .\CortexM3\ARM_GCC_541\Debug\hwTask2.a(USBUART_1_descr.o)

.debug_frame    0x00000000     0x24b4
 *(.debug_frame)
 .debug_frame   0x00000000       0x84 .\CortexM3\ARM_GCC_541\Debug\main.o
 .debug_frame   0x00000084       0xe4 .\CortexM3\ARM_GCC_541\Debug\cyfitter_cfg.o
 .debug_frame   0x00000168       0xb8 .\CortexM3\ARM_GCC_541\Debug\Cm3Start.o
 .debug_frame   0x00000220       0xe0 .\CortexM3\ARM_GCC_541\Debug\hwTask2.a(Clock_PWM.o)
 .debug_frame   0x00000300       0xec .\CortexM3\ARM_GCC_541\Debug\hwTask2.a(QuadDec_M1.o)
 .debug_frame   0x000003ec       0x20 .\CortexM3\ARM_GCC_541\Debug\hwTask2.a(QuadDec_M1_INT.o)
 .debug_frame   0x0000040c       0xe8 .\CortexM3\ARM_GCC_541\Debug\hwTask2.a(PWM_1.o)
 .debug_frame   0x000004f4      0x134 .\CortexM3\ARM_GCC_541\Debug\hwTask2.a(QuadDec_M1_Cnt16.o)
 .debug_frame   0x00000628      0x738 .\CortexM3\ARM_GCC_541\Debug\hwTask2.a(CyLib.o)
 .debug_frame   0x00000d60      0x1f8 .\CortexM3\ARM_GCC_541\Debug\hwTask2.a(cyPm.o)
 .debug_frame   0x00000f58       0xe8 .\CortexM3\ARM_GCC_541\Debug\hwTask2.a(PWM_2.o)
 .debug_frame   0x00001040      0x1dc .\CortexM3\ARM_GCC_541\Debug\hwTask2.a(USBUART_1.o)
 .debug_frame   0x0000121c      0x27c .\CortexM3\ARM_GCC_541\Debug\hwTask2.a(USBUART_1_cdc.o)
 .debug_frame   0x00001498      0x194 .\CortexM3\ARM_GCC_541\Debug\hwTask2.a(USBUART_1_drv.o)
 .debug_frame   0x0000162c       0x6c .\CortexM3\ARM_GCC_541\Debug\hwTask2.a(USBUART_1_episr.o)
 .debug_frame   0x00001698       0xa0 .\CortexM3\ARM_GCC_541\Debug\hwTask2.a(USBUART_1_pm.o)
 .debug_frame   0x00001738      0x17c .\CortexM3\ARM_GCC_541\Debug\hwTask2.a(USBUART_1_std.o)
 .debug_frame   0x000018b4       0x20 .\CortexM3\ARM_GCC_541\Debug\hwTask2.a(USBUART_1_vnd.o)
 .debug_frame   0x000018d4      0x108 .\CortexM3\ARM_GCC_541\Debug\hwTask2.a(Timer_1.o)
 .debug_frame   0x000019dc       0x70 .\CortexM3\ARM_GCC_541\Debug\hwTask2.a(USBUART_1_Dp.o)
 .debug_frame   0x00001a4c       0xec .\CortexM3\ARM_GCC_541\Debug\hwTask2.a(QuadDec_M2.o)
 .debug_frame   0x00001b38       0x20 .\CortexM3\ARM_GCC_541\Debug\hwTask2.a(QuadDec_M2_INT.o)
 .debug_frame   0x00001b58      0x134 .\CortexM3\ARM_GCC_541\Debug\hwTask2.a(QuadDec_M2_Cnt16.o)
 .debug_frame   0x00001c8c      0x104 .\CortexM3\ARM_GCC_541\Debug\hwTask2.a(isr_1.o)
 .debug_frame   0x00001d90      0x194 .\CortexM3\ARM_GCC_541\Debug\hwTask2.a(CyFlash.o)
 .debug_frame   0x00001f24      0x180 .\CortexM3\ARM_GCC_541\Debug\hwTask2.a(CySpc.o)
 .debug_frame   0x000020a4       0x2c .\CortexM3\ARM_GCC_541\Debug\hwTask2.a(USBUART_1_cls.o)
 .debug_frame   0x000020d0       0x20 c:/program files (x86)/cypress/psoc creator/4.4/psoc creator/import/gnu/arm/5.4.1/bin/../lib/gcc/arm-none-eabi/5.4.1/../../../../arm-none-eabi/lib/armv7-m\libg_nano.a(lib_a-errno.o)
 .debug_frame   0x000020f0       0x28 c:/program files (x86)/cypress/psoc creator/4.4/psoc creator/import/gnu/arm/5.4.1/bin/../lib/gcc/arm-none-eabi/5.4.1/../../../../arm-none-eabi/lib/armv7-m\libg_nano.a(lib_a-exit.o)
 .debug_frame   0x00002118       0x2c c:/program files (x86)/cypress/psoc creator/4.4/psoc creator/import/gnu/arm/5.4.1/bin/../lib/gcc/arm-none-eabi/5.4.1/../../../../arm-none-eabi/lib/armv7-m\libg_nano.a(lib_a-init.o)
 .debug_frame   0x00002144       0x28 c:/program files (x86)/cypress/psoc creator/4.4/psoc creator/import/gnu/arm/5.4.1/bin/../lib/gcc/arm-none-eabi/5.4.1/../../../../arm-none-eabi/lib/armv7-m\libg_nano.a(lib_a-memcpy-stub.o)
 .debug_frame   0x0000216c       0x20 c:/program files (x86)/cypress/psoc creator/4.4/psoc creator/import/gnu/arm/5.4.1/bin/../lib/gcc/arm-none-eabi/5.4.1/../../../../arm-none-eabi/lib/armv7-m\libg_nano.a(lib_a-memset.o)
 .debug_frame   0x0000218c       0x70 c:/program files (x86)/cypress/psoc creator/4.4/psoc creator/import/gnu/arm/5.4.1/bin/../lib/gcc/arm-none-eabi/5.4.1/../../../../arm-none-eabi/lib/armv7-m\libg_nano.a(lib_a-sprintf.o)
 .debug_frame   0x000021fc       0x90 c:/program files (x86)/cypress/psoc creator/4.4/psoc creator/import/gnu/arm/5.4.1/bin/../lib/gcc/arm-none-eabi/5.4.1/../../../../arm-none-eabi/lib/armv7-m\libg_nano.a(lib_a-nano-svfprintf.o)
 .debug_frame   0x0000228c       0x60 c:/program files (x86)/cypress/psoc creator/4.4/psoc creator/import/gnu/arm/5.4.1/bin/../lib/gcc/arm-none-eabi/5.4.1/../../../../arm-none-eabi/lib/armv7-m\libg_nano.a(lib_a-nano-vfprintf_i.o)
 .debug_frame   0x000022ec       0x28 c:/program files (x86)/cypress/psoc creator/4.4/psoc creator/import/gnu/arm/5.4.1/bin/../lib/gcc/arm-none-eabi/5.4.1/../../../../arm-none-eabi/lib/armv7-m\libg_nano.a(lib_a-memchr-stub.o)
 .debug_frame   0x00002314       0x28 c:/program files (x86)/cypress/psoc creator/4.4/psoc creator/import/gnu/arm/5.4.1/bin/../lib/gcc/arm-none-eabi/5.4.1/../../../../arm-none-eabi/lib/armv7-m\libg_nano.a(lib_a-memmove.o)
 .debug_frame   0x0000233c       0x38 c:/program files (x86)/cypress/psoc creator/4.4/psoc creator/import/gnu/arm/5.4.1/bin/../lib/gcc/arm-none-eabi/5.4.1/../../../../arm-none-eabi/lib/armv7-m\libg_nano.a(lib_a-nano-freer.o)
 .debug_frame   0x00002374       0x2c c:/program files (x86)/cypress/psoc creator/4.4/psoc creator/import/gnu/arm/5.4.1/bin/../lib/gcc/arm-none-eabi/5.4.1/../../../../arm-none-eabi/lib/armv7-m\libg_nano.a(lib_a-nano-mallocr.o)
 .debug_frame   0x000023a0       0x3c c:/program files (x86)/cypress/psoc creator/4.4/psoc creator/import/gnu/arm/5.4.1/bin/../lib/gcc/arm-none-eabi/5.4.1/../../../../arm-none-eabi/lib/armv7-m\libg_nano.a(lib_a-nano-reallocr.o)
 .debug_frame   0x000023dc       0x2c c:/program files (x86)/cypress/psoc creator/4.4/psoc creator/import/gnu/arm/5.4.1/bin/../lib/gcc/arm-none-eabi/5.4.1/../../../../arm-none-eabi/lib/armv7-m\libg_nano.a(lib_a-sbrkr.o)
 .debug_frame   0x00002408       0x30 c:/program files (x86)/cypress/psoc creator/4.4/psoc creator/import/gnu/arm/5.4.1/bin/../lib/gcc/arm-none-eabi/5.4.1/../../../../arm-none-eabi/lib/armv7-m\libg_nano.a(lib_a-mlock.o)
 .debug_frame   0x00002438       0x20 c:/program files (x86)/cypress/psoc creator/4.4/psoc creator/import/gnu/arm/5.4.1/bin/../lib/gcc/arm-none-eabi/5.4.1/../../../../arm-none-eabi/lib/armv7-m\libg_nano.a(lib_a-nano-msizer.o)
 .debug_frame   0x00002458       0x5c c:/program files (x86)/cypress/psoc creator/4.4/psoc creator/import/gnu/arm/5.4.1/bin/../lib/gcc/arm-none-eabi/5.4.1/../../../../arm-none-eabi/lib/armv7-m\libg_nano.a(lib_a-reent.o)

.debug_str      0x00000000     0x3375
 *(.debug_str)
 .debug_str     0x00000000      0x367 .\CortexM3\ARM_GCC_541\Debug\main.o
                                0x3b5 (size before relaxing)
 .debug_str     0x00000367      0x1b5 .\CortexM3\ARM_GCC_541\Debug\cyfitter_cfg.o
                                0x355 (size before relaxing)
 .debug_str     0x0000051c       0x7f .\CortexM3\ARM_GCC_541\Debug\cymetadata.o
                                0x1ef (size before relaxing)
 .debug_str     0x0000059b      0x13e .\CortexM3\ARM_GCC_541\Debug\Cm3Start.o
                                0x315 (size before relaxing)
 .debug_str     0x000006d9      0x170 .\CortexM3\ARM_GCC_541\Debug\hwTask2.a(Clock_PWM.o)
                                0x311 (size before relaxing)
 .debug_str     0x00000849      0x1ab .\CortexM3\ARM_GCC_541\Debug\hwTask2.a(QuadDec_M1.o)
                                0x3a5 (size before relaxing)
 .debug_str     0x000009f4       0x4b .\CortexM3\ARM_GCC_541\Debug\hwTask2.a(QuadDec_M1_INT.o)
                                0x1fd (size before relaxing)
 .debug_str     0x00000a3f      0x109 .\CortexM3\ARM_GCC_541\Debug\hwTask2.a(PWM_1.o)
                                0x2d8 (size before relaxing)
 .debug_str     0x00000b48      0x1dd .\CortexM3\ARM_GCC_541\Debug\hwTask2.a(QuadDec_M1_Cnt16.o)
                                0x434 (size before relaxing)
 .debug_str     0x00000d25      0x7ed .\CortexM3\ARM_GCC_541\Debug\hwTask2.a(CyLib.o)
                                0xa52 (size before relaxing)
 .debug_str     0x00001512      0x365 .\CortexM3\ARM_GCC_541\Debug\hwTask2.a(cyPm.o)
                                0x73e (size before relaxing)
 .debug_str     0x00001877       0xd8 .\CortexM3\ARM_GCC_541\Debug\hwTask2.a(PWM_2.o)
                                0x2d8 (size before relaxing)
 .debug_str     0x0000194f      0x456 .\CortexM3\ARM_GCC_541\Debug\hwTask2.a(USBUART_1.o)
                                0x6c5 (size before relaxing)
 .debug_str     0x00001da5      0x54d .\CortexM3\ARM_GCC_541\Debug\hwTask2.a(USBUART_1_cdc.o)
                                0x846 (size before relaxing)
 .debug_str     0x000022f2      0x2c1 .\CortexM3\ARM_GCC_541\Debug\hwTask2.a(USBUART_1_drv.o)
                                0x6a7 (size before relaxing)
 .debug_str     0x000025b3       0x8c .\CortexM3\ARM_GCC_541\Debug\hwTask2.a(USBUART_1_episr.o)
                                0x300 (size before relaxing)
 .debug_str     0x0000263f       0xe6 .\CortexM3\ARM_GCC_541\Debug\hwTask2.a(USBUART_1_pm.o)
                                0x313 (size before relaxing)
 .debug_str     0x00002725      0x27b .\CortexM3\ARM_GCC_541\Debug\hwTask2.a(USBUART_1_std.o)
                                0x81c (size before relaxing)
 .debug_str     0x000029a0       0x27 .\CortexM3\ARM_GCC_541\Debug\hwTask2.a(USBUART_1_vnd.o)
                                0x1fe (size before relaxing)
 .debug_str     0x000029c7      0x134 .\CortexM3\ARM_GCC_541\Debug\hwTask2.a(Timer_1.o)
                                0x320 (size before relaxing)
 .debug_str     0x00002afb       0xb0 .\CortexM3\ARM_GCC_541\Debug\hwTask2.a(USBUART_1_Dp.o)
                                0x25a (size before relaxing)
 .debug_str     0x00002bab      0x139 .\CortexM3\ARM_GCC_541\Debug\hwTask2.a(QuadDec_M2.o)
                                0x3a5 (size before relaxing)
 .debug_str     0x00002ce4       0x4b .\CortexM3\ARM_GCC_541\Debug\hwTask2.a(QuadDec_M2_INT.o)
                                0x1fd (size before relaxing)
 .debug_str     0x00002d2f      0x1ce .\CortexM3\ARM_GCC_541\Debug\hwTask2.a(QuadDec_M2_Cnt16.o)
                                0x434 (size before relaxing)
 .debug_str     0x00002efd       0xd8 .\CortexM3\ARM_GCC_541\Debug\hwTask2.a(isr_1.o)
                                0x2b1 (size before relaxing)
 .debug_str     0x00002fd5      0x1bb .\CortexM3\ARM_GCC_541\Debug\hwTask2.a(CyFlash.o)
                                0x3cb (size before relaxing)
 .debug_str     0x00003190       0xac .\CortexM3\ARM_GCC_541\Debug\hwTask2.a(CySpc.o)
                                0x343 (size before relaxing)
 .debug_str     0x0000323c       0x27 .\CortexM3\ARM_GCC_541\Debug\hwTask2.a(USBUART_1_cls.o)
                                0x2c5 (size before relaxing)
 .debug_str     0x00003263      0x112 .\CortexM3\ARM_GCC_541\Debug\hwTask2.a(USBUART_1_descr.o)
                                0x37e (size before relaxing)

.debug_loc      0x00000000     0x3340
 *(.debug_loc)
 .debug_loc     0x00000000       0x3f .\CortexM3\ARM_GCC_541\Debug\main.o
 .debug_loc     0x0000003f      0x259 .\CortexM3\ARM_GCC_541\Debug\cyfitter_cfg.o
 .debug_loc     0x00000298      0x144 .\CortexM3\ARM_GCC_541\Debug\Cm3Start.o
 .debug_loc     0x000003dc      0x128 .\CortexM3\ARM_GCC_541\Debug\hwTask2.a(Clock_PWM.o)
 .debug_loc     0x00000504       0xb9 .\CortexM3\ARM_GCC_541\Debug\hwTask2.a(QuadDec_M1.o)
 .debug_loc     0x000005bd       0x13 .\CortexM3\ARM_GCC_541\Debug\hwTask2.a(QuadDec_M1_INT.o)
 .debug_loc     0x000005d0       0x13 .\CortexM3\ARM_GCC_541\Debug\hwTask2.a(PWM_1.o)
 .debug_loc     0x000005e3       0x3d .\CortexM3\ARM_GCC_541\Debug\hwTask2.a(QuadDec_M1_Cnt16.o)
 .debug_loc     0x00000620      0xa11 .\CortexM3\ARM_GCC_541\Debug\hwTask2.a(CyLib.o)
 .debug_loc     0x00001031      0x1e4 .\CortexM3\ARM_GCC_541\Debug\hwTask2.a(cyPm.o)
 .debug_loc     0x00001215       0x13 .\CortexM3\ARM_GCC_541\Debug\hwTask2.a(PWM_2.o)
 .debug_loc     0x00001228      0x3e1 .\CortexM3\ARM_GCC_541\Debug\hwTask2.a(USBUART_1.o)
 .debug_loc     0x00001609      0x557 .\CortexM3\ARM_GCC_541\Debug\hwTask2.a(USBUART_1_cdc.o)
 .debug_loc     0x00001b60      0x171 .\CortexM3\ARM_GCC_541\Debug\hwTask2.a(USBUART_1_drv.o)
 .debug_loc     0x00001cd1       0x26 .\CortexM3\ARM_GCC_541\Debug\hwTask2.a(USBUART_1_pm.o)
 .debug_loc     0x00001cf7      0x945 .\CortexM3\ARM_GCC_541\Debug\hwTask2.a(USBUART_1_std.o)
 .debug_loc     0x0000263c       0x84 .\CortexM3\ARM_GCC_541\Debug\hwTask2.a(USBUART_1_Dp.o)
 .debug_loc     0x000026c0       0xb9 .\CortexM3\ARM_GCC_541\Debug\hwTask2.a(QuadDec_M2.o)
 .debug_loc     0x00002779       0x13 .\CortexM3\ARM_GCC_541\Debug\hwTask2.a(QuadDec_M2_INT.o)
 .debug_loc     0x0000278c       0x3d .\CortexM3\ARM_GCC_541\Debug\hwTask2.a(QuadDec_M2_Cnt16.o)
 .debug_loc     0x000027c9       0x56 .\CortexM3\ARM_GCC_541\Debug\hwTask2.a(isr_1.o)
 .debug_loc     0x0000281f      0x3b2 .\CortexM3\ARM_GCC_541\Debug\hwTask2.a(CyFlash.o)
 .debug_loc     0x00002bd1      0x705 .\CortexM3\ARM_GCC_541\Debug\hwTask2.a(CySpc.o)
 .debug_loc     0x000032d6       0x6a .\CortexM3\ARM_GCC_541\Debug\hwTask2.a(USBUART_1_cls.o)

.debug_macinfo
 *(.debug_macinfo)

.debug_ranges   0x00000000      0xbe8
 *(.debug_ranges)
 .debug_ranges  0x00000000       0x28 .\CortexM3\ARM_GCC_541\Debug\main.o
 .debug_ranges  0x00000028       0x48 .\CortexM3\ARM_GCC_541\Debug\cyfitter_cfg.o
 .debug_ranges  0x00000070       0x38 .\CortexM3\ARM_GCC_541\Debug\Cm3Start.o
 .debug_ranges  0x000000a8       0x60 .\CortexM3\ARM_GCC_541\Debug\hwTask2.a(Clock_PWM.o)
 .debug_ranges  0x00000108       0x50 .\CortexM3\ARM_GCC_541\Debug\hwTask2.a(QuadDec_M1.o)
 .debug_ranges  0x00000158       0x10 .\CortexM3\ARM_GCC_541\Debug\hwTask2.a(QuadDec_M1_INT.o)
 .debug_ranges  0x00000168       0x68 .\CortexM3\ARM_GCC_541\Debug\hwTask2.a(PWM_1.o)
 .debug_ranges  0x000001d0       0x88 .\CortexM3\ARM_GCC_541\Debug\hwTask2.a(QuadDec_M1_Cnt16.o)
 .debug_ranges  0x00000258      0x290 .\CortexM3\ARM_GCC_541\Debug\hwTask2.a(CyLib.o)
 .debug_ranges  0x000004e8       0x88 .\CortexM3\ARM_GCC_541\Debug\hwTask2.a(cyPm.o)
 .debug_ranges  0x00000570       0x68 .\CortexM3\ARM_GCC_541\Debug\hwTask2.a(PWM_2.o)
 .debug_ranges  0x000005d8       0xd0 .\CortexM3\ARM_GCC_541\Debug\hwTask2.a(USBUART_1.o)
 .debug_ranges  0x000006a8       0xd8 .\CortexM3\ARM_GCC_541\Debug\hwTask2.a(USBUART_1_cdc.o)
 .debug_ranges  0x00000780       0x88 .\CortexM3\ARM_GCC_541\Debug\hwTask2.a(USBUART_1_drv.o)
 .debug_ranges  0x00000808       0x30 .\CortexM3\ARM_GCC_541\Debug\hwTask2.a(USBUART_1_episr.o)
 .debug_ranges  0x00000838       0x30 .\CortexM3\ARM_GCC_541\Debug\hwTask2.a(USBUART_1_pm.o)
 .debug_ranges  0x00000868       0x70 .\CortexM3\ARM_GCC_541\Debug\hwTask2.a(USBUART_1_std.o)
 .debug_ranges  0x000008d8       0x10 .\CortexM3\ARM_GCC_541\Debug\hwTask2.a(USBUART_1_vnd.o)
 .debug_ranges  0x000008e8       0x78 .\CortexM3\ARM_GCC_541\Debug\hwTask2.a(Timer_1.o)
 .debug_ranges  0x00000960       0x38 .\CortexM3\ARM_GCC_541\Debug\hwTask2.a(USBUART_1_Dp.o)
 .debug_ranges  0x00000998       0x50 .\CortexM3\ARM_GCC_541\Debug\hwTask2.a(QuadDec_M2.o)
 .debug_ranges  0x000009e8       0x10 .\CortexM3\ARM_GCC_541\Debug\hwTask2.a(QuadDec_M2_INT.o)
 .debug_ranges  0x000009f8       0x88 .\CortexM3\ARM_GCC_541\Debug\hwTask2.a(QuadDec_M2_Cnt16.o)
 .debug_ranges  0x00000a80       0x70 .\CortexM3\ARM_GCC_541\Debug\hwTask2.a(isr_1.o)
 .debug_ranges  0x00000af0       0x78 .\CortexM3\ARM_GCC_541\Debug\hwTask2.a(CyFlash.o)
 .debug_ranges  0x00000b68       0x70 .\CortexM3\ARM_GCC_541\Debug\hwTask2.a(CySpc.o)
 .debug_ranges  0x00000bd8       0x10 .\CortexM3\ARM_GCC_541\Debug\hwTask2.a(USBUART_1_cls.o)

.comment        0x00000000       0x6e
 .comment       0x00000000       0x6e .\CortexM3\ARM_GCC_541\Debug\main.o
                                 0x6f (size before relaxing)
 .comment       0x0000006e       0x6f .\CortexM3\ARM_GCC_541\Debug\cyfitter_cfg.o
 .comment       0x0000006e       0x6f .\CortexM3\ARM_GCC_541\Debug\cymetadata.o
 .comment       0x0000006e       0x6f .\CortexM3\ARM_GCC_541\Debug\Cm3Start.o
 .comment       0x0000006e       0x6f .\CortexM3\ARM_GCC_541\Debug\hwTask2.a(Clock_PWM.o)
 .comment       0x0000006e       0x6f .\CortexM3\ARM_GCC_541\Debug\hwTask2.a(QuadDec_M1.o)
 .comment       0x0000006e       0x6f .\CortexM3\ARM_GCC_541\Debug\hwTask2.a(QuadDec_M1_INT.o)
 .comment       0x0000006e       0x6f .\CortexM3\ARM_GCC_541\Debug\hwTask2.a(PWM_1.o)
 .comment       0x0000006e       0x6f .\CortexM3\ARM_GCC_541\Debug\hwTask2.a(QuadDec_M1_Cnt16.o)
 .comment       0x0000006e       0x6f .\CortexM3\ARM_GCC_541\Debug\hwTask2.a(CyLib.o)
 .comment       0x0000006e       0x6f .\CortexM3\ARM_GCC_541\Debug\hwTask2.a(cyPm.o)
 .comment       0x0000006e       0x6f .\CortexM3\ARM_GCC_541\Debug\hwTask2.a(PWM_2.o)
 .comment       0x0000006e       0x6f .\CortexM3\ARM_GCC_541\Debug\hwTask2.a(USBUART_1.o)
 .comment       0x0000006e       0x6f .\CortexM3\ARM_GCC_541\Debug\hwTask2.a(USBUART_1_cdc.o)
 .comment       0x0000006e       0x6f .\CortexM3\ARM_GCC_541\Debug\hwTask2.a(USBUART_1_drv.o)
 .comment       0x0000006e       0x6f .\CortexM3\ARM_GCC_541\Debug\hwTask2.a(USBUART_1_episr.o)
 .comment       0x0000006e       0x6f .\CortexM3\ARM_GCC_541\Debug\hwTask2.a(USBUART_1_pm.o)
 .comment       0x0000006e       0x6f .\CortexM3\ARM_GCC_541\Debug\hwTask2.a(USBUART_1_std.o)
 .comment       0x0000006e       0x6f .\CortexM3\ARM_GCC_541\Debug\hwTask2.a(USBUART_1_vnd.o)
 .comment       0x0000006e       0x6f .\CortexM3\ARM_GCC_541\Debug\hwTask2.a(Timer_1.o)
 .comment       0x0000006e       0x6f .\CortexM3\ARM_GCC_541\Debug\hwTask2.a(USBUART_1_Dp.o)
 .comment       0x0000006e       0x6f .\CortexM3\ARM_GCC_541\Debug\hwTask2.a(QuadDec_M2.o)
 .comment       0x0000006e       0x6f .\CortexM3\ARM_GCC_541\Debug\hwTask2.a(QuadDec_M2_INT.o)
 .comment       0x0000006e       0x6f .\CortexM3\ARM_GCC_541\Debug\hwTask2.a(QuadDec_M2_Cnt16.o)
 .comment       0x0000006e       0x6f .\CortexM3\ARM_GCC_541\Debug\hwTask2.a(isr_1.o)
 .comment       0x0000006e       0x6f .\CortexM3\ARM_GCC_541\Debug\hwTask2.a(CyFlash.o)
 .comment       0x0000006e       0x6f .\CortexM3\ARM_GCC_541\Debug\hwTask2.a(CySpc.o)
 .comment       0x0000006e       0x6f .\CortexM3\ARM_GCC_541\Debug\hwTask2.a(USBUART_1_cls.o)
 .comment       0x0000006e       0x6f .\CortexM3\ARM_GCC_541\Debug\hwTask2.a(USBUART_1_descr.o)

.debug_weaknames
 *(.debug_weaknames)

.debug_funcnames
 *(.debug_funcnames)

.debug_typenames
 *(.debug_typenames)

.debug_varnames
 *(.debug_varnames)

.note.gnu.arm.ident
 *(.note.gnu.arm.ident)

.ARM.attributes
                0x00000000       0x29
 *(.ARM.attributes)
 .ARM.attributes
                0x00000000       0x1d c:/program files (x86)/cypress/psoc creator/4.4/psoc creator/import/gnu/arm/5.4.1/bin/../lib/gcc/arm-none-eabi/5.4.1/armv7-m/crti.o
 .ARM.attributes
                0x0000001d       0x2d c:/program files (x86)/cypress/psoc creator/4.4/psoc creator/import/gnu/arm/5.4.1/bin/../lib/gcc/arm-none-eabi/5.4.1/armv7-m/crtbegin.o
 .ARM.attributes
                0x0000004a       0x1b c:/program files (x86)/cypress/psoc creator/4.4/psoc creator/import/gnu/arm/5.4.1/bin/../lib/gcc/arm-none-eabi/5.4.1/../../../../arm-none-eabi/lib/armv7-m/crt0.o
 .ARM.attributes
                0x00000065       0x33 .\CortexM3\ARM_GCC_541\Debug\main.o
 .ARM.attributes
                0x00000098       0x33 .\CortexM3\ARM_GCC_541\Debug\cyfitter_cfg.o
 .ARM.attributes
                0x000000cb       0x33 .\CortexM3\ARM_GCC_541\Debug\cymetadata.o
 .ARM.attributes
                0x000000fe       0x33 .\CortexM3\ARM_GCC_541\Debug\Cm3Start.o
 .ARM.attributes
                0x00000131       0x33 .\CortexM3\ARM_GCC_541\Debug\hwTask2.a(Clock_PWM.o)
 .ARM.attributes
                0x00000164       0x33 .\CortexM3\ARM_GCC_541\Debug\hwTask2.a(QuadDec_M1.o)
 .ARM.attributes
                0x00000197       0x33 .\CortexM3\ARM_GCC_541\Debug\hwTask2.a(QuadDec_M1_INT.o)
 .ARM.attributes
                0x000001ca       0x33 .\CortexM3\ARM_GCC_541\Debug\hwTask2.a(PWM_1.o)
 .ARM.attributes
                0x000001fd       0x33 .\CortexM3\ARM_GCC_541\Debug\hwTask2.a(QuadDec_M1_Cnt16.o)
 .ARM.attributes
                0x00000230       0x33 .\CortexM3\ARM_GCC_541\Debug\hwTask2.a(CyLib.o)
 .ARM.attributes
                0x00000263       0x33 .\CortexM3\ARM_GCC_541\Debug\hwTask2.a(cyPm.o)
 .ARM.attributes
                0x00000296       0x33 .\CortexM3\ARM_GCC_541\Debug\hwTask2.a(PWM_2.o)
 .ARM.attributes
                0x000002c9       0x33 .\CortexM3\ARM_GCC_541\Debug\hwTask2.a(USBUART_1.o)
 .ARM.attributes
                0x000002fc       0x33 .\CortexM3\ARM_GCC_541\Debug\hwTask2.a(USBUART_1_cdc.o)
 .ARM.attributes
                0x0000032f       0x33 .\CortexM3\ARM_GCC_541\Debug\hwTask2.a(USBUART_1_drv.o)
 .ARM.attributes
                0x00000362       0x33 .\CortexM3\ARM_GCC_541\Debug\hwTask2.a(USBUART_1_episr.o)
 .ARM.attributes
                0x00000395       0x33 .\CortexM3\ARM_GCC_541\Debug\hwTask2.a(USBUART_1_pm.o)
 .ARM.attributes
                0x000003c8       0x33 .\CortexM3\ARM_GCC_541\Debug\hwTask2.a(USBUART_1_std.o)
 .ARM.attributes
                0x000003fb       0x33 .\CortexM3\ARM_GCC_541\Debug\hwTask2.a(USBUART_1_vnd.o)
 .ARM.attributes
                0x0000042e       0x33 .\CortexM3\ARM_GCC_541\Debug\hwTask2.a(Timer_1.o)
 .ARM.attributes
                0x00000461       0x33 .\CortexM3\ARM_GCC_541\Debug\hwTask2.a(USBUART_1_Dp.o)
 .ARM.attributes
                0x00000494       0x33 .\CortexM3\ARM_GCC_541\Debug\hwTask2.a(QuadDec_M2.o)
 .ARM.attributes
                0x000004c7       0x33 .\CortexM3\ARM_GCC_541\Debug\hwTask2.a(QuadDec_M2_INT.o)
 .ARM.attributes
                0x000004fa       0x33 .\CortexM3\ARM_GCC_541\Debug\hwTask2.a(QuadDec_M2_Cnt16.o)
 .ARM.attributes
                0x0000052d       0x33 .\CortexM3\ARM_GCC_541\Debug\hwTask2.a(isr_1.o)
 .ARM.attributes
                0x00000560       0x21 .\CortexM3\ARM_GCC_541\Debug\hwTask2.a(CyBootAsmGnu.o)
 .ARM.attributes
                0x00000581       0x33 .\CortexM3\ARM_GCC_541\Debug\hwTask2.a(CyFlash.o)
 .ARM.attributes
                0x000005b4       0x33 .\CortexM3\ARM_GCC_541\Debug\hwTask2.a(CySpc.o)
 .ARM.attributes
                0x000005e7       0x33 .\CortexM3\ARM_GCC_541\Debug\hwTask2.a(USBUART_1_cls.o)
 .ARM.attributes
                0x0000061a       0x33 .\CortexM3\ARM_GCC_541\Debug\hwTask2.a(USBUART_1_descr.o)
 .ARM.attributes
                0x0000064d       0x1d c:/program files (x86)/cypress/psoc creator/4.4/psoc creator/import/gnu/arm/5.4.1/bin/../lib/gcc/arm-none-eabi/5.4.1/armv7-m\libgcc.a(_arm_addsubdf3.o)
 .ARM.attributes
                0x0000066a       0x1d c:/program files (x86)/cypress/psoc creator/4.4/psoc creator/import/gnu/arm/5.4.1/bin/../lib/gcc/arm-none-eabi/5.4.1/armv7-m\libgcc.a(_arm_muldivdf3.o)
 .ARM.attributes
                0x00000687       0x1d c:/program files (x86)/cypress/psoc creator/4.4/psoc creator/import/gnu/arm/5.4.1/bin/../lib/gcc/arm-none-eabi/5.4.1/armv7-m\libgcc.a(_arm_fixunsdfsi.o)
 .ARM.attributes
                0x000006a4       0x2d c:/program files (x86)/cypress/psoc creator/4.4/psoc creator/import/gnu/arm/5.4.1/bin/../lib/gcc/arm-none-eabi/5.4.1/../../../../arm-none-eabi/lib/armv7-m\libg_nano.a(lib_a-errno.o)
 .ARM.attributes
                0x000006d1       0x2d c:/program files (x86)/cypress/psoc creator/4.4/psoc creator/import/gnu/arm/5.4.1/bin/../lib/gcc/arm-none-eabi/5.4.1/../../../../arm-none-eabi/lib/armv7-m\libg_nano.a(lib_a-exit.o)
 .ARM.attributes
                0x000006fe       0x2d c:/program files (x86)/cypress/psoc creator/4.4/psoc creator/import/gnu/arm/5.4.1/bin/../lib/gcc/arm-none-eabi/5.4.1/../../../../arm-none-eabi/lib/armv7-m\libg_nano.a(lib_a-impure.o)
 .ARM.attributes
                0x0000072b       0x2d c:/program files (x86)/cypress/psoc creator/4.4/psoc creator/import/gnu/arm/5.4.1/bin/../lib/gcc/arm-none-eabi/5.4.1/../../../../arm-none-eabi/lib/armv7-m\libg_nano.a(lib_a-init.o)
 .ARM.attributes
                0x00000758       0x2d c:/program files (x86)/cypress/psoc creator/4.4/psoc creator/import/gnu/arm/5.4.1/bin/../lib/gcc/arm-none-eabi/5.4.1/../../../../arm-none-eabi/lib/armv7-m\libg_nano.a(lib_a-memcpy-stub.o)
 .ARM.attributes
                0x00000785       0x2d c:/program files (x86)/cypress/psoc creator/4.4/psoc creator/import/gnu/arm/5.4.1/bin/../lib/gcc/arm-none-eabi/5.4.1/../../../../arm-none-eabi/lib/armv7-m\libg_nano.a(lib_a-memset.o)
 .ARM.attributes
                0x000007b2       0x2d c:/program files (x86)/cypress/psoc creator/4.4/psoc creator/import/gnu/arm/5.4.1/bin/../lib/gcc/arm-none-eabi/5.4.1/../../../../arm-none-eabi/lib/armv7-m\libg_nano.a(lib_a-sprintf.o)
 .ARM.attributes
                0x000007df       0x17 c:/program files (x86)/cypress/psoc creator/4.4/psoc creator/import/gnu/arm/5.4.1/bin/../lib/gcc/arm-none-eabi/5.4.1/../../../../arm-none-eabi/lib/armv7-m\libg_nano.a(lib_a-strlen.o)
 .ARM.attributes
                0x000007f6       0x2d c:/program files (x86)/cypress/psoc creator/4.4/psoc creator/import/gnu/arm/5.4.1/bin/../lib/gcc/arm-none-eabi/5.4.1/../../../../arm-none-eabi/lib/armv7-m\libg_nano.a(lib_a-nano-svfprintf.o)
 .ARM.attributes
                0x00000823       0x2d c:/program files (x86)/cypress/psoc creator/4.4/psoc creator/import/gnu/arm/5.4.1/bin/../lib/gcc/arm-none-eabi/5.4.1/../../../../arm-none-eabi/lib/armv7-m\libg_nano.a(lib_a-nano-vfprintf_i.o)
 .ARM.attributes
                0x00000850       0x2d c:/program files (x86)/cypress/psoc creator/4.4/psoc creator/import/gnu/arm/5.4.1/bin/../lib/gcc/arm-none-eabi/5.4.1/../../../../arm-none-eabi/lib/armv7-m\libg_nano.a(lib_a-memchr-stub.o)
 .ARM.attributes
                0x0000087d       0x2d c:/program files (x86)/cypress/psoc creator/4.4/psoc creator/import/gnu/arm/5.4.1/bin/../lib/gcc/arm-none-eabi/5.4.1/../../../../arm-none-eabi/lib/armv7-m\libg_nano.a(lib_a-memmove.o)
 .ARM.attributes
                0x000008aa       0x2d c:/program files (x86)/cypress/psoc creator/4.4/psoc creator/import/gnu/arm/5.4.1/bin/../lib/gcc/arm-none-eabi/5.4.1/../../../../arm-none-eabi/lib/armv7-m\libg_nano.a(lib_a-nano-freer.o)
 .ARM.attributes
                0x000008d7       0x2d c:/program files (x86)/cypress/psoc creator/4.4/psoc creator/import/gnu/arm/5.4.1/bin/../lib/gcc/arm-none-eabi/5.4.1/../../../../arm-none-eabi/lib/armv7-m\libg_nano.a(lib_a-nano-mallocr.o)
 .ARM.attributes
                0x00000904       0x2d c:/program files (x86)/cypress/psoc creator/4.4/psoc creator/import/gnu/arm/5.4.1/bin/../lib/gcc/arm-none-eabi/5.4.1/../../../../arm-none-eabi/lib/armv7-m\libg_nano.a(lib_a-nano-reallocr.o)
 .ARM.attributes
                0x00000931       0x2d c:/program files (x86)/cypress/psoc creator/4.4/psoc creator/import/gnu/arm/5.4.1/bin/../lib/gcc/arm-none-eabi/5.4.1/../../../../arm-none-eabi/lib/armv7-m\libg_nano.a(lib_a-sbrkr.o)
 .ARM.attributes
                0x0000095e       0x2d c:/program files (x86)/cypress/psoc creator/4.4/psoc creator/import/gnu/arm/5.4.1/bin/../lib/gcc/arm-none-eabi/5.4.1/../../../../arm-none-eabi/lib/armv7-m\libg_nano.a(lib_a-mlock.o)
 .ARM.attributes
                0x0000098b       0x2d c:/program files (x86)/cypress/psoc creator/4.4/psoc creator/import/gnu/arm/5.4.1/bin/../lib/gcc/arm-none-eabi/5.4.1/../../../../arm-none-eabi/lib/armv7-m\libg_nano.a(lib_a-nano-msizer.o)
 .ARM.attributes
                0x000009b8       0x2d c:/program files (x86)/cypress/psoc creator/4.4/psoc creator/import/gnu/arm/5.4.1/bin/../lib/gcc/arm-none-eabi/5.4.1/../../../../arm-none-eabi/lib/armv7-m\libg_nano.a(lib_a-reent.o)
 .ARM.attributes
                0x000009e5       0x2d c:/program files (x86)/cypress/psoc creator/4.4/psoc creator/import/gnu/arm/5.4.1/bin/../lib/gcc/arm-none-eabi/5.4.1/armv7-m/crtend.o
 .ARM.attributes
                0x00000a12       0x1d c:/program files (x86)/cypress/psoc creator/4.4/psoc creator/import/gnu/arm/5.4.1/bin/../lib/gcc/arm-none-eabi/5.4.1/armv7-m/crtn.o

/DISCARD/
 *(.note.GNU-stack)
OUTPUT(C:\Users\Caleb Wong\Documents\COMPSYS 301\HWtask\Hardware_task\hwTask2.cydsn\CortexM3\ARM_GCC_541\Debug\hwTask2.elf elf32-littlearm)