Archive member included to satisfy reference by file (symbol)

.\CortexM3\ARM_GCC_541\Debug\Additional_HD.a(CyLib.o)
                              .\CortexM3\ARM_GCC_541\Debug\Cm3Start.o (CyHalt)
.\CortexM3\ARM_GCC_541\Debug\Additional_HD.a(cyPm.o)
                              .\CortexM3\ARM_GCC_541\Debug\Additional_HD.a(CyLib.o) (CyPmReadStatus)
.\CortexM3\ARM_GCC_541\Debug\Additional_HD.a(Timer_1.o)
                              .\CortexM3\ARM_GCC_541\Debug\main.o (Timer_1_ReadStatusRegister)
.\CortexM3\ARM_GCC_541\Debug\Additional_HD.a(Comp_1.o)
                              .\CortexM3\ARM_GCC_541\Debug\main.o (Comp_1_Start)
.\CortexM3\ARM_GCC_541\Debug\Additional_HD.a(Comp_2.o)
                              .\CortexM3\ARM_GCC_541\Debug\main.o (Comp_2_Start)
.\CortexM3\ARM_GCC_541\Debug\Additional_HD.a(Comp_3.o)
                              .\CortexM3\ARM_GCC_541\Debug\main.o (Comp_3_Start)
.\CortexM3\ARM_GCC_541\Debug\Additional_HD.a(Comp_0.o)
                              .\CortexM3\ARM_GCC_541\Debug\main.o (Comp_0_Start)
.\CortexM3\ARM_GCC_541\Debug\Additional_HD.a(Clock_PWM.o)
                              .\CortexM3\ARM_GCC_541\Debug\main.o (Clock_PWM_Start)
.\CortexM3\ARM_GCC_541\Debug\Additional_HD.a(PWM_1.o)
                              .\CortexM3\ARM_GCC_541\Debug\main.o (PWM_1_WritePeriod)
.\CortexM3\ARM_GCC_541\Debug\Additional_HD.a(PWM_2.o)
                              .\CortexM3\ARM_GCC_541\Debug\main.o (PWM_2_WritePeriod)
.\CortexM3\ARM_GCC_541\Debug\Additional_HD.a(Timer_3.o)
                              .\CortexM3\ARM_GCC_541\Debug\main.o (Timer_3_Start)
.\CortexM3\ARM_GCC_541\Debug\Additional_HD.a(QuadDec_M1.o)
                              .\CortexM3\ARM_GCC_541\Debug\main.o (QuadDec_M1_GetCounter)
.\CortexM3\ARM_GCC_541\Debug\Additional_HD.a(QuadDec_M1_INT.o)
                              .\CortexM3\ARM_GCC_541\Debug\Additional_HD.a(QuadDec_M1.o) (QuadDec_M1_ISR)
.\CortexM3\ARM_GCC_541\Debug\Additional_HD.a(QuadDec_M2.o)
                              .\CortexM3\ARM_GCC_541\Debug\main.o (QuadDec_M2_GetCounter)
.\CortexM3\ARM_GCC_541\Debug\Additional_HD.a(QuadDec_M2_INT.o)
                              .\CortexM3\ARM_GCC_541\Debug\Additional_HD.a(QuadDec_M2.o) (QuadDec_M2_ISR)
.\CortexM3\ARM_GCC_541\Debug\Additional_HD.a(QuadDec_M1_Cnt16.o)
                              .\CortexM3\ARM_GCC_541\Debug\Additional_HD.a(QuadDec_M1.o) (QuadDec_M1_Cnt16_Stop)
.\CortexM3\ARM_GCC_541\Debug\Additional_HD.a(QuadDec_M2_Cnt16.o)
                              .\CortexM3\ARM_GCC_541\Debug\Additional_HD.a(QuadDec_M2.o) (QuadDec_M2_Cnt16_Stop)
.\CortexM3\ARM_GCC_541\Debug\Additional_HD.a(timer_isr_3.o)
                              .\CortexM3\ARM_GCC_541\Debug\main.o (timer_isr_3_StartEx)
.\CortexM3\ARM_GCC_541\Debug\Additional_HD.a(CyBootAsmGnu.o)
                              .\CortexM3\ARM_GCC_541\Debug\cyfitter_cfg.o (CyDelayCycles)
.\CortexM3\ARM_GCC_541\Debug\Additional_HD.a(CyFlash.o)
                              .\CortexM3\ARM_GCC_541\Debug\Additional_HD.a(cyPm.o) (CyFlash_SetWaitCycles)
.\CortexM3\ARM_GCC_541\Debug\Additional_HD.a(CySpc.o)
                              .\CortexM3\ARM_GCC_541\Debug\Additional_HD.a(CyFlash.o) (CySpcStart)
c:/program files (x86)/cypress/psoc creator/4.2/psoc creator/import/gnu/arm/5.4.1/bin/../lib/gcc/arm-none-eabi/5.4.1/armv7-m\libgcc.a(_arm_addsubdf3.o)
                              .\CortexM3\ARM_GCC_541\Debug\main.o (__aeabi_dsub)
c:/program files (x86)/cypress/psoc creator/4.2/psoc creator/import/gnu/arm/5.4.1/bin/../lib/gcc/arm-none-eabi/5.4.1/armv7-m\libgcc.a(_arm_muldivdf3.o)
                              .\CortexM3\ARM_GCC_541\Debug\main.o (__aeabi_dmul)
c:/program files (x86)/cypress/psoc creator/4.2/psoc creator/import/gnu/arm/5.4.1/bin/../lib/gcc/arm-none-eabi/5.4.1/armv7-m\libgcc.a(_arm_cmpdf2.o)
                              .\CortexM3\ARM_GCC_541\Debug\main.o (__aeabi_dcmple)
c:/program files (x86)/cypress/psoc creator/4.2/psoc creator/import/gnu/arm/5.4.1/bin/../lib/gcc/arm-none-eabi/5.4.1/armv7-m\libgcc.a(_arm_fixunsdfsi.o)
                              .\CortexM3\ARM_GCC_541\Debug\main.o (__aeabi_d2uiz)
c:/program files (x86)/cypress/psoc creator/4.2/psoc creator/import/gnu/arm/5.4.1/bin/../lib/gcc/arm-none-eabi/5.4.1/../../../../arm-none-eabi/lib/armv7-m\libg_nano.a(lib_a-errno.o)
                              .\CortexM3\ARM_GCC_541\Debug\Cm3Start.o (__errno)
c:/program files (x86)/cypress/psoc creator/4.2/psoc creator/import/gnu/arm/5.4.1/bin/../lib/gcc/arm-none-eabi/5.4.1/../../../../arm-none-eabi/lib/armv7-m\libg_nano.a(lib_a-exit.o)
                              c:/program files (x86)/cypress/psoc creator/4.2/psoc creator/import/gnu/arm/5.4.1/bin/../lib/gcc/arm-none-eabi/5.4.1/../../../../arm-none-eabi/lib/armv7-m/crt0.o (exit)
c:/program files (x86)/cypress/psoc creator/4.2/psoc creator/import/gnu/arm/5.4.1/bin/../lib/gcc/arm-none-eabi/5.4.1/../../../../arm-none-eabi/lib/armv7-m\libg_nano.a(lib_a-impure.o)
[...]
Memory Configuration

Name             Origin             Length             Attributes
rom              0x00000000         0x00040000         xr
ram              0x1fff8000         0x00010000         xrw
*default*        0x00000000         0xffffffff

Linker script and memory map

LOAD c:/program files (x86)/cypress/psoc creator/4.2/psoc creator/import/gnu/arm/5.4.1/bin/../lib/gcc/arm-none-eabi/5.4.1/armv7-m/crti.o
LOAD c:/program files (x86)/cypress/psoc creator/4.2/psoc creator/import/gnu/arm/5.4.1/bin/../lib/gcc/arm-none-eabi/5.4.1/armv7-m/crtbegin.o
LOAD c:/program files (x86)/cypress/psoc creator/4.2/psoc creator/import/gnu/arm/5.4.1/bin/../lib/gcc/arm-none-eabi/5.4.1/../../../../arm-none-eabi/lib/armv7-m/crt0.o
START GROUP
LOAD .\CortexM3\ARM_GCC_541\Debug\main.o
LOAD .\CortexM3\ARM_GCC_541\Debug\cyfitter_cfg.o
LOAD .\CortexM3\ARM_GCC_541\Debug\cymetadata.o
LOAD .\CortexM3\ARM_GCC_541\Debug\Cm3Start.o
LOAD .\CortexM3\ARM_GCC_541\Debug\Additional_HD.a
LOAD C:\Program Files (x86)\Cypress\PSoC Creator\4.2\PSoC Creator\psoc\content\cycomponentlibrary\CyComponentLibrary.cylib\CortexM3\ARM_GCC_541\Debug\CyComponentLibrary.a
END GROUP
START GROUP
LOAD c:/program files (x86)/cypress/psoc creator/4.2/psoc creator/import/gnu/arm/5.4.1/bin/../lib/gcc/arm-none-eabi/5.4.1/armv7-m\libgcc.a
LOAD c:/program files (x86)/cypress/psoc creator/4.2/psoc creator/import/gnu/arm/5.4.1/bin/../lib/gcc/arm-none-eabi/5.4.1/../../../../arm-none-eabi/lib/armv7-m\libg_nano.a
LOAD c:/program files (x86)/cypress/psoc creator/4.2/psoc creator/import/gnu/arm/5.4.1/bin/../lib/gcc/arm-none-eabi/5.4.1/../../../../arm-none-eabi/lib/armv7-m\libc_nano.a
END GROUP
START GROUP
LOAD c:/program files (x86)/cypress/psoc creator/4.2/psoc creator/import/gnu/arm/5.4.1/bin/../lib/gcc/arm-none-eabi/5.4.1/armv7-m\libgcc.a
LOAD c:/program files (x86)/cypress/psoc creator/4.2/psoc creator/import/gnu/arm/5.4.1/bin/../lib/gcc/arm-none-eabi/5.4.1/../../../../arm-none-eabi/lib/armv7-m\libc_nano.a
END GROUP
LOAD c:/program files (x86)/cypress/psoc creator/4.2/psoc creator/import/gnu/arm/5.4.1/bin/../lib/gcc/arm-none-eabi/5.4.1/armv7-m/crtend.o
LOAD c:/program files (x86)/cypress/psoc creator/4.2/psoc creator/import/gnu/arm/5.4.1/bin/../lib/gcc/arm-none-eabi/5.4.1/armv7-m/crtn.o
START GROUP
LOAD c:/program files (x86)/cypress/psoc creator/4.2/psoc creator/import/gnu/arm/5.4.1/bin/../lib/gcc/arm-none-eabi/5.4.1/armv7-m\libgcc.a
LOAD c:/program files (x86)/cypress/psoc creator/4.2/psoc creator/import/gnu/arm/5.4.1/bin/../lib/gcc/arm-none-eabi/5.4.1/../../../../arm-none-eabi/lib/armv7-m\libc.a
LOAD c:/program files (x86)/cypress/psoc creator/4.2/psoc creator/import/gnu/arm/5.4.1/bin/../lib/gcc/arm-none-eabi/5.4.1/../../../../arm-none-eabi/lib/armv7-m\libnosys.a
END GROUP
                0x00000000                CY_APPL_ORIGIN = 0x0
                0x00000100                CY_FLASH_ROW_SIZE = 0x100
                0x00000020                CY_ECC_ROW_SIZE = 0x20
                0x00000000                CY_EE_IN_BTLDR = 0x0
                0x00000000                CY_APPL_LOADABLE = 0x0
                0x00000800                CY_EE_SIZE = 0x800
                0x00000001                CY_APPL_NUM = 0x1
                0x00000001                CY_APPL_MAX = 0x1
                0x00000040                CY_METADATA_SIZE = 0x40
                0x00000000                CY_APPL_LOADABLE = 0x0
                0x00000000                CY_CHECKSUM_EXCLUDE_SIZE = ALIGN (0x0, CY_FLASH_ROW_SIZE)
                [!provide]                PROVIDE (__cy_heap_start, _end)
                0x00000001                PROVIDE (__cy_region_num, ((__cy_regions_end - __cy_regions) / 0x10))
                0x20008000                PROVIDE (__cy_stack, (ORIGIN (ram) + LENGTH (ram)))
                [!provide]                PROVIDE (__cy_heap_end, (__cy_stack - 0x800))

.cybootloader   0x00000000        0x0
 *(.cybootloader)
                0x00000000                appl1_start = CY_APPL_ORIGIN?CY_APPL_ORIGIN:ALIGN (CY_FLASH_ROW_SIZE)
                0x0001ff00                appl2_start = (appl1_start + ALIGN ((((LENGTH (rom) - appl1_start) - (0x2 * CY_FLASH_ROW_SIZE)) / 0x2), CY_FLASH_ROW_SIZE))
                0x00000000                appl_start = (CY_APPL_NUM == 0x1)?appl1_start:appl2_start
                0x00000000                ecc_offset = ((appl_start / CY_FLASH_ROW_SIZE) * CY_ECC_ROW_SIZE)
                0x00000000                ee_offset = (CY_APPL_LOADABLE && ! (CY_EE_IN_BTLDR))?((CY_EE_SIZE / CY_APPL_MAX) * (CY_APPL_NUM - 0x1)):0x0
                0x00000800                ee_size = (CY_APPL_LOADABLE && ! (CY_EE_IN_BTLDR))?(CY_EE_SIZE / CY_APPL_MAX):CY_EE_SIZE
                [!provide]                PROVIDE (CY_ECC_OFFSET, ecc_offset)

.text           0x00000000     0x1bb2
 CREATE_OBJECT_SYMBOLS
                0x00000000                PROVIDE (__cy_interrupt_vector, RomVectors)
 *(.romvectors)
 .romvectors    0x00000000       0x10 .\CortexM3\ARM_GCC_541\Debug\Cm3Start.o
                0x00000000                RomVectors
                0x00000001                ASSERT ((. != __cy_interrupt_vector), No interrupt vector)
                0x00000001                ASSERT (CY_APPL_ORIGIN?(SIZEOF (.cybootloader) <= CY_APPL_ORIGIN):0x1, Wrong image location)
                0x00000010                PROVIDE (__cy_reset, Reset)
 *(.text.Reset)
 .text.Reset    0x00000010       0x18 .\CortexM3\ARM_GCC_541\Debug\Cm3Start.o
                0x00000010                Reset
                0x00000001                ASSERT ((. != __cy_reset), No reset code)
 *(.dma_init)
                0x00000001                ASSERT ((((appl_start + .) <= 0x10000) || 0x1), DMA Init must be within the first 64k of flash)
 *(.text .text.* .gnu.linkonce.t.*)
 .text          0x00000028       0x5c c:/program files (x86)/cypress/psoc creator/4.2/psoc creator/import/gnu/arm/5.4.1/bin/../lib/gcc/arm-none-eabi/5.4.1/armv7-m/crtbegin.o
 *fill*         0x00000084        0x4 
 .text.isr_TC_handler
                0x00000088       0x94 .\CortexM3\ARM_GCC_541\Debug\main.o
                0x00000088                isr_TC_handler
 .text.stop_M1  0x0000011c        0xc .\CortexM3\ARM_GCC_541\Debug\main.o
                0x0000011c                stop_M1
 .text.stop_M2  0x00000128        0xc .\CortexM3\ARM_GCC_541\Debug\main.o
                0x00000128                stop_M2
 .text.distance_based_Stopping
                0x00000134       0xf4 .\CortexM3\ARM_GCC_541\Debug\main.o
                0x00000134                distance_based_Stopping
 .text.main     0x00000228       0x64 .\CortexM3\ARM_GCC_541\Debug\main.o
                0x00000228                main
 .text.CyClockStartupError
                0x0000028c        0x4 .\CortexM3\ARM_GCC_541\Debug\cyfitter_cfg.o
 .text.cfg_write_bytes32
                0x00000290       0x34 .\CortexM3\ARM_GCC_541\Debug\cyfitter_cfg.o
 .text.AnalogSetDefault
                0x000002c4       0x70 .\CortexM3\ARM_GCC_541\Debug\cyfitter_cfg.o
 .text.CYMEMZERO
                0x00000334        0xc .\CortexM3\ARM_GCC_541\Debug\cyfitter_cfg.o
 .text.CYCONFIGCPY
                0x00000340        0x8 .\CortexM3\ARM_GCC_541\Debug\cyfitter_cfg.o
 .text.ClockSetup
                0x00000348      0x110 .\CortexM3\ARM_GCC_541\Debug\cyfitter_cfg.o
 .text.cyfitter_cfg
                0x00000458      0x14c .\CortexM3\ARM_GCC_541\Debug\cyfitter_cfg.o
                0x00000458                cyfitter_cfg
 .text.IntDefaultHandler
                0x000005a4       0x10 .\CortexM3\ARM_GCC_541\Debug\Cm3Start.o
                0x000005a4                IntDefaultHandler
 .text.Start_c  0x000005b4       0x4c .\CortexM3\ARM_GCC_541\Debug\Cm3Start.o
                0x000005b4                Start_c
 .text.initialize_psoc
                0x00000600       0x68 .\CortexM3\ARM_GCC_541\Debug\Cm3Start.o
                0x00000600                initialize_psoc
 .text.CyHalt   0x00000668        0x4 .\CortexM3\ARM_GCC_541\Debug\Additional_HD.a(CyLib.o)
                0x00000668                CyHalt
 .text.CyIntSetVector
                0x0000066c       0x28 .\CortexM3\ARM_GCC_541\Debug\Additional_HD.a(CyLib.o)
                0x0000066c                CyIntSetVector
 .text.CyIntSetPriority
                0x00000694       0x30 .\CortexM3\ARM_GCC_541\Debug\Additional_HD.a(CyLib.o)
                0x00000694                CyIntSetPriority
 .text.Timer_1_Enable
                0x000006c4       0x28 .\CortexM3\ARM_GCC_541\Debug\Additional_HD.a(Timer_1.o)
                0x000006c4                Timer_1_Enable
 .text.Timer_1_SetInterruptMode
                0x000006ec        0xc .\CortexM3\ARM_GCC_541\Debug\Additional_HD.a(Timer_1.o)
                0x000006ec                Timer_1_SetInterruptMode
 .text.Timer_1_ReadStatusRegister
                0x000006f8        0xc .\CortexM3\ARM_GCC_541\Debug\Additional_HD.a(Timer_1.o)
                0x000006f8                Timer_1_ReadStatusRegister
 .text.Timer_1_WritePeriod
                0x00000704        0xc .\CortexM3\ARM_GCC_541\Debug\Additional_HD.a(Timer_1.o)
                0x00000704                Timer_1_WritePeriod
 .text.Timer_1_WriteCounter
                0x00000710        0xc .\CortexM3\ARM_GCC_541\Debug\Additional_HD.a(Timer_1.o)
                0x00000710                Timer_1_WriteCounter
 .text.Timer_1_Init
                0x0000071c       0x68 .\CortexM3\ARM_GCC_541\Debug\Additional_HD.a(Timer_1.o)
                0x0000071c                Timer_1_Init
 .text.Timer_1_Start
                0x00000784       0x1c .\CortexM3\ARM_GCC_541\Debug\Additional_HD.a(Timer_1.o)
                0x00000784                Timer_1_Start
 .text.Comp_1_Enable
                0x000007a0       0x1c .\CortexM3\ARM_GCC_541\Debug\Additional_HD.a(Comp_1.o)
                0x000007a0                Comp_1_Enable
 .text.Comp_1_SetSpeed
                0x000007bc       0x58 .\CortexM3\ARM_GCC_541\Debug\Additional_HD.a(Comp_1.o)
                0x000007bc                Comp_1_SetSpeed
 .text.Comp_1_Init
                0x00000814       0x3c .\CortexM3\ARM_GCC_541\Debug\Additional_HD.a(Comp_1.o)
                0x00000814                Comp_1_Init
 .text.Comp_1_Start
                0x00000850       0x1c .\CortexM3\ARM_GCC_541\Debug\Additional_HD.a(Comp_1.o)
                0x00000850                Comp_1_Start
 .text.Comp_2_Enable
                0x0000086c       0x1c .\CortexM3\ARM_GCC_541\Debug\Additional_HD.a(Comp_2.o)
                0x0000086c                Comp_2_Enable
 .text.Comp_2_SetSpeed
                0x00000888       0x58 .\CortexM3\ARM_GCC_541\Debug\Additional_HD.a(Comp_2.o)
                0x00000888                Comp_2_SetSpeed
 .text.Comp_2_Init
                0x000008e0       0x3c .\CortexM3\ARM_GCC_541\Debug\Additional_HD.a(Comp_2.o)
                0x000008e0                Comp_2_Init
 .text.Comp_2_Start
                0x0000091c       0x1c .\CortexM3\ARM_GCC_541\Debug\Additional_HD.a(Comp_2.o)
                0x0000091c                Comp_2_Start
 .text.Comp_3_Enable
                0x00000938       0x1c .\CortexM3\ARM_GCC_541\Debug\Additional_HD.a(Comp_3.o)
                0x00000938                Comp_3_Enable
 .text.Comp_3_SetSpeed
                0x00000954       0x58 .\CortexM3\ARM_GCC_541\Debug\Additional_HD.a(Comp_3.o)
                0x00000954                Comp_3_SetSpeed
 .text.Comp_3_Init
                0x000009ac       0x3c .\CortexM3\ARM_GCC_541\Debug\Additional_HD.a(Comp_3.o)
                0x000009ac                Comp_3_Init
 .text.Comp_3_Start
                0x000009e8       0x1c .\CortexM3\ARM_GCC_541\Debug\Additional_HD.a(Comp_3.o)
                0x000009e8                Comp_3_Start
 .text.Comp_0_Enable
                0x00000a04       0x1c .\CortexM3\ARM_GCC_541\Debug\Additional_HD.a(Comp_0.o)
                0x00000a04                Comp_0_Enable
 .text.Comp_0_SetSpeed
                0x00000a20       0x58 .\CortexM3\ARM_GCC_541\Debug\Additional_HD.a(Comp_0.o)
                0x00000a20                Comp_0_SetSpeed
 .text.Comp_0_Init
                0x00000a78       0x3c .\CortexM3\ARM_GCC_541\Debug\Additional_HD.a(Comp_0.o)
                0x00000a78                Comp_0_Init
 .text.Comp_0_Start
                0x00000ab4       0x1c .\CortexM3\ARM_GCC_541\Debug\Additional_HD.a(Comp_0.o)
                0x00000ab4                Comp_0_Start
 .text.Clock_PWM_Start
                0x00000ad0       0x1c .\CortexM3\ARM_GCC_541\Debug\Additional_HD.a(Clock_PWM.o)
                0x00000ad0                Clock_PWM_Start
 .text.PWM_1_Enable
                0x00000aec       0x28 .\CortexM3\ARM_GCC_541\Debug\Additional_HD.a(PWM_1.o)
                0x00000aec                PWM_1_Enable
 .text.PWM_1_WritePeriod
                0x00000b14        0xc .\CortexM3\ARM_GCC_541\Debug\Additional_HD.a(PWM_1.o)
                0x00000b14                PWM_1_WritePeriod
 .text.PWM_1_WriteCompare
                0x00000b20        0xc .\CortexM3\ARM_GCC_541\Debug\Additional_HD.a(PWM_1.o)
                0x00000b20                PWM_1_WriteCompare
 .text.PWM_1_SetInterruptMode
                0x00000b2c        0xc .\CortexM3\ARM_GCC_541\Debug\Additional_HD.a(PWM_1.o)
                0x00000b2c                PWM_1_SetInterruptMode
 .text.PWM_1_Init
                0x00000b38       0x74 .\CortexM3\ARM_GCC_541\Debug\Additional_HD.a(PWM_1.o)
                0x00000b38                PWM_1_Init
 .text.PWM_1_Start
                0x00000bac       0x1c .\CortexM3\ARM_GCC_541\Debug\Additional_HD.a(PWM_1.o)
                0x00000bac                PWM_1_Start
 .text.PWM_2_Enable
                0x00000bc8       0x28 .\CortexM3\ARM_GCC_541\Debug\Additional_HD.a(PWM_2.o)
                0x00000bc8                PWM_2_Enable
 .text.PWM_2_WritePeriod
                0x00000bf0        0xc .\CortexM3\ARM_GCC_541\Debug\Additional_HD.a(PWM_2.o)
                0x00000bf0                PWM_2_WritePeriod
 .text.PWM_2_WriteCompare
                0x00000bfc        0xc .\CortexM3\ARM_GCC_541\Debug\Additional_HD.a(PWM_2.o)
                0x00000bfc                PWM_2_WriteCompare
 .text.PWM_2_SetInterruptMode
                0x00000c08        0xc .\CortexM3\ARM_GCC_541\Debug\Additional_HD.a(PWM_2.o)
                0x00000c08                PWM_2_SetInterruptMode
 .text.PWM_2_Init
                0x00000c14       0x74 .\CortexM3\ARM_GCC_541\Debug\Additional_HD.a(PWM_2.o)
                0x00000c14                PWM_2_Init
 .text.PWM_2_Start
                0x00000c88       0x1c .\CortexM3\ARM_GCC_541\Debug\Additional_HD.a(PWM_2.o)
                0x00000c88                PWM_2_Start
 .text.Timer_3_Enable
                0x00000ca4       0x28 .\CortexM3\ARM_GCC_541\Debug\Additional_HD.a(Timer_3.o)
                0x00000ca4                Timer_3_Enable
 .text.Timer_3_SetInterruptMode
                0x00000ccc        0xc .\CortexM3\ARM_GCC_541\Debug\Additional_HD.a(Timer_3.o)
                0x00000ccc                Timer_3_SetInterruptMode
 .text.Timer_3_WritePeriod
                0x00000cd8        0xc .\CortexM3\ARM_GCC_541\Debug\Additional_HD.a(Timer_3.o)
                0x00000cd8                Timer_3_WritePeriod
 .text.Timer_3_WriteCounter
                0x00000ce4        0xc .\CortexM3\ARM_GCC_541\Debug\Additional_HD.a(Timer_3.o)
                0x00000ce4                Timer_3_WriteCounter
 .text.Timer_3_Init
                0x00000cf0       0x68 .\CortexM3\ARM_GCC_541\Debug\Additional_HD.a(Timer_3.o)
                0x00000cf0                Timer_3_Init
 .text.Timer_3_Start
                0x00000d58       0x1c .\CortexM3\ARM_GCC_541\Debug\Additional_HD.a(Timer_3.o)
                0x00000d58                Timer_3_Start
 .text.QuadDec_M1_Init
                0x00000d74       0x24 .\CortexM3\ARM_GCC_541\Debug\Additional_HD.a(QuadDec_M1.o)
                0x00000d74                QuadDec_M1_Init
 .text.QuadDec_M1_GetCounter
                0x00000d98       0x2c .\CortexM3\ARM_GCC_541\Debug\Additional_HD.a(QuadDec_M1.o)
                0x00000d98                QuadDec_M1_GetCounter
 .text.QuadDec_M1_SetCounter
                0x00000dc4       0x28 .\CortexM3\ARM_GCC_541\Debug\Additional_HD.a(QuadDec_M1.o)
                0x00000dc4                QuadDec_M1_SetCounter
 .text.QuadDec_M1_GetEvents
                0x00000dec       0x10 .\CortexM3\ARM_GCC_541\Debug\Additional_HD.a(QuadDec_M1.o)
                0x00000dec                QuadDec_M1_GetEvents
 .text.QuadDec_M1_SetInterruptMask
                0x00000dfc       0x10 .\CortexM3\ARM_GCC_541\Debug\Additional_HD.a(QuadDec_M1.o)
                0x00000dfc                QuadDec_M1_SetInterruptMask
 .text.QuadDec_M1_Enable
                0x00000e0c       0x30 .\CortexM3\ARM_GCC_541\Debug\Additional_HD.a(QuadDec_M1.o)
                0x00000e0c                QuadDec_M1_Enable
 .text.QuadDec_M1_Start
                0x00000e3c       0x34 .\CortexM3\ARM_GCC_541\Debug\Additional_HD.a(QuadDec_M1.o)
                0x00000e3c                QuadDec_M1_Start
 .text.QuadDec_M1_ISR
                0x00000e70       0x40 .\CortexM3\ARM_GCC_541\Debug\Additional_HD.a(QuadDec_M1_INT.o)
                0x00000e70                QuadDec_M1_ISR
 .text.QuadDec_M2_Init
                0x00000eb0       0x24 .\CortexM3\ARM_GCC_541\Debug\Additional_HD.a(QuadDec_M2.o)
                0x00000eb0                QuadDec_M2_Init
 .text.QuadDec_M2_GetCounter
                0x00000ed4       0x2c .\CortexM3\ARM_GCC_541\Debug\Additional_HD.a(QuadDec_M2.o)
                0x00000ed4                QuadDec_M2_GetCounter
 .text.QuadDec_M2_SetCounter
                0x00000f00       0x28 .\CortexM3\ARM_GCC_541\Debug\Additional_HD.a(QuadDec_M2.o)
                0x00000f00                QuadDec_M2_SetCounter
 .text.QuadDec_M2_GetEvents
                0x00000f28       0x10 .\CortexM3\ARM_GCC_541\Debug\Additional_HD.a(QuadDec_M2.o)
                0x00000f28                QuadDec_M2_GetEvents
 .text.QuadDec_M2_SetInterruptMask
                0x00000f38       0x10 .\CortexM3\ARM_GCC_541\Debug\Additional_HD.a(QuadDec_M2.o)
                0x00000f38                QuadDec_M2_SetInterruptMask
 .text.QuadDec_M2_Enable
                0x00000f48       0x30 .\CortexM3\ARM_GCC_541\Debug\Additional_HD.a(QuadDec_M2.o)
                0x00000f48                QuadDec_M2_Enable
 .text.QuadDec_M2_Start
                0x00000f78       0x34 .\CortexM3\ARM_GCC_541\Debug\Additional_HD.a(QuadDec_M2.o)
                0x00000f78                QuadDec_M2_Start
 .text.QuadDec_M2_ISR
                0x00000fac       0x40 .\CortexM3\ARM_GCC_541\Debug\Additional_HD.a(QuadDec_M2_INT.o)
                0x00000fac                QuadDec_M2_ISR
 .text.QuadDec_M1_Cnt16_Enable
                0x00000fec       0x10 .\CortexM3\ARM_GCC_541\Debug\Additional_HD.a(QuadDec_M1_Cnt16.o)
                0x00000fec                QuadDec_M1_Cnt16_Enable
 .text.QuadDec_M1_Cnt16_SetInterruptMode
                0x00000ffc        0xc .\CortexM3\ARM_GCC_541\Debug\Additional_HD.a(QuadDec_M1_Cnt16.o)
                0x00000ffc                QuadDec_M1_Cnt16_SetInterruptMode
 .text.QuadDec_M1_Cnt16_ReadStatusRegister
                0x00001008        0xc .\CortexM3\ARM_GCC_541\Debug\Additional_HD.a(QuadDec_M1_Cnt16.o)
                0x00001008                QuadDec_M1_Cnt16_ReadStatusRegister
 .text.QuadDec_M1_Cnt16_WriteCounter
                0x00001014        0xc .\CortexM3\ARM_GCC_541\Debug\Additional_HD.a(QuadDec_M1_Cnt16.o)
                0x00001014                QuadDec_M1_Cnt16_WriteCounter
 .text.QuadDec_M1_Cnt16_ReadCounter
                0x00001020       0x14 .\CortexM3\ARM_GCC_541\Debug\Additional_HD.a(QuadDec_M1_Cnt16.o)
                0x00001020                QuadDec_M1_Cnt16_ReadCounter
 .text.QuadDec_M1_Cnt16_ReadCapture
                0x00001034        0xc .\CortexM3\ARM_GCC_541\Debug\Additional_HD.a(QuadDec_M1_Cnt16.o)
                0x00001034                QuadDec_M1_Cnt16_ReadCapture
 .text.QuadDec_M1_Cnt16_WritePeriod
                0x00001040        0xc .\CortexM3\ARM_GCC_541\Debug\Additional_HD.a(QuadDec_M1_Cnt16.o)
                0x00001040                QuadDec_M1_Cnt16_WritePeriod
 .text.QuadDec_M1_Cnt16_WriteCompare
                0x0000104c        0xc .\CortexM3\ARM_GCC_541\Debug\Additional_HD.a(QuadDec_M1_Cnt16.o)
                0x0000104c                QuadDec_M1_Cnt16_WriteCompare
 .text.QuadDec_M1_Cnt16_ClearFIFO
                0x00001058       0x14 .\CortexM3\ARM_GCC_541\Debug\Additional_HD.a(QuadDec_M1_Cnt16.o)
                0x00001058                QuadDec_M1_Cnt16_ClearFIFO
 .text.QuadDec_M1_Cnt16_Init
                0x0000106c       0x58 .\CortexM3\ARM_GCC_541\Debug\Additional_HD.a(QuadDec_M1_Cnt16.o)
                0x0000106c                QuadDec_M1_Cnt16_Init
 .text.QuadDec_M1_Cnt16_Start
                0x000010c4       0x1c .\CortexM3\ARM_GCC_541\Debug\Additional_HD.a(QuadDec_M1_Cnt16.o)
                0x000010c4                QuadDec_M1_Cnt16_Start
 .text.QuadDec_M2_Cnt16_Enable
                0x000010e0       0x10 .\CortexM3\ARM_GCC_541\Debug\Additional_HD.a(QuadDec_M2_Cnt16.o)
                0x000010e0                QuadDec_M2_Cnt16_Enable
 .text.QuadDec_M2_Cnt16_SetInterruptMode
                0x000010f0        0xc .\CortexM3\ARM_GCC_541\Debug\Additional_HD.a(QuadDec_M2_Cnt16.o)
                0x000010f0                QuadDec_M2_Cnt16_SetInterruptMode
 .text.QuadDec_M2_Cnt16_ReadStatusRegister
                0x000010fc        0xc .\CortexM3\ARM_GCC_541\Debug\Additional_HD.a(QuadDec_M2_Cnt16.o)
                0x000010fc                QuadDec_M2_Cnt16_ReadStatusRegister
 .text.QuadDec_M2_Cnt16_WriteCounter
                0x00001108        0xc .\CortexM3\ARM_GCC_541\Debug\Additional_HD.a(QuadDec_M2_Cnt16.o)
                0x00001108                QuadDec_M2_Cnt16_WriteCounter
 .text.QuadDec_M2_Cnt16_ReadCounter
                0x00001114       0x14 .\CortexM3\ARM_GCC_541\Debug\Additional_HD.a(QuadDec_M2_Cnt16.o)
                0x00001114                QuadDec_M2_Cnt16_ReadCounter
 .text.QuadDec_M2_Cnt16_ReadCapture
                0x00001128        0xc .\CortexM3\ARM_GCC_541\Debug\Additional_HD.a(QuadDec_M2_Cnt16.o)
                0x00001128                QuadDec_M2_Cnt16_ReadCapture
 .text.QuadDec_M2_Cnt16_WritePeriod
                0x00001134        0xc .\CortexM3\ARM_GCC_541\Debug\Additional_HD.a(QuadDec_M2_Cnt16.o)
                0x00001134                QuadDec_M2_Cnt16_WritePeriod
 .text.QuadDec_M2_Cnt16_WriteCompare
                0x00001140        0xc .\CortexM3\ARM_GCC_541\Debug\Additional_HD.a(QuadDec_M2_Cnt16.o)
                0x00001140                QuadDec_M2_Cnt16_WriteCompare
 .text.QuadDec_M2_Cnt16_ClearFIFO
                0x0000114c       0x14 .\CortexM3\ARM_GCC_541\Debug\Additional_HD.a(QuadDec_M2_Cnt16.o)
                0x0000114c                QuadDec_M2_Cnt16_ClearFIFO
 .text.QuadDec_M2_Cnt16_Init
                0x00001160       0x58 .\CortexM3\ARM_GCC_541\Debug\Additional_HD.a(QuadDec_M2_Cnt16.o)
                0x00001160                QuadDec_M2_Cnt16_Init
 .text.QuadDec_M2_Cnt16_Start
                0x000011b8       0x1c .\CortexM3\ARM_GCC_541\Debug\Additional_HD.a(QuadDec_M2_Cnt16.o)
                0x000011b8                QuadDec_M2_Cnt16_Start
 .text.timer_isr_3_SetVector
                0x000011d4       0x10 .\CortexM3\ARM_GCC_541\Debug\Additional_HD.a(timer_isr_3.o)
                0x000011d4                timer_isr_3_SetVector
 .text.timer_isr_3_SetPriority
                0x000011e4       0x10 .\CortexM3\ARM_GCC_541\Debug\Additional_HD.a(timer_isr_3.o)
                0x000011e4                timer_isr_3_SetPriority
 .text.timer_isr_3_Enable
                0x000011f4       0x10 .\CortexM3\ARM_GCC_541\Debug\Additional_HD.a(timer_isr_3.o)
                0x000011f4                timer_isr_3_Enable
 .text.timer_isr_3_Disable
                0x00001204       0x10 .\CortexM3\ARM_GCC_541\Debug\Additional_HD.a(timer_isr_3.o)
                0x00001204                timer_isr_3_Disable
 .text.timer_isr_3_StartEx
                0x00001214       0x1c .\CortexM3\ARM_GCC_541\Debug\Additional_HD.a(timer_isr_3.o)
                0x00001214                timer_isr_3_StartEx
 .text          0x00001230       0x20 .\CortexM3\ARM_GCC_541\Debug\Additional_HD.a(CyBootAsmGnu.o)
                0x00001230                CyDelayCycles
                0x00001240                CyEnterCriticalSection
                0x00001248                CyExitCriticalSection
 .text          0x00001250      0x370 c:/program files (x86)/cypress/psoc creator/4.2/psoc creator/import/gnu/arm/5.4.1/bin/../lib/gcc/arm-none-eabi/5.4.1/armv7-m\libgcc.a(_arm_addsubdf3.o)
                0x00001250                __aeabi_drsub
                0x00001258                __aeabi_dsub
                0x00001258                __subdf3
                0x0000125c                __aeabi_dadd
                0x0000125c                __adddf3
                0x000014d4                __floatunsidf
                0x000014d4                __aeabi_ui2d
                0x000014f4                __floatsidf
                0x000014f4                __aeabi_i2d
                0x00001518                __aeabi_f2d
                0x00001518                __extendsfdf2
                0x00001554                __floatundidf
                0x00001554                __aeabi_ul2d
                0x00001564                __floatdidf
                0x00001564                __aeabi_l2d
 .text          0x000015c0      0x424 c:/program files (x86)/cypress/psoc creator/4.2/psoc creator/import/gnu/arm/5.4.1/bin/../lib/gcc/arm-none-eabi/5.4.1/armv7-m\libgcc.a(_arm_muldivdf3.o)
                0x000015c0                __aeabi_dmul
                0x000015c0                __muldf3
                0x00001814                __divdf3
                0x00001814                __aeabi_ddiv
 .text          0x000019e4      0x110 c:/program files (x86)/cypress/psoc creator/4.2/psoc creator/import/gnu/arm/5.4.1/bin/../lib/gcc/arm-none-eabi/5.4.1/armv7-m\libgcc.a(_arm_cmpdf2.o)
                0x000019e4                __gtdf2
                0x000019e4                __gedf2
                0x000019ec                __ltdf2
                0x000019ec                __ledf2
                0x000019f4                __nedf2
                0x000019f4                __eqdf2
                0x000019f4                __cmpdf2
                0x00001a70                __aeabi_cdrcmple
                0x00001a80                __aeabi_cdcmpeq
                0x00001a80                __aeabi_cdcmple
                0x00001a90                __aeabi_dcmpeq
                0x00001aa4                __aeabi_dcmplt
                0x00001ab8                __aeabi_dcmple
                0x00001acc                __aeabi_dcmpge
                0x00001ae0                __aeabi_dcmpgt
 .text          0x00001af4       0x40 c:/program files (x86)/cypress/psoc creator/4.2/psoc creator/import/gnu/arm/5.4.1/bin/../lib/gcc/arm-none-eabi/5.4.1/armv7-m\libgcc.a(_arm_fixunsdfsi.o)
                0x00001af4                __aeabi_d2uiz
                0x00001af4                __fixunsdfsi
 .text.__errno  0x00001b34        0xc c:/program files (x86)/cypress/psoc creator/4.2/psoc creator/import/gnu/arm/5.4.1/bin/../lib/gcc/arm-none-eabi/5.4.1/../../../../arm-none-eabi/lib/armv7-m\libg_nano.a(lib_a-errno.o)
                0x00001b34                __errno
 .text.__libc_init_array
                0x00001b40       0x4c c:/program files (x86)/cypress/psoc creator/4.2/psoc creator/import/gnu/arm/5.4.1/bin/../lib/gcc/arm-none-eabi/5.4.1/../../../../arm-none-eabi/lib/armv7-m\libg_nano.a(lib_a-init.o)
                0x00001b40                __libc_init_array
 .text.memcpy   0x00001b8c       0x16 c:/program files (x86)/cypress/psoc creator/4.2/psoc creator/import/gnu/arm/5.4.1/bin/../lib/gcc/arm-none-eabi/5.4.1/../../../../arm-none-eabi/lib/armv7-m\libg_nano.a(lib_a-memcpy-stub.o)
                0x00001b8c                memcpy
 .text.memset   0x00001ba2       0x10 c:/program files (x86)/cypress/psoc creator/4.2/psoc creator/import/gnu/arm/5.4.1/bin/../lib/gcc/arm-none-eabi/5.4.1/../../../../arm-none-eabi/lib/armv7-m\libg_nano.a(lib_a-memset.o)
                0x00001ba2                memset
 *(.plt)
 *(.gnu.warning)
 *(.glue_7t)
 .glue_7t       0x00001bb2        0x0 linker stubs
 *(.glue_7)
 .glue_7        0x00001bb2        0x0 linker stubs
 *(.vfp11_veneer)
 .vfp11_veneer  0x00001bb2        0x0 linker stubs
 *(.bootloader)
 *(.ARM.extab* .gnu.linkonce.armextab.*)
 *(.gcc_except_table)

.v4_bx          0x00001bb4        0x0
 .v4_bx         0x00001bb4        0x0 linker stubs

.iplt           0x00001bb4        0x0
 .iplt          0x00001bb4        0x0 c:/program files (x86)/cypress/psoc creator/4.2/psoc creator/import/gnu/arm/5.4.1/bin/../lib/gcc/arm-none-eabi/5.4.1/armv7-m/crtbegin.o

.eh_frame_hdr
 *(.eh_frame_hdr)

.eh_frame       0x00001bb4        0x4
 *(.eh_frame)
 .eh_frame      0x00001bb4        0x0 c:/program files (x86)/cypress/psoc creator/4.2/psoc creator/import/gnu/arm/5.4.1/bin/../lib/gcc/arm-none-eabi/5.4.1/armv7-m/crtbegin.o
 .eh_frame      0x00001bb4        0x4 c:/program files (x86)/cypress/psoc creator/4.2/psoc creator/import/gnu/arm/5.4.1/bin/../lib/gcc/arm-none-eabi/5.4.1/armv7-m/crtend.o
                [!provide]                PROVIDE (__exidx_start, .)

.ARM.exidx
 *(.ARM.exidx* .gnu.linkonce.armexidx.*)
                0x00001bb8                __exidx_end = .

.rodata         0x00001bb8       0x68
 *(.rodata .rodata.* .gnu.linkonce.r.*)
 .rodata        0x00001bb8       0x30 .\CortexM3\ARM_GCC_541\Debug\cyfitter_cfg.o
 .rodata.str1.1
                0x00001be8        0x2 c:/program files (x86)/cypress/psoc creator/4.2/psoc creator/import/gnu/arm/5.4.1/bin/../lib/gcc/arm-none-eabi/5.4.1/../../../../arm-none-eabi/lib/armv7-m\libg_nano.a(lib_a-impure.o)
                0x00001bec                . = ALIGN (0x4)
 *fill*         0x00001bea        0x2 
 *(.init)
 .init          0x00001bec        0x4 c:/program files (x86)/cypress/psoc creator/4.2/psoc creator/import/gnu/arm/5.4.1/bin/../lib/gcc/arm-none-eabi/5.4.1/armv7-m/crti.o
                0x00001bec                _init
 .init          0x00001bf0        0x8 c:/program files (x86)/cypress/psoc creator/4.2/psoc creator/import/gnu/arm/5.4.1/bin/../lib/gcc/arm-none-eabi/5.4.1/armv7-m/crtn.o
                0x00001bf8                . = ALIGN (0x4)
                0x00001bf8                __preinit_array_start = .
 *(.preinit_array)
                0x00001bf8                __preinit_array_end = .
                0x00001bf8                . = ALIGN (0x4)
                0x00001bf8                __init_array_start = .
 *(SORT(.init_array.*))
 *(.init_array)
 .init_array    0x00001bf8        0x4 c:/program files (x86)/cypress/psoc creator/4.2/psoc creator/import/gnu/arm/5.4.1/bin/../lib/gcc/arm-none-eabi/5.4.1/armv7-m/crtbegin.o
 .init_array    0x00001bfc        0x4 .\CortexM3\ARM_GCC_541\Debug\Cm3Start.o
                0x00001c00                __init_array_end = .
                0x00001c00                . = ALIGN (0x4)
 *(.fini)
 .fini          0x00001c00        0x4 c:/program files (x86)/cypress/psoc creator/4.2/psoc creator/import/gnu/arm/5.4.1/bin/../lib/gcc/arm-none-eabi/5.4.1/armv7-m/crti.o
                0x00001c00                _fini
 .fini          0x00001c04        0x8 c:/program files (x86)/cypress/psoc creator/4.2/psoc creator/import/gnu/arm/5.4.1/bin/../lib/gcc/arm-none-eabi/5.4.1/armv7-m/crtn.o
                0x00001c0c                . = ALIGN (0x4)
                0x00001c0c                __fini_array_start = .
 *(.fini_array)
 .fini_array    0x00001c0c        0x4 c:/program files (x86)/cypress/psoc creator/4.2/psoc creator/import/gnu/arm/5.4.1/bin/../lib/gcc/arm-none-eabi/5.4.1/armv7-m/crtbegin.o
 *(SORT(.fini_array.*))
                0x00001c10                __fini_array_end = .
                0x00001c10                . = ALIGN (0x4)
 *crtbegin.o(.ctors)
 *(EXCLUDE_FILE(*crtend.o) .ctors)
 *(SORT(.ctors.*))
 *crtend.o(.ctors)
                0x00001c10                . = ALIGN (0x4)
 *crtbegin.o(.dtors)
 *(EXCLUDE_FILE(*crtend.o) .dtors)
 *(SORT(.dtors.*))
 *crtend.o(.dtors)
                0x00001c10                . = ALIGN (0x4)
                0x00001c10                __cy_regions = .
                0x00001c10        0x4 LONG 0x1c20 __cy_region_init_ram
                0x00001c14        0x4 LONG 0x1fff80c8 __cy_region_start_data
                0x00001c18        0x4 LONG 0x88 __cy_region_init_size_ram
                0x00001c1c        0x4 LONG 0x90 __cy_region_zero_size_ram
                0x00001c20                __cy_regions_end = .
                0x00001c20                . = ALIGN (0x8)
                0x00001c20                _etext = .

.cy_checksum_exclude
                0x00001c20        0x0
 *(.cy_checksum_exclude)

.ramvectors     0x1fff8000       0xc0
                0x1fff8000                __cy_region_start_ram = .
 *(.ramvectors)
 .ramvectors    0x1fff8000       0xc0 .\CortexM3\ARM_GCC_541\Debug\Cm3Start.o
                0x1fff8000                CyRamVectors

.noinit         0x1fff80c0        0x1
 *(.noinit)
 .noinit        0x1fff80c0        0x1 .\CortexM3\ARM_GCC_541\Debug\Additional_HD.a(CyLib.o)
                0x1fff80c0                CyResetStatus

.data           0x1fff80c8       0x88 load address 0x00001c20
                0x1fff80c8                __cy_region_start_data = .
 *(.jcr)
 .jcr           0x1fff80c8        0x0 c:/program files (x86)/cypress/psoc creator/4.2/psoc creator/import/gnu/arm/5.4.1/bin/../lib/gcc/arm-none-eabi/5.4.1/armv7-m/crtbegin.o
 .jcr           0x1fff80c8        0x4 c:/program files (x86)/cypress/psoc creator/4.2/psoc creator/import/gnu/arm/5.4.1/bin/../lib/gcc/arm-none-eabi/5.4.1/armv7-m/crtend.o
 *(.got.plt)
 *(.got)
 *(.shdata)
 *(.data .data.* .gnu.linkonce.d.*)
 *fill*         0x1fff80cc        0x4 
 .data          0x1fff80d0       0x18 .\CortexM3\ARM_GCC_541\Debug\main.o
                0x1fff80d0                counter
                0x1fff80d8                wheel_circumference_mm
                0x1fff80e0                target_distance
                0x1fff80e4                CPR_value
 .data.impure_data
                0x1fff80e8       0x60 c:/program files (x86)/cypress/psoc creator/4.2/psoc creator/import/gnu/arm/5.4.1/bin/../lib/gcc/arm-none-eabi/5.4.1/../../../../arm-none-eabi/lib/armv7-m\libg_nano.a(lib_a-impure.o)
 .data._impure_ptr
                0x1fff8148        0x4 c:/program files (x86)/cypress/psoc creator/4.2/psoc creator/import/gnu/arm/5.4.1/bin/../lib/gcc/arm-none-eabi/5.4.1/../../../../arm-none-eabi/lib/armv7-m\libg_nano.a(lib_a-impure.o)
                0x1fff8148                _impure_ptr
                0x1fff8150                . = ALIGN (0x8)
 *fill*         0x1fff814c        0x4 
 *(.ram)
                0x1fff8150                _edata = .

.igot.plt       0x1fff8150        0x0 load address 0x00001ca8
 .igot.plt      0x1fff8150        0x0 c:/program files (x86)/cypress/psoc creator/4.2/psoc creator/import/gnu/arm/5.4.1/bin/../lib/gcc/arm-none-eabi/5.4.1/armv7-m/crtbegin.o

.bss            0x1fff8150       0x90 load address 0x00001ca8
                0x1fff8150                PROVIDE (__bss_start__, .)
 *(.shbss)
 *(.bss .bss.* .gnu.linkonce.b.*)
 .bss           0x1fff8150       0x1c c:/program files (x86)/cypress/psoc creator/4.2/psoc creator/import/gnu/arm/5.4.1/bin/../lib/gcc/arm-none-eabi/5.4.1/armv7-m/crtbegin.o
 *fill*         0x1fff816c        0x4 
 .bss           0x1fff8170       0x54 .\CortexM3\ARM_GCC_541\Debug\main.o
                0x1fff8170                encoder_count_i
                0x1fff8174                encoder_count_j
                0x1fff8178                speedi
                0x1fff817c                speedj
                0x1fff8180                ready_to_send
                0x1fff8184                cpr
                0x1fff8188                distance_i
                0x1fff8190                distance_j
                0x1fff8198                prev_encoder_value_i
                0x1fff81a0                prev_encoder_value_j
                0x1fff81a8                current_distance_j
                0x1fff81b0                current_distance_i
                0x1fff81b8                ppr
                0x1fff81bc                cj
                0x1fff81c0                ci
 .bss           0x1fff81c4        0x1 .\CortexM3\ARM_GCC_541\Debug\Additional_HD.a(Timer_1.o)
                0x1fff81c4                Timer_1_initVar
 .bss           0x1fff81c5        0x1 .\CortexM3\ARM_GCC_541\Debug\Additional_HD.a(Comp_1.o)
                0x1fff81c5                Comp_1_initVar
 .bss           0x1fff81c6        0x1 .\CortexM3\ARM_GCC_541\Debug\Additional_HD.a(Comp_2.o)
                0x1fff81c6                Comp_2_initVar
 .bss           0x1fff81c7        0x1 .\CortexM3\ARM_GCC_541\Debug\Additional_HD.a(Comp_3.o)
                0x1fff81c7                Comp_3_initVar
 .bss           0x1fff81c8        0x1 .\CortexM3\ARM_GCC_541\Debug\Additional_HD.a(Comp_0.o)
                0x1fff81c8                Comp_0_initVar
 .bss           0x1fff81c9        0x1 .\CortexM3\ARM_GCC_541\Debug\Additional_HD.a(PWM_1.o)
                0x1fff81c9                PWM_1_initVar
 .bss           0x1fff81ca        0x1 .\CortexM3\ARM_GCC_541\Debug\Additional_HD.a(PWM_2.o)
                0x1fff81ca                PWM_2_initVar
 .bss           0x1fff81cb        0x1 .\CortexM3\ARM_GCC_541\Debug\Additional_HD.a(Timer_3.o)
                0x1fff81cb                Timer_3_initVar
 .bss           0x1fff81cc        0x1 .\CortexM3\ARM_GCC_541\Debug\Additional_HD.a(QuadDec_M1.o)
                0x1fff81cc                QuadDec_M1_initVar
 *fill*         0x1fff81cd        0x3 
 .bss           0x1fff81d0        0x4 .\CortexM3\ARM_GCC_541\Debug\Additional_HD.a(QuadDec_M1_INT.o)
                0x1fff81d0                QuadDec_M1_count32SoftPart
 .bss           0x1fff81d4        0x1 .\CortexM3\ARM_GCC_541\Debug\Additional_HD.a(QuadDec_M2.o)
                0x1fff81d4                QuadDec_M2_initVar
 *fill*         0x1fff81d5        0x3 
 .bss           0x1fff81d8        0x4 .\CortexM3\ARM_GCC_541\Debug\Additional_HD.a(QuadDec_M2_INT.o)
                0x1fff81d8                QuadDec_M2_count32SoftPart
 .bss           0x1fff81dc        0x1 .\CortexM3\ARM_GCC_541\Debug\Additional_HD.a(QuadDec_M1_Cnt16.o)
                0x1fff81dc                QuadDec_M1_Cnt16_initVar
 .bss           0x1fff81dd        0x1 .\CortexM3\ARM_GCC_541\Debug\Additional_HD.a(QuadDec_M2_Cnt16.o)
                0x1fff81dd                QuadDec_M2_Cnt16_initVar
 *(COMMON)
                0x1fff81e0                . = ALIGN (0x8)
 *fill*         0x1fff81de        0x2 
 *(.ram.b)
                0x1fff81e0                _end = .
                0x1fff81e0                __end = .
                0x1fff81e0                PROVIDE (end, .)
                0x1fff81e0                PROVIDE (__bss_end__, .)
                0x00001c20                __cy_region_init_ram = LOADADDR (.data)
                0x00000088                __cy_region_init_size_ram = (_edata - ADDR (.data))
                0x00000090                __cy_region_zero_size_ram = (_end - _edata)

.heap           0x1fff81e0       0x80 load address 0x00001ca8
                0x1fff81e0                . = _end
                0x1fff8260                . = (. + 0x80)
 *fill*         0x1fff81e0       0x80 
                0x1fff8260                __cy_heap_limit = .

.stack          0x20007800      0x800
                0x20007800                __cy_stack_limit = .
                0x20008000                . = (. + 0x800)
 *fill*         0x20007800      0x800 
                0x00000001                ASSERT ((__cy_stack_limit >= __cy_heap_limit), region RAM overflowed with stack)
                0x00000000                cy_checksum_exclude_size = (CY_APPL_LOADABLE == 0x1)?SIZEOF (.cy_checksum_exclude):0x0
                0x00000001                ASSERT ((cy_checksum_exclude_size <= CY_CHECKSUM_EXCLUDE_SIZE), CY_BOOT: Section .cy_checksum_exclude size exceedes specified limit.)

.cyloadermeta
 *(.cyloadermeta)

.cyloadablemeta
 *(.cyloadablemeta)

.cyconfigecc    0x80000000      0x84c
 *(.cyconfigecc)
 .cyconfigecc   0x80000000      0x84c .\CortexM3\ARM_GCC_541\Debug\cymetadata.o
                0x80000000                cy_meta_configecc

.cycustnvl      0x90000000        0x4
 *(.cycustnvl)
 .cycustnvl     0x90000000        0x4 .\CortexM3\ARM_GCC_541\Debug\cymetadata.o
                0x90000000                cy_meta_custnvl

.cywolatch      0x90100000        0x4
 *(.cywolatch)
 .cywolatch     0x90100000        0x4 .\CortexM3\ARM_GCC_541\Debug\cymetadata.o
                0x90100000                cy_meta_wonvl

.cyeeprom       0x90200000        0x0
 *(.cyeeprom)
                0x00000001                ASSERT ((. <= ((0x90200000 + ee_offset) + ee_size)), .cyeeprom data will not fit in EEPROM)

.cyflashprotect
                0x90400000      0x100
 *(.cyflashprotect)
 .cyflashprotect
                0x90400000      0x100 .\CortexM3\ARM_GCC_541\Debug\cymetadata.o
                0x90400000                cy_meta_flashprotect

.cymeta         0x90500000        0xc
 *(.cymeta)
 .cymeta        0x90500000        0xc .\CortexM3\ARM_GCC_541\Debug\cymetadata.o
                0x90500000                cy_metadata

.rel.dyn        0x00001ca8        0x0 load address 0x9050000c
 .rel.iplt      0x00001ca8        0x0 c:/program files (x86)/cypress/psoc creator/4.2/psoc creator/import/gnu/arm/5.4.1/bin/../lib/gcc/arm-none-eabi/5.4.1/armv7-m/crtbegin.o

.stab
 *(.stab)

.stabstr
 *(.stabstr)

.debug
 *(.debug)

.line
 *(.line)

.debug_srcinfo
 *(.debug_srcinfo)

.debug_sfnames
 *(.debug_sfnames)

.debug_aranges  0x00000000      0xc38
 *(.debug_aranges)
 .debug_aranges
                0x00000000       0x40 .\CortexM3\ARM_GCC_541\Debug\main.o
 .debug_aranges
                0x00000040       0x58 .\CortexM3\ARM_GCC_541\Debug\cyfitter_cfg.o
 .debug_aranges
                0x00000098       0x18 .\CortexM3\ARM_GCC_541\Debug\cymetadata.o
 .debug_aranges
                0x000000b0       0x48 .\CortexM3\ARM_GCC_541\Debug\Cm3Start.o
 .debug_aranges
                0x000000f8      0x2a0 .\CortexM3\ARM_GCC_541\Debug\Additional_HD.a(CyLib.o)
 .debug_aranges
                0x00000398       0x98 .\CortexM3\ARM_GCC_541\Debug\Additional_HD.a(cyPm.o)
 .debug_aranges
                0x00000430       0x88 .\CortexM3\ARM_GCC_541\Debug\Additional_HD.a(Timer_1.o)
 .debug_aranges
                0x000004b8       0x70 .\CortexM3\ARM_GCC_541\Debug\Additional_HD.a(Comp_1.o)
 .debug_aranges
                0x00000528       0x70 .\CortexM3\ARM_GCC_541\Debug\Additional_HD.a(Comp_2.o)
 .debug_aranges
                0x00000598       0x70 .\CortexM3\ARM_GCC_541\Debug\Additional_HD.a(Comp_3.o)
 .debug_aranges
                0x00000608       0x70 .\CortexM3\ARM_GCC_541\Debug\Additional_HD.a(Comp_0.o)
 .debug_aranges
                0x00000678       0x70 .\CortexM3\ARM_GCC_541\Debug\Additional_HD.a(Clock_PWM.o)
 .debug_aranges
                0x000006e8       0x78 .\CortexM3\ARM_GCC_541\Debug\Additional_HD.a(PWM_1.o)
 .debug_aranges
                0x00000760       0x78 .\CortexM3\ARM_GCC_541\Debug\Additional_HD.a(PWM_2.o)
 .debug_aranges
                0x000007d8       0x88 .\CortexM3\ARM_GCC_541\Debug\Additional_HD.a(Timer_3.o)
 .debug_aranges
                0x00000860       0x60 .\CortexM3\ARM_GCC_541\Debug\Additional_HD.a(QuadDec_M1.o)
 .debug_aranges
                0x000008c0       0x20 .\CortexM3\ARM_GCC_541\Debug\Additional_HD.a(QuadDec_M1_INT.o)
 .debug_aranges
                0x000008e0       0x60 .\CortexM3\ARM_GCC_541\Debug\Additional_HD.a(QuadDec_M2.o)
 .debug_aranges
                0x00000940       0x20 .\CortexM3\ARM_GCC_541\Debug\Additional_HD.a(QuadDec_M2_INT.o)
 .debug_aranges
                0x00000960       0x98 .\CortexM3\ARM_GCC_541\Debug\Additional_HD.a(QuadDec_M1_Cnt16.o)
 .debug_aranges
                0x000009f8       0x98 .\CortexM3\ARM_GCC_541\Debug\Additional_HD.a(QuadDec_M2_Cnt16.o)
 .debug_aranges
                0x00000a90       0x80 .\CortexM3\ARM_GCC_541\Debug\Additional_HD.a(timer_isr_3.o)
 .debug_aranges
                0x00000b10       0x20 .\CortexM3\ARM_GCC_541\Debug\Additional_HD.a(CyBootAsmGnu.o)
 .debug_aranges
                0x00000b30       0x88 .\CortexM3\ARM_GCC_541\Debug\Additional_HD.a(CyFlash.o)
 .debug_aranges
                0x00000bb8       0x80 .\CortexM3\ARM_GCC_541\Debug\Additional_HD.a(CySpc.o)

.debug_pubnames
 *(.debug_pubnames)

.debug_info     0x00000000     0x6361
 *(.debug_info .gnu.linkonce.wi.*)
 .debug_info    0x00000000      0x562 .\CortexM3\ARM_GCC_541\Debug\main.o
 .debug_info    0x00000562      0x549 .\CortexM3\ARM_GCC_541\Debug\cyfitter_cfg.o
 .debug_info    0x00000aab      0x139 .\CortexM3\ARM_GCC_541\Debug\cymetadata.o
 .debug_info    0x00000be4      0x3bb .\CortexM3\ARM_GCC_541\Debug\Cm3Start.o
 .debug_info    0x00000f9f     0x1374 .\CortexM3\ARM_GCC_541\Debug\Additional_HD.a(CyLib.o)
 .debug_info    0x00002313      0xa2a .\CortexM3\ARM_GCC_541\Debug\Additional_HD.a(cyPm.o)
 .debug_info    0x00002d3d      0x295 .\CortexM3\ARM_GCC_541\Debug\Additional_HD.a(Timer_1.o)
 .debug_info    0x00002fd2      0x2c8 .\CortexM3\ARM_GCC_541\Debug\Additional_HD.a(Comp_1.o)
 .debug_info    0x0000329a      0x2c8 .\CortexM3\ARM_GCC_541\Debug\Additional_HD.a(Comp_2.o)
 .debug_info    0x00003562      0x2c8 .\CortexM3\ARM_GCC_541\Debug\Additional_HD.a(Comp_3.o)
 .debug_info    0x0000382a      0x2c8 .\CortexM3\ARM_GCC_541\Debug\Additional_HD.a(Comp_0.o)
 .debug_info    0x00003af2      0x283 .\CortexM3\ARM_GCC_541\Debug\Additional_HD.a(Clock_PWM.o)
 .debug_info    0x00003d75      0x27f .\CortexM3\ARM_GCC_541\Debug\Additional_HD.a(PWM_1.o)
 .debug_info    0x00003ff4      0x27f .\CortexM3\ARM_GCC_541\Debug\Additional_HD.a(PWM_2.o)
 .debug_info    0x00004273      0x295 .\CortexM3\ARM_GCC_541\Debug\Additional_HD.a(Timer_3.o)
 .debug_info    0x00004508      0x357 .\CortexM3\ARM_GCC_541\Debug\Additional_HD.a(QuadDec_M1.o)
 .debug_info    0x0000485f       0xf3 .\CortexM3\ARM_GCC_541\Debug\Additional_HD.a(QuadDec_M1_INT.o)
 .debug_info    0x00004952      0x357 .\CortexM3\ARM_GCC_541\Debug\Additional_HD.a(QuadDec_M2.o)
 .debug_info    0x00004ca9       0xf3 .\CortexM3\ARM_GCC_541\Debug\Additional_HD.a(QuadDec_M2_INT.o)
 .debug_info    0x00004d9c      0x348 .\CortexM3\ARM_GCC_541\Debug\Additional_HD.a(QuadDec_M1_Cnt16.o)
 .debug_info    0x000050e4      0x348 .\CortexM3\ARM_GCC_541\Debug\Additional_HD.a(QuadDec_M2_Cnt16.o)
 .debug_info    0x0000542c      0x2d2 .\CortexM3\ARM_GCC_541\Debug\Additional_HD.a(timer_isr_3.o)
 .debug_info    0x000056fe       0xc6 .\CortexM3\ARM_GCC_541\Debug\Additional_HD.a(CyBootAsmGnu.o)
 .debug_info    0x000057c4      0x64d .\CortexM3\ARM_GCC_541\Debug\Additional_HD.a(CyFlash.o)
 .debug_info    0x00005e11      0x550 .\CortexM3\ARM_GCC_541\Debug\Additional_HD.a(CySpc.o)

.debug_abbrev   0x00000000     0x1f62
 *(.debug_abbrev)
 .debug_abbrev  0x00000000      0x157 .\CortexM3\ARM_GCC_541\Debug\main.o
 .debug_abbrev  0x00000157      0x1fe .\CortexM3\ARM_GCC_541\Debug\cyfitter_cfg.o
 .debug_abbrev  0x00000355       0x77 .\CortexM3\ARM_GCC_541\Debug\cymetadata.o
 .debug_abbrev  0x000003cc      0x1e8 .\CortexM3\ARM_GCC_541\Debug\Cm3Start.o
 .debug_abbrev  0x000005b4      0x254 .\CortexM3\ARM_GCC_541\Debug\Additional_HD.a(CyLib.o)
 .debug_abbrev  0x00000808      0x1ab .\CortexM3\ARM_GCC_541\Debug\Additional_HD.a(cyPm.o)
 .debug_abbrev  0x000009b3      0x11a .\CortexM3\ARM_GCC_541\Debug\Additional_HD.a(Timer_1.o)
 .debug_abbrev  0x00000acd      0x16e .\CortexM3\ARM_GCC_541\Debug\Additional_HD.a(Comp_1.o)
 .debug_abbrev  0x00000c3b      0x16e .\CortexM3\ARM_GCC_541\Debug\Additional_HD.a(Comp_2.o)
 .debug_abbrev  0x00000da9      0x16e .\CortexM3\ARM_GCC_541\Debug\Additional_HD.a(Comp_3.o)
 .debug_abbrev  0x00000f17      0x16e .\CortexM3\ARM_GCC_541\Debug\Additional_HD.a(Comp_0.o)
 .debug_abbrev  0x00001085      0x139 .\CortexM3\ARM_GCC_541\Debug\Additional_HD.a(Clock_PWM.o)
 .debug_abbrev  0x000011be      0x12d .\CortexM3\ARM_GCC_541\Debug\Additional_HD.a(PWM_1.o)
 .debug_abbrev  0x000012eb      0x12d .\CortexM3\ARM_GCC_541\Debug\Additional_HD.a(PWM_2.o)
 .debug_abbrev  0x00001418      0x11a .\CortexM3\ARM_GCC_541\Debug\Additional_HD.a(Timer_3.o)
 .debug_abbrev  0x00001532      0x128 .\CortexM3\ARM_GCC_541\Debug\Additional_HD.a(QuadDec_M1.o)
 .debug_abbrev  0x0000165a       0x78 .\CortexM3\ARM_GCC_541\Debug\Additional_HD.a(QuadDec_M1_INT.o)
 .debug_abbrev  0x000016d2      0x128 .\CortexM3\ARM_GCC_541\Debug\Additional_HD.a(QuadDec_M2.o)
 .debug_abbrev  0x000017fa       0x78 .\CortexM3\ARM_GCC_541\Debug\Additional_HD.a(QuadDec_M2_INT.o)
 .debug_abbrev  0x00001872      0x117 .\CortexM3\ARM_GCC_541\Debug\Additional_HD.a(QuadDec_M1_Cnt16.o)
 .debug_abbrev  0x00001989      0x117 .\CortexM3\ARM_GCC_541\Debug\Additional_HD.a(QuadDec_M2_Cnt16.o)
 .debug_abbrev  0x00001aa0      0x173 .\CortexM3\ARM_GCC_541\Debug\Additional_HD.a(timer_isr_3.o)
 .debug_abbrev  0x00001c13       0x14 .\CortexM3\ARM_GCC_541\Debug\Additional_HD.a(CyBootAsmGnu.o)
 .debug_abbrev  0x00001c27      0x1a7 .\CortexM3\ARM_GCC_541\Debug\Additional_HD.a(CyFlash.o)
 .debug_abbrev  0x00001dce      0x194 .\CortexM3\ARM_GCC_541\Debug\Additional_HD.a(CySpc.o)

.debug_line     0x00000000     0x2c0c
 *(.debug_line)
 .debug_line    0x00000000      0x277 .\CortexM3\ARM_GCC_541\Debug\main.o
 .debug_line    0x00000277      0x1f5 .\CortexM3\ARM_GCC_541\Debug\cyfitter_cfg.o
 .debug_line    0x0000046c      0x141 .\CortexM3\ARM_GCC_541\Debug\cymetadata.o
 .debug_line    0x000005ad      0x234 .\CortexM3\ARM_GCC_541\Debug\Cm3Start.o
 .debug_line    0x000007e1      0x816 .\CortexM3\ARM_GCC_541\Debug\Additional_HD.a(CyLib.o)
 .debug_line    0x00000ff7      0x367 .\CortexM3\ARM_GCC_541\Debug\Additional_HD.a(cyPm.o)
 .debug_line    0x0000135e      0x155 .\CortexM3\ARM_GCC_541\Debug\Additional_HD.a(Timer_1.o)
 .debug_line    0x000014b3      0x165 .\CortexM3\ARM_GCC_541\Debug\Additional_HD.a(Comp_1.o)
 .debug_line    0x00001618      0x165 .\CortexM3\ARM_GCC_541\Debug\Additional_HD.a(Comp_2.o)
 .debug_line    0x0000177d      0x165 .\CortexM3\ARM_GCC_541\Debug\Additional_HD.a(Comp_3.o)
 .debug_line    0x000018e2      0x165 .\CortexM3\ARM_GCC_541\Debug\Additional_HD.a(Comp_0.o)
 .debug_line    0x00001a47      0x178 .\CortexM3\ARM_GCC_541\Debug\Additional_HD.a(Clock_PWM.o)
 .debug_line    0x00001bbf      0x133 .\CortexM3\ARM_GCC_541\Debug\Additional_HD.a(PWM_1.o)
 .debug_line    0x00001cf2      0x133 .\CortexM3\ARM_GCC_541\Debug\Additional_HD.a(PWM_2.o)
 .debug_line    0x00001e25      0x155 .\CortexM3\ARM_GCC_541\Debug\Additional_HD.a(Timer_3.o)
 .debug_line    0x00001f7a      0x140 .\CortexM3\ARM_GCC_541\Debug\Additional_HD.a(QuadDec_M1.o)
 .debug_line    0x000020ba       0x6d .\CortexM3\ARM_GCC_541\Debug\Additional_HD.a(QuadDec_M1_INT.o)
 .debug_line    0x00002127      0x140 .\CortexM3\ARM_GCC_541\Debug\Additional_HD.a(QuadDec_M2.o)
 .debug_line    0x00002267       0x6d .\CortexM3\ARM_GCC_541\Debug\Additional_HD.a(QuadDec_M2_INT.o)
 .debug_line    0x000022d4      0x190 .\CortexM3\ARM_GCC_541\Debug\Additional_HD.a(QuadDec_M1_Cnt16.o)
 .debug_line    0x00002464      0x190 .\CortexM3\ARM_GCC_541\Debug\Additional_HD.a(QuadDec_M2_Cnt16.o)
 .debug_line    0x000025f4      0x138 .\CortexM3\ARM_GCC_541\Debug\Additional_HD.a(timer_isr_3.o)
 .debug_line    0x0000272c       0x66 .\CortexM3\ARM_GCC_541\Debug\Additional_HD.a(CyBootAsmGnu.o)
 .debug_line    0x00002792      0x21a .\CortexM3\ARM_GCC_541\Debug\Additional_HD.a(CyFlash.o)
 .debug_line    0x000029ac      0x260 .\CortexM3\ARM_GCC_541\Debug\Additional_HD.a(CySpc.o)

.debug_frame    0x00000000     0x1db8
 *(.debug_frame)
 .debug_frame   0x00000000       0xb8 .\CortexM3\ARM_GCC_541\Debug\main.o
 .debug_frame   0x000000b8       0xe4 .\CortexM3\ARM_GCC_541\Debug\cyfitter_cfg.o
 .debug_frame   0x0000019c       0xb8 .\CortexM3\ARM_GCC_541\Debug\Cm3Start.o
 .debug_frame   0x00000254      0x738 .\CortexM3\ARM_GCC_541\Debug\Additional_HD.a(CyLib.o)
 .debug_frame   0x0000098c      0x1f8 .\CortexM3\ARM_GCC_541\Debug\Additional_HD.a(cyPm.o)
 .debug_frame   0x00000b84      0x108 .\CortexM3\ARM_GCC_541\Debug\Additional_HD.a(Timer_1.o)
 .debug_frame   0x00000c8c      0x108 .\CortexM3\ARM_GCC_541\Debug\Additional_HD.a(Comp_1.o)
 .debug_frame   0x00000d94      0x108 .\CortexM3\ARM_GCC_541\Debug\Additional_HD.a(Comp_2.o)
 .debug_frame   0x00000e9c      0x108 .\CortexM3\ARM_GCC_541\Debug\Additional_HD.a(Comp_3.o)
 .debug_frame   0x00000fa4      0x108 .\CortexM3\ARM_GCC_541\Debug\Additional_HD.a(Comp_0.o)
 .debug_frame   0x000010ac       0xe0 .\CortexM3\ARM_GCC_541\Debug\Additional_HD.a(Clock_PWM.o)
 .debug_frame   0x0000118c       0xe8 .\CortexM3\ARM_GCC_541\Debug\Additional_HD.a(PWM_1.o)
 .debug_frame   0x00001274       0xe8 .\CortexM3\ARM_GCC_541\Debug\Additional_HD.a(PWM_2.o)
 .debug_frame   0x0000135c      0x108 .\CortexM3\ARM_GCC_541\Debug\Additional_HD.a(Timer_3.o)
 .debug_frame   0x00001464       0xec .\CortexM3\ARM_GCC_541\Debug\Additional_HD.a(QuadDec_M1.o)
 .debug_frame   0x00001550       0x20 .\CortexM3\ARM_GCC_541\Debug\Additional_HD.a(QuadDec_M1_INT.o)
 .debug_frame   0x00001570       0xec .\CortexM3\ARM_GCC_541\Debug\Additional_HD.a(QuadDec_M2.o)
 .debug_frame   0x0000165c       0x20 .\CortexM3\ARM_GCC_541\Debug\Additional_HD.a(QuadDec_M2_INT.o)
 .debug_frame   0x0000167c      0x134 .\CortexM3\ARM_GCC_541\Debug\Additional_HD.a(QuadDec_M1_Cnt16.o)
 .debug_frame   0x000017b0      0x134 .\CortexM3\ARM_GCC_541\Debug\Additional_HD.a(QuadDec_M2_Cnt16.o)
 .debug_frame   0x000018e4      0x104 .\CortexM3\ARM_GCC_541\Debug\Additional_HD.a(timer_isr_3.o)
 .debug_frame   0x000019e8      0x194 .\CortexM3\ARM_GCC_541\Debug\Additional_HD.a(CyFlash.o)
 .debug_frame   0x00001b7c      0x180 .\CortexM3\ARM_GCC_541\Debug\Additional_HD.a(CySpc.o)
 .debug_frame   0x00001cfc       0x20 c:/program files (x86)/cypress/psoc creator/4.2/psoc creator/import/gnu/arm/5.4.1/bin/../lib/gcc/arm-none-eabi/5.4.1/../../../../arm-none-eabi/lib/armv7-m\libg_nano.a(lib_a-errno.o)
 .debug_frame   0x00001d1c       0x28 c:/program files (x86)/cypress/psoc creator/4.2/psoc creator/import/gnu/arm/5.4.1/bin/../lib/gcc/arm-none-eabi/5.4.1/../../../../arm-none-eabi/lib/armv7-m\libg_nano.a(lib_a-exit.o)
 .debug_frame   0x00001d44       0x2c c:/program files (x86)/cypress/psoc creator/4.2/psoc creator/import/gnu/arm/5.4.1/bin/../lib/gcc/arm-none-eabi/5.4.1/../../../../arm-none-eabi/lib/armv7-m\libg_nano.a(lib_a-init.o)
 .debug_frame   0x00001d70       0x28 c:/program files (x86)/cypress/psoc creator/4.2/psoc creator/import/gnu/arm/5.4.1/bin/../lib/gcc/arm-none-eabi/5.4.1/../../../../arm-none-eabi/lib/armv7-m\libg_nano.a(lib_a-memcpy-stub.o)
 .debug_frame   0x00001d98       0x20 c:/program files (x86)/cypress/psoc creator/4.2/psoc creator/import/gnu/arm/5.4.1/bin/../lib/gcc/arm-none-eabi/5.4.1/../../../../arm-none-eabi/lib/armv7-m\libg_nano.a(lib_a-memset.o)

.debug_str      0x00000000     0x270c
 *(.debug_str)
 .debug_str     0x00000000      0x439 .\CortexM3\ARM_GCC_541\Debug\main.o
                                0x49d (size before relaxing)
 .debug_str     0x00000439      0x17a .\CortexM3\ARM_GCC_541\Debug\cyfitter_cfg.o
                                0x34b (size before relaxing)
 .debug_str     0x000005b3       0x7f .\CortexM3\ARM_GCC_541\Debug\cymetadata.o
                                0x21a (size before relaxing)
 .debug_str     0x00000632      0x13e .\CortexM3\ARM_GCC_541\Debug\Cm3Start.o
                                0x340 (size before relaxing)
 .debug_str     0x00000770      0x845 .\CortexM3\ARM_GCC_541\Debug\Additional_HD.a(CyLib.o)
                                0xa7d (size before relaxing)
 .debug_str     0x00000fb5      0x365 .\CortexM3\ARM_GCC_541\Debug\Additional_HD.a(cyPm.o)
                                0x769 (size before relaxing)
 .debug_str     0x0000131a      0x151 .\CortexM3\ARM_GCC_541\Debug\Additional_HD.a(Timer_1.o)
                                0x34b (size before relaxing)
 .debug_str     0x0000146b      0x12d .\CortexM3\ARM_GCC_541\Debug\Additional_HD.a(Comp_1.o)
                                0x30e (size before relaxing)
 .debug_str     0x00001598       0xe1 .\CortexM3\ARM_GCC_541\Debug\Additional_HD.a(Comp_2.o)
                                0x30e (size before relaxing)
 .debug_str     0x00001679       0xe1 .\CortexM3\ARM_GCC_541\Debug\Additional_HD.a(Comp_3.o)
                                0x30e (size before relaxing)
 .debug_str     0x0000175a       0xe1 .\CortexM3\ARM_GCC_541\Debug\Additional_HD.a(Comp_0.o)
                                0x30e (size before relaxing)
 .debug_str     0x0000183b      0x16a .\CortexM3\ARM_GCC_541\Debug\Additional_HD.a(Clock_PWM.o)
                                0x33c (size before relaxing)
 .debug_str     0x000019a5       0xec .\CortexM3\ARM_GCC_541\Debug\Additional_HD.a(PWM_1.o)
                                0x303 (size before relaxing)
 .debug_str     0x00001a91       0xd8 .\CortexM3\ARM_GCC_541\Debug\Additional_HD.a(PWM_2.o)
                                0x303 (size before relaxing)
 .debug_str     0x00001b69      0x143 .\CortexM3\ARM_GCC_541\Debug\Additional_HD.a(Timer_3.o)
                                0x34b (size before relaxing)
 .debug_str     0x00001cac      0x159 .\CortexM3\ARM_GCC_541\Debug\Additional_HD.a(QuadDec_M1.o)
                                0x3d0 (size before relaxing)
 .debug_str     0x00001e05       0x4b .\CortexM3\ARM_GCC_541\Debug\Additional_HD.a(QuadDec_M1_INT.o)
                                0x228 (size before relaxing)
 .debug_str     0x00001e50      0x139 .\CortexM3\ARM_GCC_541\Debug\Additional_HD.a(QuadDec_M2.o)
                                0x3d0 (size before relaxing)
 .debug_str     0x00001f89       0x4b .\CortexM3\ARM_GCC_541\Debug\Additional_HD.a(QuadDec_M2_INT.o)
                                0x228 (size before relaxing)
 .debug_str     0x00001fd4      0x1dd .\CortexM3\ARM_GCC_541\Debug\Additional_HD.a(QuadDec_M1_Cnt16.o)
                                0x45f (size before relaxing)
 .debug_str     0x000021b1      0x1ce .\CortexM3\ARM_GCC_541\Debug\Additional_HD.a(QuadDec_M2_Cnt16.o)
                                0x45f (size before relaxing)
 .debug_str     0x0000237f      0x126 .\CortexM3\ARM_GCC_541\Debug\Additional_HD.a(timer_isr_3.o)
                                0x330 (size before relaxing)
 .debug_str     0x000024a5      0x1bb .\CortexM3\ARM_GCC_541\Debug\Additional_HD.a(CyFlash.o)
                                0x3f6 (size before relaxing)
 .debug_str     0x00002660       0xac .\CortexM3\ARM_GCC_541\Debug\Additional_HD.a(CySpc.o)
                                0x36e (size before relaxing)

.debug_loc      0x00000000     0x21d1
 *(.debug_loc)
 .debug_loc     0x00000000       0xa0 .\CortexM3\ARM_GCC_541\Debug\main.o
 .debug_loc     0x000000a0      0x1d7 .\CortexM3\ARM_GCC_541\Debug\cyfitter_cfg.o
 .debug_loc     0x00000277      0x144 .\CortexM3\ARM_GCC_541\Debug\Cm3Start.o
 .debug_loc     0x000003bb      0xa11 .\CortexM3\ARM_GCC_541\Debug\Additional_HD.a(CyLib.o)
 .debug_loc     0x00000dcc      0x1e4 .\CortexM3\ARM_GCC_541\Debug\Additional_HD.a(cyPm.o)
 .debug_loc     0x00000fb0       0xed .\CortexM3\ARM_GCC_541\Debug\Additional_HD.a(Comp_1.o)
 .debug_loc     0x0000109d       0xed .\CortexM3\ARM_GCC_541\Debug\Additional_HD.a(Comp_2.o)
 .debug_loc     0x0000118a       0xed .\CortexM3\ARM_GCC_541\Debug\Additional_HD.a(Comp_3.o)
 .debug_loc     0x00001277       0xed .\CortexM3\ARM_GCC_541\Debug\Additional_HD.a(Comp_0.o)
 .debug_loc     0x00001364      0x128 .\CortexM3\ARM_GCC_541\Debug\Additional_HD.a(Clock_PWM.o)
 .debug_loc     0x0000148c       0x13 .\CortexM3\ARM_GCC_541\Debug\Additional_HD.a(PWM_1.o)
 .debug_loc     0x0000149f       0x13 .\CortexM3\ARM_GCC_541\Debug\Additional_HD.a(PWM_2.o)
 .debug_loc     0x000014b2       0xb9 .\CortexM3\ARM_GCC_541\Debug\Additional_HD.a(QuadDec_M1.o)
 .debug_loc     0x0000156b       0x13 .\CortexM3\ARM_GCC_541\Debug\Additional_HD.a(QuadDec_M1_INT.o)
 .debug_loc     0x0000157e       0xb9 .\CortexM3\ARM_GCC_541\Debug\Additional_HD.a(QuadDec_M2.o)
 .debug_loc     0x00001637       0x13 .\CortexM3\ARM_GCC_541\Debug\Additional_HD.a(QuadDec_M2_INT.o)
 .debug_loc     0x0000164a       0x3d .\CortexM3\ARM_GCC_541\Debug\Additional_HD.a(QuadDec_M1_Cnt16.o)
 .debug_loc     0x00001687       0x3d .\CortexM3\ARM_GCC_541\Debug\Additional_HD.a(QuadDec_M2_Cnt16.o)
 .debug_loc     0x000016c4       0x56 .\CortexM3\ARM_GCC_541\Debug\Additional_HD.a(timer_isr_3.o)
 .debug_loc     0x0000171a      0x3b2 .\CortexM3\ARM_GCC_541\Debug\Additional_HD.a(CyFlash.o)
 .debug_loc     0x00001acc      0x705 .\CortexM3\ARM_GCC_541\Debug\Additional_HD.a(CySpc.o)

.debug_macinfo
 *(.debug_macinfo)

.debug_ranges   0x00000000      0xa90
 *(.debug_ranges)
 .debug_ranges  0x00000000       0x30 .\CortexM3\ARM_GCC_541\Debug\main.o
 .debug_ranges  0x00000030       0x48 .\CortexM3\ARM_GCC_541\Debug\cyfitter_cfg.o
 .debug_ranges  0x00000078       0x38 .\CortexM3\ARM_GCC_541\Debug\Cm3Start.o
 .debug_ranges  0x000000b0      0x290 .\CortexM3\ARM_GCC_541\Debug\Additional_HD.a(CyLib.o)
 .debug_ranges  0x00000340       0x88 .\CortexM3\ARM_GCC_541\Debug\Additional_HD.a(cyPm.o)
 .debug_ranges  0x000003c8       0x78 .\CortexM3\ARM_GCC_541\Debug\Additional_HD.a(Timer_1.o)
 .debug_ranges  0x00000440       0x60 .\CortexM3\ARM_GCC_541\Debug\Additional_HD.a(Comp_1.o)
 .debug_ranges  0x000004a0       0x60 .\CortexM3\ARM_GCC_541\Debug\Additional_HD.a(Comp_2.o)
 .debug_ranges  0x00000500       0x60 .\CortexM3\ARM_GCC_541\Debug\Additional_HD.a(Comp_3.o)
 .debug_ranges  0x00000560       0x60 .\CortexM3\ARM_GCC_541\Debug\Additional_HD.a(Comp_0.o)
 .debug_ranges  0x000005c0       0x60 .\CortexM3\ARM_GCC_541\Debug\Additional_HD.a(Clock_PWM.o)
 .debug_ranges  0x00000620       0x68 .\CortexM3\ARM_GCC_541\Debug\Additional_HD.a(PWM_1.o)
 .debug_ranges  0x00000688       0x68 .\CortexM3\ARM_GCC_541\Debug\Additional_HD.a(PWM_2.o)
 .debug_ranges  0x000006f0       0x78 .\CortexM3\ARM_GCC_541\Debug\Additional_HD.a(Timer_3.o)
 .debug_ranges  0x00000768       0x50 .\CortexM3\ARM_GCC_541\Debug\Additional_HD.a(QuadDec_M1.o)
 .debug_ranges  0x000007b8       0x10 .\CortexM3\ARM_GCC_541\Debug\Additional_HD.a(QuadDec_M1_INT.o)
 .debug_ranges  0x000007c8       0x50 .\CortexM3\ARM_GCC_541\Debug\Additional_HD.a(QuadDec_M2.o)
 .debug_ranges  0x00000818       0x10 .\CortexM3\ARM_GCC_541\Debug\Additional_HD.a(QuadDec_M2_INT.o)
 .debug_ranges  0x00000828       0x88 .\CortexM3\ARM_GCC_541\Debug\Additional_HD.a(QuadDec_M1_Cnt16.o)
 .debug_ranges  0x000008b0       0x88 .\CortexM3\ARM_GCC_541\Debug\Additional_HD.a(QuadDec_M2_Cnt16.o)
 .debug_ranges  0x00000938       0x70 .\CortexM3\ARM_GCC_541\Debug\Additional_HD.a(timer_isr_3.o)
 .debug_ranges  0x000009a8       0x78 .\CortexM3\ARM_GCC_541\Debug\Additional_HD.a(CyFlash.o)
 .debug_ranges  0x00000a20       0x70 .\CortexM3\ARM_GCC_541\Debug\Additional_HD.a(CySpc.o)

.comment        0x00000000       0x6e
 .comment       0x00000000       0x6e .\CortexM3\ARM_GCC_541\Debug\main.o
                                 0x6f (size before relaxing)
 .comment       0x0000006e       0x6f .\CortexM3\ARM_GCC_541\Debug\cyfitter_cfg.o
 .comment       0x0000006e       0x6f .\CortexM3\ARM_GCC_541\Debug\cymetadata.o
 .comment       0x0000006e       0x6f .\CortexM3\ARM_GCC_541\Debug\Cm3Start.o
 .comment       0x0000006e       0x6f .\CortexM3\ARM_GCC_541\Debug\Additional_HD.a(CyLib.o)
 .comment       0x0000006e       0x6f .\CortexM3\ARM_GCC_541\Debug\Additional_HD.a(cyPm.o)
 .comment       0x0000006e       0x6f .\CortexM3\ARM_GCC_541\Debug\Additional_HD.a(Timer_1.o)
 .comment       0x0000006e       0x6f .\CortexM3\ARM_GCC_541\Debug\Additional_HD.a(Comp_1.o)
 .comment       0x0000006e       0x6f .\CortexM3\ARM_GCC_541\Debug\Additional_HD.a(Comp_2.o)
 .comment       0x0000006e       0x6f .\CortexM3\ARM_GCC_541\Debug\Additional_HD.a(Comp_3.o)
 .comment       0x0000006e       0x6f .\CortexM3\ARM_GCC_541\Debug\Additional_HD.a(Comp_0.o)
 .comment       0x0000006e       0x6f .\CortexM3\ARM_GCC_541\Debug\Additional_HD.a(Clock_PWM.o)
 .comment       0x0000006e       0x6f .\CortexM3\ARM_GCC_541\Debug\Additional_HD.a(PWM_1.o)
 .comment       0x0000006e       0x6f .\CortexM3\ARM_GCC_541\Debug\Additional_HD.a(PWM_2.o)
 .comment       0x0000006e       0x6f .\CortexM3\ARM_GCC_541\Debug\Additional_HD.a(Timer_3.o)
 .comment       0x0000006e       0x6f .\CortexM3\ARM_GCC_541\Debug\Additional_HD.a(QuadDec_M1.o)
 .comment       0x0000006e       0x6f .\CortexM3\ARM_GCC_541\Debug\Additional_HD.a(QuadDec_M1_INT.o)
 .comment       0x0000006e       0x6f .\CortexM3\ARM_GCC_541\Debug\Additional_HD.a(QuadDec_M2.o)
 .comment       0x0000006e       0x6f .\CortexM3\ARM_GCC_541\Debug\Additional_HD.a(QuadDec_M2_INT.o)
 .comment       0x0000006e       0x6f .\CortexM3\ARM_GCC_541\Debug\Additional_HD.a(QuadDec_M1_Cnt16.o)
 .comment       0x0000006e       0x6f .\CortexM3\ARM_GCC_541\Debug\Additional_HD.a(QuadDec_M2_Cnt16.o)
 .comment       0x0000006e       0x6f .\CortexM3\ARM_GCC_541\Debug\Additional_HD.a(timer_isr_3.o)
 .comment       0x0000006e       0x6f .\CortexM3\ARM_GCC_541\Debug\Additional_HD.a(CyFlash.o)
 .comment       0x0000006e       0x6f .\CortexM3\ARM_GCC_541\Debug\Additional_HD.a(CySpc.o)

.debug_weaknames
 *(.debug_weaknames)

.debug_funcnames
 *(.debug_funcnames)

.debug_typenames
 *(.debug_typenames)

.debug_varnames
 *(.debug_varnames)

.note.gnu.arm.ident
 *(.note.gnu.arm.ident)

.ARM.attributes
                0x00000000       0x29
 *(.ARM.attributes)
 .ARM.attributes
                0x00000000       0x1d c:/program files (x86)/cypress/psoc creator/4.2/psoc creator/import/gnu/arm/5.4.1/bin/../lib/gcc/arm-none-eabi/5.4.1/armv7-m/crti.o
 .ARM.attributes
                0x0000001d       0x2d c:/program files (x86)/cypress/psoc creator/4.2/psoc creator/import/gnu/arm/5.4.1/bin/../lib/gcc/arm-none-eabi/5.4.1/armv7-m/crtbegin.o
 .ARM.attributes
                0x0000004a       0x1b c:/program files (x86)/cypress/psoc creator/4.2/psoc creator/import/gnu/arm/5.4.1/bin/../lib/gcc/arm-none-eabi/5.4.1/../../../../arm-none-eabi/lib/armv7-m/crt0.o
 .ARM.attributes
                0x00000065       0x33 .\CortexM3\ARM_GCC_541\Debug\main.o
 .ARM.attributes
                0x00000098       0x33 .\CortexM3\ARM_GCC_541\Debug\cyfitter_cfg.o
 .ARM.attributes
                0x000000cb       0x33 .\CortexM3\ARM_GCC_541\Debug\cymetadata.o
 .ARM.attributes
                0x000000fe       0x33 .\CortexM3\ARM_GCC_541\Debug\Cm3Start.o
 .ARM.attributes
                0x00000131       0x33 .\CortexM3\ARM_GCC_541\Debug\Additional_HD.a(CyLib.o)
 .ARM.attributes
                0x00000164       0x33 .\CortexM3\ARM_GCC_541\Debug\Additional_HD.a(cyPm.o)
 .ARM.attributes
                0x00000197       0x33 .\CortexM3\ARM_GCC_541\Debug\Additional_HD.a(Timer_1.o)
 .ARM.attributes
                0x000001ca       0x33 .\CortexM3\ARM_GCC_541\Debug\Additional_HD.a(Comp_1.o)
 .ARM.attributes
                0x000001fd       0x33 .\CortexM3\ARM_GCC_541\Debug\Additional_HD.a(Comp_2.o)
 .ARM.attributes
                0x00000230       0x33 .\CortexM3\ARM_GCC_541\Debug\Additional_HD.a(Comp_3.o)
 .ARM.attributes
                0x00000263       0x33 .\CortexM3\ARM_GCC_541\Debug\Additional_HD.a(Comp_0.o)
 .ARM.attributes
                0x00000296       0x33 .\CortexM3\ARM_GCC_541\Debug\Additional_HD.a(Clock_PWM.o)
 .ARM.attributes
                0x000002c9       0x33 .\CortexM3\ARM_GCC_541\Debug\Additional_HD.a(PWM_1.o)
 .ARM.attributes
                0x000002fc       0x33 .\CortexM3\ARM_GCC_541\Debug\Additional_HD.a(PWM_2.o)
 .ARM.attributes
                0x0000032f       0x33 .\CortexM3\ARM_GCC_541\Debug\Additional_HD.a(Timer_3.o)
 .ARM.attributes
                0x00000362       0x33 .\CortexM3\ARM_GCC_541\Debug\Additional_HD.a(QuadDec_M1.o)
 .ARM.attributes
                0x00000395       0x33 .\CortexM3\ARM_GCC_541\Debug\Additional_HD.a(QuadDec_M1_INT.o)
 .ARM.attributes
                0x000003c8       0x33 .\CortexM3\ARM_GCC_541\Debug\Additional_HD.a(QuadDec_M2.o)
 .ARM.attributes
                0x000003fb       0x33 .\CortexM3\ARM_GCC_541\Debug\Additional_HD.a(QuadDec_M2_INT.o)
 .ARM.attributes
                0x0000042e       0x33 .\CortexM3\ARM_GCC_541\Debug\Additional_HD.a(QuadDec_M1_Cnt16.o)
 .ARM.attributes
                0x00000461       0x33 .\CortexM3\ARM_GCC_541\Debug\Additional_HD.a(QuadDec_M2_Cnt16.o)
 .ARM.attributes
                0x00000494       0x33 .\CortexM3\ARM_GCC_541\Debug\Additional_HD.a(timer_isr_3.o)
 .ARM.attributes
                0x000004c7       0x21 .\CortexM3\ARM_GCC_541\Debug\Additional_HD.a(CyBootAsmGnu.o)
 .ARM.attributes
                0x000004e8       0x33 .\CortexM3\ARM_GCC_541\Debug\Additional_HD.a(CyFlash.o)
 .ARM.attributes
                0x0000051b       0x33 .\CortexM3\ARM_GCC_541\Debug\Additional_HD.a(CySpc.o)
 .ARM.attributes
                0x0000054e       0x1d c:/program files (x86)/cypress/psoc creator/4.2/psoc creator/import/gnu/arm/5.4.1/bin/../lib/gcc/arm-none-eabi/5.4.1/armv7-m\libgcc.a(_arm_addsubdf3.o)
 .ARM.attributes
                0x0000056b       0x1d c:/program files (x86)/cypress/psoc creator/4.2/psoc creator/import/gnu/arm/5.4.1/bin/../lib/gcc/arm-none-eabi/5.4.1/armv7-m\libgcc.a(_arm_muldivdf3.o)
 .ARM.attributes
                0x00000588       0x1d c:/program files (x86)/cypress/psoc creator/4.2/psoc creator/import/gnu/arm/5.4.1/bin/../lib/gcc/arm-none-eabi/5.4.1/armv7-m\libgcc.a(_arm_cmpdf2.o)
 .ARM.attributes
                0x000005a5       0x1d c:/program files (x86)/cypress/psoc creator/4.2/psoc creator/import/gnu/arm/5.4.1/bin/../lib/gcc/arm-none-eabi/5.4.1/armv7-m\libgcc.a(_arm_fixunsdfsi.o)
 .ARM.attributes
                0x000005c2       0x2d c:/program files (x86)/cypress/psoc creator/4.2/psoc creator/import/gnu/arm/5.4.1/bin/../lib/gcc/arm-none-eabi/5.4.1/../../../../arm-none-eabi/lib/armv7-m\libg_nano.a(lib_a-errno.o)
 .ARM.attributes
                0x000005ef       0x2d c:/program files (x86)/cypress/psoc creator/4.2/psoc creator/import/gnu/arm/5.4.1/bin/../lib/gcc/arm-none-eabi/5.4.1/../../../../arm-none-eabi/lib/armv7-m\libg_nano.a(lib_a-exit.o)
 .ARM.attributes
                0x0000061c       0x2d c:/program files (x86)/cypress/psoc creator/4.2/psoc creator/import/gnu/arm/5.4.1/bin/../lib/gcc/arm-none-eabi/5.4.1/../../../../arm-none-eabi/lib/armv7-m\libg_nano.a(lib_a-impure.o)
 .ARM.attributes
                0x00000649       0x2d c:/program files (x86)/cypress/psoc creator/4.2/psoc creator/import/gnu/arm/5.4.1/bin/../lib/gcc/arm-none-eabi/5.4.1/../../../../arm-none-eabi/lib/armv7-m\libg_nano.a(lib_a-init.o)
 .ARM.attributes
                0x00000676       0x2d c:/program files (x86)/cypress/psoc creator/4.2/psoc creator/import/gnu/arm/5.4.1/bin/../lib/gcc/arm-none-eabi/5.4.1/../../../../arm-none-eabi/lib/armv7-m\libg_nano.a(lib_a-memcpy-stub.o)
 .ARM.attributes
                0x000006a3       0x2d c:/program files (x86)/cypress/psoc creator/4.2/psoc creator/import/gnu/arm/5.4.1/bin/../lib/gcc/arm-none-eabi/5.4.1/../../../../arm-none-eabi/lib/armv7-m\libg_nano.a(lib_a-memset.o)
 .ARM.attributes
                0x000006d0       0x2d c:/program files (x86)/cypress/psoc creator/4.2/psoc creator/import/gnu/arm/5.4.1/bin/../lib/gcc/arm-none-eabi/5.4.1/armv7-m/crtend.o
 .ARM.attributes
                0x000006fd       0x1d c:/program files (x86)/cypress/psoc creator/4.2/psoc creator/import/gnu/arm/5.4.1/bin/../lib/gcc/arm-none-eabi/5.4.1/armv7-m/crtn.o

/DISCARD/
 *(.note.GNU-stack)
OUTPUT(D:\Semester 2\COMPSYS 301 - Design - Hardware Software Systems\GITHUB\COMPSYS301\Uma\CS301_15.cydsn\Additional_HD.cydsn\CortexM3\ARM_GCC_541\Debug\Additional_HD.elf elf32-littlearm)
