Archive member included to satisfy reference by file (symbol)

.\CortexM3\ARM_GCC_541\Debug\Additional_HD.a(CyLib.o)
                              .\CortexM3\ARM_GCC_541\Debug\Cm3Start.o (CyHalt)
.\CortexM3\ARM_GCC_541\Debug\Additional_HD.a(cyPm.o)
                              .\CortexM3\ARM_GCC_541\Debug\Additional_HD.a(CyLib.o) (CyPmReadStatus)
.\CortexM3\ARM_GCC_541\Debug\Additional_HD.a(isr_1.o)
                              .\CortexM3\ARM_GCC_541\Debug\main.o (isr_1_StartEx)
.\CortexM3\ARM_GCC_541\Debug\Additional_HD.a(Timer_1.o)
                              .\CortexM3\ARM_GCC_541\Debug\main.o (Timer_1_ReadStatusRegister)
.\CortexM3\ARM_GCC_541\Debug\Additional_HD.a(isr_2.o)
                              .\CortexM3\ARM_GCC_541\Debug\main.o (isr_2_StartEx)
.\CortexM3\ARM_GCC_541\Debug\Additional_HD.a(Comp_1.o)
                              .\CortexM3\ARM_GCC_541\Debug\main.o (Comp_1_Start)
.\CortexM3\ARM_GCC_541\Debug\Additional_HD.a(isr_3.o)
                              .\CortexM3\ARM_GCC_541\Debug\main.o (isr_3_StartEx)
.\CortexM3\ARM_GCC_541\Debug\Additional_HD.a(Comp_2.o)
                              .\CortexM3\ARM_GCC_541\Debug\main.o (Comp_2_Start)
.\CortexM3\ARM_GCC_541\Debug\Additional_HD.a(Comp_3.o)
                              .\CortexM3\ARM_GCC_541\Debug\main.o (Comp_3_Start)
.\CortexM3\ARM_GCC_541\Debug\Additional_HD.a(Comp_0.o)
                              .\CortexM3\ARM_GCC_541\Debug\main.o (Comp_0_Start)
.\CortexM3\ARM_GCC_541\Debug\Additional_HD.a(Clock_PWM.o)
                              .\CortexM3\ARM_GCC_541\Debug\main.o (Clock_PWM_Start)
.\CortexM3\ARM_GCC_541\Debug\Additional_HD.a(PWM_1.o)
                              .\CortexM3\ARM_GCC_541\Debug\main.o (PWM_1_WritePeriod)
.\CortexM3\ARM_GCC_541\Debug\Additional_HD.a(PWM_2.o)
                              .\CortexM3\ARM_GCC_541\Debug\main.o (PWM_2_WritePeriod)
.\CortexM3\ARM_GCC_541\Debug\Additional_HD.a(QuadDec_M1.o)
                              .\CortexM3\ARM_GCC_541\Debug\main.o (QuadDec_M1_GetCounter)
.\CortexM3\ARM_GCC_541\Debug\Additional_HD.a(QuadDec_M1_INT.o)
                              .\CortexM3\ARM_GCC_541\Debug\Additional_HD.a(QuadDec_M1.o) (QuadDec_M1_ISR)
.\CortexM3\ARM_GCC_541\Debug\Additional_HD.a(QuadDec_M2.o)
                              .\CortexM3\ARM_GCC_541\Debug\main.o (QuadDec_M2_GetCounter)
.\CortexM3\ARM_GCC_541\Debug\Additional_HD.a(QuadDec_M2_INT.o)
                              .\CortexM3\ARM_GCC_541\Debug\Additional_HD.a(QuadDec_M2.o) (QuadDec_M2_ISR)
.\CortexM3\ARM_GCC_541\Debug\Additional_HD.a(QuadDec_M1_Cnt16.o)
                              .\CortexM3\ARM_GCC_541\Debug\Additional_HD.a(QuadDec_M1.o) (QuadDec_M1_Cnt16_Stop)
.\CortexM3\ARM_GCC_541\Debug\Additional_HD.a(QuadDec_M2_Cnt16.o)
                              .\CortexM3\ARM_GCC_541\Debug\Additional_HD.a(QuadDec_M2.o) (QuadDec_M2_Cnt16_Stop)
.\CortexM3\ARM_GCC_541\Debug\Additional_HD.a(CyBootAsmGnu.o)
                              .\CortexM3\ARM_GCC_541\Debug\cyfitter_cfg.o (CyDelayCycles)
.\CortexM3\ARM_GCC_541\Debug\Additional_HD.a(CyFlash.o)
                              .\CortexM3\ARM_GCC_541\Debug\Additional_HD.a(cyPm.o) (CyFlash_SetWaitCycles)
.\CortexM3\ARM_GCC_541\Debug\Additional_HD.a(CySpc.o)
                              .\CortexM3\ARM_GCC_541\Debug\Additional_HD.a(CyFlash.o) (CySpcStart)
c:/program files (x86)/cypress/psoc creator/4.2/psoc creator/import/gnu/arm/5.4.1/bin/../lib/gcc/arm-none-eabi/5.4.1/armv7-m\libgcc.a(_arm_addsubsf3.o)
                              .\CortexM3\ARM_GCC_541\Debug\main.o (__aeabi_i2f)
c:/program files (x86)/cypress/psoc creator/4.2/psoc creator/import/gnu/arm/5.4.1/bin/../lib/gcc/arm-none-eabi/5.4.1/armv7-m\libgcc.a(_arm_muldivsf3.o)
                              .\CortexM3\ARM_GCC_541\Debug\main.o (__aeabi_fmul)
c:/program files (x86)/cypress/psoc creator/4.2/psoc creator/import/gnu/arm/5.4.1/bin/../lib/gcc/arm-none-eabi/5.4.1/../../../../arm-none-eabi/lib/armv7-m\libg_nano.a(lib_a-errno.o)
                              .\CortexM3\ARM_GCC_541\Debug\Cm3Start.o (__errno)
c:/program files (x86)/cypress/psoc creator/4.2/psoc creator/import/gnu/arm/5.4.1/bin/../lib/gcc/arm-none-eabi/5.4.1/../../../../arm-none-eabi/lib/armv7-m\libg_nano.a(lib_a-exit.o)
                              c:/program files (x86)/cypress/psoc creator/4.2/psoc creator/import/gnu/arm/5.4.1/bin/../lib/gcc/arm-none-eabi/5.4.1/../../../../arm-none-eabi/lib/armv7-m/crt0.o (exit)
c:/program files (x86)/cypress/psoc creator/4.2/psoc creator/import/gnu/arm/5.4.1/bin/../lib/gcc/arm-none-eabi/5.4.1/../../../../arm-none-eabi/lib/armv7-m\libg_nano.a(lib_a-impure.o)
                              c:/program files (x86)/cypress/psoc creator/4.2/psoc creator/import/gnu/arm/5.4.1/bin/../lib/gcc/arm-none-eabi/5.4.1/../../../../arm-none-eabi/lib/armv7-m\libg_nano.a(lib_a-exit.o) (_global_impure_ptr)
[...]
Memory Configuration

Name             Origin             Length             Attributes
rom              0x00000000         0x00040000         xr
ram              0x1fff8000         0x00010000         xrw
*default*        0x00000000         0xffffffff

Linker script and memory map

LOAD c:/program files (x86)/cypress/psoc creator/4.2/psoc creator/import/gnu/arm/5.4.1/bin/../lib/gcc/arm-none-eabi/5.4.1/armv7-m/crti.o
LOAD c:/program files (x86)/cypress/psoc creator/4.2/psoc creator/import/gnu/arm/5.4.1/bin/../lib/gcc/arm-none-eabi/5.4.1/armv7-m/crtbegin.o
LOAD c:/program files (x86)/cypress/psoc creator/4.2/psoc creator/import/gnu/arm/5.4.1/bin/../lib/gcc/arm-none-eabi/5.4.1/../../../../arm-none-eabi/lib/armv7-m/crt0.o
START GROUP
LOAD .\CortexM3\ARM_GCC_541\Debug\main.o
LOAD .\CortexM3\ARM_GCC_541\Debug\cyfitter_cfg.o
LOAD .\CortexM3\ARM_GCC_541\Debug\cymetadata.o
LOAD .\CortexM3\ARM_GCC_541\Debug\Cm3Start.o
LOAD .\CortexM3\ARM_GCC_541\Debug\Additional_HD.a
LOAD C:\Program Files (x86)\Cypress\PSoC Creator\4.2\PSoC Creator\psoc\content\cycomponentlibrary\CyComponentLibrary.cylib\CortexM3\ARM_GCC_541\Debug\CyComponentLibrary.a
END GROUP
START GROUP
LOAD c:/program files (x86)/cypress/psoc creator/4.2/psoc creator/import/gnu/arm/5.4.1/bin/../lib/gcc/arm-none-eabi/5.4.1/armv7-m\libgcc.a
LOAD c:/program files (x86)/cypress/psoc creator/4.2/psoc creator/import/gnu/arm/5.4.1/bin/../lib/gcc/arm-none-eabi/5.4.1/../../../../arm-none-eabi/lib/armv7-m\libg_nano.a
LOAD c:/program files (x86)/cypress/psoc creator/4.2/psoc creator/import/gnu/arm/5.4.1/bin/../lib/gcc/arm-none-eabi/5.4.1/../../../../arm-none-eabi/lib/armv7-m\libc_nano.a
END GROUP
START GROUP
LOAD c:/program files (x86)/cypress/psoc creator/4.2/psoc creator/import/gnu/arm/5.4.1/bin/../lib/gcc/arm-none-eabi/5.4.1/armv7-m\libgcc.a
LOAD c:/program files (x86)/cypress/psoc creator/4.2/psoc creator/import/gnu/arm/5.4.1/bin/../lib/gcc/arm-none-eabi/5.4.1/../../../../arm-none-eabi/lib/armv7-m\libc_nano.a
END GROUP
LOAD c:/program files (x86)/cypress/psoc creator/4.2/psoc creator/import/gnu/arm/5.4.1/bin/../lib/gcc/arm-none-eabi/5.4.1/armv7-m/crtend.o
LOAD c:/program files (x86)/cypress/psoc creator/4.2/psoc creator/import/gnu/arm/5.4.1/bin/../lib/gcc/arm-none-eabi/5.4.1/armv7-m/crtn.o
START GROUP
LOAD c:/program files (x86)/cypress/psoc creator/4.2/psoc creator/import/gnu/arm/5.4.1/bin/../lib/gcc/arm-none-eabi/5.4.1/armv7-m\libgcc.a
LOAD c:/program files (x86)/cypress/psoc creator/4.2/psoc creator/import/gnu/arm/5.4.1/bin/../lib/gcc/arm-none-eabi/5.4.1/../../../../arm-none-eabi/lib/armv7-m\libc.a
LOAD c:/program files (x86)/cypress/psoc creator/4.2/psoc creator/import/gnu/arm/5.4.1/bin/../lib/gcc/arm-none-eabi/5.4.1/../../../../arm-none-eabi/lib/armv7-m\libnosys.a
END GROUP
                0x00000000                CY_APPL_ORIGIN = 0x0
                0x00000100                CY_FLASH_ROW_SIZE = 0x100
                0x00000020                CY_ECC_ROW_SIZE = 0x20
                0x00000000                CY_EE_IN_BTLDR = 0x0
                0x00000000                CY_APPL_LOADABLE = 0x0
                0x00000800                CY_EE_SIZE = 0x800
                0x00000001                CY_APPL_NUM = 0x1
                0x00000001                CY_APPL_MAX = 0x1
                0x00000040                CY_METADATA_SIZE = 0x40
                0x00000000                CY_APPL_LOADABLE = 0x0
                0x00000000                CY_CHECKSUM_EXCLUDE_SIZE = ALIGN (0x0, CY_FLASH_ROW_SIZE)
                [!provide]                PROVIDE (__cy_heap_start, _end)
                0x00000001                PROVIDE (__cy_region_num, ((__cy_regions_end - __cy_regions) / 0x10))
                0x20008000                PROVIDE (__cy_stack, (ORIGIN (ram) + LENGTH (ram)))
                [!provide]                PROVIDE (__cy_heap_end, (__cy_stack - 0x800))

.cybootloader   0x00000000        0x0
 *(.cybootloader)
                0x00000000                appl1_start = CY_APPL_ORIGIN?CY_APPL_ORIGIN:ALIGN (CY_FLASH_ROW_SIZE)
                0x0001ff00                appl2_start = (appl1_start + ALIGN ((((LENGTH (rom) - appl1_start) - (0x2 * CY_FLASH_ROW_SIZE)) / 0x2), CY_FLASH_ROW_SIZE))
                0x00000000                appl_start = (CY_APPL_NUM == 0x1)?appl1_start:appl2_start
                0x00000000                ecc_offset = ((appl_start / CY_FLASH_ROW_SIZE) * CY_ECC_ROW_SIZE)
                0x00000000                ee_offset = (CY_APPL_LOADABLE && ! (CY_EE_IN_BTLDR))?((CY_EE_SIZE / CY_APPL_MAX) * (CY_APPL_NUM - 0x1)):0x0
                0x00000800                ee_size = (CY_APPL_LOADABLE && ! (CY_EE_IN_BTLDR))?(CY_EE_SIZE / CY_APPL_MAX):CY_EE_SIZE
                [!provide]                PROVIDE (CY_ECC_OFFSET, ecc_offset)

.text           0x00000000     0x186a
 CREATE_OBJECT_SYMBOLS
                0x00000000                PROVIDE (__cy_interrupt_vector, RomVectors)
 *(.romvectors)
 .romvectors    0x00000000       0x10 .\CortexM3\ARM_GCC_541\Debug\Cm3Start.o
                0x00000000                RomVectors
                0x00000001                ASSERT ((. != __cy_interrupt_vector), No interrupt vector)
                0x00000001                ASSERT (CY_APPL_ORIGIN?(SIZEOF (.cybootloader) <= CY_APPL_ORIGIN):0x1, Wrong image location)
                0x00000010                PROVIDE (__cy_reset, Reset)
 *(.text.Reset)
 .text.Reset    0x00000010       0x18 .\CortexM3\ARM_GCC_541\Debug\Cm3Start.o
                0x00000010                Reset
                0x00000001                ASSERT ((. != __cy_reset), No reset code)
 *(.dma_init)
                0x00000001                ASSERT ((((appl_start + .) <= 0x10000) || 0x1), DMA Init must be within the first 64k of flash)
 *(.text .text.* .gnu.linkonce.t.*)
 .text          0x00000028       0x5c c:/program files (x86)/cypress/psoc creator/4.2/psoc creator/import/gnu/arm/5.4.1/bin/../lib/gcc/arm-none-eabi/5.4.1/armv7-m/crtbegin.o
 .text.isr_2_handler
                0x00000084       0x40 .\CortexM3\ARM_GCC_541\Debug\main.o
                0x00000084                isr_2_handler
 .text.isr_3_handler
                0x000000c4       0x80 .\CortexM3\ARM_GCC_541\Debug\main.o
                0x000000c4                isr_3_handler
 .text.isr_1_handler
                0x00000144       0x74 .\CortexM3\ARM_GCC_541\Debug\main.o
                0x00000144                isr_1_handler
 .text.go_distance
                0x000001b8       0x10 .\CortexM3\ARM_GCC_541\Debug\main.o
                0x000001b8                go_distance
 .text.main     0x000001c8      0x154 .\CortexM3\ARM_GCC_541\Debug\main.o
                0x000001c8                main
 .text.CyClockStartupError
                0x0000031c        0x4 .\CortexM3\ARM_GCC_541\Debug\cyfitter_cfg.o
 .text.cfg_write_bytes32
                0x00000320       0x34 .\CortexM3\ARM_GCC_541\Debug\cyfitter_cfg.o
 .text.AnalogSetDefault
                0x00000354       0x70 .\CortexM3\ARM_GCC_541\Debug\cyfitter_cfg.o
 .text.CYMEMZERO
                0x000003c4        0xc .\CortexM3\ARM_GCC_541\Debug\cyfitter_cfg.o
 .text.CYCONFIGCPY
                0x000003d0        0x8 .\CortexM3\ARM_GCC_541\Debug\cyfitter_cfg.o
 .text.ClockSetup
                0x000003d8      0x108 .\CortexM3\ARM_GCC_541\Debug\cyfitter_cfg.o
 .text.cyfitter_cfg
                0x000004e0      0x17c .\CortexM3\ARM_GCC_541\Debug\cyfitter_cfg.o
                0x000004e0                cyfitter_cfg
 .text.IntDefaultHandler
                0x0000065c       0x10 .\CortexM3\ARM_GCC_541\Debug\Cm3Start.o
                0x0000065c                IntDefaultHandler
 .text.Start_c  0x0000066c       0x4c .\CortexM3\ARM_GCC_541\Debug\Cm3Start.o
                0x0000066c                Start_c
 .text.initialize_psoc
                0x000006b8       0x68 .\CortexM3\ARM_GCC_541\Debug\Cm3Start.o
                0x000006b8                initialize_psoc
 .text.CyHalt   0x00000720        0x4 .\CortexM3\ARM_GCC_541\Debug\Additional_HD.a(CyLib.o)
                0x00000720                CyHalt
 .text.CyIntSetVector
                0x00000724       0x28 .\CortexM3\ARM_GCC_541\Debug\Additional_HD.a(CyLib.o)
                0x00000724                CyIntSetVector
 .text.CyIntSetPriority
                0x0000074c       0x30 .\CortexM3\ARM_GCC_541\Debug\Additional_HD.a(CyLib.o)
                0x0000074c                CyIntSetPriority
 .text.isr_1_SetVector
                0x0000077c       0x10 .\CortexM3\ARM_GCC_541\Debug\Additional_HD.a(isr_1.o)
                0x0000077c                isr_1_SetVector
 .text.isr_1_SetPriority
                0x0000078c       0x10 .\CortexM3\ARM_GCC_541\Debug\Additional_HD.a(isr_1.o)
                0x0000078c                isr_1_SetPriority
 .text.isr_1_Enable
                0x0000079c       0x10 .\CortexM3\ARM_GCC_541\Debug\Additional_HD.a(isr_1.o)
                0x0000079c                isr_1_Enable
 .text.isr_1_Disable
                0x000007ac       0x10 .\CortexM3\ARM_GCC_541\Debug\Additional_HD.a(isr_1.o)
                0x000007ac                isr_1_Disable
 .text.isr_1_StartEx
                0x000007bc       0x1c .\CortexM3\ARM_GCC_541\Debug\Additional_HD.a(isr_1.o)
                0x000007bc                isr_1_StartEx
 .text.Timer_1_Enable
                0x000007d8       0x28 .\CortexM3\ARM_GCC_541\Debug\Additional_HD.a(Timer_1.o)
                0x000007d8                Timer_1_Enable
 .text.Timer_1_SetInterruptMode
                0x00000800        0xc .\CortexM3\ARM_GCC_541\Debug\Additional_HD.a(Timer_1.o)
                0x00000800                Timer_1_SetInterruptMode
 .text.Timer_1_ReadStatusRegister
                0x0000080c        0xc .\CortexM3\ARM_GCC_541\Debug\Additional_HD.a(Timer_1.o)
                0x0000080c                Timer_1_ReadStatusRegister
 .text.Timer_1_WritePeriod
                0x00000818        0xc .\CortexM3\ARM_GCC_541\Debug\Additional_HD.a(Timer_1.o)
                0x00000818                Timer_1_WritePeriod
 .text.Timer_1_WriteCounter
                0x00000824        0xc .\CortexM3\ARM_GCC_541\Debug\Additional_HD.a(Timer_1.o)
                0x00000824                Timer_1_WriteCounter
 .text.Timer_1_Init
                0x00000830       0x68 .\CortexM3\ARM_GCC_541\Debug\Additional_HD.a(Timer_1.o)
                0x00000830                Timer_1_Init
 .text.Timer_1_Start
                0x00000898       0x1c .\CortexM3\ARM_GCC_541\Debug\Additional_HD.a(Timer_1.o)
                0x00000898                Timer_1_Start
 .text.isr_2_SetVector
                0x000008b4        0xc .\CortexM3\ARM_GCC_541\Debug\Additional_HD.a(isr_2.o)
                0x000008b4                isr_2_SetVector
 .text.isr_2_SetPriority
                0x000008c0       0x10 .\CortexM3\ARM_GCC_541\Debug\Additional_HD.a(isr_2.o)
                0x000008c0                isr_2_SetPriority
 .text.isr_2_Enable
                0x000008d0        0xc .\CortexM3\ARM_GCC_541\Debug\Additional_HD.a(isr_2.o)
                0x000008d0                isr_2_Enable
 .text.isr_2_Disable
                0x000008dc        0xc .\CortexM3\ARM_GCC_541\Debug\Additional_HD.a(isr_2.o)
                0x000008dc                isr_2_Disable
 .text.isr_2_StartEx
                0x000008e8       0x1c .\CortexM3\ARM_GCC_541\Debug\Additional_HD.a(isr_2.o)
                0x000008e8                isr_2_StartEx
 .text.Comp_1_Enable
                0x00000904       0x1c .\CortexM3\ARM_GCC_541\Debug\Additional_HD.a(Comp_1.o)
                0x00000904                Comp_1_Enable
 .text.Comp_1_SetSpeed
                0x00000920       0x58 .\CortexM3\ARM_GCC_541\Debug\Additional_HD.a(Comp_1.o)
                0x00000920                Comp_1_SetSpeed
 .text.Comp_1_Init
                0x00000978       0x3c .\CortexM3\ARM_GCC_541\Debug\Additional_HD.a(Comp_1.o)
                0x00000978                Comp_1_Init
 .text.Comp_1_Start
                0x000009b4       0x1c .\CortexM3\ARM_GCC_541\Debug\Additional_HD.a(Comp_1.o)
                0x000009b4                Comp_1_Start
 .text.Comp_1_GetCompare
                0x000009d0       0x10 .\CortexM3\ARM_GCC_541\Debug\Additional_HD.a(Comp_1.o)
                0x000009d0                Comp_1_GetCompare
 .text.isr_3_SetVector
                0x000009e0        0xc .\CortexM3\ARM_GCC_541\Debug\Additional_HD.a(isr_3.o)
                0x000009e0                isr_3_SetVector
 .text.isr_3_SetPriority
                0x000009ec       0x10 .\CortexM3\ARM_GCC_541\Debug\Additional_HD.a(isr_3.o)
                0x000009ec                isr_3_SetPriority
 .text.isr_3_Enable
                0x000009fc        0xc .\CortexM3\ARM_GCC_541\Debug\Additional_HD.a(isr_3.o)
                0x000009fc                isr_3_Enable
 .text.isr_3_Disable
                0x00000a08        0xc .\CortexM3\ARM_GCC_541\Debug\Additional_HD.a(isr_3.o)
                0x00000a08                isr_3_Disable
 .text.isr_3_StartEx
                0x00000a14       0x1c .\CortexM3\ARM_GCC_541\Debug\Additional_HD.a(isr_3.o)
                0x00000a14                isr_3_StartEx
 .text.Comp_2_Enable
                0x00000a30       0x1c .\CortexM3\ARM_GCC_541\Debug\Additional_HD.a(Comp_2.o)
                0x00000a30                Comp_2_Enable
 .text.Comp_2_SetSpeed
                0x00000a4c       0x58 .\CortexM3\ARM_GCC_541\Debug\Additional_HD.a(Comp_2.o)
                0x00000a4c                Comp_2_SetSpeed
 .text.Comp_2_Init
                0x00000aa4       0x3c .\CortexM3\ARM_GCC_541\Debug\Additional_HD.a(Comp_2.o)
                0x00000aa4                Comp_2_Init
 .text.Comp_2_Start
                0x00000ae0       0x1c .\CortexM3\ARM_GCC_541\Debug\Additional_HD.a(Comp_2.o)
                0x00000ae0                Comp_2_Start
 .text.Comp_2_GetCompare
                0x00000afc       0x10 .\CortexM3\ARM_GCC_541\Debug\Additional_HD.a(Comp_2.o)
                0x00000afc                Comp_2_GetCompare
 .text.Comp_3_Enable
                0x00000b0c       0x1c .\CortexM3\ARM_GCC_541\Debug\Additional_HD.a(Comp_3.o)
                0x00000b0c                Comp_3_Enable
 .text.Comp_3_SetSpeed
                0x00000b28       0x58 .\CortexM3\ARM_GCC_541\Debug\Additional_HD.a(Comp_3.o)
                0x00000b28                Comp_3_SetSpeed
 .text.Comp_3_Init
                0x00000b80       0x3c .\CortexM3\ARM_GCC_541\Debug\Additional_HD.a(Comp_3.o)
                0x00000b80                Comp_3_Init
 .text.Comp_3_Start
                0x00000bbc       0x1c .\CortexM3\ARM_GCC_541\Debug\Additional_HD.a(Comp_3.o)
                0x00000bbc                Comp_3_Start
 .text.Comp_3_GetCompare
                0x00000bd8       0x10 .\CortexM3\ARM_GCC_541\Debug\Additional_HD.a(Comp_3.o)
                0x00000bd8                Comp_3_GetCompare
 .text.Comp_0_Enable
                0x00000be8       0x1c .\CortexM3\ARM_GCC_541\Debug\Additional_HD.a(Comp_0.o)
                0x00000be8                Comp_0_Enable
 .text.Comp_0_SetSpeed
                0x00000c04       0x58 .\CortexM3\ARM_GCC_541\Debug\Additional_HD.a(Comp_0.o)
                0x00000c04                Comp_0_SetSpeed
 .text.Comp_0_Init
                0x00000c5c       0x3c .\CortexM3\ARM_GCC_541\Debug\Additional_HD.a(Comp_0.o)
                0x00000c5c                Comp_0_Init
 .text.Comp_0_Start
                0x00000c98       0x1c .\CortexM3\ARM_GCC_541\Debug\Additional_HD.a(Comp_0.o)
                0x00000c98                Comp_0_Start
 .text.Comp_0_GetCompare
                0x00000cb4       0x10 .\CortexM3\ARM_GCC_541\Debug\Additional_HD.a(Comp_0.o)
                0x00000cb4                Comp_0_GetCompare
 .text.Clock_PWM_Start
                0x00000cc4       0x1c .\CortexM3\ARM_GCC_541\Debug\Additional_HD.a(Clock_PWM.o)
                0x00000cc4                Clock_PWM_Start
 .text.PWM_1_Enable
                0x00000ce0       0x28 .\CortexM3\ARM_GCC_541\Debug\Additional_HD.a(PWM_1.o)
                0x00000ce0                PWM_1_Enable
 .text.PWM_1_WritePeriod
                0x00000d08        0xc .\CortexM3\ARM_GCC_541\Debug\Additional_HD.a(PWM_1.o)
                0x00000d08                PWM_1_WritePeriod
 .text.PWM_1_WriteCompare
                0x00000d14        0xc .\CortexM3\ARM_GCC_541\Debug\Additional_HD.a(PWM_1.o)
                0x00000d14                PWM_1_WriteCompare
 .text.PWM_1_SetInterruptMode
                0x00000d20        0xc .\CortexM3\ARM_GCC_541\Debug\Additional_HD.a(PWM_1.o)
                0x00000d20                PWM_1_SetInterruptMode
 .text.PWM_1_Init
                0x00000d2c       0x74 .\CortexM3\ARM_GCC_541\Debug\Additional_HD.a(PWM_1.o)
                0x00000d2c                PWM_1_Init
 .text.PWM_1_Start
                0x00000da0       0x1c .\CortexM3\ARM_GCC_541\Debug\Additional_HD.a(PWM_1.o)
                0x00000da0                PWM_1_Start
 .text.PWM_1_ReadCompare
                0x00000dbc        0xc .\CortexM3\ARM_GCC_541\Debug\Additional_HD.a(PWM_1.o)
                0x00000dbc                PWM_1_ReadCompare
 .text.PWM_2_Enable
                0x00000dc8       0x28 .\CortexM3\ARM_GCC_541\Debug\Additional_HD.a(PWM_2.o)
                0x00000dc8                PWM_2_Enable
 .text.PWM_2_WritePeriod
                0x00000df0        0xc .\CortexM3\ARM_GCC_541\Debug\Additional_HD.a(PWM_2.o)
                0x00000df0                PWM_2_WritePeriod
 .text.PWM_2_WriteCompare
                0x00000dfc        0xc .\CortexM3\ARM_GCC_541\Debug\Additional_HD.a(PWM_2.o)
                0x00000dfc                PWM_2_WriteCompare
 .text.PWM_2_SetInterruptMode
                0x00000e08        0xc .\CortexM3\ARM_GCC_541\Debug\Additional_HD.a(PWM_2.o)
                0x00000e08                PWM_2_SetInterruptMode
 .text.PWM_2_Init
                0x00000e14       0x74 .\CortexM3\ARM_GCC_541\Debug\Additional_HD.a(PWM_2.o)
                0x00000e14                PWM_2_Init
 .text.PWM_2_Start
                0x00000e88       0x1c .\CortexM3\ARM_GCC_541\Debug\Additional_HD.a(PWM_2.o)
                0x00000e88                PWM_2_Start
 .text.PWM_2_ReadCompare
                0x00000ea4        0xc .\CortexM3\ARM_GCC_541\Debug\Additional_HD.a(PWM_2.o)
                0x00000ea4                PWM_2_ReadCompare
 .text.QuadDec_M1_Init
                0x00000eb0       0x24 .\CortexM3\ARM_GCC_541\Debug\Additional_HD.a(QuadDec_M1.o)
                0x00000eb0                QuadDec_M1_Init
 .text.QuadDec_M1_GetCounter
                0x00000ed4       0x2c .\CortexM3\ARM_GCC_541\Debug\Additional_HD.a(QuadDec_M1.o)
                0x00000ed4                QuadDec_M1_GetCounter
 .text.QuadDec_M1_SetCounter
                0x00000f00       0x28 .\CortexM3\ARM_GCC_541\Debug\Additional_HD.a(QuadDec_M1.o)
                0x00000f00                QuadDec_M1_SetCounter
 .text.QuadDec_M1_GetEvents
                0x00000f28       0x10 .\CortexM3\ARM_GCC_541\Debug\Additional_HD.a(QuadDec_M1.o)
                0x00000f28                QuadDec_M1_GetEvents
 .text.QuadDec_M1_SetInterruptMask
                0x00000f38       0x10 .\CortexM3\ARM_GCC_541\Debug\Additional_HD.a(QuadDec_M1.o)
                0x00000f38                QuadDec_M1_SetInterruptMask
 .text.QuadDec_M1_Enable
                0x00000f48       0x30 .\CortexM3\ARM_GCC_541\Debug\Additional_HD.a(QuadDec_M1.o)
                0x00000f48                QuadDec_M1_Enable
 .text.QuadDec_M1_Start
                0x00000f78       0x34 .\CortexM3\ARM_GCC_541\Debug\Additional_HD.a(QuadDec_M1.o)
                0x00000f78                QuadDec_M1_Start
 .text.QuadDec_M1_ISR
                0x00000fac       0x40 .\CortexM3\ARM_GCC_541\Debug\Additional_HD.a(QuadDec_M1_INT.o)
                0x00000fac                QuadDec_M1_ISR
 .text.QuadDec_M2_Init
                0x00000fec       0x24 .\CortexM3\ARM_GCC_541\Debug\Additional_HD.a(QuadDec_M2.o)
                0x00000fec                QuadDec_M2_Init
 .text.QuadDec_M2_GetCounter
                0x00001010       0x2c .\CortexM3\ARM_GCC_541\Debug\Additional_HD.a(QuadDec_M2.o)
                0x00001010                QuadDec_M2_GetCounter
 .text.QuadDec_M2_SetCounter
                0x0000103c       0x28 .\CortexM3\ARM_GCC_541\Debug\Additional_HD.a(QuadDec_M2.o)
                0x0000103c                QuadDec_M2_SetCounter
 .text.QuadDec_M2_GetEvents
                0x00001064       0x10 .\CortexM3\ARM_GCC_541\Debug\Additional_HD.a(QuadDec_M2.o)
                0x00001064                QuadDec_M2_GetEvents
 .text.QuadDec_M2_SetInterruptMask
                0x00001074       0x10 .\CortexM3\ARM_GCC_541\Debug\Additional_HD.a(QuadDec_M2.o)
                0x00001074                QuadDec_M2_SetInterruptMask
 .text.QuadDec_M2_Enable
                0x00001084       0x30 .\CortexM3\ARM_GCC_541\Debug\Additional_HD.a(QuadDec_M2.o)
                0x00001084                QuadDec_M2_Enable
 .text.QuadDec_M2_Start
                0x000010b4       0x34 .\CortexM3\ARM_GCC_541\Debug\Additional_HD.a(QuadDec_M2.o)
                0x000010b4                QuadDec_M2_Start
 .text.QuadDec_M2_ISR
                0x000010e8       0x40 .\CortexM3\ARM_GCC_541\Debug\Additional_HD.a(QuadDec_M2_INT.o)
                0x000010e8                QuadDec_M2_ISR
 .text.QuadDec_M1_Cnt16_Enable
                0x00001128       0x10 .\CortexM3\ARM_GCC_541\Debug\Additional_HD.a(QuadDec_M1_Cnt16.o)
                0x00001128                QuadDec_M1_Cnt16_Enable
 .text.QuadDec_M1_Cnt16_SetInterruptMode
                0x00001138        0xc .\CortexM3\ARM_GCC_541\Debug\Additional_HD.a(QuadDec_M1_Cnt16.o)
                0x00001138                QuadDec_M1_Cnt16_SetInterruptMode
 .text.QuadDec_M1_Cnt16_ReadStatusRegister
                0x00001144        0xc .\CortexM3\ARM_GCC_541\Debug\Additional_HD.a(QuadDec_M1_Cnt16.o)
                0x00001144                QuadDec_M1_Cnt16_ReadStatusRegister
 .text.QuadDec_M1_Cnt16_WriteCounter
                0x00001150        0xc .\CortexM3\ARM_GCC_541\Debug\Additional_HD.a(QuadDec_M1_Cnt16.o)
                0x00001150                QuadDec_M1_Cnt16_WriteCounter
 .text.QuadDec_M1_Cnt16_ReadCounter
                0x0000115c       0x14 .\CortexM3\ARM_GCC_541\Debug\Additional_HD.a(QuadDec_M1_Cnt16.o)
                0x0000115c                QuadDec_M1_Cnt16_ReadCounter
 .text.QuadDec_M1_Cnt16_ReadCapture
                0x00001170        0xc .\CortexM3\ARM_GCC_541\Debug\Additional_HD.a(QuadDec_M1_Cnt16.o)
                0x00001170                QuadDec_M1_Cnt16_ReadCapture
 .text.QuadDec_M1_Cnt16_WritePeriod
                0x0000117c        0xc .\CortexM3\ARM_GCC_541\Debug\Additional_HD.a(QuadDec_M1_Cnt16.o)
                0x0000117c                QuadDec_M1_Cnt16_WritePeriod
 .text.QuadDec_M1_Cnt16_WriteCompare
                0x00001188        0xc .\CortexM3\ARM_GCC_541\Debug\Additional_HD.a(QuadDec_M1_Cnt16.o)
                0x00001188                QuadDec_M1_Cnt16_WriteCompare
 .text.QuadDec_M1_Cnt16_ClearFIFO
                0x00001194       0x14 .\CortexM3\ARM_GCC_541\Debug\Additional_HD.a(QuadDec_M1_Cnt16.o)
                0x00001194                QuadDec_M1_Cnt16_ClearFIFO
 .text.QuadDec_M1_Cnt16_Init
                0x000011a8       0x58 .\CortexM3\ARM_GCC_541\Debug\Additional_HD.a(QuadDec_M1_Cnt16.o)
                0x000011a8                QuadDec_M1_Cnt16_Init
 .text.QuadDec_M1_Cnt16_Start
                0x00001200       0x1c .\CortexM3\ARM_GCC_541\Debug\Additional_HD.a(QuadDec_M1_Cnt16.o)
                0x00001200                QuadDec_M1_Cnt16_Start
 .text.QuadDec_M2_Cnt16_Enable
                0x0000121c       0x10 .\CortexM3\ARM_GCC_541\Debug\Additional_HD.a(QuadDec_M2_Cnt16.o)
                0x0000121c                QuadDec_M2_Cnt16_Enable
 .text.QuadDec_M2_Cnt16_SetInterruptMode
                0x0000122c        0xc .\CortexM3\ARM_GCC_541\Debug\Additional_HD.a(QuadDec_M2_Cnt16.o)
                0x0000122c                QuadDec_M2_Cnt16_SetInterruptMode
 .text.QuadDec_M2_Cnt16_ReadStatusRegister
                0x00001238        0xc .\CortexM3\ARM_GCC_541\Debug\Additional_HD.a(QuadDec_M2_Cnt16.o)
                0x00001238                QuadDec_M2_Cnt16_ReadStatusRegister
 .text.QuadDec_M2_Cnt16_WriteCounter
                0x00001244        0xc .\CortexM3\ARM_GCC_541\Debug\Additional_HD.a(QuadDec_M2_Cnt16.o)
                0x00001244                QuadDec_M2_Cnt16_WriteCounter
 .text.QuadDec_M2_Cnt16_ReadCounter
                0x00001250       0x14 .\CortexM3\ARM_GCC_541\Debug\Additional_HD.a(QuadDec_M2_Cnt16.o)
                0x00001250                QuadDec_M2_Cnt16_ReadCounter
 .text.QuadDec_M2_Cnt16_ReadCapture
                0x00001264        0xc .\CortexM3\ARM_GCC_541\Debug\Additional_HD.a(QuadDec_M2_Cnt16.o)
                0x00001264                QuadDec_M2_Cnt16_ReadCapture
 .text.QuadDec_M2_Cnt16_WritePeriod
                0x00001270        0xc .\CortexM3\ARM_GCC_541\Debug\Additional_HD.a(QuadDec_M2_Cnt16.o)
                0x00001270                QuadDec_M2_Cnt16_WritePeriod
 .text.QuadDec_M2_Cnt16_WriteCompare
                0x0000127c        0xc .\CortexM3\ARM_GCC_541\Debug\Additional_HD.a(QuadDec_M2_Cnt16.o)
                0x0000127c                QuadDec_M2_Cnt16_WriteCompare
 .text.QuadDec_M2_Cnt16_ClearFIFO
                0x00001288       0x14 .\CortexM3\ARM_GCC_541\Debug\Additional_HD.a(QuadDec_M2_Cnt16.o)
                0x00001288                QuadDec_M2_Cnt16_ClearFIFO
 .text.QuadDec_M2_Cnt16_Init
                0x0000129c       0x58 .\CortexM3\ARM_GCC_541\Debug\Additional_HD.a(QuadDec_M2_Cnt16.o)
                0x0000129c                QuadDec_M2_Cnt16_Init
 .text.QuadDec_M2_Cnt16_Start
                0x000012f4       0x1c .\CortexM3\ARM_GCC_541\Debug\Additional_HD.a(QuadDec_M2_Cnt16.o)
                0x000012f4                QuadDec_M2_Cnt16_Start
 .text          0x00001310       0x20 .\CortexM3\ARM_GCC_541\Debug\Additional_HD.a(CyBootAsmGnu.o)
                0x00001310                CyDelayCycles
                0x00001320                CyEnterCriticalSection
                0x00001328                CyExitCriticalSection
 .text          0x00001330      0x21c c:/program files (x86)/cypress/psoc creator/4.2/psoc creator/import/gnu/arm/5.4.1/bin/../lib/gcc/arm-none-eabi/5.4.1/armv7-m\libgcc.a(_arm_addsubsf3.o)
                0x00001330                __aeabi_frsub
                0x00001338                __subsf3
                0x00001338                __aeabi_fsub
                0x0000133c                __aeabi_fadd
                0x0000133c                __addsf3
                0x0000149c                __aeabi_ui2f
                0x0000149c                __floatunsisf
                0x000014a4                __aeabi_i2f
                0x000014a4                __floatsisf
                0x000014c0                __aeabi_ul2f
                0x000014c0                __floatundisf
                0x000014d0                __aeabi_l2f
                0x000014d0                __floatdisf
 .text          0x0000154c      0x2a0 c:/program files (x86)/cypress/psoc creator/4.2/psoc creator/import/gnu/arm/5.4.1/bin/../lib/gcc/arm-none-eabi/5.4.1/armv7-m\libgcc.a(_arm_muldivsf3.o)
                0x0000154c                __mulsf3
                0x0000154c                __aeabi_fmul
                0x000016b4                __aeabi_fdiv
                0x000016b4                __divsf3
 .text.__errno  0x000017ec        0xc c:/program files (x86)/cypress/psoc creator/4.2/psoc creator/import/gnu/arm/5.4.1/bin/../lib/gcc/arm-none-eabi/5.4.1/../../../../arm-none-eabi/lib/armv7-m\libg_nano.a(lib_a-errno.o)
                0x000017ec                __errno
 .text.__libc_init_array
                0x000017f8       0x4c c:/program files (x86)/cypress/psoc creator/4.2/psoc creator/import/gnu/arm/5.4.1/bin/../lib/gcc/arm-none-eabi/5.4.1/../../../../arm-none-eabi/lib/armv7-m\libg_nano.a(lib_a-init.o)
                0x000017f8                __libc_init_array
 .text.memcpy   0x00001844       0x16 c:/program files (x86)/cypress/psoc creator/4.2/psoc creator/import/gnu/arm/5.4.1/bin/../lib/gcc/arm-none-eabi/5.4.1/../../../../arm-none-eabi/lib/armv7-m\libg_nano.a(lib_a-memcpy-stub.o)
                0x00001844                memcpy
 .text.memset   0x0000185a       0x10 c:/program files (x86)/cypress/psoc creator/4.2/psoc creator/import/gnu/arm/5.4.1/bin/../lib/gcc/arm-none-eabi/5.4.1/../../../../arm-none-eabi/lib/armv7-m\libg_nano.a(lib_a-memset.o)
                0x0000185a                memset
 *(.plt)
 *(.gnu.warning)
 *(.glue_7t)
 .glue_7t       0x0000186a        0x0 linker stubs
 *(.glue_7)
 .glue_7        0x0000186a        0x0 linker stubs
 *(.vfp11_veneer)
 .vfp11_veneer  0x0000186a        0x0 linker stubs
 *(.bootloader)
 *(.ARM.extab* .gnu.linkonce.armextab.*)
 *(.gcc_except_table)

.v4_bx          0x0000186c        0x0
 .v4_bx         0x0000186c        0x0 linker stubs

.iplt           0x0000186c        0x0
 .iplt          0x0000186c        0x0 c:/program files (x86)/cypress/psoc creator/4.2/psoc creator/import/gnu/arm/5.4.1/bin/../lib/gcc/arm-none-eabi/5.4.1/armv7-m/crtbegin.o

.eh_frame_hdr
 *(.eh_frame_hdr)

.eh_frame       0x0000186c        0x4
 *(.eh_frame)
 .eh_frame      0x0000186c        0x0 c:/program files (x86)/cypress/psoc creator/4.2/psoc creator/import/gnu/arm/5.4.1/bin/../lib/gcc/arm-none-eabi/5.4.1/armv7-m/crtbegin.o
 .eh_frame      0x0000186c        0x4 c:/program files (x86)/cypress/psoc creator/4.2/psoc creator/import/gnu/arm/5.4.1/bin/../lib/gcc/arm-none-eabi/5.4.1/armv7-m/crtend.o
                [!provide]                PROVIDE (__exidx_start, .)

.ARM.exidx
 *(.ARM.exidx* .gnu.linkonce.armexidx.*)
                0x00001870                __exidx_end = .

.rodata         0x00001870       0x70
 *(.rodata .rodata.* .gnu.linkonce.r.*)
 .rodata        0x00001870       0x3a .\CortexM3\ARM_GCC_541\Debug\cyfitter_cfg.o
 .rodata.str1.1
                0x000018aa        0x2 c:/program files (x86)/cypress/psoc creator/4.2/psoc creator/import/gnu/arm/5.4.1/bin/../lib/gcc/arm-none-eabi/5.4.1/../../../../arm-none-eabi/lib/armv7-m\libg_nano.a(lib_a-impure.o)
                0x000018ac                . = ALIGN (0x4)
 *(.init)
 .init          0x000018ac        0x4 c:/program files (x86)/cypress/psoc creator/4.2/psoc creator/import/gnu/arm/5.4.1/bin/../lib/gcc/arm-none-eabi/5.4.1/armv7-m/crti.o
                0x000018ac                _init
 .init          0x000018b0        0x8 c:/program files (x86)/cypress/psoc creator/4.2/psoc creator/import/gnu/arm/5.4.1/bin/../lib/gcc/arm-none-eabi/5.4.1/armv7-m/crtn.o
                0x000018b8                . = ALIGN (0x4)
                0x000018b8                __preinit_array_start = .
 *(.preinit_array)
                0x000018b8                __preinit_array_end = .
                0x000018b8                . = ALIGN (0x4)
                0x000018b8                __init_array_start = .
 *(SORT(.init_array.*))
 *(.init_array)
 .init_array    0x000018b8        0x4 c:/program files (x86)/cypress/psoc creator/4.2/psoc creator/import/gnu/arm/5.4.1/bin/../lib/gcc/arm-none-eabi/5.4.1/armv7-m/crtbegin.o
 .init_array    0x000018bc        0x4 .\CortexM3\ARM_GCC_541\Debug\Cm3Start.o
                0x000018c0                __init_array_end = .
                0x000018c0                . = ALIGN (0x4)
 *(.fini)
 .fini          0x000018c0        0x4 c:/program files (x86)/cypress/psoc creator/4.2/psoc creator/import/gnu/arm/5.4.1/bin/../lib/gcc/arm-none-eabi/5.4.1/armv7-m/crti.o
                0x000018c0                _fini
 .fini          0x000018c4        0x8 c:/program files (x86)/cypress/psoc creator/4.2/psoc creator/import/gnu/arm/5.4.1/bin/../lib/gcc/arm-none-eabi/5.4.1/armv7-m/crtn.o
                0x000018cc                . = ALIGN (0x4)
                0x000018cc                __fini_array_start = .
 *(.fini_array)
 .fini_array    0x000018cc        0x4 c:/program files (x86)/cypress/psoc creator/4.2/psoc creator/import/gnu/arm/5.4.1/bin/../lib/gcc/arm-none-eabi/5.4.1/armv7-m/crtbegin.o
 *(SORT(.fini_array.*))
                0x000018d0                __fini_array_end = .
                0x000018d0                . = ALIGN (0x4)
 *crtbegin.o(.ctors)
 *(EXCLUDE_FILE(*crtend.o) .ctors)
 *(SORT(.ctors.*))
 *crtend.o(.ctors)
                0x000018d0                . = ALIGN (0x4)
 *crtbegin.o(.dtors)
 *(EXCLUDE_FILE(*crtend.o) .dtors)
 *(SORT(.dtors.*))
 *crtend.o(.dtors)
                0x000018d0                . = ALIGN (0x4)
                0x000018d0                __cy_regions = .
                0x000018d0        0x4 LONG 0x18e0 __cy_region_init_ram
                0x000018d4        0x4 LONG 0x1fff80c8 __cy_region_start_data
                0x000018d8        0x4 LONG 0x88 __cy_region_init_size_ram
                0x000018dc        0x4 LONG 0x80 __cy_region_zero_size_ram
                0x000018e0                __cy_regions_end = .
                0x000018e0                . = ALIGN (0x8)
                0x000018e0                _etext = .

.cy_checksum_exclude
                0x000018e0        0x0
 *(.cy_checksum_exclude)

.ramvectors     0x1fff8000       0xc0
                0x1fff8000                __cy_region_start_ram = .
 *(.ramvectors)
 .ramvectors    0x1fff8000       0xc0 .\CortexM3\ARM_GCC_541\Debug\Cm3Start.o
                0x1fff8000                CyRamVectors

.noinit         0x1fff80c0        0x1
 *(.noinit)
 .noinit        0x1fff80c0        0x1 .\CortexM3\ARM_GCC_541\Debug\Additional_HD.a(CyLib.o)
                0x1fff80c0                CyResetStatus

.data           0x1fff80c8       0x88 load address 0x000018e0
                0x1fff80c8                __cy_region_start_data = .
 *(.jcr)
 .jcr           0x1fff80c8        0x0 c:/program files (x86)/cypress/psoc creator/4.2/psoc creator/import/gnu/arm/5.4.1/bin/../lib/gcc/arm-none-eabi/5.4.1/armv7-m/crtbegin.o
 .jcr           0x1fff80c8        0x4 c:/program files (x86)/cypress/psoc creator/4.2/psoc creator/import/gnu/arm/5.4.1/bin/../lib/gcc/arm-none-eabi/5.4.1/armv7-m/crtend.o
 *(.got.plt)
 *(.got)
 *(.shdata)
 *(.data .data.* .gnu.linkonce.d.*)
 *fill*         0x1fff80cc        0x4 
 .data          0x1fff80d0       0x18 .\CortexM3\ARM_GCC_541\Debug\main.o
                0x1fff80d0                PWM_L
                0x1fff80d1                PWM_R
                0x1fff80d2                counter
                0x1fff80d4                CPR
                0x1fff80d8                wheelCircumference_cm
                0x1fff80dc                turn_back_diatance
                0x1fff80e0                timeInterval_s
 .data.impure_data
                0x1fff80e8       0x60 c:/program files (x86)/cypress/psoc creator/4.2/psoc creator/import/gnu/arm/5.4.1/bin/../lib/gcc/arm-none-eabi/5.4.1/../../../../arm-none-eabi/lib/armv7-m\libg_nano.a(lib_a-impure.o)
 .data._impure_ptr
                0x1fff8148        0x4 c:/program files (x86)/cypress/psoc creator/4.2/psoc creator/import/gnu/arm/5.4.1/bin/../lib/gcc/arm-none-eabi/5.4.1/../../../../arm-none-eabi/lib/armv7-m\libg_nano.a(lib_a-impure.o)
                0x1fff8148                _impure_ptr
                0x1fff8150                . = ALIGN (0x8)
 *fill*         0x1fff814c        0x4 
 *(.ram)
                0x1fff8150                _edata = .

.igot.plt       0x1fff8150        0x0 load address 0x00001968
 .igot.plt      0x1fff8150        0x0 c:/program files (x86)/cypress/psoc creator/4.2/psoc creator/import/gnu/arm/5.4.1/bin/../lib/gcc/arm-none-eabi/5.4.1/armv7-m/crtbegin.o

.bss            0x1fff8150       0x80 load address 0x00001968
                0x1fff8150                PROVIDE (__bss_start__, .)
 *(.shbss)
 *(.bss .bss.* .gnu.linkonce.b.*)
 .bss           0x1fff8150       0x1c c:/program files (x86)/cypress/psoc creator/4.2/psoc creator/import/gnu/arm/5.4.1/bin/../lib/gcc/arm-none-eabi/5.4.1/armv7-m/crtbegin.o
 .bss           0x1fff816c       0x40 .\CortexM3\ARM_GCC_541\Debug\main.o
                0x1fff816c                left_on
                0x1fff8170                turn_counter
                0x1fff8174                encoderCounts_M1
                0x1fff8178                encoderCounts_M2
                0x1fff817c                encoder_value_sum_M1
                0x1fff8180                encoder_value_sum_M2
                0x1fff8184                distance_M1
                0x1fff8188                distance_M2
                0x1fff818c                count
                0x1fff8190                target_diatance
                0x1fff8194                current_state
                0x1fff8198                current_distance
                0x1fff819c                speed_M2
                0x1fff81a0                speed_M1
                0x1fff81a4                current_distance_M2
                0x1fff81a8                current_distance_M1
 .bss           0x1fff81ac        0x1 .\CortexM3\ARM_GCC_541\Debug\Additional_HD.a(Timer_1.o)
                0x1fff81ac                Timer_1_initVar
 .bss           0x1fff81ad        0x1 .\CortexM3\ARM_GCC_541\Debug\Additional_HD.a(Comp_1.o)
                0x1fff81ad                Comp_1_initVar
 .bss           0x1fff81ae        0x1 .\CortexM3\ARM_GCC_541\Debug\Additional_HD.a(Comp_2.o)
                0x1fff81ae                Comp_2_initVar
 .bss           0x1fff81af        0x1 .\CortexM3\ARM_GCC_541\Debug\Additional_HD.a(Comp_3.o)
                0x1fff81af                Comp_3_initVar
 .bss           0x1fff81b0        0x1 .\CortexM3\ARM_GCC_541\Debug\Additional_HD.a(Comp_0.o)
                0x1fff81b0                Comp_0_initVar
 .bss           0x1fff81b1        0x1 .\CortexM3\ARM_GCC_541\Debug\Additional_HD.a(PWM_1.o)
                0x1fff81b1                PWM_1_initVar
 .bss           0x1fff81b2        0x1 .\CortexM3\ARM_GCC_541\Debug\Additional_HD.a(PWM_2.o)
                0x1fff81b2                PWM_2_initVar
 .bss           0x1fff81b3        0x1 .\CortexM3\ARM_GCC_541\Debug\Additional_HD.a(QuadDec_M1.o)
                0x1fff81b3                QuadDec_M1_initVar
 .bss           0x1fff81b4        0x4 .\CortexM3\ARM_GCC_541\Debug\Additional_HD.a(QuadDec_M1_INT.o)
                0x1fff81b4                QuadDec_M1_count32SoftPart
 .bss           0x1fff81b8        0x1 .\CortexM3\ARM_GCC_541\Debug\Additional_HD.a(QuadDec_M2.o)
                0x1fff81b8                QuadDec_M2_initVar
 *fill*         0x1fff81b9        0x3 
 .bss           0x1fff81bc        0x4 .\CortexM3\ARM_GCC_541\Debug\Additional_HD.a(QuadDec_M2_INT.o)
                0x1fff81bc                QuadDec_M2_count32SoftPart
 .bss           0x1fff81c0        0x1 .\CortexM3\ARM_GCC_541\Debug\Additional_HD.a(QuadDec_M1_Cnt16.o)
                0x1fff81c0                QuadDec_M1_Cnt16_initVar
 .bss           0x1fff81c1        0x1 .\CortexM3\ARM_GCC_541\Debug\Additional_HD.a(QuadDec_M2_Cnt16.o)
                0x1fff81c1                QuadDec_M2_Cnt16_initVar
 *(COMMON)
 COMMON         0x1fff81c2        0x7 .\CortexM3\ARM_GCC_541\Debug\main.o
                0x1fff81c2                right_on
                0x1fff81c3                comp1_sum
                0x1fff81c4                turn_complete
                0x1fff81c5                comp3_sum
                0x1fff81c6                middle_on
                0x1fff81c7                comp0_sum
                0x1fff81c8                comp2_sum
                0x1fff81d0                . = ALIGN (0x8)
 *fill*         0x1fff81c9        0x7 
 *(.ram.b)
                0x1fff81d0                _end = .
                0x1fff81d0                __end = .
                0x1fff81d0                PROVIDE (end, .)
                0x1fff81d0                PROVIDE (__bss_end__, .)
                0x000018e0                __cy_region_init_ram = LOADADDR (.data)
                0x00000088                __cy_region_init_size_ram = (_edata - ADDR (.data))
                0x00000080                __cy_region_zero_size_ram = (_end - _edata)

.heap           0x1fff81d0       0x80 load address 0x00001968
                0x1fff81d0                . = _end
                0x1fff8250                . = (. + 0x80)
 *fill*         0x1fff81d0       0x80 
                0x1fff8250                __cy_heap_limit = .

.stack          0x20007800      0x800
                0x20007800                __cy_stack_limit = .
                0x20008000                . = (. + 0x800)
 *fill*         0x20007800      0x800 
                0x00000001                ASSERT ((__cy_stack_limit >= __cy_heap_limit), region RAM overflowed with stack)
                0x00000000                cy_checksum_exclude_size = (CY_APPL_LOADABLE == 0x1)?SIZEOF (.cy_checksum_exclude):0x0
                0x00000001                ASSERT ((cy_checksum_exclude_size <= CY_CHECKSUM_EXCLUDE_SIZE), CY_BOOT: Section .cy_checksum_exclude size exceedes specified limit.)

.cyloadermeta
 *(.cyloadermeta)

.cyloadablemeta
 *(.cyloadablemeta)

.cyconfigecc    0x80000000      0x834
 *(.cyconfigecc)
 .cyconfigecc   0x80000000      0x834 .\CortexM3\ARM_GCC_541\Debug\cymetadata.o
                0x80000000                cy_meta_configecc

.cycustnvl      0x90000000        0x4
 *(.cycustnvl)
 .cycustnvl     0x90000000        0x4 .\CortexM3\ARM_GCC_541\Debug\cymetadata.o
                0x90000000                cy_meta_custnvl

.cywolatch      0x90100000        0x4
 *(.cywolatch)
 .cywolatch     0x90100000        0x4 .\CortexM3\ARM_GCC_541\Debug\cymetadata.o
                0x90100000                cy_meta_wonvl

.cyeeprom       0x90200000        0x0
 *(.cyeeprom)
                0x00000001                ASSERT ((. <= ((0x90200000 + ee_offset) + ee_size)), .cyeeprom data will not fit in EEPROM)

.cyflashprotect
                0x90400000      0x100
 *(.cyflashprotect)
 .cyflashprotect
                0x90400000      0x100 .\CortexM3\ARM_GCC_541\Debug\cymetadata.o
                0x90400000                cy_meta_flashprotect

.cymeta         0x90500000        0xc
 *(.cymeta)
 .cymeta        0x90500000        0xc .\CortexM3\ARM_GCC_541\Debug\cymetadata.o
                0x90500000                cy_metadata

.rel.dyn        0x00001968        0x0 load address 0x9050000c
 .rel.iplt      0x00001968        0x0 c:/program files (x86)/cypress/psoc creator/4.2/psoc creator/import/gnu/arm/5.4.1/bin/../lib/gcc/arm-none-eabi/5.4.1/armv7-m/crtbegin.o

.stab
 *(.stab)

.stabstr
 *(.stabstr)

.debug
 *(.debug)

.line
 *(.line)

.debug_srcinfo
 *(.debug_srcinfo)

.debug_sfnames
 *(.debug_sfnames)

.debug_aranges  0x00000000      0xcc8
 *(.debug_aranges)
 .debug_aranges
                0x00000000       0x58 .\CortexM3\ARM_GCC_541\Debug\main.o
 .debug_aranges
                0x00000058       0x58 .\CortexM3\ARM_GCC_541\Debug\cyfitter_cfg.o
 .debug_aranges
                0x000000b0       0x18 .\CortexM3\ARM_GCC_541\Debug\cymetadata.o
 .debug_aranges
                0x000000c8       0x48 .\CortexM3\ARM_GCC_541\Debug\Cm3Start.o
 .debug_aranges
                0x00000110      0x2a0 .\CortexM3\ARM_GCC_541\Debug\Additional_HD.a(CyLib.o)
 .debug_aranges
                0x000003b0       0x98 .\CortexM3\ARM_GCC_541\Debug\Additional_HD.a(cyPm.o)
 .debug_aranges
                0x00000448       0x80 .\CortexM3\ARM_GCC_541\Debug\Additional_HD.a(isr_1.o)
 .debug_aranges
                0x000004c8       0x88 .\CortexM3\ARM_GCC_541\Debug\Additional_HD.a(Timer_1.o)
 .debug_aranges
                0x00000550       0x80 .\CortexM3\ARM_GCC_541\Debug\Additional_HD.a(isr_2.o)
 .debug_aranges
                0x000005d0       0x70 .\CortexM3\ARM_GCC_541\Debug\Additional_HD.a(Comp_1.o)
 .debug_aranges
                0x00000640       0x80 .\CortexM3\ARM_GCC_541\Debug\Additional_HD.a(isr_3.o)
 .debug_aranges
                0x000006c0       0x70 .\CortexM3\ARM_GCC_541\Debug\Additional_HD.a(Comp_2.o)
 .debug_aranges
                0x00000730       0x70 .\CortexM3\ARM_GCC_541\Debug\Additional_HD.a(Comp_3.o)
 .debug_aranges
                0x000007a0       0x70 .\CortexM3\ARM_GCC_541\Debug\Additional_HD.a(Comp_0.o)
 .debug_aranges
                0x00000810       0x70 .\CortexM3\ARM_GCC_541\Debug\Additional_HD.a(Clock_PWM.o)
 .debug_aranges
                0x00000880       0x78 .\CortexM3\ARM_GCC_541\Debug\Additional_HD.a(PWM_1.o)
 .debug_aranges
                0x000008f8       0x78 .\CortexM3\ARM_GCC_541\Debug\Additional_HD.a(PWM_2.o)
 .debug_aranges
                0x00000970       0x60 .\CortexM3\ARM_GCC_541\Debug\Additional_HD.a(QuadDec_M1.o)
 .debug_aranges
                0x000009d0       0x20 .\CortexM3\ARM_GCC_541\Debug\Additional_HD.a(QuadDec_M1_INT.o)
 .debug_aranges
                0x000009f0       0x60 .\CortexM3\ARM_GCC_541\Debug\Additional_HD.a(QuadDec_M2.o)
 .debug_aranges
                0x00000a50       0x20 .\CortexM3\ARM_GCC_541\Debug\Additional_HD.a(QuadDec_M2_INT.o)
 .debug_aranges
                0x00000a70       0x98 .\CortexM3\ARM_GCC_541\Debug\Additional_HD.a(QuadDec_M1_Cnt16.o)
 .debug_aranges
                0x00000b08       0x98 .\CortexM3\ARM_GCC_541\Debug\Additional_HD.a(QuadDec_M2_Cnt16.o)
 .debug_aranges
                0x00000ba0       0x20 .\CortexM3\ARM_GCC_541\Debug\Additional_HD.a(CyBootAsmGnu.o)
 .debug_aranges
                0x00000bc0       0x88 .\CortexM3\ARM_GCC_541\Debug\Additional_HD.a(CyFlash.o)
 .debug_aranges
                0x00000c48       0x80 .\CortexM3\ARM_GCC_541\Debug\Additional_HD.a(CySpc.o)

.debug_pubnames
 *(.debug_pubnames)

.debug_info     0x00000000     0x6920
 *(.debug_info .gnu.linkonce.wi.*)
 .debug_info    0x00000000      0x704 .\CortexM3\ARM_GCC_541\Debug\main.o
 .debug_info    0x00000704      0x63a .\CortexM3\ARM_GCC_541\Debug\cyfitter_cfg.o
 .debug_info    0x00000d3e      0x139 .\CortexM3\ARM_GCC_541\Debug\cymetadata.o
 .debug_info    0x00000e77      0x3bb .\CortexM3\ARM_GCC_541\Debug\Cm3Start.o
 .debug_info    0x00001232     0x1374 .\CortexM3\ARM_GCC_541\Debug\Additional_HD.a(CyLib.o)
 .debug_info    0x000025a6      0xa2a .\CortexM3\ARM_GCC_541\Debug\Additional_HD.a(cyPm.o)
 .debug_info    0x00002fd0      0x2d2 .\CortexM3\ARM_GCC_541\Debug\Additional_HD.a(isr_1.o)
 .debug_info    0x000032a2      0x295 .\CortexM3\ARM_GCC_541\Debug\Additional_HD.a(Timer_1.o)
 .debug_info    0x00003537      0x2d2 .\CortexM3\ARM_GCC_541\Debug\Additional_HD.a(isr_2.o)
 .debug_info    0x00003809      0x2c8 .\CortexM3\ARM_GCC_541\Debug\Additional_HD.a(Comp_1.o)
 .debug_info    0x00003ad1      0x2d2 .\CortexM3\ARM_GCC_541\Debug\Additional_HD.a(isr_3.o)
 .debug_info    0x00003da3      0x2c8 .\CortexM3\ARM_GCC_541\Debug\Additional_HD.a(Comp_2.o)
 .debug_info    0x0000406b      0x2c8 .\CortexM3\ARM_GCC_541\Debug\Additional_HD.a(Comp_3.o)
 .debug_info    0x00004333      0x2c8 .\CortexM3\ARM_GCC_541\Debug\Additional_HD.a(Comp_0.o)
 .debug_info    0x000045fb      0x283 .\CortexM3\ARM_GCC_541\Debug\Additional_HD.a(Clock_PWM.o)
 .debug_info    0x0000487e      0x27f .\CortexM3\ARM_GCC_541\Debug\Additional_HD.a(PWM_1.o)
 .debug_info    0x00004afd      0x27f .\CortexM3\ARM_GCC_541\Debug\Additional_HD.a(PWM_2.o)
 .debug_info    0x00004d7c      0x357 .\CortexM3\ARM_GCC_541\Debug\Additional_HD.a(QuadDec_M1.o)
 .debug_info    0x000050d3       0xf3 .\CortexM3\ARM_GCC_541\Debug\Additional_HD.a(QuadDec_M1_INT.o)
 .debug_info    0x000051c6      0x357 .\CortexM3\ARM_GCC_541\Debug\Additional_HD.a(QuadDec_M2.o)
 .debug_info    0x0000551d       0xf3 .\CortexM3\ARM_GCC_541\Debug\Additional_HD.a(QuadDec_M2_INT.o)
 .debug_info    0x00005610      0x348 .\CortexM3\ARM_GCC_541\Debug\Additional_HD.a(QuadDec_M1_Cnt16.o)
 .debug_info    0x00005958      0x348 .\CortexM3\ARM_GCC_541\Debug\Additional_HD.a(QuadDec_M2_Cnt16.o)
 .debug_info    0x00005ca0       0xe3 .\CortexM3\ARM_GCC_541\Debug\Additional_HD.a(CyBootAsmGnu.o)
 .debug_info    0x00005d83      0x64d .\CortexM3\ARM_GCC_541\Debug\Additional_HD.a(CyFlash.o)
 .debug_info    0x000063d0      0x550 .\CortexM3\ARM_GCC_541\Debug\Additional_HD.a(CySpc.o)

.debug_abbrev   0x00000000     0x214c
 *(.debug_abbrev)
 .debug_abbrev  0x00000000      0x166 .\CortexM3\ARM_GCC_541\Debug\main.o
 .debug_abbrev  0x00000166      0x20d .\CortexM3\ARM_GCC_541\Debug\cyfitter_cfg.o
 .debug_abbrev  0x00000373       0x77 .\CortexM3\ARM_GCC_541\Debug\cymetadata.o
 .debug_abbrev  0x000003ea      0x1e8 .\CortexM3\ARM_GCC_541\Debug\Cm3Start.o
 .debug_abbrev  0x000005d2      0x254 .\CortexM3\ARM_GCC_541\Debug\Additional_HD.a(CyLib.o)
 .debug_abbrev  0x00000826      0x1ab .\CortexM3\ARM_GCC_541\Debug\Additional_HD.a(cyPm.o)
 .debug_abbrev  0x000009d1      0x173 .\CortexM3\ARM_GCC_541\Debug\Additional_HD.a(isr_1.o)
 .debug_abbrev  0x00000b44      0x11a .\CortexM3\ARM_GCC_541\Debug\Additional_HD.a(Timer_1.o)
 .debug_abbrev  0x00000c5e      0x173 .\CortexM3\ARM_GCC_541\Debug\Additional_HD.a(isr_2.o)
 .debug_abbrev  0x00000dd1      0x16e .\CortexM3\ARM_GCC_541\Debug\Additional_HD.a(Comp_1.o)
 .debug_abbrev  0x00000f3f      0x173 .\CortexM3\ARM_GCC_541\Debug\Additional_HD.a(isr_3.o)
 .debug_abbrev  0x000010b2      0x16e .\CortexM3\ARM_GCC_541\Debug\Additional_HD.a(Comp_2.o)
 .debug_abbrev  0x00001220      0x16e .\CortexM3\ARM_GCC_541\Debug\Additional_HD.a(Comp_3.o)
 .debug_abbrev  0x0000138e      0x16e .\CortexM3\ARM_GCC_541\Debug\Additional_HD.a(Comp_0.o)
 .debug_abbrev  0x000014fc      0x139 .\CortexM3\ARM_GCC_541\Debug\Additional_HD.a(Clock_PWM.o)
 .debug_abbrev  0x00001635      0x12d .\CortexM3\ARM_GCC_541\Debug\Additional_HD.a(PWM_1.o)
 .debug_abbrev  0x00001762      0x12d .\CortexM3\ARM_GCC_541\Debug\Additional_HD.a(PWM_2.o)
 .debug_abbrev  0x0000188f      0x128 .\CortexM3\ARM_GCC_541\Debug\Additional_HD.a(QuadDec_M1.o)
 .debug_abbrev  0x000019b7       0x78 .\CortexM3\ARM_GCC_541\Debug\Additional_HD.a(QuadDec_M1_INT.o)
 .debug_abbrev  0x00001a2f      0x128 .\CortexM3\ARM_GCC_541\Debug\Additional_HD.a(QuadDec_M2.o)
 .debug_abbrev  0x00001b57       0x78 .\CortexM3\ARM_GCC_541\Debug\Additional_HD.a(QuadDec_M2_INT.o)
 .debug_abbrev  0x00001bcf      0x117 .\CortexM3\ARM_GCC_541\Debug\Additional_HD.a(QuadDec_M1_Cnt16.o)
 .debug_abbrev  0x00001ce6      0x117 .\CortexM3\ARM_GCC_541\Debug\Additional_HD.a(QuadDec_M2_Cnt16.o)
 .debug_abbrev  0x00001dfd       0x14 .\CortexM3\ARM_GCC_541\Debug\Additional_HD.a(CyBootAsmGnu.o)
 .debug_abbrev  0x00001e11      0x1a7 .\CortexM3\ARM_GCC_541\Debug\Additional_HD.a(CyFlash.o)
 .debug_abbrev  0x00001fb8      0x194 .\CortexM3\ARM_GCC_541\Debug\Additional_HD.a(CySpc.o)

.debug_line     0x00000000     0x2dbf
 *(.debug_line)
 .debug_line    0x00000000      0x306 .\CortexM3\ARM_GCC_541\Debug\main.o
 .debug_line    0x00000306      0x210 .\CortexM3\ARM_GCC_541\Debug\cyfitter_cfg.o
 .debug_line    0x00000516      0x141 .\CortexM3\ARM_GCC_541\Debug\cymetadata.o
 .debug_line    0x00000657      0x234 .\CortexM3\ARM_GCC_541\Debug\Cm3Start.o
 .debug_line    0x0000088b      0x816 .\CortexM3\ARM_GCC_541\Debug\Additional_HD.a(CyLib.o)
 .debug_line    0x000010a1      0x367 .\CortexM3\ARM_GCC_541\Debug\Additional_HD.a(cyPm.o)
 .debug_line    0x00001408      0x132 .\CortexM3\ARM_GCC_541\Debug\Additional_HD.a(isr_1.o)
 .debug_line    0x0000153a      0x155 .\CortexM3\ARM_GCC_541\Debug\Additional_HD.a(Timer_1.o)
 .debug_line    0x0000168f      0x132 .\CortexM3\ARM_GCC_541\Debug\Additional_HD.a(isr_2.o)
 .debug_line    0x000017c1      0x165 .\CortexM3\ARM_GCC_541\Debug\Additional_HD.a(Comp_1.o)
 .debug_line    0x00001926      0x132 .\CortexM3\ARM_GCC_541\Debug\Additional_HD.a(isr_3.o)
 .debug_line    0x00001a58      0x165 .\CortexM3\ARM_GCC_541\Debug\Additional_HD.a(Comp_2.o)
 .debug_line    0x00001bbd      0x165 .\CortexM3\ARM_GCC_541\Debug\Additional_HD.a(Comp_3.o)
 .debug_line    0x00001d22      0x165 .\CortexM3\ARM_GCC_541\Debug\Additional_HD.a(Comp_0.o)
 .debug_line    0x00001e87      0x178 .\CortexM3\ARM_GCC_541\Debug\Additional_HD.a(Clock_PWM.o)
 .debug_line    0x00001fff      0x133 .\CortexM3\ARM_GCC_541\Debug\Additional_HD.a(PWM_1.o)
 .debug_line    0x00002132      0x133 .\CortexM3\ARM_GCC_541\Debug\Additional_HD.a(PWM_2.o)
 .debug_line    0x00002265      0x140 .\CortexM3\ARM_GCC_541\Debug\Additional_HD.a(QuadDec_M1.o)
 .debug_line    0x000023a5       0x6d .\CortexM3\ARM_GCC_541\Debug\Additional_HD.a(QuadDec_M1_INT.o)
 .debug_line    0x00002412      0x140 .\CortexM3\ARM_GCC_541\Debug\Additional_HD.a(QuadDec_M2.o)
 .debug_line    0x00002552       0x6d .\CortexM3\ARM_GCC_541\Debug\Additional_HD.a(QuadDec_M2_INT.o)
 .debug_line    0x000025bf      0x190 .\CortexM3\ARM_GCC_541\Debug\Additional_HD.a(QuadDec_M1_Cnt16.o)
 .debug_line    0x0000274f      0x190 .\CortexM3\ARM_GCC_541\Debug\Additional_HD.a(QuadDec_M2_Cnt16.o)
 .debug_line    0x000028df       0x66 .\CortexM3\ARM_GCC_541\Debug\Additional_HD.a(CyBootAsmGnu.o)
 .debug_line    0x00002945      0x21a .\CortexM3\ARM_GCC_541\Debug\Additional_HD.a(CyFlash.o)
 .debug_line    0x00002b5f      0x260 .\CortexM3\ARM_GCC_541\Debug\Additional_HD.a(CySpc.o)

.debug_frame    0x00000000     0x1ec0
 *(.debug_frame)
 .debug_frame   0x00000000       0xc0 .\CortexM3\ARM_GCC_541\Debug\main.o
 .debug_frame   0x000000c0       0xe4 .\CortexM3\ARM_GCC_541\Debug\cyfitter_cfg.o
 .debug_frame   0x000001a4       0xb8 .\CortexM3\ARM_GCC_541\Debug\Cm3Start.o
 .debug_frame   0x0000025c      0x738 .\CortexM3\ARM_GCC_541\Debug\Additional_HD.a(CyLib.o)
 .debug_frame   0x00000994      0x1f8 .\CortexM3\ARM_GCC_541\Debug\Additional_HD.a(cyPm.o)
 .debug_frame   0x00000b8c      0x104 .\CortexM3\ARM_GCC_541\Debug\Additional_HD.a(isr_1.o)
 .debug_frame   0x00000c90      0x108 .\CortexM3\ARM_GCC_541\Debug\Additional_HD.a(Timer_1.o)
 .debug_frame   0x00000d98      0x104 .\CortexM3\ARM_GCC_541\Debug\Additional_HD.a(isr_2.o)
 .debug_frame   0x00000e9c      0x108 .\CortexM3\ARM_GCC_541\Debug\Additional_HD.a(Comp_1.o)
 .debug_frame   0x00000fa4      0x104 .\CortexM3\ARM_GCC_541\Debug\Additional_HD.a(isr_3.o)
 .debug_frame   0x000010a8      0x108 .\CortexM3\ARM_GCC_541\Debug\Additional_HD.a(Comp_2.o)
 .debug_frame   0x000011b0      0x108 .\CortexM3\ARM_GCC_541\Debug\Additional_HD.a(Comp_3.o)
 .debug_frame   0x000012b8      0x108 .\CortexM3\ARM_GCC_541\Debug\Additional_HD.a(Comp_0.o)
 .debug_frame   0x000013c0       0xe0 .\CortexM3\ARM_GCC_541\Debug\Additional_HD.a(Clock_PWM.o)
 .debug_frame   0x000014a0       0xe8 .\CortexM3\ARM_GCC_541\Debug\Additional_HD.a(PWM_1.o)
 .debug_frame   0x00001588       0xe8 .\CortexM3\ARM_GCC_541\Debug\Additional_HD.a(PWM_2.o)
 .debug_frame   0x00001670       0xec .\CortexM3\ARM_GCC_541\Debug\Additional_HD.a(QuadDec_M1.o)
 .debug_frame   0x0000175c       0x20 .\CortexM3\ARM_GCC_541\Debug\Additional_HD.a(QuadDec_M1_INT.o)
 .debug_frame   0x0000177c       0xec .\CortexM3\ARM_GCC_541\Debug\Additional_HD.a(QuadDec_M2.o)
 .debug_frame   0x00001868       0x20 .\CortexM3\ARM_GCC_541\Debug\Additional_HD.a(QuadDec_M2_INT.o)
 .debug_frame   0x00001888      0x134 .\CortexM3\ARM_GCC_541\Debug\Additional_HD.a(QuadDec_M1_Cnt16.o)
 .debug_frame   0x000019bc      0x134 .\CortexM3\ARM_GCC_541\Debug\Additional_HD.a(QuadDec_M2_Cnt16.o)
 .debug_frame   0x00001af0      0x194 .\CortexM3\ARM_GCC_541\Debug\Additional_HD.a(CyFlash.o)
 .debug_frame   0x00001c84      0x180 .\CortexM3\ARM_GCC_541\Debug\Additional_HD.a(CySpc.o)
 .debug_frame   0x00001e04       0x20 c:/program files (x86)/cypress/psoc creator/4.2/psoc creator/import/gnu/arm/5.4.1/bin/../lib/gcc/arm-none-eabi/5.4.1/../../../../arm-none-eabi/lib/armv7-m\libg_nano.a(lib_a-errno.o)
 .debug_frame   0x00001e24       0x28 c:/program files (x86)/cypress/psoc creator/4.2/psoc creator/import/gnu/arm/5.4.1/bin/../lib/gcc/arm-none-eabi/5.4.1/../../../../arm-none-eabi/lib/armv7-m\libg_nano.a(lib_a-exit.o)
 .debug_frame   0x00001e4c       0x2c c:/program files (x86)/cypress/psoc creator/4.2/psoc creator/import/gnu/arm/5.4.1/bin/../lib/gcc/arm-none-eabi/5.4.1/../../../../arm-none-eabi/lib/armv7-m\libg_nano.a(lib_a-init.o)
 .debug_frame   0x00001e78       0x28 c:/program files (x86)/cypress/psoc creator/4.2/psoc creator/import/gnu/arm/5.4.1/bin/../lib/gcc/arm-none-eabi/5.4.1/../../../../arm-none-eabi/lib/armv7-m\libg_nano.a(lib_a-memcpy-stub.o)
 .debug_frame   0x00001ea0       0x20 c:/program files (x86)/cypress/psoc creator/4.2/psoc creator/import/gnu/arm/5.4.1/bin/../lib/gcc/arm-none-eabi/5.4.1/../../../../arm-none-eabi/lib/armv7-m\libg_nano.a(lib_a-memset.o)

.debug_str      0x00000000     0x2856
 *(.debug_str)
 .debug_str     0x00000000      0x5a1 .\CortexM3\ARM_GCC_541\Debug\main.o
                                0x618 (size before relaxing)
 .debug_str     0x000005a1      0x1af .\CortexM3\ARM_GCC_541\Debug\cyfitter_cfg.o
                                0x39d (size before relaxing)
 .debug_str     0x00000750       0x7f .\CortexM3\ARM_GCC_541\Debug\cymetadata.o
                                0x237 (size before relaxing)
 .debug_str     0x000007cf      0x13e .\CortexM3\ARM_GCC_541\Debug\Cm3Start.o
                                0x35d (size before relaxing)
 .debug_str     0x0000090d      0x83f .\CortexM3\ARM_GCC_541\Debug\Additional_HD.a(CyLib.o)
                                0xa9a (size before relaxing)
 .debug_str     0x0000114c      0x365 .\CortexM3\ARM_GCC_541\Debug\Additional_HD.a(cyPm.o)
                                0x786 (size before relaxing)
 .debug_str     0x000014b1       0xd8 .\CortexM3\ARM_GCC_541\Debug\Additional_HD.a(isr_1.o)
                                0x2f9 (size before relaxing)
 .debug_str     0x00001589      0x151 .\CortexM3\ARM_GCC_541\Debug\Additional_HD.a(Timer_1.o)
                                0x368 (size before relaxing)
 .debug_str     0x000016da       0xd8 .\CortexM3\ARM_GCC_541\Debug\Additional_HD.a(isr_2.o)
                                0x2f9 (size before relaxing)
 .debug_str     0x000017b2      0x11b .\CortexM3\ARM_GCC_541\Debug\Additional_HD.a(Comp_1.o)
                                0x32b (size before relaxing)
 .debug_str     0x000018cd       0xd8 .\CortexM3\ARM_GCC_541\Debug\Additional_HD.a(isr_3.o)
                                0x2f9 (size before relaxing)
 .debug_str     0x000019a5       0xcf .\CortexM3\ARM_GCC_541\Debug\Additional_HD.a(Comp_2.o)
                                0x32b (size before relaxing)
 .debug_str     0x00001a74       0xcf .\CortexM3\ARM_GCC_541\Debug\Additional_HD.a(Comp_3.o)
                                0x32b (size before relaxing)
 .debug_str     0x00001b43       0xcf .\CortexM3\ARM_GCC_541\Debug\Additional_HD.a(Comp_0.o)
                                0x32b (size before relaxing)
 .debug_str     0x00001c12      0x16a .\CortexM3\ARM_GCC_541\Debug\Additional_HD.a(Clock_PWM.o)
                                0x359 (size before relaxing)
 .debug_str     0x00001d7c       0xda .\CortexM3\ARM_GCC_541\Debug\Additional_HD.a(PWM_1.o)
                                0x320 (size before relaxing)
 .debug_str     0x00001e56       0xc6 .\CortexM3\ARM_GCC_541\Debug\Additional_HD.a(PWM_2.o)
                                0x320 (size before relaxing)
 .debug_str     0x00001f1c      0x159 .\CortexM3\ARM_GCC_541\Debug\Additional_HD.a(QuadDec_M1.o)
                                0x3ed (size before relaxing)
 .debug_str     0x00002075       0x4b .\CortexM3\ARM_GCC_541\Debug\Additional_HD.a(QuadDec_M1_INT.o)
                                0x245 (size before relaxing)
 .debug_str     0x000020c0      0x139 .\CortexM3\ARM_GCC_541\Debug\Additional_HD.a(QuadDec_M2.o)
                                0x3ed (size before relaxing)
 .debug_str     0x000021f9       0x4b .\CortexM3\ARM_GCC_541\Debug\Additional_HD.a(QuadDec_M2_INT.o)
                                0x245 (size before relaxing)
 .debug_str     0x00002244      0x1dd .\CortexM3\ARM_GCC_541\Debug\Additional_HD.a(QuadDec_M1_Cnt16.o)
                                0x47c (size before relaxing)
 .debug_str     0x00002421      0x1ce .\CortexM3\ARM_GCC_541\Debug\Additional_HD.a(QuadDec_M2_Cnt16.o)
                                0x47c (size before relaxing)
 .debug_str     0x000025ef      0x1bb .\CortexM3\ARM_GCC_541\Debug\Additional_HD.a(CyFlash.o)
                                0x413 (size before relaxing)
 .debug_str     0x000027aa       0xac .\CortexM3\ARM_GCC_541\Debug\Additional_HD.a(CySpc.o)
                                0x38b (size before relaxing)

.debug_loc      0x00000000     0x2260
 *(.debug_loc)
 .debug_loc     0x00000000      0x25a .\CortexM3\ARM_GCC_541\Debug\cyfitter_cfg.o
 .debug_loc     0x0000025a      0x144 .\CortexM3\ARM_GCC_541\Debug\Cm3Start.o
 .debug_loc     0x0000039e      0xa11 .\CortexM3\ARM_GCC_541\Debug\Additional_HD.a(CyLib.o)
 .debug_loc     0x00000daf      0x1e4 .\CortexM3\ARM_GCC_541\Debug\Additional_HD.a(cyPm.o)
 .debug_loc     0x00000f93       0x56 .\CortexM3\ARM_GCC_541\Debug\Additional_HD.a(isr_1.o)
 .debug_loc     0x00000fe9       0x56 .\CortexM3\ARM_GCC_541\Debug\Additional_HD.a(isr_2.o)
 .debug_loc     0x0000103f       0xed .\CortexM3\ARM_GCC_541\Debug\Additional_HD.a(Comp_1.o)
 .debug_loc     0x0000112c       0x56 .\CortexM3\ARM_GCC_541\Debug\Additional_HD.a(isr_3.o)
 .debug_loc     0x00001182       0xed .\CortexM3\ARM_GCC_541\Debug\Additional_HD.a(Comp_2.o)
 .debug_loc     0x0000126f       0xed .\CortexM3\ARM_GCC_541\Debug\Additional_HD.a(Comp_3.o)
 .debug_loc     0x0000135c       0xed .\CortexM3\ARM_GCC_541\Debug\Additional_HD.a(Comp_0.o)
 .debug_loc     0x00001449      0x128 .\CortexM3\ARM_GCC_541\Debug\Additional_HD.a(Clock_PWM.o)
 .debug_loc     0x00001571       0x13 .\CortexM3\ARM_GCC_541\Debug\Additional_HD.a(PWM_1.o)
 .debug_loc     0x00001584       0x13 .\CortexM3\ARM_GCC_541\Debug\Additional_HD.a(PWM_2.o)
 .debug_loc     0x00001597       0xb9 .\CortexM3\ARM_GCC_541\Debug\Additional_HD.a(QuadDec_M1.o)
 .debug_loc     0x00001650       0x13 .\CortexM3\ARM_GCC_541\Debug\Additional_HD.a(QuadDec_M1_INT.o)
 .debug_loc     0x00001663       0xb9 .\CortexM3\ARM_GCC_541\Debug\Additional_HD.a(QuadDec_M2.o)
 .debug_loc     0x0000171c       0x13 .\CortexM3\ARM_GCC_541\Debug\Additional_HD.a(QuadDec_M2_INT.o)
 .debug_loc     0x0000172f       0x3d .\CortexM3\ARM_GCC_541\Debug\Additional_HD.a(QuadDec_M1_Cnt16.o)
 .debug_loc     0x0000176c       0x3d .\CortexM3\ARM_GCC_541\Debug\Additional_HD.a(QuadDec_M2_Cnt16.o)
 .debug_loc     0x000017a9      0x3b2 .\CortexM3\ARM_GCC_541\Debug\Additional_HD.a(CyFlash.o)
 .debug_loc     0x00001b5b      0x705 .\CortexM3\ARM_GCC_541\Debug\Additional_HD.a(CySpc.o)

.debug_macinfo
 *(.debug_macinfo)

.debug_ranges   0x00000000      0xb10
 *(.debug_ranges)
 .debug_ranges  0x00000000       0x48 .\CortexM3\ARM_GCC_541\Debug\main.o
 .debug_ranges  0x00000048       0x48 .\CortexM3\ARM_GCC_541\Debug\cyfitter_cfg.o
 .debug_ranges  0x00000090       0x38 .\CortexM3\ARM_GCC_541\Debug\Cm3Start.o
 .debug_ranges  0x000000c8      0x290 .\CortexM3\ARM_GCC_541\Debug\Additional_HD.a(CyLib.o)
 .debug_ranges  0x00000358       0x88 .\CortexM3\ARM_GCC_541\Debug\Additional_HD.a(cyPm.o)
 .debug_ranges  0x000003e0       0x70 .\CortexM3\ARM_GCC_541\Debug\Additional_HD.a(isr_1.o)
 .debug_ranges  0x00000450       0x78 .\CortexM3\ARM_GCC_541\Debug\Additional_HD.a(Timer_1.o)
 .debug_ranges  0x000004c8       0x70 .\CortexM3\ARM_GCC_541\Debug\Additional_HD.a(isr_2.o)
 .debug_ranges  0x00000538       0x60 .\CortexM3\ARM_GCC_541\Debug\Additional_HD.a(Comp_1.o)
 .debug_ranges  0x00000598       0x70 .\CortexM3\ARM_GCC_541\Debug\Additional_HD.a(isr_3.o)
 .debug_ranges  0x00000608       0x60 .\CortexM3\ARM_GCC_541\Debug\Additional_HD.a(Comp_2.o)
 .debug_ranges  0x00000668       0x60 .\CortexM3\ARM_GCC_541\Debug\Additional_HD.a(Comp_3.o)
 .debug_ranges  0x000006c8       0x60 .\CortexM3\ARM_GCC_541\Debug\Additional_HD.a(Comp_0.o)
 .debug_ranges  0x00000728       0x60 .\CortexM3\ARM_GCC_541\Debug\Additional_HD.a(Clock_PWM.o)
 .debug_ranges  0x00000788       0x68 .\CortexM3\ARM_GCC_541\Debug\Additional_HD.a(PWM_1.o)
 .debug_ranges  0x000007f0       0x68 .\CortexM3\ARM_GCC_541\Debug\Additional_HD.a(PWM_2.o)
 .debug_ranges  0x00000858       0x50 .\CortexM3\ARM_GCC_541\Debug\Additional_HD.a(QuadDec_M1.o)
 .debug_ranges  0x000008a8       0x10 .\CortexM3\ARM_GCC_541\Debug\Additional_HD.a(QuadDec_M1_INT.o)
 .debug_ranges  0x000008b8       0x50 .\CortexM3\ARM_GCC_541\Debug\Additional_HD.a(QuadDec_M2.o)
 .debug_ranges  0x00000908       0x10 .\CortexM3\ARM_GCC_541\Debug\Additional_HD.a(QuadDec_M2_INT.o)
 .debug_ranges  0x00000918       0x88 .\CortexM3\ARM_GCC_541\Debug\Additional_HD.a(QuadDec_M1_Cnt16.o)
 .debug_ranges  0x000009a0       0x88 .\CortexM3\ARM_GCC_541\Debug\Additional_HD.a(QuadDec_M2_Cnt16.o)
 .debug_ranges  0x00000a28       0x78 .\CortexM3\ARM_GCC_541\Debug\Additional_HD.a(CyFlash.o)
 .debug_ranges  0x00000aa0       0x70 .\CortexM3\ARM_GCC_541\Debug\Additional_HD.a(CySpc.o)

.comment        0x00000000       0x6e
 .comment       0x00000000       0x6e .\CortexM3\ARM_GCC_541\Debug\main.o
                                 0x6f (size before relaxing)
 .comment       0x0000006e       0x6f .\CortexM3\ARM_GCC_541\Debug\cyfitter_cfg.o
 .comment       0x0000006e       0x6f .\CortexM3\ARM_GCC_541\Debug\cymetadata.o
 .comment       0x0000006e       0x6f .\CortexM3\ARM_GCC_541\Debug\Cm3Start.o
 .comment       0x0000006e       0x6f .\CortexM3\ARM_GCC_541\Debug\Additional_HD.a(CyLib.o)
 .comment       0x0000006e       0x6f .\CortexM3\ARM_GCC_541\Debug\Additional_HD.a(cyPm.o)
 .comment       0x0000006e       0x6f .\CortexM3\ARM_GCC_541\Debug\Additional_HD.a(isr_1.o)
 .comment       0x0000006e       0x6f .\CortexM3\ARM_GCC_541\Debug\Additional_HD.a(Timer_1.o)
 .comment       0x0000006e       0x6f .\CortexM3\ARM_GCC_541\Debug\Additional_HD.a(isr_2.o)
 .comment       0x0000006e       0x6f .\CortexM3\ARM_GCC_541\Debug\Additional_HD.a(Comp_1.o)
 .comment       0x0000006e       0x6f .\CortexM3\ARM_GCC_541\Debug\Additional_HD.a(isr_3.o)
 .comment       0x0000006e       0x6f .\CortexM3\ARM_GCC_541\Debug\Additional_HD.a(Comp_2.o)
 .comment       0x0000006e       0x6f .\CortexM3\ARM_GCC_541\Debug\Additional_HD.a(Comp_3.o)
 .comment       0x0000006e       0x6f .\CortexM3\ARM_GCC_541\Debug\Additional_HD.a(Comp_0.o)
 .comment       0x0000006e       0x6f .\CortexM3\ARM_GCC_541\Debug\Additional_HD.a(Clock_PWM.o)
 .comment       0x0000006e       0x6f .\CortexM3\ARM_GCC_541\Debug\Additional_HD.a(PWM_1.o)
 .comment       0x0000006e       0x6f .\CortexM3\ARM_GCC_541\Debug\Additional_HD.a(PWM_2.o)
 .comment       0x0000006e       0x6f .\CortexM3\ARM_GCC_541\Debug\Additional_HD.a(QuadDec_M1.o)
 .comment       0x0000006e       0x6f .\CortexM3\ARM_GCC_541\Debug\Additional_HD.a(QuadDec_M1_INT.o)
 .comment       0x0000006e       0x6f .\CortexM3\ARM_GCC_541\Debug\Additional_HD.a(QuadDec_M2.o)
 .comment       0x0000006e       0x6f .\CortexM3\ARM_GCC_541\Debug\Additional_HD.a(QuadDec_M2_INT.o)
 .comment       0x0000006e       0x6f .\CortexM3\ARM_GCC_541\Debug\Additional_HD.a(QuadDec_M1_Cnt16.o)
 .comment       0x0000006e       0x6f .\CortexM3\ARM_GCC_541\Debug\Additional_HD.a(QuadDec_M2_Cnt16.o)
 .comment       0x0000006e       0x6f .\CortexM3\ARM_GCC_541\Debug\Additional_HD.a(CyFlash.o)
 .comment       0x0000006e       0x6f .\CortexM3\ARM_GCC_541\Debug\Additional_HD.a(CySpc.o)

.debug_weaknames
 *(.debug_weaknames)

.debug_funcnames
 *(.debug_funcnames)

.debug_typenames
 *(.debug_typenames)

.debug_varnames
 *(.debug_varnames)

.note.gnu.arm.ident
 *(.note.gnu.arm.ident)

.ARM.attributes
                0x00000000       0x29
 *(.ARM.attributes)
 .ARM.attributes
                0x00000000       0x1d c:/program files (x86)/cypress/psoc creator/4.2/psoc creator/import/gnu/arm/5.4.1/bin/../lib/gcc/arm-none-eabi/5.4.1/armv7-m/crti.o
 .ARM.attributes
                0x0000001d       0x2d c:/program files (x86)/cypress/psoc creator/4.2/psoc creator/import/gnu/arm/5.4.1/bin/../lib/gcc/arm-none-eabi/5.4.1/armv7-m/crtbegin.o
 .ARM.attributes
                0x0000004a       0x1b c:/program files (x86)/cypress/psoc creator/4.2/psoc creator/import/gnu/arm/5.4.1/bin/../lib/gcc/arm-none-eabi/5.4.1/../../../../arm-none-eabi/lib/armv7-m/crt0.o
 .ARM.attributes
                0x00000065       0x33 .\CortexM3\ARM_GCC_541\Debug\main.o
 .ARM.attributes
                0x00000098       0x33 .\CortexM3\ARM_GCC_541\Debug\cyfitter_cfg.o
 .ARM.attributes
                0x000000cb       0x33 .\CortexM3\ARM_GCC_541\Debug\cymetadata.o
 .ARM.attributes
                0x000000fe       0x33 .\CortexM3\ARM_GCC_541\Debug\Cm3Start.o
 .ARM.attributes
                0x00000131       0x33 .\CortexM3\ARM_GCC_541\Debug\Additional_HD.a(CyLib.o)
 .ARM.attributes
                0x00000164       0x33 .\CortexM3\ARM_GCC_541\Debug\Additional_HD.a(cyPm.o)
 .ARM.attributes
                0x00000197       0x33 .\CortexM3\ARM_GCC_541\Debug\Additional_HD.a(isr_1.o)
 .ARM.attributes
                0x000001ca       0x33 .\CortexM3\ARM_GCC_541\Debug\Additional_HD.a(Timer_1.o)
 .ARM.attributes
                0x000001fd       0x33 .\CortexM3\ARM_GCC_541\Debug\Additional_HD.a(isr_2.o)
 .ARM.attributes
                0x00000230       0x33 .\CortexM3\ARM_GCC_541\Debug\Additional_HD.a(Comp_1.o)
 .ARM.attributes
                0x00000263       0x33 .\CortexM3\ARM_GCC_541\Debug\Additional_HD.a(isr_3.o)
 .ARM.attributes
                0x00000296       0x33 .\CortexM3\ARM_GCC_541\Debug\Additional_HD.a(Comp_2.o)
 .ARM.attributes
                0x000002c9       0x33 .\CortexM3\ARM_GCC_541\Debug\Additional_HD.a(Comp_3.o)
 .ARM.attributes
                0x000002fc       0x33 .\CortexM3\ARM_GCC_541\Debug\Additional_HD.a(Comp_0.o)
 .ARM.attributes
                0x0000032f       0x33 .\CortexM3\ARM_GCC_541\Debug\Additional_HD.a(Clock_PWM.o)
 .ARM.attributes
                0x00000362       0x33 .\CortexM3\ARM_GCC_541\Debug\Additional_HD.a(PWM_1.o)
 .ARM.attributes
                0x00000395       0x33 .\CortexM3\ARM_GCC_541\Debug\Additional_HD.a(PWM_2.o)
 .ARM.attributes
                0x000003c8       0x33 .\CortexM3\ARM_GCC_541\Debug\Additional_HD.a(QuadDec_M1.o)
 .ARM.attributes
                0x000003fb       0x33 .\CortexM3\ARM_GCC_541\Debug\Additional_HD.a(QuadDec_M1_INT.o)
 .ARM.attributes
                0x0000042e       0x33 .\CortexM3\ARM_GCC_541\Debug\Additional_HD.a(QuadDec_M2.o)
 .ARM.attributes
                0x00000461       0x33 .\CortexM3\ARM_GCC_541\Debug\Additional_HD.a(QuadDec_M2_INT.o)
 .ARM.attributes
                0x00000494       0x33 .\CortexM3\ARM_GCC_541\Debug\Additional_HD.a(QuadDec_M1_Cnt16.o)
 .ARM.attributes
                0x000004c7       0x33 .\CortexM3\ARM_GCC_541\Debug\Additional_HD.a(QuadDec_M2_Cnt16.o)
 .ARM.attributes
                0x000004fa       0x21 .\CortexM3\ARM_GCC_541\Debug\Additional_HD.a(CyBootAsmGnu.o)
 .ARM.attributes
                0x0000051b       0x33 .\CortexM3\ARM_GCC_541\Debug\Additional_HD.a(CyFlash.o)
 .ARM.attributes
                0x0000054e       0x33 .\CortexM3\ARM_GCC_541\Debug\Additional_HD.a(CySpc.o)
 .ARM.attributes
                0x00000581       0x1d c:/program files (x86)/cypress/psoc creator/4.2/psoc creator/import/gnu/arm/5.4.1/bin/../lib/gcc/arm-none-eabi/5.4.1/armv7-m\libgcc.a(_arm_addsubsf3.o)
 .ARM.attributes
                0x0000059e       0x1d c:/program files (x86)/cypress/psoc creator/4.2/psoc creator/import/gnu/arm/5.4.1/bin/../lib/gcc/arm-none-eabi/5.4.1/armv7-m\libgcc.a(_arm_muldivsf3.o)
 .ARM.attributes
                0x000005bb       0x2d c:/program files (x86)/cypress/psoc creator/4.2/psoc creator/import/gnu/arm/5.4.1/bin/../lib/gcc/arm-none-eabi/5.4.1/../../../../arm-none-eabi/lib/armv7-m\libg_nano.a(lib_a-errno.o)
 .ARM.attributes
                0x000005e8       0x2d c:/program files (x86)/cypress/psoc creator/4.2/psoc creator/import/gnu/arm/5.4.1/bin/../lib/gcc/arm-none-eabi/5.4.1/../../../../arm-none-eabi/lib/armv7-m\libg_nano.a(lib_a-exit.o)
 .ARM.attributes
                0x00000615       0x2d c:/program files (x86)/cypress/psoc creator/4.2/psoc creator/import/gnu/arm/5.4.1/bin/../lib/gcc/arm-none-eabi/5.4.1/../../../../arm-none-eabi/lib/armv7-m\libg_nano.a(lib_a-impure.o)
 .ARM.attributes
                0x00000642       0x2d c:/program files (x86)/cypress/psoc creator/4.2/psoc creator/import/gnu/arm/5.4.1/bin/../lib/gcc/arm-none-eabi/5.4.1/../../../../arm-none-eabi/lib/armv7-m\libg_nano.a(lib_a-init.o)
 .ARM.attributes
                0x0000066f       0x2d c:/program files (x86)/cypress/psoc creator/4.2/psoc creator/import/gnu/arm/5.4.1/bin/../lib/gcc/arm-none-eabi/5.4.1/../../../../arm-none-eabi/lib/armv7-m\libg_nano.a(lib_a-memcpy-stub.o)
 .ARM.attributes
                0x0000069c       0x2d c:/program files (x86)/cypress/psoc creator/4.2/psoc creator/import/gnu/arm/5.4.1/bin/../lib/gcc/arm-none-eabi/5.4.1/../../../../arm-none-eabi/lib/armv7-m\libg_nano.a(lib_a-memset.o)
 .ARM.attributes
                0x000006c9       0x2d c:/program files (x86)/cypress/psoc creator/4.2/psoc creator/import/gnu/arm/5.4.1/bin/../lib/gcc/arm-none-eabi/5.4.1/armv7-m/crtend.o
 .ARM.attributes
                0x000006f6       0x1d c:/program files (x86)/cypress/psoc creator/4.2/psoc creator/import/gnu/arm/5.4.1/bin/../lib/gcc/arm-none-eabi/5.4.1/armv7-m/crtn.o

/DISCARD/
 *(.note.GNU-stack)
OUTPUT(D:\Semester 2\COMPSYS 301 - Design - Hardware Software Systems\GITHUB\COMPSYS301\Uma\Dulanya's 24Sunday September\CS301_15.cydsn\Additional_HD.cydsn\CortexM3\ARM_GCC_541\Debug\Additional_HD.elf elf32-littlearm)
